=== Compile (9-node) ===
Log file: /home/lxl/k8s/lxl/20260416_181413_214/compile.log
== Emulator: requesting configure: Base
== Emulator: entering Base...
== Emulator: invoking pre-configure hooks for Base...
== Emulator: configuring Base...
==== BaseLayer: registering nodes...
==== BaseLayer: setting up internet exchanges...
==== BaseLayer: setting up autonomous systems...
== Emulator: invoking post-configure hooks for Base...
== Emulator: done: Base
== Emulator: collecting virtual node names in the emulation...
== Emulator: found 0 virtual nodes.
== Emulator: resolving binding for all virtual nodes...
== Emulator: applying changes made to virtual physical nodes to real physical nodes...
== Emulator: requesting configure: Base
== Emulator: Base: already done, skipping
== Emulator: requesting configure: Routing
== Emulator: Routing: requesting dependency render: Base
== Emulator: requesting configure: Base
== Emulator: Base: already done, skipping
== Emulator: entering Routing...
== Emulator: invoking pre-configure hooks for Routing...
== Emulator: configuring Routing...
==== RoutingLayer: Setting up loopback interface for AS1277 Router r2...
==== RoutingLayer: Bootstrapping bird.conf for AS1277 Router r2...
==== RoutingLayer: Setting up loopback interface for AS1277 Router r3...
==== RoutingLayer: Bootstrapping bird.conf for AS1277 Router r3...
==== RoutingLayer: Setting up loopback interface for AS1277 Router r4...
==== RoutingLayer: Bootstrapping bird.conf for AS1277 Router r4...
==== RoutingLayer: Setting up loopback interface for AS1277 Router r5...
==== RoutingLayer: Bootstrapping bird.conf for AS1277 Router r5...
==== RoutingLayer: Setting up loopback interface for AS1277 Router r6...
==== RoutingLayer: Bootstrapping bird.conf for AS1277 Router r6...
==== RoutingLayer: Setting up loopback interface for AS1277 Router r7...
==== RoutingLayer: Bootstrapping bird.conf for AS1277 Router r7...
==== RoutingLayer: Setting up loopback interface for AS1277 Router r8...
==== RoutingLayer: Bootstrapping bird.conf for AS1277 Router r8...
==== RoutingLayer: Setting up loopback interface for AS1277 Router r9...
==== RoutingLayer: Bootstrapping bird.conf for AS1277 Router r9...
==== RoutingLayer: Setting up loopback interface for AS1277 Router r10...
==== RoutingLayer: Bootstrapping bird.conf for AS1277 Router r10...
==== RoutingLayer: Setting up loopback interface for AS1277 Router r12...
==== RoutingLayer: Bootstrapping bird.conf for AS1277 Router r12...
==== RoutingLayer: Setting up loopback interface for AS1277 Router r13...
==== RoutingLayer: Bootstrapping bird.conf for AS1277 Router r13...
==== RoutingLayer: Setting up loopback interface for AS1277 Router r14...
==== RoutingLayer: Bootstrapping bird.conf for AS1277 Router r14...
==== RoutingLayer: Setting up loopback interface for AS1277 Router r16...
==== RoutingLayer: Bootstrapping bird.conf for AS1277 Router r16...
==== RoutingLayer: Setting up loopback interface for AS1277 Router r17...
==== RoutingLayer: Bootstrapping bird.conf for AS1277 Router r17...
==== RoutingLayer: Setting up loopback interface for AS1277 Router r18...
==== RoutingLayer: Bootstrapping bird.conf for AS1277 Router r18...
==== RoutingLayer: Setting up loopback interface for AS1277 Router r19...
==== RoutingLayer: Bootstrapping bird.conf for AS1277 Router r19...
==== RoutingLayer: Setting up loopback interface for AS1277 Router r20...
==== RoutingLayer: Bootstrapping bird.conf for AS1277 Router r20...
==== RoutingLayer: Setting up loopback interface for AS1277 Router r21...
==== RoutingLayer: Bootstrapping bird.conf for AS1277 Router r21...
==== RoutingLayer: Setting up loopback interface for AS1277 Router r22...
==== RoutingLayer: Bootstrapping bird.conf for AS1277 Router r22...
==== RoutingLayer: Setting up loopback interface for AS1277 Router r23...
==== RoutingLayer: Bootstrapping bird.conf for AS1277 Router r23...
==== RoutingLayer: Setting up loopback interface for AS1277 Router r24...
==== RoutingLayer: Bootstrapping bird.conf for AS1277 Router r24...
==== RoutingLayer: Setting up loopback interface for AS1277 Router r25...
==== RoutingLayer: Bootstrapping bird.conf for AS1277 Router r25...
==== RoutingLayer: Setting up loopback interface for AS1277 Router r26...
==== RoutingLayer: Bootstrapping bird.conf for AS1277 Router r26...
==== RoutingLayer: Setting up loopback interface for AS1277 Router r28...
==== RoutingLayer: Bootstrapping bird.conf for AS1277 Router r28...
==== RoutingLayer: Setting up loopback interface for AS1277 Router r29...
==== RoutingLayer: Bootstrapping bird.conf for AS1277 Router r29...
==== RoutingLayer: Setting up loopback interface for AS1277 Router r30...
==== RoutingLayer: Bootstrapping bird.conf for AS1277 Router r30...
==== RoutingLayer: Setting up loopback interface for AS1277 Router r31...
==== RoutingLayer: Bootstrapping bird.conf for AS1277 Router r31...
==== RoutingLayer: Setting up loopback interface for AS1277 Router r32...
==== RoutingLayer: Bootstrapping bird.conf for AS1277 Router r32...
==== RoutingLayer: Setting up loopback interface for AS1277 Router r33...
==== RoutingLayer: Bootstrapping bird.conf for AS1277 Router r33...
==== RoutingLayer: Setting up loopback interface for AS1277 Router r34...
==== RoutingLayer: Bootstrapping bird.conf for AS1277 Router r34...
==== RoutingLayer: Setting up loopback interface for AS1277 Router r35...
==== RoutingLayer: Bootstrapping bird.conf for AS1277 Router r35...
==== RoutingLayer: Setting up loopback interface for AS1277 Router r36...
==== RoutingLayer: Bootstrapping bird.conf for AS1277 Router r36...
==== RoutingLayer: Setting up loopback interface for AS1277 Router r37...
==== RoutingLayer: Bootstrapping bird.conf for AS1277 Router r37...
==== RoutingLayer: Setting up loopback interface for AS1277 Router r38...
==== RoutingLayer: Bootstrapping bird.conf for AS1277 Router r38...
==== RoutingLayer: Setting up loopback interface for AS1277 Router r39...
==== RoutingLayer: Bootstrapping bird.conf for AS1277 Router r39...
==== RoutingLayer: Setting up loopback interface for AS1277 Router r40...
==== RoutingLayer: Bootstrapping bird.conf for AS1277 Router r40...
==== RoutingLayer: Setting up loopback interface for AS1277 Router r41...
==== RoutingLayer: Bootstrapping bird.conf for AS1277 Router r41...
==== RoutingLayer: Setting up loopback interface for AS1277 Router r42...
==== RoutingLayer: Bootstrapping bird.conf for AS1277 Router r42...
==== RoutingLayer: Setting up loopback interface for AS1277 Router r43...
==== RoutingLayer: Bootstrapping bird.conf for AS1277 Router r43...
==== RoutingLayer: Setting up loopback interface for AS1277 Router r44...
==== RoutingLayer: Bootstrapping bird.conf for AS1277 Router r44...
==== RoutingLayer: Setting up loopback interface for AS1277 Router r45...
==== RoutingLayer: Bootstrapping bird.conf for AS1277 Router r45...
==== RoutingLayer: Setting up loopback interface for AS1277 Router r50...
==== RoutingLayer: Bootstrapping bird.conf for AS1277 Router r50...
==== RoutingLayer: Setting up loopback interface for AS1277 Router r51...
==== RoutingLayer: Bootstrapping bird.conf for AS1277 Router r51...
==== RoutingLayer: Setting up loopback interface for AS1277 Router r52...
==== RoutingLayer: Bootstrapping bird.conf for AS1277 Router r52...
==== RoutingLayer: Setting up loopback interface for AS1277 Router r55...
==== RoutingLayer: Bootstrapping bird.conf for AS1277 Router r55...
==== RoutingLayer: Setting up loopback interface for AS1277 Router r58...
==== RoutingLayer: Bootstrapping bird.conf for AS1277 Router r58...
==== RoutingLayer: Setting up loopback interface for AS1277 Router r60...
==== RoutingLayer: Bootstrapping bird.conf for AS1277 Router r60...
==== RoutingLayer: Setting up loopback interface for AS1277 Router r61...
==== RoutingLayer: Bootstrapping bird.conf for AS1277 Router r61...
==== RoutingLayer: Setting up loopback interface for AS1277 Router r62...
==== RoutingLayer: Bootstrapping bird.conf for AS1277 Router r62...
==== RoutingLayer: Setting up loopback interface for AS1277 Router r63...
==== RoutingLayer: Bootstrapping bird.conf for AS1277 Router r63...
==== RoutingLayer: Setting up loopback interface for AS1277 Router r68...
==== RoutingLayer: Bootstrapping bird.conf for AS1277 Router r68...
==== RoutingLayer: Setting up loopback interface for AS1277 Router r70...
==== RoutingLayer: Bootstrapping bird.conf for AS1277 Router r70...
==== RoutingLayer: Setting up loopback interface for AS1277 Router r71...
==== RoutingLayer: Bootstrapping bird.conf for AS1277 Router r71...
==== RoutingLayer: Setting up loopback interface for AS1277 Router r73...
==== RoutingLayer: Bootstrapping bird.conf for AS1277 Router r73...
==== RoutingLayer: Setting up loopback interface for AS1277 Router r75...
==== RoutingLayer: Bootstrapping bird.conf for AS1277 Router r75...
==== RoutingLayer: Setting up loopback interface for AS1277 Router r83...
==== RoutingLayer: Bootstrapping bird.conf for AS1277 Router r83...
==== RoutingLayer: Setting up loopback interface for AS1277 Router r94...
==== RoutingLayer: Bootstrapping bird.conf for AS1277 Router r94...
==== RoutingLayer: Setting up loopback interface for AS1277 Router r96...
==== RoutingLayer: Bootstrapping bird.conf for AS1277 Router r96...
==== RoutingLayer: Setting up loopback interface for AS1277 Router r99...
==== RoutingLayer: Bootstrapping bird.conf for AS1277 Router r99...
==== RoutingLayer: Setting up loopback interface for AS1277 Router r108...
==== RoutingLayer: Bootstrapping bird.conf for AS1277 Router r108...
==== RoutingLayer: Setting up loopback interface for AS1277 Router r113...
==== RoutingLayer: Bootstrapping bird.conf for AS1277 Router r113...
==== RoutingLayer: Setting up loopback interface for AS1277 Router r122...
==== RoutingLayer: Bootstrapping bird.conf for AS1277 Router r122...
==== RoutingLayer: Setting up loopback interface for AS1277 Router r125...
==== RoutingLayer: Bootstrapping bird.conf for AS1277 Router r125...
==== RoutingLayer: Setting up loopback interface for AS1277 Router r126...
==== RoutingLayer: Bootstrapping bird.conf for AS1277 Router r126...
==== RoutingLayer: Setting up loopback interface for AS1277 Router r127...
==== RoutingLayer: Bootstrapping bird.conf for AS1277 Router r127...
==== RoutingLayer: Setting up loopback interface for AS1277 Router r128...
==== RoutingLayer: Bootstrapping bird.conf for AS1277 Router r128...
==== RoutingLayer: Setting up loopback interface for AS1277 Router r129...
==== RoutingLayer: Bootstrapping bird.conf for AS1277 Router r129...
==== RoutingLayer: Setting up loopback interface for AS1277 Router r135...
==== RoutingLayer: Bootstrapping bird.conf for AS1277 Router r135...
==== RoutingLayer: Setting up loopback interface for AS1277 Router r147...
==== RoutingLayer: Bootstrapping bird.conf for AS1277 Router r147...
==== RoutingLayer: Setting up loopback interface for AS1277 Router r158...
==== RoutingLayer: Bootstrapping bird.conf for AS1277 Router r158...
==== RoutingLayer: Setting up loopback interface for AS1277 Router r167...
==== RoutingLayer: Bootstrapping bird.conf for AS1277 Router r167...
==== RoutingLayer: Setting up loopback interface for AS1277 Router r171...
==== RoutingLayer: Bootstrapping bird.conf for AS1277 Router r171...
==== RoutingLayer: Setting up loopback interface for AS1277 Router r189...
==== RoutingLayer: Bootstrapping bird.conf for AS1277 Router r189...
==== RoutingLayer: Setting up loopback interface for AS1277 Router r190...
==== RoutingLayer: Bootstrapping bird.conf for AS1277 Router r190...
==== RoutingLayer: Setting up loopback interface for AS1277 Router r219...
==== RoutingLayer: Bootstrapping bird.conf for AS1277 Router r219...
==== RoutingLayer: Setting up loopback interface for AS1277 Router r221...
==== RoutingLayer: Bootstrapping bird.conf for AS1277 Router r221...
==== RoutingLayer: Setting up loopback interface for AS1277 Router r227...
==== RoutingLayer: Bootstrapping bird.conf for AS1277 Router r227...
==== RoutingLayer: Setting up loopback interface for AS1277 Router r237...
==== RoutingLayer: Bootstrapping bird.conf for AS1277 Router r237...
==== RoutingLayer: Setting up loopback interface for AS1277 Router r259...
==== RoutingLayer: Bootstrapping bird.conf for AS1277 Router r259...
==== RoutingLayer: Setting up loopback interface for AS1277 Router r296...
==== RoutingLayer: Bootstrapping bird.conf for AS1277 Router r296...
==== RoutingLayer: Setting up loopback interface for AS1277 Router r300...
==== RoutingLayer: Bootstrapping bird.conf for AS1277 Router r300...
==== RoutingLayer: Setting up loopback interface for AS1277 Router r314...
==== RoutingLayer: Bootstrapping bird.conf for AS1277 Router r314...
==== RoutingLayer: Setting up loopback interface for AS1277 Router r344...
==== RoutingLayer: Bootstrapping bird.conf for AS1277 Router r344...
==== RoutingLayer: Setting up loopback interface for AS1277 Router r345...
==== RoutingLayer: Bootstrapping bird.conf for AS1277 Router r345...
==== RoutingLayer: Setting up loopback interface for AS1277 Router r346...
==== RoutingLayer: Bootstrapping bird.conf for AS1277 Router r346...
==== RoutingLayer: Setting up loopback interface for AS1277 Router r347...
==== RoutingLayer: Bootstrapping bird.conf for AS1277 Router r347...
==== RoutingLayer: Setting up loopback interface for AS1439 Router r3...
==== RoutingLayer: Bootstrapping bird.conf for AS1439 Router r3...
==== RoutingLayer: Setting up loopback interface for AS1439 Router r4...
==== RoutingLayer: Bootstrapping bird.conf for AS1439 Router r4...
==== RoutingLayer: Setting up loopback interface for AS1439 Router r6...
==== RoutingLayer: Bootstrapping bird.conf for AS1439 Router r6...
==== RoutingLayer: Setting up loopback interface for AS1439 Router r7...
==== RoutingLayer: Bootstrapping bird.conf for AS1439 Router r7...
==== RoutingLayer: Setting up loopback interface for AS1439 Router r10...
==== RoutingLayer: Bootstrapping bird.conf for AS1439 Router r10...
==== RoutingLayer: Setting up loopback interface for AS1439 Router r12...
==== RoutingLayer: Bootstrapping bird.conf for AS1439 Router r12...
==== RoutingLayer: Setting up loopback interface for AS1439 Router r13...
==== RoutingLayer: Bootstrapping bird.conf for AS1439 Router r13...
==== RoutingLayer: Setting up loopback interface for AS1439 Router r16...
==== RoutingLayer: Bootstrapping bird.conf for AS1439 Router r16...
==== RoutingLayer: Setting up loopback interface for AS1439 Router r18...
==== RoutingLayer: Bootstrapping bird.conf for AS1439 Router r18...
==== RoutingLayer: Setting up loopback interface for AS1439 Router r19...
==== RoutingLayer: Bootstrapping bird.conf for AS1439 Router r19...
==== RoutingLayer: Setting up loopback interface for AS1439 Router r21...
==== RoutingLayer: Bootstrapping bird.conf for AS1439 Router r21...
==== RoutingLayer: Setting up loopback interface for AS1439 Router r22...
==== RoutingLayer: Bootstrapping bird.conf for AS1439 Router r22...
==== RoutingLayer: Setting up loopback interface for AS1439 Router r23...
==== RoutingLayer: Bootstrapping bird.conf for AS1439 Router r23...
==== RoutingLayer: Setting up loopback interface for AS1439 Router r24...
==== RoutingLayer: Bootstrapping bird.conf for AS1439 Router r24...
==== RoutingLayer: Setting up loopback interface for AS1439 Router r25...
==== RoutingLayer: Bootstrapping bird.conf for AS1439 Router r25...
==== RoutingLayer: Setting up loopback interface for AS1439 Router r43...
==== RoutingLayer: Bootstrapping bird.conf for AS1439 Router r43...
==== RoutingLayer: Setting up loopback interface for AS1439 Router r71...
==== RoutingLayer: Bootstrapping bird.conf for AS1439 Router r71...
==== RoutingLayer: Setting up loopback interface for AS1439 Router r74...
==== RoutingLayer: Bootstrapping bird.conf for AS1439 Router r74...
==== RoutingLayer: Setting up loopback interface for AS1439 Router r122...
==== RoutingLayer: Bootstrapping bird.conf for AS1439 Router r122...
==== RoutingLayer: Setting up loopback interface for AS1439 Router r156...
==== RoutingLayer: Bootstrapping bird.conf for AS1439 Router r156...
==== RoutingLayer: Setting up loopback interface for AS1439 Router r237...
==== RoutingLayer: Bootstrapping bird.conf for AS1439 Router r237...
==== RoutingLayer: Setting up loopback interface for AS1439 Router r352...
==== RoutingLayer: Bootstrapping bird.conf for AS1439 Router r352...
==== RoutingLayer: Setting up loopback interface for AS1439 Router r403...
==== RoutingLayer: Bootstrapping bird.conf for AS1439 Router r403...
==== RoutingLayer: Setting up loopback interface for AS1439 Router r495...
==== RoutingLayer: Bootstrapping bird.conf for AS1439 Router r495...
==== RoutingLayer: Setting up loopback interface for AS1439 Router r518...
==== RoutingLayer: Bootstrapping bird.conf for AS1439 Router r518...
==== RoutingLayer: Setting up loopback interface for AS2010 Router r23...
==== RoutingLayer: Bootstrapping bird.conf for AS2010 Router r23...
==== RoutingLayer: Setting up loopback interface for AS2010 Router r106...
==== RoutingLayer: Bootstrapping bird.conf for AS2010 Router r106...
==== RoutingLayer: Setting up loopback interface for AS2010 Router r206...
==== RoutingLayer: Bootstrapping bird.conf for AS2010 Router r206...
==== RoutingLayer: Setting up loopback interface for AS2010 Router r237...
==== RoutingLayer: Bootstrapping bird.conf for AS2010 Router r237...
==== RoutingLayer: Setting up loopback interface for AS2010 Router r339...
==== RoutingLayer: Bootstrapping bird.conf for AS2010 Router r339...
==== RoutingLayer: Setting up loopback interface for AS2010 Router r403...
==== RoutingLayer: Bootstrapping bird.conf for AS2010 Router r403...
==== RoutingLayer: Setting up loopback interface for AS2010 Router r533...
==== RoutingLayer: Bootstrapping bird.conf for AS2010 Router r533...
==== RoutingLayer: Bootstrapping bird.conf for RS ix259...
==== RoutingLayer: Bootstrapping bird.conf for RS ix52...
==== RoutingLayer: Bootstrapping bird.conf for RS ix30...
==== RoutingLayer: Bootstrapping bird.conf for RS ix25...
==== RoutingLayer: Bootstrapping bird.conf for RS ix227...
==== RoutingLayer: Bootstrapping bird.conf for RS ix74...
==== RoutingLayer: Bootstrapping bird.conf for RS ix135...
==== RoutingLayer: Bootstrapping bird.conf for RS ix129...
==== RoutingLayer: Bootstrapping bird.conf for RS ix73...
==== RoutingLayer: Bootstrapping bird.conf for RS ix16...
==== RoutingLayer: Bootstrapping bird.conf for RS ix61...
==== RoutingLayer: Bootstrapping bird.conf for RS ix24...
==== RoutingLayer: Bootstrapping bird.conf for RS ix71...
==== RoutingLayer: Bootstrapping bird.conf for RS ix171...
==== RoutingLayer: Bootstrapping bird.conf for RS ix44...
==== RoutingLayer: Bootstrapping bird.conf for RS ix20...
==== RoutingLayer: Bootstrapping bird.conf for RS ix96...
==== RoutingLayer: Bootstrapping bird.conf for RS ix219...
==== RoutingLayer: Bootstrapping bird.conf for RS ix296...
==== RoutingLayer: Bootstrapping bird.conf for RS ix6...
==== RoutingLayer: Bootstrapping bird.conf for RS ix206...
==== RoutingLayer: Bootstrapping bird.conf for RS ix36...
==== RoutingLayer: Bootstrapping bird.conf for RS ix8...
==== RoutingLayer: Bootstrapping bird.conf for RS ix5...
==== RoutingLayer: Bootstrapping bird.conf for RS ix18...
==== RoutingLayer: Bootstrapping bird.conf for RS ix4...
==== RoutingLayer: Bootstrapping bird.conf for RS ix13...
==== RoutingLayer: Bootstrapping bird.conf for RS ix106...
==== RoutingLayer: Bootstrapping bird.conf for RS ix39...
==== RoutingLayer: Bootstrapping bird.conf for RS ix495...
==== RoutingLayer: Bootstrapping bird.conf for RS ix314...
==== RoutingLayer: Bootstrapping bird.conf for RS ix23...
==== RoutingLayer: Bootstrapping bird.conf for RS ix156...
==== RoutingLayer: Bootstrapping bird.conf for RS ix339...
==== RoutingLayer: Bootstrapping bird.conf for RS ix34...
==== RoutingLayer: Bootstrapping bird.conf for RS ix29...
==== RoutingLayer: Bootstrapping bird.conf for RS ix122...
==== RoutingLayer: Bootstrapping bird.conf for RS ix22...
==== RoutingLayer: Bootstrapping bird.conf for RS ix32...
==== RoutingLayer: Bootstrapping bird.conf for RS ix345...
==== RoutingLayer: Bootstrapping bird.conf for RS ix518...
==== RoutingLayer: Bootstrapping bird.conf for RS ix125...
==== RoutingLayer: Bootstrapping bird.conf for RS ix533...
==== RoutingLayer: Bootstrapping bird.conf for RS ix31...
==== RoutingLayer: Bootstrapping bird.conf for RS ix51...
==== RoutingLayer: Bootstrapping bird.conf for RS ix108...
==== RoutingLayer: Bootstrapping bird.conf for RS ix28...
==== RoutingLayer: Bootstrapping bird.conf for RS ix12...
==== RoutingLayer: Bootstrapping bird.conf for RS ix126...
==== RoutingLayer: Bootstrapping bird.conf for RS ix50...
==== RoutingLayer: Bootstrapping bird.conf for RS ix55...
==== RoutingLayer: Bootstrapping bird.conf for RS ix99...
==== RoutingLayer: Bootstrapping bird.conf for RS ix9...
==== RoutingLayer: Bootstrapping bird.conf for RS ix347...
==== RoutingLayer: Bootstrapping bird.conf for RS ix60...
==== RoutingLayer: Bootstrapping bird.conf for RS ix68...
==== RoutingLayer: Bootstrapping bird.conf for RS ix33...
==== RoutingLayer: Bootstrapping bird.conf for RS ix63...
==== RoutingLayer: Bootstrapping bird.conf for RS ix58...
==== RoutingLayer: Bootstrapping bird.conf for RS ix7...
==== RoutingLayer: Bootstrapping bird.conf for RS ix26...
==== RoutingLayer: Bootstrapping bird.conf for RS ix62...
==== RoutingLayer: Bootstrapping bird.conf for RS ix41...
==== RoutingLayer: Bootstrapping bird.conf for RS ix45...
==== RoutingLayer: Bootstrapping bird.conf for RS ix42...
==== RoutingLayer: Bootstrapping bird.conf for RS ix352...
==== RoutingLayer: Bootstrapping bird.conf for RS ix403...
==== RoutingLayer: Bootstrapping bird.conf for RS ix190...
==== RoutingLayer: Bootstrapping bird.conf for RS ix40...
==== RoutingLayer: Bootstrapping bird.conf for RS ix344...
==== RoutingLayer: Bootstrapping bird.conf for RS ix19...
==== RoutingLayer: Bootstrapping bird.conf for RS ix38...
==== RoutingLayer: Bootstrapping bird.conf for RS ix237...
==== RoutingLayer: Bootstrapping bird.conf for RS ix35...
==== RoutingLayer: Bootstrapping bird.conf for RS ix189...
==== RoutingLayer: Bootstrapping bird.conf for RS ix158...
==== RoutingLayer: Bootstrapping bird.conf for RS ix10...
==== RoutingLayer: Bootstrapping bird.conf for RS ix75...
==== RoutingLayer: Bootstrapping bird.conf for RS ix147...
==== RoutingLayer: Bootstrapping bird.conf for RS ix70...
==== RoutingLayer: Bootstrapping bird.conf for RS ix3...
==== RoutingLayer: Bootstrapping bird.conf for RS ix127...
==== RoutingLayer: Bootstrapping bird.conf for RS ix94...
==== RoutingLayer: Bootstrapping bird.conf for RS ix221...
==== RoutingLayer: Bootstrapping bird.conf for RS ix346...
==== RoutingLayer: Bootstrapping bird.conf for RS ix37...
==== RoutingLayer: Bootstrapping bird.conf for RS ix21...
==== RoutingLayer: Bootstrapping bird.conf for RS ix2...
==== RoutingLayer: Bootstrapping bird.conf for RS ix113...
==== RoutingLayer: Bootstrapping bird.conf for RS ix300...
==== RoutingLayer: Bootstrapping bird.conf for RS ix14...
==== RoutingLayer: Bootstrapping bird.conf for RS ix167...
==== RoutingLayer: Bootstrapping bird.conf for RS ix17...
==== RoutingLayer: Bootstrapping bird.conf for RS ix43...
==== RoutingLayer: Bootstrapping bird.conf for RS ix83...
==== RoutingLayer: Bootstrapping bird.conf for RS ix128...
== Emulator: invoking post-configure hooks for Routing...
== Emulator: done: Routing
== Emulator: requesting configure: Ebgp
== Emulator: Ebgp: requesting dependency render: Routing
== Emulator: requesting configure: Routing
== Emulator: Routing: already done, skipping
== Emulator: entering Ebgp...
== Emulator: invoking pre-configure hooks for Ebgp...
== Emulator: configuring Ebgp...
==== EbgpLayer: adding IX peering: 1.25.4.253 as 1277 <-(PeerRelationship.Peer)-> 1.25.5.159 as 1439
==== EbgpLayer: Bootstrapping as1277/r25 for BGP...
==== EbgpLayer: Bootstrapping as1439/r25 for BGP...
==== EbgpLayer: adding IX peering: 1.19.4.253 as 1277 <-(PeerRelationship.Peer)-> 1.19.5.159 as 1439
==== EbgpLayer: Bootstrapping as1277/r19 for BGP...
==== EbgpLayer: Bootstrapping as1439/r19 for BGP...
==== EbgpLayer: adding IX peering: 1.16.4.253 as 1277 <-(PeerRelationship.Peer)-> 1.16.5.159 as 1439
==== EbgpLayer: Bootstrapping as1277/r16 for BGP...
==== EbgpLayer: Bootstrapping as1439/r16 for BGP...
==== EbgpLayer: adding IX peering: 1.7.4.253 as 1277 <-(PeerRelationship.Peer)-> 1.7.5.159 as 1439
==== EbgpLayer: Bootstrapping as1277/r7 for BGP...
==== EbgpLayer: Bootstrapping as1439/r7 for BGP...
==== EbgpLayer: adding IX peering: 1.13.4.253 as 1277 <-(PeerRelationship.Peer)-> 1.13.5.159 as 1439
==== EbgpLayer: Bootstrapping as1277/r13 for BGP...
==== EbgpLayer: Bootstrapping as1439/r13 for BGP...
==== EbgpLayer: adding IX peering: 1.23.4.253 as 1277 <-(PeerRelationship.Peer)-> 1.23.5.159 as 1439
==== EbgpLayer: Bootstrapping as1277/r23 for BGP...
==== EbgpLayer: Bootstrapping as1439/r23 for BGP...
==== EbgpLayer: adding IX peering: 1.12.4.253 as 1277 <-(PeerRelationship.Peer)-> 1.12.5.159 as 1439
==== EbgpLayer: Bootstrapping as1277/r12 for BGP...
==== EbgpLayer: Bootstrapping as1439/r12 for BGP...
==== EbgpLayer: adding IX peering: 1.18.4.253 as 1277 <-(PeerRelationship.Peer)-> 1.18.5.159 as 1439
==== EbgpLayer: Bootstrapping as1277/r18 for BGP...
==== EbgpLayer: Bootstrapping as1439/r18 for BGP...
==== EbgpLayer: adding IX peering: 1.24.4.253 as 1277 <-(PeerRelationship.Peer)-> 1.24.5.159 as 1439
==== EbgpLayer: Bootstrapping as1277/r24 for BGP...
==== EbgpLayer: Bootstrapping as1439/r24 for BGP...
==== EbgpLayer: adding IX peering: 1.6.4.253 as 1277 <-(PeerRelationship.Peer)-> 1.6.5.159 as 1439
==== EbgpLayer: Bootstrapping as1277/r6 for BGP...
==== EbgpLayer: Bootstrapping as1439/r6 for BGP...
==== EbgpLayer: adding IX peering: 1.21.4.253 as 1277 <-(PeerRelationship.Peer)-> 1.21.5.159 as 1439
==== EbgpLayer: Bootstrapping as1277/r21 for BGP...
==== EbgpLayer: Bootstrapping as1439/r21 for BGP...
==== EbgpLayer: adding IX peering: 1.4.4.253 as 1277 <-(PeerRelationship.Peer)-> 1.4.5.159 as 1439
==== EbgpLayer: Bootstrapping as1277/r4 for BGP...
==== EbgpLayer: Bootstrapping as1439/r4 for BGP...
==== EbgpLayer: adding IX peering: 1.43.4.253 as 1277 <-(PeerRelationship.Peer)-> 1.43.5.159 as 1439
==== EbgpLayer: Bootstrapping as1277/r43 for BGP...
==== EbgpLayer: Bootstrapping as1439/r43 for BGP...
==== EbgpLayer: adding IX peering: 1.122.4.253 as 1277 <-(PeerRelationship.Peer)-> 1.122.5.159 as 1439
==== EbgpLayer: Bootstrapping as1277/r122 for BGP...
==== EbgpLayer: Bootstrapping as1439/r122 for BGP...
==== EbgpLayer: adding IX peering: 1.10.4.253 as 1277 <-(PeerRelationship.Peer)-> 1.10.5.159 as 1439
==== EbgpLayer: Bootstrapping as1277/r10 for BGP...
==== EbgpLayer: Bootstrapping as1439/r10 for BGP...
==== EbgpLayer: adding IX peering: 1.22.4.253 as 1277 <-(PeerRelationship.Peer)-> 1.22.5.159 as 1439
==== EbgpLayer: Bootstrapping as1277/r22 for BGP...
==== EbgpLayer: Bootstrapping as1439/r22 for BGP...
==== EbgpLayer: adding IX peering: 1.23.4.253 as 1277 <-(PeerRelationship.Provider)-> 1.23.7.218 as 2010
==== EbgpLayer: Bootstrapping as2010/r23 for BGP...
==== EbgpLayer: adding IX peering: 1.23.5.159 as 1439 <-(PeerRelationship.Peer)-> 1.23.7.218 as 2010
== Emulator: invoking post-configure hooks for Ebgp...
== Emulator: done: Ebgp
== Emulator: requesting configure: Ibgp
== Emulator: Ibgp: requesting dependency render: Ospf
== Emulator: requesting configure: Ospf
== Emulator: Ospf: requesting dependency render: Routing
== Emulator: requesting configure: Routing
== Emulator: Routing: already done, skipping
== Emulator: entering Ospf...
== Emulator: invoking pre-configure hooks for Ospf...
== Emulator: configuring Ospf...
== Emulator: invoking post-configure hooks for Ospf...
== Emulator: done: Ospf
== Emulator: entering Ibgp...
== Emulator: invoking pre-configure hooks for Ibgp...
== Emulator: configuring Ibgp...
== Emulator: invoking post-configure hooks for Ibgp...
== Emulator: done: Ibgp
== Emulator: requesting configure: Ospf
== Emulator: Ospf: already done, skipping
== Emulator: requesting render: Base
== Emulator: entering Base...
== Emulator: invoking pre-render hooks for Base...
== Emulator: rendering Base...
== Emulator: invoking post-render hooks for Base...
== Emulator: done: Base
== Emulator: requesting render: Routing
== Emulator: Routing: requesting dependency render: Base
== Emulator: requesting render: Base
== Emulator: Base: already done, skipping
== Emulator: entering Routing...
== Emulator: invoking pre-render hooks for Routing...
== Emulator: rendering Routing...
== Emulator: invoking post-render hooks for Routing...
== Emulator: done: Routing
== Emulator: requesting render: Ebgp
== Emulator: Ebgp: requesting dependency render: Routing
== Emulator: requesting render: Routing
== Emulator: Routing: already done, skipping
== Emulator: entering Ebgp...
== Emulator: invoking pre-render hooks for Ebgp...
== Emulator: rendering Ebgp...
== Emulator: invoking post-render hooks for Ebgp...
== Emulator: done: Ebgp
== Emulator: requesting render: Ibgp
== Emulator: Ibgp: requesting dependency render: Ospf
== Emulator: requesting render: Ospf
== Emulator: Ospf: requesting dependency render: Routing
== Emulator: requesting render: Routing
== Emulator: Routing: already done, skipping
== Emulator: entering Ospf...
== Emulator: invoking pre-render hooks for Ospf...
== Emulator: rendering Ospf...
==== OspfLayer: setting up OSPF for router as1277/r2...
==== OspfLayer: setting up OSPF for router as1277/r3...
==== OspfLayer: setting up OSPF for router as1277/r4...
==== OspfLayer: setting up OSPF for router as1277/r5...
==== OspfLayer: setting up OSPF for router as1277/r6...
==== OspfLayer: setting up OSPF for router as1277/r7...
==== OspfLayer: setting up OSPF for router as1277/r8...
==== OspfLayer: setting up OSPF for router as1277/r9...
==== OspfLayer: setting up OSPF for router as1277/r10...
==== OspfLayer: setting up OSPF for router as1277/r12...
==== OspfLayer: setting up OSPF for router as1277/r13...
==== OspfLayer: setting up OSPF for router as1277/r14...
==== OspfLayer: setting up OSPF for router as1277/r16...
==== OspfLayer: setting up OSPF for router as1277/r17...
==== OspfLayer: setting up OSPF for router as1277/r18...
==== OspfLayer: setting up OSPF for router as1277/r19...
==== OspfLayer: setting up OSPF for router as1277/r20...
==== OspfLayer: setting up OSPF for router as1277/r21...
==== OspfLayer: setting up OSPF for router as1277/r22...
==== OspfLayer: setting up OSPF for router as1277/r23...
==== OspfLayer: setting up OSPF for router as1277/r24...
==== OspfLayer: setting up OSPF for router as1277/r25...
==== OspfLayer: setting up OSPF for router as1277/r26...
==== OspfLayer: setting up OSPF for router as1277/r28...
==== OspfLayer: setting up OSPF for router as1277/r29...
==== OspfLayer: setting up OSPF for router as1277/r30...
==== OspfLayer: setting up OSPF for router as1277/r31...
==== OspfLayer: setting up OSPF for router as1277/r32...
==== OspfLayer: setting up OSPF for router as1277/r33...
==== OspfLayer: setting up OSPF for router as1277/r34...
==== OspfLayer: setting up OSPF for router as1277/r35...
==== OspfLayer: setting up OSPF for router as1277/r36...
==== OspfLayer: setting up OSPF for router as1277/r37...
==== OspfLayer: setting up OSPF for router as1277/r38...
==== OspfLayer: setting up OSPF for router as1277/r39...
==== OspfLayer: setting up OSPF for router as1277/r40...
==== OspfLayer: setting up OSPF for router as1277/r41...
==== OspfLayer: setting up OSPF for router as1277/r42...
==== OspfLayer: setting up OSPF for router as1277/r43...
==== OspfLayer: setting up OSPF for router as1277/r44...
==== OspfLayer: setting up OSPF for router as1277/r45...
==== OspfLayer: setting up OSPF for router as1277/r50...
==== OspfLayer: setting up OSPF for router as1277/r51...
==== OspfLayer: setting up OSPF for router as1277/r52...
==== OspfLayer: setting up OSPF for router as1277/r55...
==== OspfLayer: setting up OSPF for router as1277/r58...
==== OspfLayer: setting up OSPF for router as1277/r60...
==== OspfLayer: setting up OSPF for router as1277/r61...
==== OspfLayer: setting up OSPF for router as1277/r62...
==== OspfLayer: setting up OSPF for router as1277/r63...
==== OspfLayer: setting up OSPF for router as1277/r68...
==== OspfLayer: setting up OSPF for router as1277/r70...
==== OspfLayer: setting up OSPF for router as1277/r71...
==== OspfLayer: setting up OSPF for router as1277/r73...
==== OspfLayer: setting up OSPF for router as1277/r75...
==== OspfLayer: setting up OSPF for router as1277/r83...
==== OspfLayer: setting up OSPF for router as1277/r94...
==== OspfLayer: setting up OSPF for router as1277/r96...
==== OspfLayer: setting up OSPF for router as1277/r99...
==== OspfLayer: setting up OSPF for router as1277/r108...
==== OspfLayer: setting up OSPF for router as1277/r113...
==== OspfLayer: setting up OSPF for router as1277/r122...
==== OspfLayer: setting up OSPF for router as1277/r125...
==== OspfLayer: setting up OSPF for router as1277/r126...
==== OspfLayer: setting up OSPF for router as1277/r127...
==== OspfLayer: setting up OSPF for router as1277/r128...
==== OspfLayer: setting up OSPF for router as1277/r129...
==== OspfLayer: setting up OSPF for router as1277/r135...
==== OspfLayer: setting up OSPF for router as1277/r147...
==== OspfLayer: setting up OSPF for router as1277/r158...
==== OspfLayer: setting up OSPF for router as1277/r167...
==== OspfLayer: setting up OSPF for router as1277/r171...
==== OspfLayer: setting up OSPF for router as1277/r189...
==== OspfLayer: setting up OSPF for router as1277/r190...
==== OspfLayer: setting up OSPF for router as1277/r219...
==== OspfLayer: setting up OSPF for router as1277/r221...
==== OspfLayer: setting up OSPF for router as1277/r227...
==== OspfLayer: setting up OSPF for router as1277/r237...
==== OspfLayer: setting up OSPF for router as1277/r259...
==== OspfLayer: setting up OSPF for router as1277/r296...
==== OspfLayer: setting up OSPF for router as1277/r300...
==== OspfLayer: setting up OSPF for router as1277/r314...
==== OspfLayer: setting up OSPF for router as1277/r344...
==== OspfLayer: setting up OSPF for router as1277/r345...
==== OspfLayer: setting up OSPF for router as1277/r346...
==== OspfLayer: setting up OSPF for router as1277/r347...
==== OspfLayer: setting up OSPF for router as1439/r3...
==== OspfLayer: setting up OSPF for router as1439/r4...
==== OspfLayer: setting up OSPF for router as1439/r6...
==== OspfLayer: setting up OSPF for router as1439/r7...
==== OspfLayer: setting up OSPF for router as1439/r10...
==== OspfLayer: setting up OSPF for router as1439/r12...
==== OspfLayer: setting up OSPF for router as1439/r13...
==== OspfLayer: setting up OSPF for router as1439/r16...
==== OspfLayer: setting up OSPF for router as1439/r18...
==== OspfLayer: setting up OSPF for router as1439/r19...
==== OspfLayer: setting up OSPF for router as1439/r21...
==== OspfLayer: setting up OSPF for router as1439/r22...
==== OspfLayer: setting up OSPF for router as1439/r23...
==== OspfLayer: setting up OSPF for router as1439/r24...
==== OspfLayer: setting up OSPF for router as1439/r25...
==== OspfLayer: setting up OSPF for router as1439/r43...
==== OspfLayer: setting up OSPF for router as1439/r71...
==== OspfLayer: setting up OSPF for router as1439/r74...
==== OspfLayer: setting up OSPF for router as1439/r122...
==== OspfLayer: setting up OSPF for router as1439/r156...
==== OspfLayer: setting up OSPF for router as1439/r237...
==== OspfLayer: setting up OSPF for router as1439/r352...
==== OspfLayer: setting up OSPF for router as1439/r403...
==== OspfLayer: setting up OSPF for router as1439/r495...
==== OspfLayer: setting up OSPF for router as1439/r518...
==== OspfLayer: setting up OSPF for router as2010/r23...
==== OspfLayer: setting up OSPF for router as2010/r106...
==== OspfLayer: setting up OSPF for router as2010/r206...
==== OspfLayer: setting up OSPF for router as2010/r237...
==== OspfLayer: setting up OSPF for router as2010/r339...
==== OspfLayer: setting up OSPF for router as2010/r403...
==== OspfLayer: setting up OSPF for router as2010/r533...
== Emulator: invoking post-render hooks for Ospf...
== Emulator: done: Ospf
== Emulator: entering Ibgp...
== Emulator: invoking pre-render hooks for Ibgp...
== Emulator: rendering Ibgp...
==== IbgpLayer: setting up IBGP peering for as1277...
==== IbgpLayer: setting up IBGP (Route Reflector) for as1277...
==== IbgpLayer: adding RR peering: r2(RR) <-> r40(Client) cluster 10.0.0.0
==== IbgpLayer: adding RR peering: r2(RR) <-> r32(Client) cluster 10.0.0.0
==== IbgpLayer: adding RR peering: r2(RR) <-> r18(Client) cluster 10.0.0.0
==== IbgpLayer: adding RR peering: r2(RR) <-> r20(Client) cluster 10.0.0.0
==== IbgpLayer: adding RR peering: r2(RR) <-> r60(Client) cluster 10.0.0.0
==== IbgpLayer: adding RR peering: r2(RR) <-> r314(Client) cluster 10.0.0.0
==== IbgpLayer: adding RR peering: r2(RR) <-> r44(Client) cluster 10.0.0.0
==== IbgpLayer: adding RR peering: r2(RR) <-> r23(Client) cluster 10.0.0.0
==== IbgpLayer: adding RR peering: r2(RR) <-> r158(Client) cluster 10.0.0.0
==== IbgpLayer: adding RR peering: r2(RR) <-> r68(Client) cluster 10.0.0.0
==== IbgpLayer: adding RR peering: r2(RR) <-> r62(Client) cluster 10.0.0.0
==== IbgpLayer: adding RR peering: r2(RR) <-> r221(Client) cluster 10.0.0.0
==== IbgpLayer: adding RR peering: r2(RR) <-> r347(Client) cluster 10.0.0.0
==== IbgpLayer: adding RR peering: r2(RR) <-> r26(Client) cluster 10.0.0.0
==== IbgpLayer: adding RR peering: r2(RR) <-> r135(Client) cluster 10.0.0.0
==== IbgpLayer: adding RR peering: r2(RR) <-> r71(Client) cluster 10.0.0.0
==== IbgpLayer: adding RR peering: r2(RR) <-> r19(Client) cluster 10.0.0.0
==== IbgpLayer: adding RR peering: r2(RR) <-> r237(Client) cluster 10.0.0.0
==== IbgpLayer: adding RR peering: r2(RR) <-> r127(Client) cluster 10.0.0.0
==== IbgpLayer: adding RR peering: r2(RR) <-> r227(Client) cluster 10.0.0.0
==== IbgpLayer: adding RR peering: r2(RR) <-> r3(Client) cluster 10.0.0.0
==== IbgpLayer: adding RR peering: r2(RR) <-> r13(Client) cluster 10.0.0.0
==== IbgpLayer: adding RR peering: r2(RR) <-> r189(Client) cluster 10.0.0.0
==== IbgpLayer: adding RR peering: r2(RR) <-> r75(Client) cluster 10.0.0.0
==== IbgpLayer: adding RR peering: r2(RR) <-> r122(Client) cluster 10.0.0.0
==== IbgpLayer: adding RR peering: r2(RR) <-> r6(Client) cluster 10.0.0.0
==== IbgpLayer: adding RR peering: r2(RR) <-> r5(Client) cluster 10.0.0.0
==== IbgpLayer: adding RR peering: r2(RR) <-> r22(Client) cluster 10.0.0.0
==== IbgpLayer: adding RR peering: r2(RR) <-> r38(Client) cluster 10.0.0.0
==== IbgpLayer: adding RR peering: r2(RR) <-> r17(Client) cluster 10.0.0.0
==== IbgpLayer: adding RR peering: r2(RR) <-> r219(Client) cluster 10.0.0.0
==== IbgpLayer: adding RR peering: r2(RR) <-> r147(Client) cluster 10.0.0.0
==== IbgpLayer: adding RR peering: r2(RR) <-> r31(Client) cluster 10.0.0.0
==== IbgpLayer: adding RR peering: r2(RR) <-> r25(Client) cluster 10.0.0.0
==== IbgpLayer: adding RR peering: r2(RR) <-> r35(Client) cluster 10.0.0.0
==== IbgpLayer: adding RR peering: r2(RR) <-> r9(Client) cluster 10.0.0.0
==== IbgpLayer: adding RR peering: r2(RR) <-> r129(Client) cluster 10.0.0.0
==== IbgpLayer: adding RR peering: r2(RR) <-> r70(Client) cluster 10.0.0.0
==== IbgpLayer: adding RR peering: r2(RR) <-> r41(Client) cluster 10.0.0.0
==== IbgpLayer: adding RR peering: r2(RR) <-> r171(Client) cluster 10.0.0.0
==== IbgpLayer: adding RR peering: r2(RR) <-> r28(Client) cluster 10.0.0.0
==== IbgpLayer: adding RR peering: r2(RR) <-> r4(Client) cluster 10.0.0.0
==== IbgpLayer: adding RR peering: r2(RR) <-> r113(Client) cluster 10.0.0.0
==== IbgpLayer: adding RR peering: r2(RR) <-> r12(Client) cluster 10.0.0.0
==== IbgpLayer: adding RR peering: r2(RR) <-> r296(Client) cluster 10.0.0.0
==== IbgpLayer: adding RR peering: r2(RR) <-> r52(Client) cluster 10.0.0.0
==== IbgpLayer: adding RR peering: r2(RR) <-> r37(Client) cluster 10.0.0.0
==== IbgpLayer: adding RR peering: r2(RR) <-> r30(Client) cluster 10.0.0.0
==== IbgpLayer: adding RR peering: r2(RR) <-> r99(Client) cluster 10.0.0.0
==== IbgpLayer: adding RR peering: r2(RR) <-> r167(Client) cluster 10.0.0.0
==== IbgpLayer: adding RR peering: r2(RR) <-> r29(Client) cluster 10.0.0.0
==== IbgpLayer: adding RR peering: r2(RR) <-> r33(Client) cluster 10.0.0.0
==== IbgpLayer: adding RR peering: r2(RR) <-> r34(Client) cluster 10.0.0.0
==== IbgpLayer: adding RR peering: r2(RR) <-> r42(Client) cluster 10.0.0.0
==== IbgpLayer: adding RR peering: r2(RR) <-> r345(Client) cluster 10.0.0.0
==== IbgpLayer: adding RR peering: r2(RR) <-> r128(Client) cluster 10.0.0.0
==== IbgpLayer: adding RR peering: r2(RR) <-> r36(Client) cluster 10.0.0.0
==== IbgpLayer: adding RR peering: r2(RR) <-> r7(Client) cluster 10.0.0.0
==== IbgpLayer: adding RR peering: r2(RR) <-> r58(Client) cluster 10.0.0.0
==== IbgpLayer: adding RR peering: r2(RR) <-> r190(Client) cluster 10.0.0.0
==== IbgpLayer: adding RR peering: r2(RR) <-> r43(Client) cluster 10.0.0.0
==== IbgpLayer: adding RR peering: r2(RR) <-> r63(Client) cluster 10.0.0.0
==== IbgpLayer: adding RR peering: r2(RR) <-> r94(Client) cluster 10.0.0.0
==== IbgpLayer: adding RR peering: r2(RR) <-> r344(Client) cluster 10.0.0.0
==== IbgpLayer: adding RR peering: r2(RR) <-> r83(Client) cluster 10.0.0.0
==== IbgpLayer: adding RR peering: r2(RR) <-> r346(Client) cluster 10.0.0.0
==== IbgpLayer: adding RR peering: r2(RR) <-> r45(Client) cluster 10.0.0.0
==== IbgpLayer: adding RR peering: r2(RR) <-> r14(Client) cluster 10.0.0.0
==== IbgpLayer: adding RR peering: r2(RR) <-> r55(Client) cluster 10.0.0.0
==== IbgpLayer: adding RR peering: r2(RR) <-> r126(Client) cluster 10.0.0.0
==== IbgpLayer: adding RR peering: r2(RR) <-> r108(Client) cluster 10.0.0.0
==== IbgpLayer: adding RR peering: r2(RR) <-> r8(Client) cluster 10.0.0.0
==== IbgpLayer: adding RR peering: r2(RR) <-> r61(Client) cluster 10.0.0.0
==== IbgpLayer: adding RR peering: r2(RR) <-> r10(Client) cluster 10.0.0.0
==== IbgpLayer: adding RR peering: r2(RR) <-> r50(Client) cluster 10.0.0.0
==== IbgpLayer: adding RR peering: r2(RR) <-> r300(Client) cluster 10.0.0.0
==== IbgpLayer: adding RR peering: r2(RR) <-> r21(Client) cluster 10.0.0.0
==== IbgpLayer: adding RR peering: r2(RR) <-> r259(Client) cluster 10.0.0.0
==== IbgpLayer: adding RR peering: r2(RR) <-> r73(Client) cluster 10.0.0.0
==== IbgpLayer: adding RR peering: r2(RR) <-> r125(Client) cluster 10.0.0.0
==== IbgpLayer: adding RR peering: r2(RR) <-> r96(Client) cluster 10.0.0.0
==== IbgpLayer: adding RR peering: r2(RR) <-> r39(Client) cluster 10.0.0.0
==== IbgpLayer: adding RR peering: r2(RR) <-> r51(Client) cluster 10.0.0.0
==== IbgpLayer: adding RR peering: r2(RR) <-> r24(Client) cluster 10.0.0.0
==== IbgpLayer: adding RR peering: r2(RR) <-> r16(Client) cluster 10.0.0.0
==== IbgpLayer: setting up IBGP peering for as1439...
==== IbgpLayer: setting up IBGP (Route Reflector) for as1439...
==== IbgpLayer: adding RR peering: r3(RR) <-> r7(Client) cluster 10.0.0.0
==== IbgpLayer: adding RR peering: r3(RR) <-> r495(Client) cluster 10.0.0.0
==== IbgpLayer: adding RR peering: r3(RR) <-> r4(Client) cluster 10.0.0.0
==== IbgpLayer: adding RR peering: r3(RR) <-> r43(Client) cluster 10.0.0.0
==== IbgpLayer: adding RR peering: r3(RR) <-> r18(Client) cluster 10.0.0.0
==== IbgpLayer: adding RR peering: r3(RR) <-> r13(Client) cluster 10.0.0.0
==== IbgpLayer: adding RR peering: r3(RR) <-> r12(Client) cluster 10.0.0.0
==== IbgpLayer: adding RR peering: r3(RR) <-> r156(Client) cluster 10.0.0.0
==== IbgpLayer: adding RR peering: r3(RR) <-> r352(Client) cluster 10.0.0.0
==== IbgpLayer: adding RR peering: r3(RR) <-> r122(Client) cluster 10.0.0.0
==== IbgpLayer: adding RR peering: r3(RR) <-> r6(Client) cluster 10.0.0.0
==== IbgpLayer: adding RR peering: r3(RR) <-> r518(Client) cluster 10.0.0.0
==== IbgpLayer: adding RR peering: r3(RR) <-> r22(Client) cluster 10.0.0.0
==== IbgpLayer: adding RR peering: r3(RR) <-> r23(Client) cluster 10.0.0.0
==== IbgpLayer: adding RR peering: r3(RR) <-> r403(Client) cluster 10.0.0.0
==== IbgpLayer: adding RR peering: r3(RR) <-> r10(Client) cluster 10.0.0.0
==== IbgpLayer: adding RR peering: r3(RR) <-> r21(Client) cluster 10.0.0.0
==== IbgpLayer: adding RR peering: r3(RR) <-> r25(Client) cluster 10.0.0.0
==== IbgpLayer: adding RR peering: r3(RR) <-> r24(Client) cluster 10.0.0.0
==== IbgpLayer: adding RR peering: r3(RR) <-> r71(Client) cluster 10.0.0.0
==== IbgpLayer: adding RR peering: r3(RR) <-> r74(Client) cluster 10.0.0.0
==== IbgpLayer: adding RR peering: r3(RR) <-> r19(Client) cluster 10.0.0.0
==== IbgpLayer: adding RR peering: r3(RR) <-> r237(Client) cluster 10.0.0.0
==== IbgpLayer: adding RR peering: r3(RR) <-> r16(Client) cluster 10.0.0.0
==== IbgpLayer: setting up IBGP peering for as2010...
==== IbgpLayer: setting up IBGP (Route Reflector) for as2010...
==== IbgpLayer: adding RR peering: r23(RR) <-> r206(Client) cluster 10.0.0.0
==== IbgpLayer: adding RR peering: r23(RR) <-> r533(Client) cluster 10.0.0.0
==== IbgpLayer: adding RR peering: r23(RR) <-> r403(Client) cluster 10.0.0.0
==== IbgpLayer: adding RR peering: r23(RR) <-> r339(Client) cluster 10.0.0.0
==== IbgpLayer: adding RR peering: r23(RR) <-> r106(Client) cluster 10.0.0.0
==== IbgpLayer: adding RR peering: r23(RR) <-> r237(Client) cluster 10.0.0.0
== Emulator: invoking post-render hooks for Ibgp...
== Emulator: done: Ibgp
== Emulator: requesting render: Ospf
== Emulator: Ospf: already done, skipping
== KubernetesCompiler: output folder "/home/lxl/k8s/lxl/20260416_181413_214/output" already exist, overriding.
== KubernetesCompiler: grouping software for image "handsonsecurity/seedemu-multiarch-router:buildx-latest" - 214 references.
== KubernetesCompiler: the following software has been grouped together in step 1: {'nano', 'vim-nox', 'netcat-openbsd', 'curl', 'mtr-tiny', 'tcpdump', 'bird2', 'ipcalc', 'jq', 'termshark', 'iputils-ping', 'dnsutils', 'iproute2', 'zsh'} since they are referenced by 214 nodes.
创建IXP: 259
创建IXP: 52
创建IXP: 30
创建IXP: 25
创建IXP: 227
创建IXP: 74
创建IXP: 135
创建IXP: 129
创建IXP: 73
创建IXP: 16
创建IXP: 61
创建IXP: 24
创建IXP: 71
创建IXP: 171
创建IXP: 44
创建IXP: 20
创建IXP: 96
创建IXP: 219
创建IXP: 296
创建IXP: 6
创建IXP: 206
创建IXP: 36
创建IXP: 8
创建IXP: 5
创建IXP: 18
创建IXP: 4
创建IXP: 13
创建IXP: 106
创建IXP: 39
创建IXP: 495
创建IXP: 314
创建IXP: 23
创建IXP: 156
创建IXP: 339
创建IXP: 34
创建IXP: 29
创建IXP: 122
创建IXP: 22
创建IXP: 32
创建IXP: 345
创建IXP: 518
创建IXP: 125
创建IXP: 533
创建IXP: 31
创建IXP: 51
创建IXP: 108
创建IXP: 28
创建IXP: 12
创建IXP: 126
创建IXP: 50
创建IXP: 55
创建IXP: 99
创建IXP: 9
创建IXP: 347
创建IXP: 60
创建IXP: 68
创建IXP: 33
创建IXP: 63
创建IXP: 58
创建IXP: 7
创建IXP: 26
创建IXP: 62
创建IXP: 41
创建IXP: 45
创建IXP: 42
创建IXP: 352
创建IXP: 403
创建IXP: 190
创建IXP: 40
创建IXP: 344
创建IXP: 19
创建IXP: 38
创建IXP: 237
创建IXP: 35
创建IXP: 189
创建IXP: 158
创建IXP: 10
创建IXP: 75
创建IXP: 147
创建IXP: 70
创建IXP: 3
创建IXP: 127
创建IXP: 94
创建IXP: 221
创建IXP: 346
创建IXP: 37
创建IXP: 21
创建IXP: 2
创建IXP: 113
创建IXP: 300
创建IXP: 14
创建IXP: 167
创建IXP: 17
创建IXP: 43
创建IXP: 83
创建IXP: 128
创建Transit AS1277: 连接IXP[2, 3, 4, 5, 6, 7, 8, 9, 10, 12, 13, 14, 16, 17, 18, 19, 20, 21, 22, 23, 24, 25, 26, 28, 29, 30, 31, 32, 33, 34, 35, 36, 37, 38, 39, 40, 41, 42, 43, 44, 45, 50, 51, 52, 55, 58, 60, 61, 62, 63, 68, 70, 71, 73, 75, 83, 94, 96, 99, 108, 113, 122, 125, 126, 127, 128, 129, 135, 147, 158, 167, 171, 189, 190, 219, 221, 227, 237, 259, 296, 300, 314, 344, 345, 346, 347]
创建Transit AS1439: 连接IXP[3, 4, 6, 7, 10, 12, 13, 16, 18, 19, 21, 22, 23, 24, 25, 43, 71, 74, 122, 156, 237, 352, 403, 495, 518]
创建Transit AS2010: 连接IXP[23, 106, 206, 237, 339, 403, 533]
开始渲染仿真网络...
========================================================================
Real topology k3s compilation complete.
========================================================================
Topology file: /home/lxl/seed-emulator/topology/real_topology_214.txt
Assignment file: /home/lxl/seed-emulator/topology/assignment.pkl
Output directory: /home/lxl/k8s/lxl/20260416_181413_214/output
Namespace: seedemu-k3s-real-topo
Registry prefix: 192.168.122.110:5000
CNI type: macvlan
Internet Map enabled: False
RR plan: /home/lxl/k8s/lxl/20260416_181413_214/output/rr_plan.json
编译时间: 0.46793341636657715 秒
Compile completed. Output: /home/lxl/k8s/lxl/20260416_181413_214/output/k8s.yaml
