time="2026-04-16T10:28:36Z" level=info msg="host will try HTTPS first since it is configured for HTTP with a TLS configuration, consider changing host to HTTPS or removing unused TLS configuration" host="192.168.122.110:5000"
time="2026-04-16T10:28:36Z" level=info msg="host will try HTTPS first since it is configured for HTTP with a TLS configuration, consider changing host to HTTPS or removing unused TLS configuration" host="192.168.122.110:5000"
time="2026-04-16T10:28:36Z" level=warning msg="skip to append distribution label: label key and value length (4106 bytes) greater than maximum size (4096 bytes), key: containerd.io/distribution.source.192.168.122.110: invalid argument"
time="2026-04-16T10:28:36Z" level=warning msg="skip to append distribution label: label key and value length (4106 bytes) greater than maximum size (4096 bytes), key: containerd.io/distribution.source.192.168.122.110: invalid argument"
time="2026-04-16T10:28:36Z" level=warning msg="skip to append distribution label: label key and value length (4106 bytes) greater than maximum size (4096 bytes), key: containerd.io/distribution.source.192.168.122.110: invalid argument"
time="2026-04-16T10:28:36Z" level=warning msg="skip to append distribution label: label key and value length (4106 bytes) greater than maximum size (4096 bytes), key: containerd.io/distribution.source.192.168.122.110: invalid argument"
time="2026-04-16T10:28:36Z" level=warning msg="skip to append distribution label: label key and value length (4106 bytes) greater than maximum size (4096 bytes), key: containerd.io/distribution.source.192.168.122.110: invalid argument"
time="2026-04-16T10:28:36Z" level=warning msg="skip to append distribution label: label key and value length (4106 bytes) greater than maximum size (4096 bytes), key: containerd.io/distribution.source.192.168.122.110: invalid argument"
time="2026-04-16T10:28:36Z" level=warning msg="skip to append distribution label: label key and value length (4106 bytes) greater than maximum size (4096 bytes), key: containerd.io/distribution.source.192.168.122.110: invalid argument"
time="2026-04-16T10:28:36Z" level=warning msg="skip to append distribution label: label key and value length (4106 bytes) greater than maximum size (4096 bytes), key: containerd.io/distribution.source.192.168.122.110: invalid argument"
192.168.122.110:5000/rs_ix_ix125:latest:                                          resolved       |[32m++++++++++++++++++++++++++++++++++++++[0m| 
index-sha256:a25a3aabfa2bdd7b5d532e69e7aec644190c735e75b1fa2c8aa66e9aa72550cf:    done           |[32m++++++++++++++++++++++++++++++++++++++[0m| 
manifest-sha256:e6496c1a6122bb8aedf8362a4f92134754625870eeb7defddf739c7045b39976: done           |[32m++++++++++++++++++++++++++++++++++++++[0m| 
layer-sha256:8a29a47395cd3a02d8340f4325004f6ec371681754e5efa24afced2dbdd64272:    done           |[32m++++++++++++++++++++++++++++++++++++++[0m| 
layer-sha256:62f68eee4f67c78ddb9f439fd928b9e4729cfd7498e789112b265142310279a0:    done           |[32m++++++++++++++++++++++++++++++++++++++[0m| 
layer-sha256:e59b44c60b0e4bef2712435bc1a530efe229ee8e4ce5e002fab156cab513cd4b:    done           |[32m++++++++++++++++++++++++++++++++++++++[0m| 
layer-sha256:34608cb22405250243a5e45518fb618d0bea826f8171514b271e7e4c1bef2752:    done           |[32m++++++++++++++++++++++++++++++++++++++[0m| 
layer-sha256:b1a8b2706032f9c0f354be0daa46f3da6643916a3373ee5d2792dd2def0151d1:    done           |[32m++++++++++++++++++++++++++++++++++++++[0m| 
layer-sha256:4f4fb700ef54461cfa02571ae0db9a0dc1e0cdb5577484a6d75e68dc38e8acc1:    done           |[32m++++++++++++++++++++++++++++++++++++++[0m| 
layer-sha256:450bb934662efe2c8c55922af96dfccb7cd62066a0861e11b9cc126c9592d6d7:    done           |[32m++++++++++++++++++++++++++++++++++++++[0m| 
layer-sha256:13b7e930469f6d3575a320709035c6acf6f5485a76abcf03d1b92a64c09c2476:    done           |[32m++++++++++++++++++++++++++++++++++++++[0m| 
layer-sha256:64a5d8258ce2b42e67330b08d63621bb09cc797b102a21bad4732b2383fa04c0:    done           |[32m++++++++++++++++++++++++++++++++++++++[0m| 
layer-sha256:23fb5d12fdd48b7564b9c1bad124d03ca12edb38aa37d4ffbfd6bef32d90410d:    done           |[32m++++++++++++++++++++++++++++++++++++++[0m| 
layer-sha256:04c3334ac2bad7c1eae81093ced2b03410b4d81e2c038b79a9c32dec05711086:    done           |[32m++++++++++++++++++++++++++++++++++++++[0m| 
layer-sha256:c8d11d2b7f50b0722f864f8bf87a48e0e367600f193f6528c63937802eeba0bf:    done           |[32m++++++++++++++++++++++++++++++++++++++[0m| 
layer-sha256:e899272ca12e6d43e07dff378be047161340e391c347c146386abd3bae7e7918:    done           |[32m++++++++++++++++++++++++++++++++++++++[0m| 
layer-sha256:5da617756c2a356e840be444553141e821e903e385dfe8e952fb3379d1c30382:    done           |[32m++++++++++++++++++++++++++++++++++++++[0m| 
layer-sha256:48cc5f7ee915a7ecaaa45d3f458d38a818c7a13c8f7c20c40eb94599ca2bf350:    done           |[32m++++++++++++++++++++++++++++++++++++++[0m| 
layer-sha256:f0be247c482793a4b1174bdfc6f34055d01fbc2e91ff83df34afe769f4fe95c5:    done           |[32m++++++++++++++++++++++++++++++++++++++[0m| 
layer-sha256:a359594c882de72b53bbdc415e3c3b8bd903bcaca72664c2d6ab81c03465e315:    done           |[32m++++++++++++++++++++++++++++++++++++++[0m| 
layer-sha256:d01a9056acd425e6eb2dfaa350b0a968be60218f1b52e552ec09bdb1a572761d:    done           |[32m++++++++++++++++++++++++++++++++++++++[0m| 
layer-sha256:c954e5f88d9d9be1ed732898db6841e22d90078a4c76cf4717c4cc7edc74403e:    done           |[32m++++++++++++++++++++++++++++++++++++++[0m| 
layer-sha256:4accf72faab4ddbb011f63fff24e0656cd1cc9c9ad5293f7e7c0eaf80ed2872f:    done           |[32m++++++++++++++++++++++++++++++++++++++[0m| 
config-sha256:0965e2d6c17de0507555a5def7b3badf88541d82f585702a8f6d4227622b4f17:   done           |[32m++++++++++++++++++++++++++++++++++++++[0m| 
layer-sha256:bd22cc1d2e5b1d4d56f132ebb5e24ab6658f0840217ab46d6c31d840a87e55e1:    done           |[32m++++++++++++++++++++++++++++++++++++++[0m| 
layer-sha256:2231eaf3a298084fa9e30b1e4c9f9e922cc15f29825b10878315732ac4d39c9b:    done           |[32m++++++++++++++++++++++++++++++++++++++[0m| 
elapsed: 0.1 s                                                                    total:   0.0 B (0.0 B/s)                                         
unpacking linux/amd64 sha256:a25a3aabfa2bdd7b5d532e69e7aec644190c735e75b1fa2c8aa66e9aa72550cf...
done: 41.183882ms	
time="2026-04-16T10:28:37Z" level=info msg="host will try HTTPS first since it is configured for HTTP with a TLS configuration, consider changing host to HTTPS or removing unused TLS configuration" host="192.168.122.110:5000"
time="2026-04-16T10:28:37Z" level=info msg="host will try HTTPS first since it is configured for HTTP with a TLS configuration, consider changing host to HTTPS or removing unused TLS configuration" host="192.168.122.110:5000"
time="2026-04-16T10:28:37Z" level=warning msg="skip to append distribution label: label key and value length (4106 bytes) greater than maximum size (4096 bytes), key: containerd.io/distribution.source.192.168.122.110: invalid argument"
time="2026-04-16T10:28:37Z" level=warning msg="skip to append distribution label: label key and value length (4106 bytes) greater than maximum size (4096 bytes), key: containerd.io/distribution.source.192.168.122.110: invalid argument"
time="2026-04-16T10:28:37Z" level=warning msg="skip to append distribution label: label key and value length (4106 bytes) greater than maximum size (4096 bytes), key: containerd.io/distribution.source.192.168.122.110: invalid argument"
time="2026-04-16T10:28:37Z" level=warning msg="skip to append distribution label: label key and value length (4106 bytes) greater than maximum size (4096 bytes), key: containerd.io/distribution.source.192.168.122.110: invalid argument"
time="2026-04-16T10:28:37Z" level=warning msg="skip to append distribution label: label key and value length (4106 bytes) greater than maximum size (4096 bytes), key: containerd.io/distribution.source.192.168.122.110: invalid argument"
time="2026-04-16T10:28:37Z" level=warning msg="skip to append distribution label: label key and value length (4106 bytes) greater than maximum size (4096 bytes), key: containerd.io/distribution.source.192.168.122.110: invalid argument"
time="2026-04-16T10:28:37Z" level=warning msg="skip to append distribution label: label key and value length (4106 bytes) greater than maximum size (4096 bytes), key: containerd.io/distribution.source.192.168.122.110: invalid argument"
time="2026-04-16T10:28:37Z" level=warning msg="skip to append distribution label: label key and value length (4106 bytes) greater than maximum size (4096 bytes), key: containerd.io/distribution.source.192.168.122.110: invalid argument"
192.168.122.110:5000/rs_ix_ix156:latest:                                          resolved       |[32m++++++++++++++++++++++++++++++++++++++[0m| 
index-sha256:64d207c4fcb895c74e3cfcbff21f71838cd87069da189a4a96c622eab8078eca:    done           |[32m++++++++++++++++++++++++++++++++++++++[0m| 
manifest-sha256:7624e76f367114512b30c7ae4da519ac17ed5c120a251a42675951e219ea47f4: done           |[32m++++++++++++++++++++++++++++++++++++++[0m| 
layer-sha256:34608cb22405250243a5e45518fb618d0bea826f8171514b271e7e4c1bef2752:    done           |[32m++++++++++++++++++++++++++++++++++++++[0m| 
config-sha256:b8bf4915d7b1dca962c6b2f4abf30322847dd52fe7353058911897778f6a39b3:   done           |[32m++++++++++++++++++++++++++++++++++++++[0m| 
layer-sha256:13b7e930469f6d3575a320709035c6acf6f5485a76abcf03d1b92a64c09c2476:    done           |[32m++++++++++++++++++++++++++++++++++++++[0m| 
layer-sha256:9bf6f1b30452687c79ec9faf90b8d9521ccdd4634d5d2e2fbc704148265bae8b:    done           |[32m++++++++++++++++++++++++++++++++++++++[0m| 
layer-sha256:b2adfa65b1bc7aac2731d1af1e115ab62a83ffcdaab3bb9de66e2a4d3974e46d:    done           |[32m++++++++++++++++++++++++++++++++++++++[0m| 
layer-sha256:b1a8b2706032f9c0f354be0daa46f3da6643916a3373ee5d2792dd2def0151d1:    done           |[32m++++++++++++++++++++++++++++++++++++++[0m| 
layer-sha256:f0be247c482793a4b1174bdfc6f34055d01fbc2e91ff83df34afe769f4fe95c5:    done           |[32m++++++++++++++++++++++++++++++++++++++[0m| 
layer-sha256:450bb934662efe2c8c55922af96dfccb7cd62066a0861e11b9cc126c9592d6d7:    done           |[32m++++++++++++++++++++++++++++++++++++++[0m| 
layer-sha256:4f4fb700ef54461cfa02571ae0db9a0dc1e0cdb5577484a6d75e68dc38e8acc1:    done           |[32m++++++++++++++++++++++++++++++++++++++[0m| 
layer-sha256:a359594c882de72b53bbdc415e3c3b8bd903bcaca72664c2d6ab81c03465e315:    done           |[32m++++++++++++++++++++++++++++++++++++++[0m| 
layer-sha256:64a5d8258ce2b42e67330b08d63621bb09cc797b102a21bad4732b2383fa04c0:    done           |[32m++++++++++++++++++++++++++++++++++++++[0m| 
layer-sha256:c8d11d2b7f50b0722f864f8bf87a48e0e367600f193f6528c63937802eeba0bf:    done           |[32m++++++++++++++++++++++++++++++++++++++[0m| 
layer-sha256:e8c8a3d43d093e6360f9977995a758218fe353fa629d35688f6f731e83075914:    done           |[32m++++++++++++++++++++++++++++++++++++++[0m| 
layer-sha256:e899272ca12e6d43e07dff378be047161340e391c347c146386abd3bae7e7918:    done           |[32m++++++++++++++++++++++++++++++++++++++[0m| 
layer-sha256:2231eaf3a298084fa9e30b1e4c9f9e922cc15f29825b10878315732ac4d39c9b:    done           |[32m++++++++++++++++++++++++++++++++++++++[0m| 
layer-sha256:4accf72faab4ddbb011f63fff24e0656cd1cc9c9ad5293f7e7c0eaf80ed2872f:    done           |[32m++++++++++++++++++++++++++++++++++++++[0m| 
layer-sha256:3a1eb3c97082fe1724b755b14ba05cb10069e3ae1ba7e2673ccced098abcb8f1:    done           |[32m++++++++++++++++++++++++++++++++++++++[0m| 
layer-sha256:ee8e16a774a40f39c167949d3a2e6324becf388355036d805755634ea0129f41:    done           |[32m++++++++++++++++++++++++++++++++++++++[0m| 
layer-sha256:5da617756c2a356e840be444553141e821e903e385dfe8e952fb3379d1c30382:    done           |[32m++++++++++++++++++++++++++++++++++++++[0m| 
layer-sha256:c954e5f88d9d9be1ed732898db6841e22d90078a4c76cf4717c4cc7edc74403e:    done           |[32m++++++++++++++++++++++++++++++++++++++[0m| 
layer-sha256:e59b44c60b0e4bef2712435bc1a530efe229ee8e4ce5e002fab156cab513cd4b:    done           |[32m++++++++++++++++++++++++++++++++++++++[0m| 
layer-sha256:8a29a47395cd3a02d8340f4325004f6ec371681754e5efa24afced2dbdd64272:    done           |[32m++++++++++++++++++++++++++++++++++++++[0m| 
layer-sha256:48cc5f7ee915a7ecaaa45d3f458d38a818c7a13c8f7c20c40eb94599ca2bf350:    done           |[32m++++++++++++++++++++++++++++++++++++++[0m| 
elapsed: 0.1 s                                                                    total:   0.0 B (0.0 B/s)                                         
unpacking linux/amd64 sha256:64d207c4fcb895c74e3cfcbff21f71838cd87069da189a4a96c622eab8078eca...
done: 21.918538ms	
time="2026-04-16T10:28:37Z" level=info msg="host will try HTTPS first since it is configured for HTTP with a TLS configuration, consider changing host to HTTPS or removing unused TLS configuration" host="192.168.122.110:5000"
time="2026-04-16T10:28:37Z" level=info msg="host will try HTTPS first since it is configured for HTTP with a TLS configuration, consider changing host to HTTPS or removing unused TLS configuration" host="192.168.122.110:5000"
time="2026-04-16T10:28:37Z" level=warning msg="skip to append distribution label: label key and value length (4105 bytes) greater than maximum size (4096 bytes), key: containerd.io/distribution.source.192.168.122.110: invalid argument"
time="2026-04-16T10:28:37Z" level=warning msg="skip to append distribution label: label key and value length (4105 bytes) greater than maximum size (4096 bytes), key: containerd.io/distribution.source.192.168.122.110: invalid argument"
time="2026-04-16T10:28:37Z" level=warning msg="skip to append distribution label: label key and value length (4105 bytes) greater than maximum size (4096 bytes), key: containerd.io/distribution.source.192.168.122.110: invalid argument"
time="2026-04-16T10:28:37Z" level=warning msg="skip to append distribution label: label key and value length (4105 bytes) greater than maximum size (4096 bytes), key: containerd.io/distribution.source.192.168.122.110: invalid argument"
time="2026-04-16T10:28:37Z" level=warning msg="skip to append distribution label: label key and value length (4105 bytes) greater than maximum size (4096 bytes), key: containerd.io/distribution.source.192.168.122.110: invalid argument"
time="2026-04-16T10:28:37Z" level=warning msg="skip to append distribution label: label key and value length (4105 bytes) greater than maximum size (4096 bytes), key: containerd.io/distribution.source.192.168.122.110: invalid argument"
time="2026-04-16T10:28:37Z" level=warning msg="skip to append distribution label: label key and value length (4105 bytes) greater than maximum size (4096 bytes), key: containerd.io/distribution.source.192.168.122.110: invalid argument"
time="2026-04-16T10:28:37Z" level=warning msg="skip to append distribution label: label key and value length (4105 bytes) greater than maximum size (4096 bytes), key: containerd.io/distribution.source.192.168.122.110: invalid argument"
192.168.122.110:5000/rs_ix_ix16:latest:                                           resolved       |[32m++++++++++++++++++++++++++++++++++++++[0m| 
index-sha256:cf1cd30076c3eec3ac997229b470a33d831eac9c745b33516ccf5c11cd631861:    done           |[32m++++++++++++++++++++++++++++++++++++++[0m| 
manifest-sha256:0483e0563ea6f48110c7a13c7e7da4849aca2b21c96cd25d1d290a031dbecda7: done           |[32m++++++++++++++++++++++++++++++++++++++[0m| 
layer-sha256:f33aabc6c063d29699262ab14d1592eaf00002aa114ead5196ca892031c98138:    done           |[32m++++++++++++++++++++++++++++++++++++++[0m| 
layer-sha256:c954e5f88d9d9be1ed732898db6841e22d90078a4c76cf4717c4cc7edc74403e:    done           |[32m++++++++++++++++++++++++++++++++++++++[0m| 
layer-sha256:64a5d8258ce2b42e67330b08d63621bb09cc797b102a21bad4732b2383fa04c0:    done           |[32m++++++++++++++++++++++++++++++++++++++[0m| 
layer-sha256:5435a1d216893205c8ac78481dc8bc820a2ea841f63aee1f543b8ceffb585d8e:    done           |[32m++++++++++++++++++++++++++++++++++++++[0m| 
layer-sha256:3e674af63f99a844c419eae5f1879e4ecf8af8f9e3d1f8f38392d134452c50e5:    done           |[32m++++++++++++++++++++++++++++++++++++++[0m| 
layer-sha256:08b46a2fad9e07fa4f3800b36daba9949b814ab650ba20379438aebde3f851ad:    done           |[32m++++++++++++++++++++++++++++++++++++++[0m| 
layer-sha256:bb30d45767d7b7605f0d8e836fe86761e08de7b4b3988c7759117204577147ae:    done           |[32m++++++++++++++++++++++++++++++++++++++[0m| 
layer-sha256:d0c1265e45e748bb083c89074c7ff695810b5ad72971d33f60efccc183763df3:    done           |[32m++++++++++++++++++++++++++++++++++++++[0m| 
config-sha256:2d9e9a14e1a76d083442054140c8de45e5fca997c2c3a225ed3d4da4209cf2f2:   done           |[32m++++++++++++++++++++++++++++++++++++++[0m| 
layer-sha256:4accf72faab4ddbb011f63fff24e0656cd1cc9c9ad5293f7e7c0eaf80ed2872f:    done           |[32m++++++++++++++++++++++++++++++++++++++[0m| 
layer-sha256:77fe4843fc699aaf8a0b7d7356512fb6d1499a74afcab0263bc82124f124a948:    done           |[32m++++++++++++++++++++++++++++++++++++++[0m| 
layer-sha256:13b7e930469f6d3575a320709035c6acf6f5485a76abcf03d1b92a64c09c2476:    done           |[32m++++++++++++++++++++++++++++++++++++++[0m| 
layer-sha256:34608cb22405250243a5e45518fb618d0bea826f8171514b271e7e4c1bef2752:    done           |[32m++++++++++++++++++++++++++++++++++++++[0m| 
layer-sha256:e59b44c60b0e4bef2712435bc1a530efe229ee8e4ce5e002fab156cab513cd4b:    done           |[32m++++++++++++++++++++++++++++++++++++++[0m| 
layer-sha256:b1a8b2706032f9c0f354be0daa46f3da6643916a3373ee5d2792dd2def0151d1:    done           |[32m++++++++++++++++++++++++++++++++++++++[0m| 
layer-sha256:529fff5c9b461fec724503b0a86e3cd457e61f8fe4e22c4a24d675e22a33cf2f:    done           |[32m++++++++++++++++++++++++++++++++++++++[0m| 
layer-sha256:4f4fb700ef54461cfa02571ae0db9a0dc1e0cdb5577484a6d75e68dc38e8acc1:    done           |[32m++++++++++++++++++++++++++++++++++++++[0m| 
layer-sha256:28ff98bf037cff9c3124dd60a33b9698c0014eaf4749499c99eef726b2e6ca4d:    done           |[32m++++++++++++++++++++++++++++++++++++++[0m| 
layer-sha256:84a04f2f69d55ce10a8365308d682727470edf53930da21f0b4a30a5838e7bb7:    done           |[32m++++++++++++++++++++++++++++++++++++++[0m| 
layer-sha256:44361424304c7875a4b95853d7efd443133601d1157b3beb15bd465fad04bed9:    done           |[32m++++++++++++++++++++++++++++++++++++++[0m| 
layer-sha256:450bb934662efe2c8c55922af96dfccb7cd62066a0861e11b9cc126c9592d6d7:    done           |[32m++++++++++++++++++++++++++++++++++++++[0m| 
layer-sha256:8a29a47395cd3a02d8340f4325004f6ec371681754e5efa24afced2dbdd64272:    done           |[32m++++++++++++++++++++++++++++++++++++++[0m| 
layer-sha256:15aa12b3a0c904da30ce8e849cd95b16fad92c7499989cd726e8997745993e7d:    done           |[32m++++++++++++++++++++++++++++++++++++++[0m| 
elapsed: 0.1 s                                                                    total:   0.0 B (0.0 B/s)                                         
unpacking linux/amd64 sha256:cf1cd30076c3eec3ac997229b470a33d831eac9c745b33516ccf5c11cd631861...
done: 21.168494ms	
time="2026-04-16T10:28:38Z" level=info msg="host will try HTTPS first since it is configured for HTTP with a TLS configuration, consider changing host to HTTPS or removing unused TLS configuration" host="192.168.122.110:5000"
time="2026-04-16T10:28:38Z" level=info msg="host will try HTTPS first since it is configured for HTTP with a TLS configuration, consider changing host to HTTPS or removing unused TLS configuration" host="192.168.122.110:5000"
time="2026-04-16T10:28:38Z" level=warning msg="skip to append distribution label: label key and value length (4106 bytes) greater than maximum size (4096 bytes), key: containerd.io/distribution.source.192.168.122.110: invalid argument"
time="2026-04-16T10:28:38Z" level=warning msg="skip to append distribution label: label key and value length (4106 bytes) greater than maximum size (4096 bytes), key: containerd.io/distribution.source.192.168.122.110: invalid argument"
time="2026-04-16T10:28:38Z" level=warning msg="skip to append distribution label: label key and value length (4106 bytes) greater than maximum size (4096 bytes), key: containerd.io/distribution.source.192.168.122.110: invalid argument"
time="2026-04-16T10:28:38Z" level=warning msg="skip to append distribution label: label key and value length (4106 bytes) greater than maximum size (4096 bytes), key: containerd.io/distribution.source.192.168.122.110: invalid argument"
time="2026-04-16T10:28:38Z" level=warning msg="skip to append distribution label: label key and value length (4106 bytes) greater than maximum size (4096 bytes), key: containerd.io/distribution.source.192.168.122.110: invalid argument"
time="2026-04-16T10:28:38Z" level=warning msg="skip to append distribution label: label key and value length (4106 bytes) greater than maximum size (4096 bytes), key: containerd.io/distribution.source.192.168.122.110: invalid argument"
time="2026-04-16T10:28:38Z" level=warning msg="skip to append distribution label: label key and value length (4106 bytes) greater than maximum size (4096 bytes), key: containerd.io/distribution.source.192.168.122.110: invalid argument"
time="2026-04-16T10:28:38Z" level=warning msg="skip to append distribution label: label key and value length (4106 bytes) greater than maximum size (4096 bytes), key: containerd.io/distribution.source.192.168.122.110: invalid argument"
192.168.122.110:5000/rs_ix_ix219:latest:                                          resolved       |[32m++++++++++++++++++++++++++++++++++++++[0m| 
index-sha256:85a411784a29281ac16fffc620c3da3429f6533b5d7a6bf7b5de561f5a3e012a:    done           |[32m++++++++++++++++++++++++++++++++++++++[0m| 
manifest-sha256:c290d3fab7b546c57f9ed427a2d09b00f8a3e40d39de14d8e8c1cf278a14a026: done           |[32m++++++++++++++++++++++++++++++++++++++[0m| 
layer-sha256:4e13c20bb6b8489ee962102720458149b11d9f714c3d32a970fc422b5b28f577:    done           |[32m++++++++++++++++++++++++++++++++++++++[0m| 
layer-sha256:64a5d8258ce2b42e67330b08d63621bb09cc797b102a21bad4732b2383fa04c0:    done           |[32m++++++++++++++++++++++++++++++++++++++[0m| 
layer-sha256:08b46a2fad9e07fa4f3800b36daba9949b814ab650ba20379438aebde3f851ad:    done           |[32m++++++++++++++++++++++++++++++++++++++[0m| 
layer-sha256:3e674af63f99a844c419eae5f1879e4ecf8af8f9e3d1f8f38392d134452c50e5:    done           |[32m++++++++++++++++++++++++++++++++++++++[0m| 
layer-sha256:15aa12b3a0c904da30ce8e849cd95b16fad92c7499989cd726e8997745993e7d:    done           |[32m++++++++++++++++++++++++++++++++++++++[0m| 
layer-sha256:1f238cac9799f7de3141bfc326440725c3b9276e41842c7578223f68b676c987:    done           |[32m++++++++++++++++++++++++++++++++++++++[0m| 
layer-sha256:9e78ef18f5c8c9ef4f4fb65f1882b3eea3ffbf96b6c5abf0e2fb270989bb1172:    done           |[32m++++++++++++++++++++++++++++++++++++++[0m| 
layer-sha256:77fe4843fc699aaf8a0b7d7356512fb6d1499a74afcab0263bc82124f124a948:    done           |[32m++++++++++++++++++++++++++++++++++++++[0m| 
layer-sha256:7952677b5606b9814ba0c6e772fb61686b7b6a94369451f7e06ac0a8f22b09e0:    done           |[32m++++++++++++++++++++++++++++++++++++++[0m| 
config-sha256:5b5c92411d2965f1655db2d8f5c7de5ebb53f478db02f206d3b615be51f1e2a4:   done           |[32m++++++++++++++++++++++++++++++++++++++[0m| 
layer-sha256:44361424304c7875a4b95853d7efd443133601d1157b3beb15bd465fad04bed9:    done           |[32m++++++++++++++++++++++++++++++++++++++[0m| 
layer-sha256:2e62d25365e9a7d062d60c08ba0777f094ec8614e55790522efc1cf1f5f647a9:    done           |[32m++++++++++++++++++++++++++++++++++++++[0m| 
layer-sha256:529fff5c9b461fec724503b0a86e3cd457e61f8fe4e22c4a24d675e22a33cf2f:    done           |[32m++++++++++++++++++++++++++++++++++++++[0m| 
layer-sha256:4accf72faab4ddbb011f63fff24e0656cd1cc9c9ad5293f7e7c0eaf80ed2872f:    done           |[32m++++++++++++++++++++++++++++++++++++++[0m| 
layer-sha256:8a29a47395cd3a02d8340f4325004f6ec371681754e5efa24afced2dbdd64272:    done           |[32m++++++++++++++++++++++++++++++++++++++[0m| 
layer-sha256:84a04f2f69d55ce10a8365308d682727470edf53930da21f0b4a30a5838e7bb7:    done           |[32m++++++++++++++++++++++++++++++++++++++[0m| 
layer-sha256:b1a8b2706032f9c0f354be0daa46f3da6643916a3373ee5d2792dd2def0151d1:    done           |[32m++++++++++++++++++++++++++++++++++++++[0m| 
layer-sha256:450bb934662efe2c8c55922af96dfccb7cd62066a0861e11b9cc126c9592d6d7:    done           |[32m++++++++++++++++++++++++++++++++++++++[0m| 
layer-sha256:13b7e930469f6d3575a320709035c6acf6f5485a76abcf03d1b92a64c09c2476:    done           |[32m++++++++++++++++++++++++++++++++++++++[0m| 
layer-sha256:c954e5f88d9d9be1ed732898db6841e22d90078a4c76cf4717c4cc7edc74403e:    done           |[32m++++++++++++++++++++++++++++++++++++++[0m| 
layer-sha256:e59b44c60b0e4bef2712435bc1a530efe229ee8e4ce5e002fab156cab513cd4b:    done           |[32m++++++++++++++++++++++++++++++++++++++[0m| 
layer-sha256:34608cb22405250243a5e45518fb618d0bea826f8171514b271e7e4c1bef2752:    done           |[32m++++++++++++++++++++++++++++++++++++++[0m| 
layer-sha256:4f4fb700ef54461cfa02571ae0db9a0dc1e0cdb5577484a6d75e68dc38e8acc1:    done           |[32m++++++++++++++++++++++++++++++++++++++[0m| 
elapsed: 0.1 s                                                                    total:   0.0 B (0.0 B/s)                                         
unpacking linux/amd64 sha256:85a411784a29281ac16fffc620c3da3429f6533b5d7a6bf7b5de561f5a3e012a...
done: 21.505906ms	
time="2026-04-16T10:28:39Z" level=info msg="host will try HTTPS first since it is configured for HTTP with a TLS configuration, consider changing host to HTTPS or removing unused TLS configuration" host="192.168.122.110:5000"
time="2026-04-16T10:28:39Z" level=info msg="host will try HTTPS first since it is configured for HTTP with a TLS configuration, consider changing host to HTTPS or removing unused TLS configuration" host="192.168.122.110:5000"
time="2026-04-16T10:28:39Z" level=warning msg="skip to append distribution label: label key and value length (4105 bytes) greater than maximum size (4096 bytes), key: containerd.io/distribution.source.192.168.122.110: invalid argument"
time="2026-04-16T10:28:39Z" level=warning msg="skip to append distribution label: label key and value length (4105 bytes) greater than maximum size (4096 bytes), key: containerd.io/distribution.source.192.168.122.110: invalid argument"
time="2026-04-16T10:28:39Z" level=warning msg="skip to append distribution label: label key and value length (4105 bytes) greater than maximum size (4096 bytes), key: containerd.io/distribution.source.192.168.122.110: invalid argument"
time="2026-04-16T10:28:39Z" level=warning msg="skip to append distribution label: label key and value length (4105 bytes) greater than maximum size (4096 bytes), key: containerd.io/distribution.source.192.168.122.110: invalid argument"
time="2026-04-16T10:28:39Z" level=warning msg="skip to append distribution label: label key and value length (4105 bytes) greater than maximum size (4096 bytes), key: containerd.io/distribution.source.192.168.122.110: invalid argument"
time="2026-04-16T10:28:39Z" level=warning msg="skip to append distribution label: label key and value length (4105 bytes) greater than maximum size (4096 bytes), key: containerd.io/distribution.source.192.168.122.110: invalid argument"
time="2026-04-16T10:28:39Z" level=warning msg="skip to append distribution label: label key and value length (4105 bytes) greater than maximum size (4096 bytes), key: containerd.io/distribution.source.192.168.122.110: invalid argument"
time="2026-04-16T10:28:39Z" level=warning msg="skip to append distribution label: label key and value length (4105 bytes) greater than maximum size (4096 bytes), key: containerd.io/distribution.source.192.168.122.110: invalid argument"
192.168.122.110:5000/rs_ix_ix22:latest:                                           resolved       |[32m++++++++++++++++++++++++++++++++++++++[0m| 
index-sha256:08970ba6ee62696a04daaf4383b853ab6bf1669d587c80c4cd55a8dbdc934aad:    done           |[32m++++++++++++++++++++++++++++++++++++++[0m| 
manifest-sha256:e04953c048b061522a50cab31a32e91420def50929f516a7091ab84f17a82f75: done           |[32m++++++++++++++++++++++++++++++++++++++[0m| 
config-sha256:988714fdc873530e80b7223b29cdf3f4b131e25ba09fbcb02ea2f096cffc796e:   done           |[32m++++++++++++++++++++++++++++++++++++++[0m| 
layer-sha256:28b1239c960a3aa1074f0c2b108cdf30fedc96463bf4c62aadfa84c39e058340:    done           |[32m++++++++++++++++++++++++++++++++++++++[0m| 
layer-sha256:c954e5f88d9d9be1ed732898db6841e22d90078a4c76cf4717c4cc7edc74403e:    done           |[32m++++++++++++++++++++++++++++++++++++++[0m| 
layer-sha256:4accf72faab4ddbb011f63fff24e0656cd1cc9c9ad5293f7e7c0eaf80ed2872f:    done           |[32m++++++++++++++++++++++++++++++++++++++[0m| 
layer-sha256:34608cb22405250243a5e45518fb618d0bea826f8171514b271e7e4c1bef2752:    done           |[32m++++++++++++++++++++++++++++++++++++++[0m| 
layer-sha256:8a29a47395cd3a02d8340f4325004f6ec371681754e5efa24afced2dbdd64272:    done           |[32m++++++++++++++++++++++++++++++++++++++[0m| 
layer-sha256:e59b44c60b0e4bef2712435bc1a530efe229ee8e4ce5e002fab156cab513cd4b:    done           |[32m++++++++++++++++++++++++++++++++++++++[0m| 
layer-sha256:13b7e930469f6d3575a320709035c6acf6f5485a76abcf03d1b92a64c09c2476:    done           |[32m++++++++++++++++++++++++++++++++++++++[0m| 
layer-sha256:b1a8b2706032f9c0f354be0daa46f3da6643916a3373ee5d2792dd2def0151d1:    done           |[32m++++++++++++++++++++++++++++++++++++++[0m| 
layer-sha256:5da617756c2a356e840be444553141e821e903e385dfe8e952fb3379d1c30382:    done           |[32m++++++++++++++++++++++++++++++++++++++[0m| 
layer-sha256:48cc5f7ee915a7ecaaa45d3f458d38a818c7a13c8f7c20c40eb94599ca2bf350:    done           |[32m++++++++++++++++++++++++++++++++++++++[0m| 
layer-sha256:58bd1268766238bde0565e46d63628881342e0372446827b325b7d4007f9c460:    done           |[32m++++++++++++++++++++++++++++++++++++++[0m| 
layer-sha256:450bb934662efe2c8c55922af96dfccb7cd62066a0861e11b9cc126c9592d6d7:    done           |[32m++++++++++++++++++++++++++++++++++++++[0m| 
layer-sha256:f0be247c482793a4b1174bdfc6f34055d01fbc2e91ff83df34afe769f4fe95c5:    done           |[32m++++++++++++++++++++++++++++++++++++++[0m| 
layer-sha256:9bf6f1b30452687c79ec9faf90b8d9521ccdd4634d5d2e2fbc704148265bae8b:    done           |[32m++++++++++++++++++++++++++++++++++++++[0m| 
layer-sha256:a359594c882de72b53bbdc415e3c3b8bd903bcaca72664c2d6ab81c03465e315:    done           |[32m++++++++++++++++++++++++++++++++++++++[0m| 
layer-sha256:4f4fb700ef54461cfa02571ae0db9a0dc1e0cdb5577484a6d75e68dc38e8acc1:    done           |[32m++++++++++++++++++++++++++++++++++++++[0m| 
layer-sha256:e899272ca12e6d43e07dff378be047161340e391c347c146386abd3bae7e7918:    done           |[32m++++++++++++++++++++++++++++++++++++++[0m| 
layer-sha256:45db177075e3afc5ef2efa1e7ff303c908358aab3371f65d8534f91361671782:    done           |[32m++++++++++++++++++++++++++++++++++++++[0m| 
layer-sha256:c8d11d2b7f50b0722f864f8bf87a48e0e367600f193f6528c63937802eeba0bf:    done           |[32m++++++++++++++++++++++++++++++++++++++[0m| 
layer-sha256:28ed06733b6d235ccf3f63c4ade0a7ce5ffcfe2e3626caaca1b2f17a1272231e:    done           |[32m++++++++++++++++++++++++++++++++++++++[0m| 
layer-sha256:2231eaf3a298084fa9e30b1e4c9f9e922cc15f29825b10878315732ac4d39c9b:    done           |[32m++++++++++++++++++++++++++++++++++++++[0m| 
layer-sha256:64a5d8258ce2b42e67330b08d63621bb09cc797b102a21bad4732b2383fa04c0:    done           |[32m++++++++++++++++++++++++++++++++++++++[0m| 
elapsed: 0.1 s                                                                    total:   0.0 B (0.0 B/s)                                         
unpacking linux/amd64 sha256:08970ba6ee62696a04daaf4383b853ab6bf1669d587c80c4cd55a8dbdc934aad...
done: 17.289856ms	
time="2026-04-16T10:28:40Z" level=info msg="host will try HTTPS first since it is configured for HTTP with a TLS configuration, consider changing host to HTTPS or removing unused TLS configuration" host="192.168.122.110:5000"
time="2026-04-16T10:28:40Z" level=info msg="host will try HTTPS first since it is configured for HTTP with a TLS configuration, consider changing host to HTTPS or removing unused TLS configuration" host="192.168.122.110:5000"
time="2026-04-16T10:28:40Z" level=warning msg="skip to append distribution label: label key and value length (4105 bytes) greater than maximum size (4096 bytes), key: containerd.io/distribution.source.192.168.122.110: invalid argument"
time="2026-04-16T10:28:40Z" level=warning msg="skip to append distribution label: label key and value length (4105 bytes) greater than maximum size (4096 bytes), key: containerd.io/distribution.source.192.168.122.110: invalid argument"
time="2026-04-16T10:28:40Z" level=warning msg="skip to append distribution label: label key and value length (4105 bytes) greater than maximum size (4096 bytes), key: containerd.io/distribution.source.192.168.122.110: invalid argument"
time="2026-04-16T10:28:40Z" level=warning msg="skip to append distribution label: label key and value length (4105 bytes) greater than maximum size (4096 bytes), key: containerd.io/distribution.source.192.168.122.110: invalid argument"
time="2026-04-16T10:28:40Z" level=warning msg="skip to append distribution label: label key and value length (4105 bytes) greater than maximum size (4096 bytes), key: containerd.io/distribution.source.192.168.122.110: invalid argument"
time="2026-04-16T10:28:40Z" level=warning msg="skip to append distribution label: label key and value length (4105 bytes) greater than maximum size (4096 bytes), key: containerd.io/distribution.source.192.168.122.110: invalid argument"
time="2026-04-16T10:28:40Z" level=warning msg="skip to append distribution label: label key and value length (4105 bytes) greater than maximum size (4096 bytes), key: containerd.io/distribution.source.192.168.122.110: invalid argument"
time="2026-04-16T10:28:40Z" level=warning msg="skip to append distribution label: label key and value length (4105 bytes) greater than maximum size (4096 bytes), key: containerd.io/distribution.source.192.168.122.110: invalid argument"
192.168.122.110:5000/rs_ix_ix29:latest:                                           resolved       |[32m++++++++++++++++++++++++++++++++++++++[0m| 
index-sha256:2cc08a4425dd6871c84ea3fd821330c0bff9713efde54591b1739ab39b79c59b:    done           |[32m++++++++++++++++++++++++++++++++++++++[0m| 
manifest-sha256:4530d3fe7dc1943da48a5777259346e61af680c0c74901d2831f1cb9ad8c9a85: done           |[32m++++++++++++++++++++++++++++++++++++++[0m| 
layer-sha256:2d4fb668fe9c4d6fff0cce0697f3f2c0c8ac156ec1c3aafe8e171dec5f032a63:    done           |[32m++++++++++++++++++++++++++++++++++++++[0m| 
layer-sha256:579a79ea1af07de537858929899eb344b6a4db302a4e87d1a13b97d5847b4865:    done           |[32m++++++++++++++++++++++++++++++++++++++[0m| 
layer-sha256:64a5d8258ce2b42e67330b08d63621bb09cc797b102a21bad4732b2383fa04c0:    done           |[32m++++++++++++++++++++++++++++++++++++++[0m| 
layer-sha256:445c8372aab32d288e75f467bcfa453a47ab7f27a88273ce12f86aad4dbee7cf:    done           |[32m++++++++++++++++++++++++++++++++++++++[0m| 
layer-sha256:c954e5f88d9d9be1ed732898db6841e22d90078a4c76cf4717c4cc7edc74403e:    done           |[32m++++++++++++++++++++++++++++++++++++++[0m| 
layer-sha256:44361424304c7875a4b95853d7efd443133601d1157b3beb15bd465fad04bed9:    done           |[32m++++++++++++++++++++++++++++++++++++++[0m| 
layer-sha256:e59b44c60b0e4bef2712435bc1a530efe229ee8e4ce5e002fab156cab513cd4b:    done           |[32m++++++++++++++++++++++++++++++++++++++[0m| 
layer-sha256:3e674af63f99a844c419eae5f1879e4ecf8af8f9e3d1f8f38392d134452c50e5:    done           |[32m++++++++++++++++++++++++++++++++++++++[0m| 
layer-sha256:b17abaff9c5c55693f7cfb6b2509d7e0279485cbf82ba0b4d15d93dd8af272ae:    done           |[32m++++++++++++++++++++++++++++++++++++++[0m| 
layer-sha256:b1a8b2706032f9c0f354be0daa46f3da6643916a3373ee5d2792dd2def0151d1:    done           |[32m++++++++++++++++++++++++++++++++++++++[0m| 
layer-sha256:4bf93e60c322b01bb386d56767a6d1b1bab7918dbc30e86e6948f10412e36d75:    done           |[32m++++++++++++++++++++++++++++++++++++++[0m| 
config-sha256:e1581c2c699f7767f3c862f0e66c4a5d38fd871ed88fda8db9fe4723c4289056:   done           |[32m++++++++++++++++++++++++++++++++++++++[0m| 
layer-sha256:77fe4843fc699aaf8a0b7d7356512fb6d1499a74afcab0263bc82124f124a948:    done           |[32m++++++++++++++++++++++++++++++++++++++[0m| 
layer-sha256:4accf72faab4ddbb011f63fff24e0656cd1cc9c9ad5293f7e7c0eaf80ed2872f:    done           |[32m++++++++++++++++++++++++++++++++++++++[0m| 
layer-sha256:8a29a47395cd3a02d8340f4325004f6ec371681754e5efa24afced2dbdd64272:    done           |[32m++++++++++++++++++++++++++++++++++++++[0m| 
layer-sha256:4f4fb700ef54461cfa02571ae0db9a0dc1e0cdb5577484a6d75e68dc38e8acc1:    done           |[32m++++++++++++++++++++++++++++++++++++++[0m| 
layer-sha256:529fff5c9b461fec724503b0a86e3cd457e61f8fe4e22c4a24d675e22a33cf2f:    done           |[32m++++++++++++++++++++++++++++++++++++++[0m| 
layer-sha256:84a04f2f69d55ce10a8365308d682727470edf53930da21f0b4a30a5838e7bb7:    done           |[32m++++++++++++++++++++++++++++++++++++++[0m| 
layer-sha256:15aa12b3a0c904da30ce8e849cd95b16fad92c7499989cd726e8997745993e7d:    done           |[32m++++++++++++++++++++++++++++++++++++++[0m| 
layer-sha256:08b46a2fad9e07fa4f3800b36daba9949b814ab650ba20379438aebde3f851ad:    done           |[32m++++++++++++++++++++++++++++++++++++++[0m| 
layer-sha256:34608cb22405250243a5e45518fb618d0bea826f8171514b271e7e4c1bef2752:    done           |[32m++++++++++++++++++++++++++++++++++++++[0m| 
layer-sha256:13b7e930469f6d3575a320709035c6acf6f5485a76abcf03d1b92a64c09c2476:    done           |[32m++++++++++++++++++++++++++++++++++++++[0m| 
layer-sha256:450bb934662efe2c8c55922af96dfccb7cd62066a0861e11b9cc126c9592d6d7:    done           |[32m++++++++++++++++++++++++++++++++++++++[0m| 
elapsed: 0.1 s                                                                    total:   0.0 B (0.0 B/s)                                         
unpacking linux/amd64 sha256:2cc08a4425dd6871c84ea3fd821330c0bff9713efde54591b1739ab39b79c59b...
done: 16.508741ms	
time="2026-04-16T10:28:41Z" level=info msg="host will try HTTPS first since it is configured for HTTP with a TLS configuration, consider changing host to HTTPS or removing unused TLS configuration" host="192.168.122.110:5000"
time="2026-04-16T10:28:41Z" level=info msg="host will try HTTPS first since it is configured for HTTP with a TLS configuration, consider changing host to HTTPS or removing unused TLS configuration" host="192.168.122.110:5000"
time="2026-04-16T10:28:41Z" level=warning msg="skip to append distribution label: label key and value length (4104 bytes) greater than maximum size (4096 bytes), key: containerd.io/distribution.source.192.168.122.110: invalid argument"
time="2026-04-16T10:28:41Z" level=warning msg="skip to append distribution label: label key and value length (4104 bytes) greater than maximum size (4096 bytes), key: containerd.io/distribution.source.192.168.122.110: invalid argument"
time="2026-04-16T10:28:41Z" level=warning msg="skip to append distribution label: label key and value length (4104 bytes) greater than maximum size (4096 bytes), key: containerd.io/distribution.source.192.168.122.110: invalid argument"
time="2026-04-16T10:28:41Z" level=warning msg="skip to append distribution label: label key and value length (4104 bytes) greater than maximum size (4096 bytes), key: containerd.io/distribution.source.192.168.122.110: invalid argument"
time="2026-04-16T10:28:41Z" level=warning msg="skip to append distribution label: label key and value length (4104 bytes) greater than maximum size (4096 bytes), key: containerd.io/distribution.source.192.168.122.110: invalid argument"
time="2026-04-16T10:28:41Z" level=warning msg="skip to append distribution label: label key and value length (4104 bytes) greater than maximum size (4096 bytes), key: containerd.io/distribution.source.192.168.122.110: invalid argument"
time="2026-04-16T10:28:41Z" level=warning msg="skip to append distribution label: label key and value length (4104 bytes) greater than maximum size (4096 bytes), key: containerd.io/distribution.source.192.168.122.110: invalid argument"
time="2026-04-16T10:28:41Z" level=warning msg="skip to append distribution label: label key and value length (4104 bytes) greater than maximum size (4096 bytes), key: containerd.io/distribution.source.192.168.122.110: invalid argument"
192.168.122.110:5000/rs_ix_ix2:latest:                                            resolved       |[32m++++++++++++++++++++++++++++++++++++++[0m| 
index-sha256:b2f4fee197a770728684feb0d4740e8960eba32d0d2d37efb12f9a20c1b2e701:    done           |[32m++++++++++++++++++++++++++++++++++++++[0m| 
manifest-sha256:043cac07baf6e0ed8dd40c32bdec55f98e7d09ef0be606ac41e6cfbf07ab398f: done           |[32m++++++++++++++++++++++++++++++++++++++[0m| 
layer-sha256:13b7e930469f6d3575a320709035c6acf6f5485a76abcf03d1b92a64c09c2476:    done           |[32m++++++++++++++++++++++++++++++++++++++[0m| 
layer-sha256:34608cb22405250243a5e45518fb618d0bea826f8171514b271e7e4c1bef2752:    done           |[32m++++++++++++++++++++++++++++++++++++++[0m| 
layer-sha256:228787cb5be0e9f6956e35798f1cb0d0204b0f3c187e1896fe1417d4efda5b2a:    done           |[32m++++++++++++++++++++++++++++++++++++++[0m| 
layer-sha256:9c0d02a41d03e1760db2d85fa362d97d585d8c7efb100b6c642a7eb8dac78863:    done           |[32m++++++++++++++++++++++++++++++++++++++[0m| 
layer-sha256:08b46a2fad9e07fa4f3800b36daba9949b814ab650ba20379438aebde3f851ad:    done           |[32m++++++++++++++++++++++++++++++++++++++[0m| 
config-sha256:de803f69298f4a77ca145ef448fe933c22e0a8b860229bf5d47910e3cfa553de:   done           |[32m++++++++++++++++++++++++++++++++++++++[0m| 
layer-sha256:3e674af63f99a844c419eae5f1879e4ecf8af8f9e3d1f8f38392d134452c50e5:    done           |[32m++++++++++++++++++++++++++++++++++++++[0m| 
layer-sha256:450bb934662efe2c8c55922af96dfccb7cd62066a0861e11b9cc126c9592d6d7:    done           |[32m++++++++++++++++++++++++++++++++++++++[0m| 
layer-sha256:e59b44c60b0e4bef2712435bc1a530efe229ee8e4ce5e002fab156cab513cd4b:    done           |[32m++++++++++++++++++++++++++++++++++++++[0m| 
layer-sha256:072308184cf04288401c932688e822ec07bf671d8ff9b8f8025d2075f3d31b6d:    done           |[32m++++++++++++++++++++++++++++++++++++++[0m| 
layer-sha256:44361424304c7875a4b95853d7efd443133601d1157b3beb15bd465fad04bed9:    done           |[32m++++++++++++++++++++++++++++++++++++++[0m| 
layer-sha256:b1a8b2706032f9c0f354be0daa46f3da6643916a3373ee5d2792dd2def0151d1:    done           |[32m++++++++++++++++++++++++++++++++++++++[0m| 
layer-sha256:c7842892c38b8f98f47225a3fd54702dd6b1afd07ca71526c7282377ccd393cf:    done           |[32m++++++++++++++++++++++++++++++++++++++[0m| 
layer-sha256:4f4fb700ef54461cfa02571ae0db9a0dc1e0cdb5577484a6d75e68dc38e8acc1:    done           |[32m++++++++++++++++++++++++++++++++++++++[0m| 
layer-sha256:c954e5f88d9d9be1ed732898db6841e22d90078a4c76cf4717c4cc7edc74403e:    done           |[32m++++++++++++++++++++++++++++++++++++++[0m| 
layer-sha256:77fe4843fc699aaf8a0b7d7356512fb6d1499a74afcab0263bc82124f124a948:    done           |[32m++++++++++++++++++++++++++++++++++++++[0m| 
layer-sha256:4accf72faab4ddbb011f63fff24e0656cd1cc9c9ad5293f7e7c0eaf80ed2872f:    done           |[32m++++++++++++++++++++++++++++++++++++++[0m| 
layer-sha256:529fff5c9b461fec724503b0a86e3cd457e61f8fe4e22c4a24d675e22a33cf2f:    done           |[32m++++++++++++++++++++++++++++++++++++++[0m| 
layer-sha256:8a29a47395cd3a02d8340f4325004f6ec371681754e5efa24afced2dbdd64272:    done           |[32m++++++++++++++++++++++++++++++++++++++[0m| 
layer-sha256:939557412bc641eb3d57bd0839688a22c3ab3d2f3414ba7967d3831c42151a17:    done           |[32m++++++++++++++++++++++++++++++++++++++[0m| 
layer-sha256:84a04f2f69d55ce10a8365308d682727470edf53930da21f0b4a30a5838e7bb7:    done           |[32m++++++++++++++++++++++++++++++++++++++[0m| 
layer-sha256:15aa12b3a0c904da30ce8e849cd95b16fad92c7499989cd726e8997745993e7d:    done           |[32m++++++++++++++++++++++++++++++++++++++[0m| 
layer-sha256:64a5d8258ce2b42e67330b08d63621bb09cc797b102a21bad4732b2383fa04c0:    done           |[32m++++++++++++++++++++++++++++++++++++++[0m| 
elapsed: 0.1 s                                                                    total:   0.0 B (0.0 B/s)                                         
unpacking linux/amd64 sha256:b2f4fee197a770728684feb0d4740e8960eba32d0d2d37efb12f9a20c1b2e701...
done: 19.804307ms	
time="2026-04-16T10:28:41Z" level=info msg="host will try HTTPS first since it is configured for HTTP with a TLS configuration, consider changing host to HTTPS or removing unused TLS configuration" host="192.168.122.110:5000"
time="2026-04-16T10:28:41Z" level=info msg="host will try HTTPS first since it is configured for HTTP with a TLS configuration, consider changing host to HTTPS or removing unused TLS configuration" host="192.168.122.110:5000"
time="2026-04-16T10:28:41Z" level=warning msg="skip to append distribution label: label key and value length (4106 bytes) greater than maximum size (4096 bytes), key: containerd.io/distribution.source.192.168.122.110: invalid argument"
time="2026-04-16T10:28:41Z" level=warning msg="skip to append distribution label: label key and value length (4106 bytes) greater than maximum size (4096 bytes), key: containerd.io/distribution.source.192.168.122.110: invalid argument"
time="2026-04-16T10:28:41Z" level=warning msg="skip to append distribution label: label key and value length (4106 bytes) greater than maximum size (4096 bytes), key: containerd.io/distribution.source.192.168.122.110: invalid argument"
time="2026-04-16T10:28:41Z" level=warning msg="skip to append distribution label: label key and value length (4106 bytes) greater than maximum size (4096 bytes), key: containerd.io/distribution.source.192.168.122.110: invalid argument"
time="2026-04-16T10:28:41Z" level=warning msg="skip to append distribution label: label key and value length (4106 bytes) greater than maximum size (4096 bytes), key: containerd.io/distribution.source.192.168.122.110: invalid argument"
time="2026-04-16T10:28:41Z" level=warning msg="skip to append distribution label: label key and value length (4106 bytes) greater than maximum size (4096 bytes), key: containerd.io/distribution.source.192.168.122.110: invalid argument"
time="2026-04-16T10:28:41Z" level=warning msg="skip to append distribution label: label key and value length (4106 bytes) greater than maximum size (4096 bytes), key: containerd.io/distribution.source.192.168.122.110: invalid argument"
time="2026-04-16T10:28:41Z" level=warning msg="skip to append distribution label: label key and value length (4106 bytes) greater than maximum size (4096 bytes), key: containerd.io/distribution.source.192.168.122.110: invalid argument"
192.168.122.110:5000/rs_ix_ix314:latest:                                          resolved       |[32m++++++++++++++++++++++++++++++++++++++[0m| 
index-sha256:80e21010b8868a6d1c74cc5aae8c58520ef2cda033815cb26b128bb701a09631:    done           |[32m++++++++++++++++++++++++++++++++++++++[0m| 
manifest-sha256:4b0ba98e0aeb9b2ec7bc9218a26720ecdad63e94267be57e0372d8539a0c18bd: done           |[32m++++++++++++++++++++++++++++++++++++++[0m| 
layer-sha256:34608cb22405250243a5e45518fb618d0bea826f8171514b271e7e4c1bef2752:    done           |[32m++++++++++++++++++++++++++++++++++++++[0m| 
layer-sha256:b1a8b2706032f9c0f354be0daa46f3da6643916a3373ee5d2792dd2def0151d1:    done           |[32m++++++++++++++++++++++++++++++++++++++[0m| 
layer-sha256:ae4d2354fb2949d32a47ed0775531d490c419da06659544630bb6b4308f80bbb:    done           |[32m++++++++++++++++++++++++++++++++++++++[0m| 
layer-sha256:4accf72faab4ddbb011f63fff24e0656cd1cc9c9ad5293f7e7c0eaf80ed2872f:    done           |[32m++++++++++++++++++++++++++++++++++++++[0m| 
config-sha256:b57d62c05a724e074079b8156371c769d929e88b84bc04eb9b69b1813e727151:   done           |[32m++++++++++++++++++++++++++++++++++++++[0m| 
layer-sha256:450bb934662efe2c8c55922af96dfccb7cd62066a0861e11b9cc126c9592d6d7:    done           |[32m++++++++++++++++++++++++++++++++++++++[0m| 
layer-sha256:4f4fb700ef54461cfa02571ae0db9a0dc1e0cdb5577484a6d75e68dc38e8acc1:    done           |[32m++++++++++++++++++++++++++++++++++++++[0m| 
layer-sha256:13b7e930469f6d3575a320709035c6acf6f5485a76abcf03d1b92a64c09c2476:    done           |[32m++++++++++++++++++++++++++++++++++++++[0m| 
layer-sha256:c954e5f88d9d9be1ed732898db6841e22d90078a4c76cf4717c4cc7edc74403e:    done           |[32m++++++++++++++++++++++++++++++++++++++[0m| 
layer-sha256:8a29a47395cd3a02d8340f4325004f6ec371681754e5efa24afced2dbdd64272:    done           |[32m++++++++++++++++++++++++++++++++++++++[0m| 
layer-sha256:64a5d8258ce2b42e67330b08d63621bb09cc797b102a21bad4732b2383fa04c0:    done           |[32m++++++++++++++++++++++++++++++++++++++[0m| 
layer-sha256:08b46a2fad9e07fa4f3800b36daba9949b814ab650ba20379438aebde3f851ad:    done           |[32m++++++++++++++++++++++++++++++++++++++[0m| 
layer-sha256:960d6018c9780a98fc05b9337bd3e2caf8836e9c5e7ccf9b77503ecd2fa9f8f6:    done           |[32m++++++++++++++++++++++++++++++++++++++[0m| 
layer-sha256:44361424304c7875a4b95853d7efd443133601d1157b3beb15bd465fad04bed9:    done           |[32m++++++++++++++++++++++++++++++++++++++[0m| 
layer-sha256:e59b44c60b0e4bef2712435bc1a530efe229ee8e4ce5e002fab156cab513cd4b:    done           |[32m++++++++++++++++++++++++++++++++++++++[0m| 
layer-sha256:3e674af63f99a844c419eae5f1879e4ecf8af8f9e3d1f8f38392d134452c50e5:    done           |[32m++++++++++++++++++++++++++++++++++++++[0m| 
layer-sha256:ccb9ab55cfde360f19ad79dbcbb93df8e08947fbf4b2bff294c3bc6661c45104:    done           |[32m++++++++++++++++++++++++++++++++++++++[0m| 
layer-sha256:d35fd9e1f95b625b408681d7c09a0d3f630f7fef94bea67ec6848364ff2f6f54:    done           |[32m++++++++++++++++++++++++++++++++++++++[0m| 
layer-sha256:84a04f2f69d55ce10a8365308d682727470edf53930da21f0b4a30a5838e7bb7:    done           |[32m++++++++++++++++++++++++++++++++++++++[0m| 
layer-sha256:77fe4843fc699aaf8a0b7d7356512fb6d1499a74afcab0263bc82124f124a948:    done           |[32m++++++++++++++++++++++++++++++++++++++[0m| 
layer-sha256:15aa12b3a0c904da30ce8e849cd95b16fad92c7499989cd726e8997745993e7d:    done           |[32m++++++++++++++++++++++++++++++++++++++[0m| 
layer-sha256:dfe902626605e916c67ca699341313c7a0a60a861ec4f41c11406b40299deaf0:    done           |[32m++++++++++++++++++++++++++++++++++++++[0m| 
layer-sha256:529fff5c9b461fec724503b0a86e3cd457e61f8fe4e22c4a24d675e22a33cf2f:    done           |[32m++++++++++++++++++++++++++++++++++++++[0m| 
elapsed: 0.1 s                                                                    total:   0.0 B (0.0 B/s)                                         
unpacking linux/amd64 sha256:80e21010b8868a6d1c74cc5aae8c58520ef2cda033815cb26b128bb701a09631...
done: 21.171464ms	
time="2026-04-16T10:28:42Z" level=info msg="host will try HTTPS first since it is configured for HTTP with a TLS configuration, consider changing host to HTTPS or removing unused TLS configuration" host="192.168.122.110:5000"
time="2026-04-16T10:28:42Z" level=info msg="host will try HTTPS first since it is configured for HTTP with a TLS configuration, consider changing host to HTTPS or removing unused TLS configuration" host="192.168.122.110:5000"
time="2026-04-16T10:28:42Z" level=warning msg="skip to append distribution label: label key and value length (4105 bytes) greater than maximum size (4096 bytes), key: containerd.io/distribution.source.192.168.122.110: invalid argument"
time="2026-04-16T10:28:42Z" level=warning msg="skip to append distribution label: label key and value length (4105 bytes) greater than maximum size (4096 bytes), key: containerd.io/distribution.source.192.168.122.110: invalid argument"
time="2026-04-16T10:28:42Z" level=warning msg="skip to append distribution label: label key and value length (4105 bytes) greater than maximum size (4096 bytes), key: containerd.io/distribution.source.192.168.122.110: invalid argument"
time="2026-04-16T10:28:42Z" level=warning msg="skip to append distribution label: label key and value length (4105 bytes) greater than maximum size (4096 bytes), key: containerd.io/distribution.source.192.168.122.110: invalid argument"
time="2026-04-16T10:28:42Z" level=warning msg="skip to append distribution label: label key and value length (4105 bytes) greater than maximum size (4096 bytes), key: containerd.io/distribution.source.192.168.122.110: invalid argument"
time="2026-04-16T10:28:42Z" level=warning msg="skip to append distribution label: label key and value length (4105 bytes) greater than maximum size (4096 bytes), key: containerd.io/distribution.source.192.168.122.110: invalid argument"
time="2026-04-16T10:28:42Z" level=warning msg="skip to append distribution label: label key and value length (4105 bytes) greater than maximum size (4096 bytes), key: containerd.io/distribution.source.192.168.122.110: invalid argument"
time="2026-04-16T10:28:42Z" level=warning msg="skip to append distribution label: label key and value length (4105 bytes) greater than maximum size (4096 bytes), key: containerd.io/distribution.source.192.168.122.110: invalid argument"
192.168.122.110:5000/rs_ix_ix35:latest:                                           resolved       |[32m++++++++++++++++++++++++++++++++++++++[0m| 
index-sha256:6d045996452865bd007bdbdf2b0187e73b2a3b07138a799339eb15ef4e457464:    done           |[32m++++++++++++++++++++++++++++++++++++++[0m| 
manifest-sha256:8883c473e2f62933254b3dafa2648bf43caa44d873bcb1b522dcecfd1d997ec6: done           |[32m++++++++++++++++++++++++++++++++++++++[0m| 
layer-sha256:13b7e930469f6d3575a320709035c6acf6f5485a76abcf03d1b92a64c09c2476:    done           |[32m++++++++++++++++++++++++++++++++++++++[0m| 
layer-sha256:c954e5f88d9d9be1ed732898db6841e22d90078a4c76cf4717c4cc7edc74403e:    done           |[32m++++++++++++++++++++++++++++++++++++++[0m| 
layer-sha256:e715ec846561632c33c9546c60b0f4309838e7dfada59cba75e774027e9c6d84:    done           |[32m++++++++++++++++++++++++++++++++++++++[0m| 
config-sha256:817e51c1f5fdef9357db55ecdd7929417b47f8734096375b67e1e9ca25adbaba:   done           |[32m++++++++++++++++++++++++++++++++++++++[0m| 
layer-sha256:34608cb22405250243a5e45518fb618d0bea826f8171514b271e7e4c1bef2752:    done           |[32m++++++++++++++++++++++++++++++++++++++[0m| 
layer-sha256:450bb934662efe2c8c55922af96dfccb7cd62066a0861e11b9cc126c9592d6d7:    done           |[32m++++++++++++++++++++++++++++++++++++++[0m| 
layer-sha256:4accf72faab4ddbb011f63fff24e0656cd1cc9c9ad5293f7e7c0eaf80ed2872f:    done           |[32m++++++++++++++++++++++++++++++++++++++[0m| 
layer-sha256:e59b44c60b0e4bef2712435bc1a530efe229ee8e4ce5e002fab156cab513cd4b:    done           |[32m++++++++++++++++++++++++++++++++++++++[0m| 
layer-sha256:08b46a2fad9e07fa4f3800b36daba9949b814ab650ba20379438aebde3f851ad:    done           |[32m++++++++++++++++++++++++++++++++++++++[0m| 
layer-sha256:64a5d8258ce2b42e67330b08d63621bb09cc797b102a21bad4732b2383fa04c0:    done           |[32m++++++++++++++++++++++++++++++++++++++[0m| 
layer-sha256:3e9891132e7d211dae472f803611796cf9401e42297c4657bb2c2bcb689bb395:    done           |[32m++++++++++++++++++++++++++++++++++++++[0m| 
layer-sha256:77fe4843fc699aaf8a0b7d7356512fb6d1499a74afcab0263bc82124f124a948:    done           |[32m++++++++++++++++++++++++++++++++++++++[0m| 
layer-sha256:4f4fb700ef54461cfa02571ae0db9a0dc1e0cdb5577484a6d75e68dc38e8acc1:    done           |[32m++++++++++++++++++++++++++++++++++++++[0m| 
layer-sha256:3e674af63f99a844c419eae5f1879e4ecf8af8f9e3d1f8f38392d134452c50e5:    done           |[32m++++++++++++++++++++++++++++++++++++++[0m| 
layer-sha256:44361424304c7875a4b95853d7efd443133601d1157b3beb15bd465fad04bed9:    done           |[32m++++++++++++++++++++++++++++++++++++++[0m| 
layer-sha256:e793a5c5e7aef927675c2051c80baddd7890f37033745ab0aab754c8d7b0f296:    done           |[32m++++++++++++++++++++++++++++++++++++++[0m| 
layer-sha256:529fff5c9b461fec724503b0a86e3cd457e61f8fe4e22c4a24d675e22a33cf2f:    done           |[32m++++++++++++++++++++++++++++++++++++++[0m| 
layer-sha256:c9c24a4d3320591e3a77d89023a249dcd828c7aad9cc5c3967cda612ef6d51f2:    done           |[32m++++++++++++++++++++++++++++++++++++++[0m| 
layer-sha256:84a04f2f69d55ce10a8365308d682727470edf53930da21f0b4a30a5838e7bb7:    done           |[32m++++++++++++++++++++++++++++++++++++++[0m| 
layer-sha256:8a29a47395cd3a02d8340f4325004f6ec371681754e5efa24afced2dbdd64272:    done           |[32m++++++++++++++++++++++++++++++++++++++[0m| 
layer-sha256:b1a8b2706032f9c0f354be0daa46f3da6643916a3373ee5d2792dd2def0151d1:    done           |[32m++++++++++++++++++++++++++++++++++++++[0m| 
layer-sha256:15aa12b3a0c904da30ce8e849cd95b16fad92c7499989cd726e8997745993e7d:    done           |[32m++++++++++++++++++++++++++++++++++++++[0m| 
layer-sha256:6b4600ea6217f9a6cfb14ceb4fd1399b8c24f6cc5dc5c7ed3728ebe9fc1f60ee:    done           |[32m++++++++++++++++++++++++++++++++++++++[0m| 
elapsed: 0.1 s                                                                    total:   0.0 B (0.0 B/s)                                         
unpacking linux/amd64 sha256:6d045996452865bd007bdbdf2b0187e73b2a3b07138a799339eb15ef4e457464...
done: 40.83922ms	
time="2026-04-16T10:28:43Z" level=info msg="host will try HTTPS first since it is configured for HTTP with a TLS configuration, consider changing host to HTTPS or removing unused TLS configuration" host="192.168.122.110:5000"
time="2026-04-16T10:28:43Z" level=info msg="host will try HTTPS first since it is configured for HTTP with a TLS configuration, consider changing host to HTTPS or removing unused TLS configuration" host="192.168.122.110:5000"
time="2026-04-16T10:28:43Z" level=warning msg="skip to append distribution label: label key and value length (4106 bytes) greater than maximum size (4096 bytes), key: containerd.io/distribution.source.192.168.122.110: invalid argument"
time="2026-04-16T10:28:43Z" level=warning msg="skip to append distribution label: label key and value length (4106 bytes) greater than maximum size (4096 bytes), key: containerd.io/distribution.source.192.168.122.110: invalid argument"
time="2026-04-16T10:28:43Z" level=warning msg="skip to append distribution label: label key and value length (4106 bytes) greater than maximum size (4096 bytes), key: containerd.io/distribution.source.192.168.122.110: invalid argument"
time="2026-04-16T10:28:43Z" level=warning msg="skip to append distribution label: label key and value length (4106 bytes) greater than maximum size (4096 bytes), key: containerd.io/distribution.source.192.168.122.110: invalid argument"
time="2026-04-16T10:28:43Z" level=warning msg="skip to append distribution label: label key and value length (4106 bytes) greater than maximum size (4096 bytes), key: containerd.io/distribution.source.192.168.122.110: invalid argument"
time="2026-04-16T10:28:43Z" level=warning msg="skip to append distribution label: label key and value length (4106 bytes) greater than maximum size (4096 bytes), key: containerd.io/distribution.source.192.168.122.110: invalid argument"
time="2026-04-16T10:28:43Z" level=warning msg="skip to append distribution label: label key and value length (4106 bytes) greater than maximum size (4096 bytes), key: containerd.io/distribution.source.192.168.122.110: invalid argument"
time="2026-04-16T10:28:43Z" level=warning msg="skip to append distribution label: label key and value length (4106 bytes) greater than maximum size (4096 bytes), key: containerd.io/distribution.source.192.168.122.110: invalid argument"
192.168.122.110:5000/rs_ix_ix403:latest:                                          resolved       |[32m++++++++++++++++++++++++++++++++++++++[0m| 
index-sha256:9650b52d652366780b841befe7a124a2c1ae08594051099aceb60eb20953d5b7:    done           |[32m++++++++++++++++++++++++++++++++++++++[0m| 
manifest-sha256:7a25adcdc6534a4b3d009a0bad17816f110e32c778714d558d5f2e47634a3be5: done           |[32m++++++++++++++++++++++++++++++++++++++[0m| 
layer-sha256:4f4fb700ef54461cfa02571ae0db9a0dc1e0cdb5577484a6d75e68dc38e8acc1:    done           |[32m++++++++++++++++++++++++++++++++++++++[0m| 
layer-sha256:6ccb2359fac04acb87812715d2489fc1c9c9037289b383051d47c0d5801fef2b:    done           |[32m++++++++++++++++++++++++++++++++++++++[0m| 
layer-sha256:529fff5c9b461fec724503b0a86e3cd457e61f8fe4e22c4a24d675e22a33cf2f:    done           |[32m++++++++++++++++++++++++++++++++++++++[0m| 
layer-sha256:84a04f2f69d55ce10a8365308d682727470edf53930da21f0b4a30a5838e7bb7:    done           |[32m++++++++++++++++++++++++++++++++++++++[0m| 
layer-sha256:15aa12b3a0c904da30ce8e849cd95b16fad92c7499989cd726e8997745993e7d:    done           |[32m++++++++++++++++++++++++++++++++++++++[0m| 
config-sha256:3a3b8c6392eb3bff464ab7d56a92c66adf901511977e636a28e96731042d0d48:   done           |[32m++++++++++++++++++++++++++++++++++++++[0m| 
layer-sha256:64a5d8258ce2b42e67330b08d63621bb09cc797b102a21bad4732b2383fa04c0:    done           |[32m++++++++++++++++++++++++++++++++++++++[0m| 
layer-sha256:474d08c7121c61781545aad1c6a0f7853af7a54b1d8557e1c6796dddd0fc994e:    done           |[32m++++++++++++++++++++++++++++++++++++++[0m| 
layer-sha256:13b7e930469f6d3575a320709035c6acf6f5485a76abcf03d1b92a64c09c2476:    done           |[32m++++++++++++++++++++++++++++++++++++++[0m| 
layer-sha256:94a7e544213e69a187ca2b719edb25a2cf3738c219e0131dab8b3a0526ae272d:    done           |[32m++++++++++++++++++++++++++++++++++++++[0m| 
layer-sha256:77fe4843fc699aaf8a0b7d7356512fb6d1499a74afcab0263bc82124f124a948:    done           |[32m++++++++++++++++++++++++++++++++++++++[0m| 
layer-sha256:44361424304c7875a4b95853d7efd443133601d1157b3beb15bd465fad04bed9:    done           |[32m++++++++++++++++++++++++++++++++++++++[0m| 
layer-sha256:b8febe9e29637c58879ee42881daead80f5ac2ebedc64d90a5fc058973943e96:    done           |[32m++++++++++++++++++++++++++++++++++++++[0m| 
layer-sha256:08b46a2fad9e07fa4f3800b36daba9949b814ab650ba20379438aebde3f851ad:    done           |[32m++++++++++++++++++++++++++++++++++++++[0m| 
layer-sha256:34608cb22405250243a5e45518fb618d0bea826f8171514b271e7e4c1bef2752:    done           |[32m++++++++++++++++++++++++++++++++++++++[0m| 
layer-sha256:3e674af63f99a844c419eae5f1879e4ecf8af8f9e3d1f8f38392d134452c50e5:    done           |[32m++++++++++++++++++++++++++++++++++++++[0m| 
layer-sha256:4accf72faab4ddbb011f63fff24e0656cd1cc9c9ad5293f7e7c0eaf80ed2872f:    done           |[32m++++++++++++++++++++++++++++++++++++++[0m| 
layer-sha256:8a29a47395cd3a02d8340f4325004f6ec371681754e5efa24afced2dbdd64272:    done           |[32m++++++++++++++++++++++++++++++++++++++[0m| 
layer-sha256:450bb934662efe2c8c55922af96dfccb7cd62066a0861e11b9cc126c9592d6d7:    done           |[32m++++++++++++++++++++++++++++++++++++++[0m| 
layer-sha256:c954e5f88d9d9be1ed732898db6841e22d90078a4c76cf4717c4cc7edc74403e:    done           |[32m++++++++++++++++++++++++++++++++++++++[0m| 
layer-sha256:e59b44c60b0e4bef2712435bc1a530efe229ee8e4ce5e002fab156cab513cd4b:    done           |[32m++++++++++++++++++++++++++++++++++++++[0m| 
layer-sha256:b1a8b2706032f9c0f354be0daa46f3da6643916a3373ee5d2792dd2def0151d1:    done           |[32m++++++++++++++++++++++++++++++++++++++[0m| 
layer-sha256:da4aac1a396948a2d6b224fd57264e9769eab9d49a2ebd05782bbaae5e304190:    done           |[32m++++++++++++++++++++++++++++++++++++++[0m| 
elapsed: 0.1 s                                                                    total:   0.0 B (0.0 B/s)                                         
unpacking linux/amd64 sha256:9650b52d652366780b841befe7a124a2c1ae08594051099aceb60eb20953d5b7...
done: 20.39917ms	
time="2026-04-16T10:28:44Z" level=info msg="host will try HTTPS first since it is configured for HTTP with a TLS configuration, consider changing host to HTTPS or removing unused TLS configuration" host="192.168.122.110:5000"
time="2026-04-16T10:28:44Z" level=info msg="host will try HTTPS first since it is configured for HTTP with a TLS configuration, consider changing host to HTTPS or removing unused TLS configuration" host="192.168.122.110:5000"
time="2026-04-16T10:28:44Z" level=warning msg="skip to append distribution label: label key and value length (4105 bytes) greater than maximum size (4096 bytes), key: containerd.io/distribution.source.192.168.122.110: invalid argument"
time="2026-04-16T10:28:44Z" level=warning msg="skip to append distribution label: label key and value length (4105 bytes) greater than maximum size (4096 bytes), key: containerd.io/distribution.source.192.168.122.110: invalid argument"
time="2026-04-16T10:28:44Z" level=warning msg="skip to append distribution label: label key and value length (4105 bytes) greater than maximum size (4096 bytes), key: containerd.io/distribution.source.192.168.122.110: invalid argument"
time="2026-04-16T10:28:44Z" level=warning msg="skip to append distribution label: label key and value length (4105 bytes) greater than maximum size (4096 bytes), key: containerd.io/distribution.source.192.168.122.110: invalid argument"
time="2026-04-16T10:28:44Z" level=warning msg="skip to append distribution label: label key and value length (4105 bytes) greater than maximum size (4096 bytes), key: containerd.io/distribution.source.192.168.122.110: invalid argument"
time="2026-04-16T10:28:44Z" level=warning msg="skip to append distribution label: label key and value length (4105 bytes) greater than maximum size (4096 bytes), key: containerd.io/distribution.source.192.168.122.110: invalid argument"
time="2026-04-16T10:28:44Z" level=warning msg="skip to append distribution label: label key and value length (4105 bytes) greater than maximum size (4096 bytes), key: containerd.io/distribution.source.192.168.122.110: invalid argument"
time="2026-04-16T10:28:44Z" level=warning msg="skip to append distribution label: label key and value length (4105 bytes) greater than maximum size (4096 bytes), key: containerd.io/distribution.source.192.168.122.110: invalid argument"
192.168.122.110:5000/rs_ix_ix41:latest:                                           resolved       |[32m++++++++++++++++++++++++++++++++++++++[0m| 
index-sha256:28366dbde72c9488247c57ee93bf25157c1c39cbaf06545b98ef6eac6b3ea492:    done           |[32m++++++++++++++++++++++++++++++++++++++[0m| 
manifest-sha256:4ce4387739afd215279b907a8de903352fee92a2f48e1d2f01fcd8e4b3046422: done           |[32m++++++++++++++++++++++++++++++++++++++[0m| 
config-sha256:e7ef671763db5f2903fb7f254c8c04395514070a942f430057d74bdbe5ff7945:   done           |[32m++++++++++++++++++++++++++++++++++++++[0m| 
layer-sha256:8a29a47395cd3a02d8340f4325004f6ec371681754e5efa24afced2dbdd64272:    done           |[32m++++++++++++++++++++++++++++++++++++++[0m| 
layer-sha256:13b7e930469f6d3575a320709035c6acf6f5485a76abcf03d1b92a64c09c2476:    done           |[32m++++++++++++++++++++++++++++++++++++++[0m| 
layer-sha256:48cc5f7ee915a7ecaaa45d3f458d38a818c7a13c8f7c20c40eb94599ca2bf350:    done           |[32m++++++++++++++++++++++++++++++++++++++[0m| 
layer-sha256:34608cb22405250243a5e45518fb618d0bea826f8171514b271e7e4c1bef2752:    done           |[32m++++++++++++++++++++++++++++++++++++++[0m| 
layer-sha256:40e69cce936b74122cd51c6b1afe19575464d8b27ee39f136bcafa1719b1fee0:    done           |[32m++++++++++++++++++++++++++++++++++++++[0m| 
layer-sha256:c0d63282cb325786fe52a8fa96e3be4eb5d5adc0f8a274d8a82d7d67fc6784aa:    done           |[32m++++++++++++++++++++++++++++++++++++++[0m| 
layer-sha256:c8d11d2b7f50b0722f864f8bf87a48e0e367600f193f6528c63937802eeba0bf:    done           |[32m++++++++++++++++++++++++++++++++++++++[0m| 
layer-sha256:450bb934662efe2c8c55922af96dfccb7cd62066a0861e11b9cc126c9592d6d7:    done           |[32m++++++++++++++++++++++++++++++++++++++[0m| 
layer-sha256:e899272ca12e6d43e07dff378be047161340e391c347c146386abd3bae7e7918:    done           |[32m++++++++++++++++++++++++++++++++++++++[0m| 
layer-sha256:0b869e32158db3dd74a3467435fd8adfc0b409dcddc976b1f1a9149132684d6d:    done           |[32m++++++++++++++++++++++++++++++++++++++[0m| 
layer-sha256:5da617756c2a356e840be444553141e821e903e385dfe8e952fb3379d1c30382:    done           |[32m++++++++++++++++++++++++++++++++++++++[0m| 
layer-sha256:f0be247c482793a4b1174bdfc6f34055d01fbc2e91ff83df34afe769f4fe95c5:    done           |[32m++++++++++++++++++++++++++++++++++++++[0m| 
layer-sha256:b1a8b2706032f9c0f354be0daa46f3da6643916a3373ee5d2792dd2def0151d1:    done           |[32m++++++++++++++++++++++++++++++++++++++[0m| 
layer-sha256:4accf72faab4ddbb011f63fff24e0656cd1cc9c9ad5293f7e7c0eaf80ed2872f:    done           |[32m++++++++++++++++++++++++++++++++++++++[0m| 
layer-sha256:a359594c882de72b53bbdc415e3c3b8bd903bcaca72664c2d6ab81c03465e315:    done           |[32m++++++++++++++++++++++++++++++++++++++[0m| 
layer-sha256:e59b44c60b0e4bef2712435bc1a530efe229ee8e4ce5e002fab156cab513cd4b:    done           |[32m++++++++++++++++++++++++++++++++++++++[0m| 
layer-sha256:4f4fb700ef54461cfa02571ae0db9a0dc1e0cdb5577484a6d75e68dc38e8acc1:    done           |[32m++++++++++++++++++++++++++++++++++++++[0m| 
layer-sha256:c954e5f88d9d9be1ed732898db6841e22d90078a4c76cf4717c4cc7edc74403e:    done           |[32m++++++++++++++++++++++++++++++++++++++[0m| 
layer-sha256:64a5d8258ce2b42e67330b08d63621bb09cc797b102a21bad4732b2383fa04c0:    done           |[32m++++++++++++++++++++++++++++++++++++++[0m| 
layer-sha256:8fe5b5c685570b9ca91f5fecf70614e0fde6c3247bb100bc9a52c5a7b60d8712:    done           |[32m++++++++++++++++++++++++++++++++++++++[0m| 
layer-sha256:2231eaf3a298084fa9e30b1e4c9f9e922cc15f29825b10878315732ac4d39c9b:    done           |[32m++++++++++++++++++++++++++++++++++++++[0m| 
layer-sha256:38855520061d0531662f9f48b3ac975566bdfdeffce3820e75f05750d152c2c4:    done           |[32m++++++++++++++++++++++++++++++++++++++[0m| 
elapsed: 0.1 s                                                                    total:   0.0 B (0.0 B/s)                                         
unpacking linux/amd64 sha256:28366dbde72c9488247c57ee93bf25157c1c39cbaf06545b98ef6eac6b3ea492...
done: 19.470335ms	
time="2026-04-16T10:28:45Z" level=info msg="host will try HTTPS first since it is configured for HTTP with a TLS configuration, consider changing host to HTTPS or removing unused TLS configuration" host="192.168.122.110:5000"
time="2026-04-16T10:28:45Z" level=info msg="host will try HTTPS first since it is configured for HTTP with a TLS configuration, consider changing host to HTTPS or removing unused TLS configuration" host="192.168.122.110:5000"
time="2026-04-16T10:28:45Z" level=warning msg="skip to append distribution label: label key and value length (4105 bytes) greater than maximum size (4096 bytes), key: containerd.io/distribution.source.192.168.122.110: invalid argument"
time="2026-04-16T10:28:45Z" level=warning msg="skip to append distribution label: label key and value length (4105 bytes) greater than maximum size (4096 bytes), key: containerd.io/distribution.source.192.168.122.110: invalid argument"
time="2026-04-16T10:28:45Z" level=warning msg="skip to append distribution label: label key and value length (4105 bytes) greater than maximum size (4096 bytes), key: containerd.io/distribution.source.192.168.122.110: invalid argument"
time="2026-04-16T10:28:45Z" level=warning msg="skip to append distribution label: label key and value length (4105 bytes) greater than maximum size (4096 bytes), key: containerd.io/distribution.source.192.168.122.110: invalid argument"
time="2026-04-16T10:28:45Z" level=warning msg="skip to append distribution label: label key and value length (4105 bytes) greater than maximum size (4096 bytes), key: containerd.io/distribution.source.192.168.122.110: invalid argument"
time="2026-04-16T10:28:45Z" level=warning msg="skip to append distribution label: label key and value length (4105 bytes) greater than maximum size (4096 bytes), key: containerd.io/distribution.source.192.168.122.110: invalid argument"
time="2026-04-16T10:28:45Z" level=warning msg="skip to append distribution label: label key and value length (4105 bytes) greater than maximum size (4096 bytes), key: containerd.io/distribution.source.192.168.122.110: invalid argument"
time="2026-04-16T10:28:45Z" level=warning msg="skip to append distribution label: label key and value length (4105 bytes) greater than maximum size (4096 bytes), key: containerd.io/distribution.source.192.168.122.110: invalid argument"
192.168.122.110:5000/rs_ix_ix52:latest:                                           resolved       |[32m++++++++++++++++++++++++++++++++++++++[0m| 
index-sha256:b34833e4913fa43e8d824acc3d371442cef1e3b160d7c09ac3e30319ed006e9e:    done           |[32m++++++++++++++++++++++++++++++++++++++[0m| 
manifest-sha256:c3aa8c0f4b4be3ac6a5a01125c1f2b380a319c2aef406fa1e1f894ea5e9f7816: done           |[32m++++++++++++++++++++++++++++++++++++++[0m| 
layer-sha256:16310a7cc790724c7f5f503e271e3907bb167b950529d3ed72b8dcf71a30f952:    done           |[32m++++++++++++++++++++++++++++++++++++++[0m| 
layer-sha256:64a5d8258ce2b42e67330b08d63621bb09cc797b102a21bad4732b2383fa04c0:    done           |[32m++++++++++++++++++++++++++++++++++++++[0m| 
layer-sha256:aca8f3c38e6f97bda2047fa13155b465f1bf7bd063e6d2bc5b5860ce8d9c313a:    done           |[32m++++++++++++++++++++++++++++++++++++++[0m| 
layer-sha256:98b2096f90effd247019d0c9c3f502a7eef95394380d9547c2275220810b98b1:    done           |[32m++++++++++++++++++++++++++++++++++++++[0m| 
layer-sha256:c954e5f88d9d9be1ed732898db6841e22d90078a4c76cf4717c4cc7edc74403e:    done           |[32m++++++++++++++++++++++++++++++++++++++[0m| 
layer-sha256:13b7e930469f6d3575a320709035c6acf6f5485a76abcf03d1b92a64c09c2476:    done           |[32m++++++++++++++++++++++++++++++++++++++[0m| 
layer-sha256:4accf72faab4ddbb011f63fff24e0656cd1cc9c9ad5293f7e7c0eaf80ed2872f:    done           |[32m++++++++++++++++++++++++++++++++++++++[0m| 
layer-sha256:44361424304c7875a4b95853d7efd443133601d1157b3beb15bd465fad04bed9:    done           |[32m++++++++++++++++++++++++++++++++++++++[0m| 
layer-sha256:529fff5c9b461fec724503b0a86e3cd457e61f8fe4e22c4a24d675e22a33cf2f:    done           |[32m++++++++++++++++++++++++++++++++++++++[0m| 
layer-sha256:84a04f2f69d55ce10a8365308d682727470edf53930da21f0b4a30a5838e7bb7:    done           |[32m++++++++++++++++++++++++++++++++++++++[0m| 
layer-sha256:8a29a47395cd3a02d8340f4325004f6ec371681754e5efa24afced2dbdd64272:    done           |[32m++++++++++++++++++++++++++++++++++++++[0m| 
layer-sha256:34608cb22405250243a5e45518fb618d0bea826f8171514b271e7e4c1bef2752:    done           |[32m++++++++++++++++++++++++++++++++++++++[0m| 
layer-sha256:15aa12b3a0c904da30ce8e849cd95b16fad92c7499989cd726e8997745993e7d:    done           |[32m++++++++++++++++++++++++++++++++++++++[0m| 
config-sha256:125682fbbd66ffddd06d5ac6ecc109a04fd8a41b4269c9bcc9b7aa1311e95824:   done           |[32m++++++++++++++++++++++++++++++++++++++[0m| 
layer-sha256:8476156a28ce9a28143d3137dbb1d29f5b9a3e81b8426a11e1a15a67e23fe1e9:    done           |[32m++++++++++++++++++++++++++++++++++++++[0m| 
layer-sha256:005c91c3985577a96f9903718f6461d8a314dffe3a872bdd828cd3c994a7a8af:    done           |[32m++++++++++++++++++++++++++++++++++++++[0m| 
layer-sha256:4f4fb700ef54461cfa02571ae0db9a0dc1e0cdb5577484a6d75e68dc38e8acc1:    done           |[32m++++++++++++++++++++++++++++++++++++++[0m| 
layer-sha256:450bb934662efe2c8c55922af96dfccb7cd62066a0861e11b9cc126c9592d6d7:    done           |[32m++++++++++++++++++++++++++++++++++++++[0m| 
layer-sha256:77fe4843fc699aaf8a0b7d7356512fb6d1499a74afcab0263bc82124f124a948:    done           |[32m++++++++++++++++++++++++++++++++++++++[0m| 
layer-sha256:e59b44c60b0e4bef2712435bc1a530efe229ee8e4ce5e002fab156cab513cd4b:    done           |[32m++++++++++++++++++++++++++++++++++++++[0m| 
layer-sha256:3e674af63f99a844c419eae5f1879e4ecf8af8f9e3d1f8f38392d134452c50e5:    done           |[32m++++++++++++++++++++++++++++++++++++++[0m| 
layer-sha256:08b46a2fad9e07fa4f3800b36daba9949b814ab650ba20379438aebde3f851ad:    done           |[32m++++++++++++++++++++++++++++++++++++++[0m| 
layer-sha256:b1a8b2706032f9c0f354be0daa46f3da6643916a3373ee5d2792dd2def0151d1:    done           |[32m++++++++++++++++++++++++++++++++++++++[0m| 
elapsed: 0.1 s                                                                    total:   0.0 B (0.0 B/s)                                         
unpacking linux/amd64 sha256:b34833e4913fa43e8d824acc3d371442cef1e3b160d7c09ac3e30319ed006e9e...
done: 19.151124ms	
time="2026-04-16T10:28:45Z" level=info msg="host will try HTTPS first since it is configured for HTTP with a TLS configuration, consider changing host to HTTPS or removing unused TLS configuration" host="192.168.122.110:5000"
time="2026-04-16T10:28:45Z" level=info msg="host will try HTTPS first since it is configured for HTTP with a TLS configuration, consider changing host to HTTPS or removing unused TLS configuration" host="192.168.122.110:5000"
time="2026-04-16T10:28:45Z" level=warning msg="skip to append distribution label: label key and value length (4105 bytes) greater than maximum size (4096 bytes), key: containerd.io/distribution.source.192.168.122.110: invalid argument"
time="2026-04-16T10:28:45Z" level=warning msg="skip to append distribution label: label key and value length (4105 bytes) greater than maximum size (4096 bytes), key: containerd.io/distribution.source.192.168.122.110: invalid argument"
time="2026-04-16T10:28:45Z" level=warning msg="skip to append distribution label: label key and value length (4105 bytes) greater than maximum size (4096 bytes), key: containerd.io/distribution.source.192.168.122.110: invalid argument"
time="2026-04-16T10:28:45Z" level=warning msg="skip to append distribution label: label key and value length (4105 bytes) greater than maximum size (4096 bytes), key: containerd.io/distribution.source.192.168.122.110: invalid argument"
time="2026-04-16T10:28:45Z" level=warning msg="skip to append distribution label: label key and value length (4105 bytes) greater than maximum size (4096 bytes), key: containerd.io/distribution.source.192.168.122.110: invalid argument"
time="2026-04-16T10:28:45Z" level=warning msg="skip to append distribution label: label key and value length (4105 bytes) greater than maximum size (4096 bytes), key: containerd.io/distribution.source.192.168.122.110: invalid argument"
time="2026-04-16T10:28:45Z" level=warning msg="skip to append distribution label: label key and value length (4105 bytes) greater than maximum size (4096 bytes), key: containerd.io/distribution.source.192.168.122.110: invalid argument"
time="2026-04-16T10:28:45Z" level=warning msg="skip to append distribution label: label key and value length (4105 bytes) greater than maximum size (4096 bytes), key: containerd.io/distribution.source.192.168.122.110: invalid argument"
192.168.122.110:5000/rs_ix_ix68:latest:                                           resolved       |[32m++++++++++++++++++++++++++++++++++++++[0m| 
index-sha256:2f0214afaed9d987d2ad651cb8d6b5f7635f762a10c8ba7b950bc110fce9bf38:    done           |[32m++++++++++++++++++++++++++++++++++++++[0m| 
manifest-sha256:8a6009d61d21cc26680765dd781494b562c4f3b338f045796175a93dc65b6146: done           |[32m++++++++++++++++++++++++++++++++++++++[0m| 
layer-sha256:13b7e930469f6d3575a320709035c6acf6f5485a76abcf03d1b92a64c09c2476:    done           |[32m++++++++++++++++++++++++++++++++++++++[0m| 
layer-sha256:3493e7c4400dc5d92c336b22913e4eb29028340ae52c5396dcfe0bafebd29166:    done           |[32m++++++++++++++++++++++++++++++++++++++[0m| 
layer-sha256:0c62df7d30e15ab3d375505fe5df5d6780a399c21ffc2d97dd80d33123382639:    done           |[32m++++++++++++++++++++++++++++++++++++++[0m| 
layer-sha256:34608cb22405250243a5e45518fb618d0bea826f8171514b271e7e4c1bef2752:    done           |[32m++++++++++++++++++++++++++++++++++++++[0m| 
layer-sha256:15aa12b3a0c904da30ce8e849cd95b16fad92c7499989cd726e8997745993e7d:    done           |[32m++++++++++++++++++++++++++++++++++++++[0m| 
layer-sha256:450bb934662efe2c8c55922af96dfccb7cd62066a0861e11b9cc126c9592d6d7:    done           |[32m++++++++++++++++++++++++++++++++++++++[0m| 
config-sha256:474873b410b9347b977f6b19c65e5d672cd68574eb7f06f9643b94ea73ab0fee:   done           |[32m++++++++++++++++++++++++++++++++++++++[0m| 
layer-sha256:08b46a2fad9e07fa4f3800b36daba9949b814ab650ba20379438aebde3f851ad:    done           |[32m++++++++++++++++++++++++++++++++++++++[0m| 
layer-sha256:c954e5f88d9d9be1ed732898db6841e22d90078a4c76cf4717c4cc7edc74403e:    done           |[32m++++++++++++++++++++++++++++++++++++++[0m| 
layer-sha256:4accf72faab4ddbb011f63fff24e0656cd1cc9c9ad5293f7e7c0eaf80ed2872f:    done           |[32m++++++++++++++++++++++++++++++++++++++[0m| 
layer-sha256:9159f6ca6249597b4935efe3be49b97ab62d2239a7ae2b47209780c796b660ae:    done           |[32m++++++++++++++++++++++++++++++++++++++[0m| 
layer-sha256:b3da65ca8dd995acbb8e522cbea44b96ba5e5085ca700da4a132806b0f37655b:    done           |[32m++++++++++++++++++++++++++++++++++++++[0m| 
layer-sha256:2481178e098247292e59ae243eaafd62dffd28fe6c9967695d5760ceedd9333f:    done           |[32m++++++++++++++++++++++++++++++++++++++[0m| 
layer-sha256:8a29a47395cd3a02d8340f4325004f6ec371681754e5efa24afced2dbdd64272:    done           |[32m++++++++++++++++++++++++++++++++++++++[0m| 
layer-sha256:84a04f2f69d55ce10a8365308d682727470edf53930da21f0b4a30a5838e7bb7:    done           |[32m++++++++++++++++++++++++++++++++++++++[0m| 
layer-sha256:e59b44c60b0e4bef2712435bc1a530efe229ee8e4ce5e002fab156cab513cd4b:    done           |[32m++++++++++++++++++++++++++++++++++++++[0m| 
layer-sha256:529fff5c9b461fec724503b0a86e3cd457e61f8fe4e22c4a24d675e22a33cf2f:    done           |[32m++++++++++++++++++++++++++++++++++++++[0m| 
layer-sha256:77fe4843fc699aaf8a0b7d7356512fb6d1499a74afcab0263bc82124f124a948:    done           |[32m++++++++++++++++++++++++++++++++++++++[0m| 
layer-sha256:b1a8b2706032f9c0f354be0daa46f3da6643916a3373ee5d2792dd2def0151d1:    done           |[32m++++++++++++++++++++++++++++++++++++++[0m| 
layer-sha256:3e674af63f99a844c419eae5f1879e4ecf8af8f9e3d1f8f38392d134452c50e5:    done           |[32m++++++++++++++++++++++++++++++++++++++[0m| 
layer-sha256:4f4fb700ef54461cfa02571ae0db9a0dc1e0cdb5577484a6d75e68dc38e8acc1:    done           |[32m++++++++++++++++++++++++++++++++++++++[0m| 
layer-sha256:44361424304c7875a4b95853d7efd443133601d1157b3beb15bd465fad04bed9:    done           |[32m++++++++++++++++++++++++++++++++++++++[0m| 
layer-sha256:64a5d8258ce2b42e67330b08d63621bb09cc797b102a21bad4732b2383fa04c0:    done           |[32m++++++++++++++++++++++++++++++++++++++[0m| 
elapsed: 0.1 s                                                                    total:   0.0 B (0.0 B/s)                                         
unpacking linux/amd64 sha256:2f0214afaed9d987d2ad651cb8d6b5f7635f762a10c8ba7b950bc110fce9bf38...
done: 20.164678ms	
time="2026-04-16T10:28:46Z" level=info msg="host will try HTTPS first since it is configured for HTTP with a TLS configuration, consider changing host to HTTPS or removing unused TLS configuration" host="192.168.122.110:5000"
time="2026-04-16T10:28:46Z" level=info msg="host will try HTTPS first since it is configured for HTTP with a TLS configuration, consider changing host to HTTPS or removing unused TLS configuration" host="192.168.122.110:5000"
time="2026-04-16T10:28:46Z" level=warning msg="skip to append distribution label: label key and value length (4104 bytes) greater than maximum size (4096 bytes), key: containerd.io/distribution.source.192.168.122.110: invalid argument"
time="2026-04-16T10:28:46Z" level=warning msg="skip to append distribution label: label key and value length (4104 bytes) greater than maximum size (4096 bytes), key: containerd.io/distribution.source.192.168.122.110: invalid argument"
time="2026-04-16T10:28:46Z" level=warning msg="skip to append distribution label: label key and value length (4104 bytes) greater than maximum size (4096 bytes), key: containerd.io/distribution.source.192.168.122.110: invalid argument"
time="2026-04-16T10:28:46Z" level=warning msg="skip to append distribution label: label key and value length (4104 bytes) greater than maximum size (4096 bytes), key: containerd.io/distribution.source.192.168.122.110: invalid argument"
time="2026-04-16T10:28:46Z" level=warning msg="skip to append distribution label: label key and value length (4104 bytes) greater than maximum size (4096 bytes), key: containerd.io/distribution.source.192.168.122.110: invalid argument"
time="2026-04-16T10:28:46Z" level=warning msg="skip to append distribution label: label key and value length (4104 bytes) greater than maximum size (4096 bytes), key: containerd.io/distribution.source.192.168.122.110: invalid argument"
time="2026-04-16T10:28:46Z" level=warning msg="skip to append distribution label: label key and value length (4104 bytes) greater than maximum size (4096 bytes), key: containerd.io/distribution.source.192.168.122.110: invalid argument"
time="2026-04-16T10:28:46Z" level=warning msg="skip to append distribution label: label key and value length (4104 bytes) greater than maximum size (4096 bytes), key: containerd.io/distribution.source.192.168.122.110: invalid argument"
192.168.122.110:5000/rs_ix_ix8:latest:                                            resolved       |[32m++++++++++++++++++++++++++++++++++++++[0m| 
index-sha256:956a48892663bc90bb16e4d97ca1638aba6c36b39d221705f50ed63de19d3a57:    done           |[32m++++++++++++++++++++++++++++++++++++++[0m| 
manifest-sha256:6ee79fc14f0c808fbdd0827c2ed66b28162c3dae7f1aed0f6c160857dfdd8ad7: done           |[32m++++++++++++++++++++++++++++++++++++++[0m| 
layer-sha256:4f4fb700ef54461cfa02571ae0db9a0dc1e0cdb5577484a6d75e68dc38e8acc1:    done           |[32m++++++++++++++++++++++++++++++++++++++[0m| 
layer-sha256:a3e8c1267314f96b2117c545368355d5a9ed71bca260ccbf556f0489c1b59403:    done           |[32m++++++++++++++++++++++++++++++++++++++[0m| 
config-sha256:3271e4441a95acbe30eb8dce89ecc681637030d2852a02d95c273acca4c0b63f:   done           |[32m++++++++++++++++++++++++++++++++++++++[0m| 
layer-sha256:84a04f2f69d55ce10a8365308d682727470edf53930da21f0b4a30a5838e7bb7:    done           |[32m++++++++++++++++++++++++++++++++++++++[0m| 
layer-sha256:13b7e930469f6d3575a320709035c6acf6f5485a76abcf03d1b92a64c09c2476:    done           |[32m++++++++++++++++++++++++++++++++++++++[0m| 
layer-sha256:15aa12b3a0c904da30ce8e849cd95b16fad92c7499989cd726e8997745993e7d:    done           |[32m++++++++++++++++++++++++++++++++++++++[0m| 
layer-sha256:8a29a47395cd3a02d8340f4325004f6ec371681754e5efa24afced2dbdd64272:    done           |[32m++++++++++++++++++++++++++++++++++++++[0m| 
layer-sha256:44361424304c7875a4b95853d7efd443133601d1157b3beb15bd465fad04bed9:    done           |[32m++++++++++++++++++++++++++++++++++++++[0m| 
layer-sha256:baa5c748aa2485483ecf743a3f336b6f9fd77d0c5459c2eeb00a312acb5fc114:    done           |[32m++++++++++++++++++++++++++++++++++++++[0m| 
layer-sha256:08b46a2fad9e07fa4f3800b36daba9949b814ab650ba20379438aebde3f851ad:    done           |[32m++++++++++++++++++++++++++++++++++++++[0m| 
layer-sha256:e59b44c60b0e4bef2712435bc1a530efe229ee8e4ce5e002fab156cab513cd4b:    done           |[32m++++++++++++++++++++++++++++++++++++++[0m| 
layer-sha256:529fff5c9b461fec724503b0a86e3cd457e61f8fe4e22c4a24d675e22a33cf2f:    done           |[32m++++++++++++++++++++++++++++++++++++++[0m| 
layer-sha256:4accf72faab4ddbb011f63fff24e0656cd1cc9c9ad5293f7e7c0eaf80ed2872f:    done           |[32m++++++++++++++++++++++++++++++++++++++[0m| 
layer-sha256:b1a8b2706032f9c0f354be0daa46f3da6643916a3373ee5d2792dd2def0151d1:    done           |[32m++++++++++++++++++++++++++++++++++++++[0m| 
layer-sha256:3e674af63f99a844c419eae5f1879e4ecf8af8f9e3d1f8f38392d134452c50e5:    done           |[32m++++++++++++++++++++++++++++++++++++++[0m| 
layer-sha256:cc32838a9cde13217277013b905f3873c8fc90c8e998f15ca037a2e7b5185f8c:    done           |[32m++++++++++++++++++++++++++++++++++++++[0m| 
layer-sha256:64a5d8258ce2b42e67330b08d63621bb09cc797b102a21bad4732b2383fa04c0:    done           |[32m++++++++++++++++++++++++++++++++++++++[0m| 
layer-sha256:450bb934662efe2c8c55922af96dfccb7cd62066a0861e11b9cc126c9592d6d7:    done           |[32m++++++++++++++++++++++++++++++++++++++[0m| 
layer-sha256:420101d648b71c7049428660a70c69b08e697a2aa43f1f9370943c5bb11f6219:    done           |[32m++++++++++++++++++++++++++++++++++++++[0m| 
layer-sha256:fbd9c8a46c2ca5cfb3720ffac386e2fb938595be5c144923da4e89e1f704cac5:    done           |[32m++++++++++++++++++++++++++++++++++++++[0m| 
layer-sha256:77fe4843fc699aaf8a0b7d7356512fb6d1499a74afcab0263bc82124f124a948:    done           |[32m++++++++++++++++++++++++++++++++++++++[0m| 
layer-sha256:34608cb22405250243a5e45518fb618d0bea826f8171514b271e7e4c1bef2752:    done           |[32m++++++++++++++++++++++++++++++++++++++[0m| 
layer-sha256:c954e5f88d9d9be1ed732898db6841e22d90078a4c76cf4717c4cc7edc74403e:    done           |[32m++++++++++++++++++++++++++++++++++++++[0m| 
elapsed: 0.1 s                                                                    total:   0.0 B (0.0 B/s)                                         
unpacking linux/amd64 sha256:956a48892663bc90bb16e4d97ca1638aba6c36b39d221705f50ed63de19d3a57...
done: 16.088849ms	
time="2026-04-16T10:28:47Z" level=info msg="host will try HTTPS first since it is configured for HTTP with a TLS configuration, consider changing host to HTTPS or removing unused TLS configuration" host="192.168.122.110:5000"
time="2026-04-16T10:28:47Z" level=info msg="host will try HTTPS first since it is configured for HTTP with a TLS configuration, consider changing host to HTTPS or removing unused TLS configuration" host="192.168.122.110:5000"
time="2026-04-16T10:28:47Z" level=warning msg="skip to append distribution label: label key and value length (4105 bytes) greater than maximum size (4096 bytes), key: containerd.io/distribution.source.192.168.122.110: invalid argument"
time="2026-04-16T10:28:47Z" level=warning msg="skip to append distribution label: label key and value length (4105 bytes) greater than maximum size (4096 bytes), key: containerd.io/distribution.source.192.168.122.110: invalid argument"
time="2026-04-16T10:28:47Z" level=warning msg="skip to append distribution label: label key and value length (4105 bytes) greater than maximum size (4096 bytes), key: containerd.io/distribution.source.192.168.122.110: invalid argument"
time="2026-04-16T10:28:47Z" level=warning msg="skip to append distribution label: label key and value length (4105 bytes) greater than maximum size (4096 bytes), key: containerd.io/distribution.source.192.168.122.110: invalid argument"
time="2026-04-16T10:28:47Z" level=warning msg="skip to append distribution label: label key and value length (4105 bytes) greater than maximum size (4096 bytes), key: containerd.io/distribution.source.192.168.122.110: invalid argument"
time="2026-04-16T10:28:47Z" level=warning msg="skip to append distribution label: label key and value length (4105 bytes) greater than maximum size (4096 bytes), key: containerd.io/distribution.source.192.168.122.110: invalid argument"
time="2026-04-16T10:28:47Z" level=warning msg="skip to append distribution label: label key and value length (4105 bytes) greater than maximum size (4096 bytes), key: containerd.io/distribution.source.192.168.122.110: invalid argument"
time="2026-04-16T10:28:47Z" level=warning msg="skip to append distribution label: label key and value length (4105 bytes) greater than maximum size (4096 bytes), key: containerd.io/distribution.source.192.168.122.110: invalid argument"
192.168.122.110:5000/rs_ix_ix94:latest:                                           resolved       |[32m++++++++++++++++++++++++++++++++++++++[0m| 
index-sha256:621495b9be29a7907a3d92c43d2a2041e63099d50d4d7192e7e054fe595f75e5:    done           |[32m++++++++++++++++++++++++++++++++++++++[0m| 
manifest-sha256:caefab03d88ca11e1e88e635845ec2dd8fb8a534f67a9ace5205ecbdb7afd4e2: done           |[32m++++++++++++++++++++++++++++++++++++++[0m| 
layer-sha256:450bb934662efe2c8c55922af96dfccb7cd62066a0861e11b9cc126c9592d6d7:    done           |[32m++++++++++++++++++++++++++++++++++++++[0m| 
layer-sha256:ac6bfa321ab4792e993b6146ffe3f73e16a9cd91db692328114f55cac4791248:    done           |[32m++++++++++++++++++++++++++++++++++++++[0m| 
layer-sha256:c954e5f88d9d9be1ed732898db6841e22d90078a4c76cf4717c4cc7edc74403e:    done           |[32m++++++++++++++++++++++++++++++++++++++[0m| 
layer-sha256:13b7e930469f6d3575a320709035c6acf6f5485a76abcf03d1b92a64c09c2476:    done           |[32m++++++++++++++++++++++++++++++++++++++[0m| 
layer-sha256:4accf72faab4ddbb011f63fff24e0656cd1cc9c9ad5293f7e7c0eaf80ed2872f:    done           |[32m++++++++++++++++++++++++++++++++++++++[0m| 
layer-sha256:8a29a47395cd3a02d8340f4325004f6ec371681754e5efa24afced2dbdd64272:    done           |[32m++++++++++++++++++++++++++++++++++++++[0m| 
layer-sha256:34608cb22405250243a5e45518fb618d0bea826f8171514b271e7e4c1bef2752:    done           |[32m++++++++++++++++++++++++++++++++++++++[0m| 
layer-sha256:e59b44c60b0e4bef2712435bc1a530efe229ee8e4ce5e002fab156cab513cd4b:    done           |[32m++++++++++++++++++++++++++++++++++++++[0m| 
layer-sha256:b1a8b2706032f9c0f354be0daa46f3da6643916a3373ee5d2792dd2def0151d1:    done           |[32m++++++++++++++++++++++++++++++++++++++[0m| 
layer-sha256:4f4fb700ef54461cfa02571ae0db9a0dc1e0cdb5577484a6d75e68dc38e8acc1:    done           |[32m++++++++++++++++++++++++++++++++++++++[0m| 
layer-sha256:64a5d8258ce2b42e67330b08d63621bb09cc797b102a21bad4732b2383fa04c0:    done           |[32m++++++++++++++++++++++++++++++++++++++[0m| 
layer-sha256:165a9bb4df994f3dce943253a9444f83d3e96ed6fd4315880d5c31ef7fcfcac5:    done           |[32m++++++++++++++++++++++++++++++++++++++[0m| 
layer-sha256:9000ffb2002f0f86979b7b371c33f432161b7054af2b2e6b839e17538e6f25e0:    done           |[32m++++++++++++++++++++++++++++++++++++++[0m| 
config-sha256:a1ac70228e31e77f490e7fe96d8c94c8c3896710fa84163a82acb4205250ec12:   done           |[32m++++++++++++++++++++++++++++++++++++++[0m| 
layer-sha256:08b46a2fad9e07fa4f3800b36daba9949b814ab650ba20379438aebde3f851ad:    done           |[32m++++++++++++++++++++++++++++++++++++++[0m| 
layer-sha256:3e674af63f99a844c419eae5f1879e4ecf8af8f9e3d1f8f38392d134452c50e5:    done           |[32m++++++++++++++++++++++++++++++++++++++[0m| 
layer-sha256:44361424304c7875a4b95853d7efd443133601d1157b3beb15bd465fad04bed9:    done           |[32m++++++++++++++++++++++++++++++++++++++[0m| 
layer-sha256:ad00b1401966d21a90e215c3305119053c8184fd313ebdaf1989625a45f373e7:    done           |[32m++++++++++++++++++++++++++++++++++++++[0m| 
layer-sha256:76f4349c086ade0465fe57e49919c2d14792d38784974c034ad3397c0d0746c7:    done           |[32m++++++++++++++++++++++++++++++++++++++[0m| 
layer-sha256:529fff5c9b461fec724503b0a86e3cd457e61f8fe4e22c4a24d675e22a33cf2f:    done           |[32m++++++++++++++++++++++++++++++++++++++[0m| 
layer-sha256:84a04f2f69d55ce10a8365308d682727470edf53930da21f0b4a30a5838e7bb7:    done           |[32m++++++++++++++++++++++++++++++++++++++[0m| 
layer-sha256:77fe4843fc699aaf8a0b7d7356512fb6d1499a74afcab0263bc82124f124a948:    done           |[32m++++++++++++++++++++++++++++++++++++++[0m| 
layer-sha256:15aa12b3a0c904da30ce8e849cd95b16fad92c7499989cd726e8997745993e7d:    done           |[32m++++++++++++++++++++++++++++++++++++++[0m| 
elapsed: 0.1 s                                                                    total:   0.0 B (0.0 B/s)                                         
unpacking linux/amd64 sha256:621495b9be29a7907a3d92c43d2a2041e63099d50d4d7192e7e054fe595f75e5...
done: 18.35766ms	
✅ seed-k3s-worker3 preload completed
