time="2026-04-16T10:28:50Z" level=info msg="host will try HTTPS first since it is configured for HTTP with a TLS configuration, consider changing host to HTTPS or removing unused TLS configuration" host="192.168.122.110:5000"
time="2026-04-16T10:28:50Z" level=info msg="host will try HTTPS first since it is configured for HTTP with a TLS configuration, consider changing host to HTTPS or removing unused TLS configuration" host="192.168.122.110:5000"
time="2026-04-16T10:28:50Z" level=warning msg="skip to append distribution label: label key and value length (4106 bytes) greater than maximum size (4096 bytes), key: containerd.io/distribution.source.192.168.122.110: invalid argument"
time="2026-04-16T10:28:50Z" level=warning msg="skip to append distribution label: label key and value length (4106 bytes) greater than maximum size (4096 bytes), key: containerd.io/distribution.source.192.168.122.110: invalid argument"
time="2026-04-16T10:28:50Z" level=warning msg="skip to append distribution label: label key and value length (4106 bytes) greater than maximum size (4096 bytes), key: containerd.io/distribution.source.192.168.122.110: invalid argument"
time="2026-04-16T10:28:50Z" level=warning msg="skip to append distribution label: label key and value length (4106 bytes) greater than maximum size (4096 bytes), key: containerd.io/distribution.source.192.168.122.110: invalid argument"
time="2026-04-16T10:28:50Z" level=warning msg="skip to append distribution label: label key and value length (4106 bytes) greater than maximum size (4096 bytes), key: containerd.io/distribution.source.192.168.122.110: invalid argument"
time="2026-04-16T10:28:50Z" level=warning msg="skip to append distribution label: label key and value length (4106 bytes) greater than maximum size (4096 bytes), key: containerd.io/distribution.source.192.168.122.110: invalid argument"
time="2026-04-16T10:28:50Z" level=warning msg="skip to append distribution label: label key and value length (4106 bytes) greater than maximum size (4096 bytes), key: containerd.io/distribution.source.192.168.122.110: invalid argument"
time="2026-04-16T10:28:50Z" level=warning msg="skip to append distribution label: label key and value length (4106 bytes) greater than maximum size (4096 bytes), key: containerd.io/distribution.source.192.168.122.110: invalid argument"
192.168.122.110:5000/rs_ix_ix106:latest:                                          resolved       |[32m++++++++++++++++++++++++++++++++++++++[0m| 
index-sha256:96fdc4a5dbe1af0f84b6ce073e9eca367e62feaffb7713500940959149c8791d:    done           |[32m++++++++++++++++++++++++++++++++++++++[0m| 
manifest-sha256:e1839974e6188131b3be05ea564c2180c4f6bded05146a26df49f1d11e37e490: done           |[32m++++++++++++++++++++++++++++++++++++++[0m| 
layer-sha256:450bb934662efe2c8c55922af96dfccb7cd62066a0861e11b9cc126c9592d6d7:    done           |[32m++++++++++++++++++++++++++++++++++++++[0m| 
config-sha256:0ef0c9912fb948e2caf512fd89626a868d3c37c9c3b0acd407e34fe4905f573a:   done           |[32m++++++++++++++++++++++++++++++++++++++[0m| 
layer-sha256:b1a8b2706032f9c0f354be0daa46f3da6643916a3373ee5d2792dd2def0151d1:    done           |[32m++++++++++++++++++++++++++++++++++++++[0m| 
layer-sha256:84a04f2f69d55ce10a8365308d682727470edf53930da21f0b4a30a5838e7bb7:    done           |[32m++++++++++++++++++++++++++++++++++++++[0m| 
layer-sha256:a6c3d1463e9b37bd27c011937eae664a90b15ab893ef5851a8e72e83e45e545a:    done           |[32m++++++++++++++++++++++++++++++++++++++[0m| 
layer-sha256:13b7e930469f6d3575a320709035c6acf6f5485a76abcf03d1b92a64c09c2476:    done           |[32m++++++++++++++++++++++++++++++++++++++[0m| 
layer-sha256:c954e5f88d9d9be1ed732898db6841e22d90078a4c76cf4717c4cc7edc74403e:    done           |[32m++++++++++++++++++++++++++++++++++++++[0m| 
layer-sha256:34608cb22405250243a5e45518fb618d0bea826f8171514b271e7e4c1bef2752:    done           |[32m++++++++++++++++++++++++++++++++++++++[0m| 
layer-sha256:4f4fb700ef54461cfa02571ae0db9a0dc1e0cdb5577484a6d75e68dc38e8acc1:    done           |[32m++++++++++++++++++++++++++++++++++++++[0m| 
layer-sha256:64a5d8258ce2b42e67330b08d63621bb09cc797b102a21bad4732b2383fa04c0:    done           |[32m++++++++++++++++++++++++++++++++++++++[0m| 
layer-sha256:4accf72faab4ddbb011f63fff24e0656cd1cc9c9ad5293f7e7c0eaf80ed2872f:    done           |[32m++++++++++++++++++++++++++++++++++++++[0m| 
layer-sha256:15aa12b3a0c904da30ce8e849cd95b16fad92c7499989cd726e8997745993e7d:    done           |[32m++++++++++++++++++++++++++++++++++++++[0m| 
layer-sha256:33fad785f76ea8640080d06d3bc1b9e5acf6e548177dc7ee6d63f9992df1c3ff:    done           |[32m++++++++++++++++++++++++++++++++++++++[0m| 
layer-sha256:2243acffceaefff741e6bc92277807931c420037942713c1c29dde38679624f4:    done           |[32m++++++++++++++++++++++++++++++++++++++[0m| 
layer-sha256:e59b44c60b0e4bef2712435bc1a530efe229ee8e4ce5e002fab156cab513cd4b:    done           |[32m++++++++++++++++++++++++++++++++++++++[0m| 
layer-sha256:8a29a47395cd3a02d8340f4325004f6ec371681754e5efa24afced2dbdd64272:    done           |[32m++++++++++++++++++++++++++++++++++++++[0m| 
layer-sha256:77fe4843fc699aaf8a0b7d7356512fb6d1499a74afcab0263bc82124f124a948:    done           |[32m++++++++++++++++++++++++++++++++++++++[0m| 
layer-sha256:08b46a2fad9e07fa4f3800b36daba9949b814ab650ba20379438aebde3f851ad:    done           |[32m++++++++++++++++++++++++++++++++++++++[0m| 
layer-sha256:44361424304c7875a4b95853d7efd443133601d1157b3beb15bd465fad04bed9:    done           |[32m++++++++++++++++++++++++++++++++++++++[0m| 
layer-sha256:3e674af63f99a844c419eae5f1879e4ecf8af8f9e3d1f8f38392d134452c50e5:    done           |[32m++++++++++++++++++++++++++++++++++++++[0m| 
layer-sha256:529fff5c9b461fec724503b0a86e3cd457e61f8fe4e22c4a24d675e22a33cf2f:    done           |[32m++++++++++++++++++++++++++++++++++++++[0m| 
layer-sha256:a0f6024a4aa1e45ec40d1ae744ddac728debb7a6d387fd29c524ec021ed20891:    done           |[32m++++++++++++++++++++++++++++++++++++++[0m| 
layer-sha256:0cd25d1de6700e2054eafe10785aff25b0c41a5b1d14dbe3ad291bb5904069fb:    done           |[32m++++++++++++++++++++++++++++++++++++++[0m| 
elapsed: 0.1 s                                                                    total:   0.0 B (0.0 B/s)                                         
unpacking linux/amd64 sha256:96fdc4a5dbe1af0f84b6ce073e9eca367e62feaffb7713500940959149c8791d...
done: 16.616146ms	
time="2026-04-16T10:28:51Z" level=info msg="host will try HTTPS first since it is configured for HTTP with a TLS configuration, consider changing host to HTTPS or removing unused TLS configuration" host="192.168.122.110:5000"
time="2026-04-16T10:28:51Z" level=info msg="host will try HTTPS first since it is configured for HTTP with a TLS configuration, consider changing host to HTTPS or removing unused TLS configuration" host="192.168.122.110:5000"
time="2026-04-16T10:28:51Z" level=warning msg="skip to append distribution label: label key and value length (4106 bytes) greater than maximum size (4096 bytes), key: containerd.io/distribution.source.192.168.122.110: invalid argument"
time="2026-04-16T10:28:51Z" level=warning msg="skip to append distribution label: label key and value length (4106 bytes) greater than maximum size (4096 bytes), key: containerd.io/distribution.source.192.168.122.110: invalid argument"
time="2026-04-16T10:28:51Z" level=warning msg="skip to append distribution label: label key and value length (4106 bytes) greater than maximum size (4096 bytes), key: containerd.io/distribution.source.192.168.122.110: invalid argument"
time="2026-04-16T10:28:51Z" level=warning msg="skip to append distribution label: label key and value length (4106 bytes) greater than maximum size (4096 bytes), key: containerd.io/distribution.source.192.168.122.110: invalid argument"
time="2026-04-16T10:28:51Z" level=warning msg="skip to append distribution label: label key and value length (4106 bytes) greater than maximum size (4096 bytes), key: containerd.io/distribution.source.192.168.122.110: invalid argument"
time="2026-04-16T10:28:51Z" level=warning msg="skip to append distribution label: label key and value length (4106 bytes) greater than maximum size (4096 bytes), key: containerd.io/distribution.source.192.168.122.110: invalid argument"
time="2026-04-16T10:28:51Z" level=warning msg="skip to append distribution label: label key and value length (4106 bytes) greater than maximum size (4096 bytes), key: containerd.io/distribution.source.192.168.122.110: invalid argument"
time="2026-04-16T10:28:51Z" level=warning msg="skip to append distribution label: label key and value length (4106 bytes) greater than maximum size (4096 bytes), key: containerd.io/distribution.source.192.168.122.110: invalid argument"
192.168.122.110:5000/rs_ix_ix128:latest:                                          resolved       |[32m++++++++++++++++++++++++++++++++++++++[0m| 
index-sha256:42500ddb8dc6b0aaa994d63d8a2eba40a128655ec8f803422f3b37e902aca186:    done           |[32m++++++++++++++++++++++++++++++++++++++[0m| 
manifest-sha256:2ad2a9dcb0f967a02e506f6935a0a87461821e42724f44b877943cd5e7aaa2a2: done           |[32m++++++++++++++++++++++++++++++++++++++[0m| 
layer-sha256:64a5d8258ce2b42e67330b08d63621bb09cc797b102a21bad4732b2383fa04c0:    done           |[32m++++++++++++++++++++++++++++++++++++++[0m| 
layer-sha256:7ac655ba21e92e37b9c42769c501dd4bea522b9c55878d3f3df28b8b4a6810ee:    done           |[32m++++++++++++++++++++++++++++++++++++++[0m| 
layer-sha256:15aa12b3a0c904da30ce8e849cd95b16fad92c7499989cd726e8997745993e7d:    done           |[32m++++++++++++++++++++++++++++++++++++++[0m| 
config-sha256:a16df7326670ddc1566e783472d73948896cd5fc20239851a7fc4b018a535901:   done           |[32m++++++++++++++++++++++++++++++++++++++[0m| 
layer-sha256:08b46a2fad9e07fa4f3800b36daba9949b814ab650ba20379438aebde3f851ad:    done           |[32m++++++++++++++++++++++++++++++++++++++[0m| 
layer-sha256:13b7e930469f6d3575a320709035c6acf6f5485a76abcf03d1b92a64c09c2476:    done           |[32m++++++++++++++++++++++++++++++++++++++[0m| 
layer-sha256:3e674af63f99a844c419eae5f1879e4ecf8af8f9e3d1f8f38392d134452c50e5:    done           |[32m++++++++++++++++++++++++++++++++++++++[0m| 
layer-sha256:529fff5c9b461fec724503b0a86e3cd457e61f8fe4e22c4a24d675e22a33cf2f:    done           |[32m++++++++++++++++++++++++++++++++++++++[0m| 
layer-sha256:44361424304c7875a4b95853d7efd443133601d1157b3beb15bd465fad04bed9:    done           |[32m++++++++++++++++++++++++++++++++++++++[0m| 
layer-sha256:c966e4b70ad66f21d4818e84c59b46447842a0b67416cc002c4d1adae46234b4:    done           |[32m++++++++++++++++++++++++++++++++++++++[0m| 
layer-sha256:77fe4843fc699aaf8a0b7d7356512fb6d1499a74afcab0263bc82124f124a948:    done           |[32m++++++++++++++++++++++++++++++++++++++[0m| 
layer-sha256:84a04f2f69d55ce10a8365308d682727470edf53930da21f0b4a30a5838e7bb7:    done           |[32m++++++++++++++++++++++++++++++++++++++[0m| 
layer-sha256:c954e5f88d9d9be1ed732898db6841e22d90078a4c76cf4717c4cc7edc74403e:    done           |[32m++++++++++++++++++++++++++++++++++++++[0m| 
layer-sha256:a0fc62d424ffb7a3118d30c9f37e0edd01dbeefbf4d1662ee99f8eafd2af1902:    done           |[32m++++++++++++++++++++++++++++++++++++++[0m| 
layer-sha256:0fa5f84094bdfe1ed363baf7ea1448b2e423110e5015cd15cb68560a7d6b7b29:    done           |[32m++++++++++++++++++++++++++++++++++++++[0m| 
layer-sha256:5da4a25b2777d8464037495eeaf2853ee2127ad6a76ebd4d69d59e575123bdbd:    done           |[32m++++++++++++++++++++++++++++++++++++++[0m| 
layer-sha256:b1a8b2706032f9c0f354be0daa46f3da6643916a3373ee5d2792dd2def0151d1:    done           |[32m++++++++++++++++++++++++++++++++++++++[0m| 
layer-sha256:450bb934662efe2c8c55922af96dfccb7cd62066a0861e11b9cc126c9592d6d7:    done           |[32m++++++++++++++++++++++++++++++++++++++[0m| 
layer-sha256:34608cb22405250243a5e45518fb618d0bea826f8171514b271e7e4c1bef2752:    done           |[32m++++++++++++++++++++++++++++++++++++++[0m| 
layer-sha256:e59b44c60b0e4bef2712435bc1a530efe229ee8e4ce5e002fab156cab513cd4b:    done           |[32m++++++++++++++++++++++++++++++++++++++[0m| 
layer-sha256:4accf72faab4ddbb011f63fff24e0656cd1cc9c9ad5293f7e7c0eaf80ed2872f:    done           |[32m++++++++++++++++++++++++++++++++++++++[0m| 
layer-sha256:8a29a47395cd3a02d8340f4325004f6ec371681754e5efa24afced2dbdd64272:    done           |[32m++++++++++++++++++++++++++++++++++++++[0m| 
layer-sha256:4f4fb700ef54461cfa02571ae0db9a0dc1e0cdb5577484a6d75e68dc38e8acc1:    done           |[32m++++++++++++++++++++++++++++++++++++++[0m| 
elapsed: 0.1 s                                                                    total:   0.0 B (0.0 B/s)                                         
unpacking linux/amd64 sha256:42500ddb8dc6b0aaa994d63d8a2eba40a128655ec8f803422f3b37e902aca186...
done: 20.671399ms	
time="2026-04-16T10:28:52Z" level=info msg="host will try HTTPS first since it is configured for HTTP with a TLS configuration, consider changing host to HTTPS or removing unused TLS configuration" host="192.168.122.110:5000"
time="2026-04-16T10:28:52Z" level=info msg="host will try HTTPS first since it is configured for HTTP with a TLS configuration, consider changing host to HTTPS or removing unused TLS configuration" host="192.168.122.110:5000"
time="2026-04-16T10:28:52Z" level=warning msg="skip to append distribution label: label key and value length (4105 bytes) greater than maximum size (4096 bytes), key: containerd.io/distribution.source.192.168.122.110: invalid argument"
time="2026-04-16T10:28:52Z" level=warning msg="skip to append distribution label: label key and value length (4105 bytes) greater than maximum size (4096 bytes), key: containerd.io/distribution.source.192.168.122.110: invalid argument"
time="2026-04-16T10:28:52Z" level=warning msg="skip to append distribution label: label key and value length (4105 bytes) greater than maximum size (4096 bytes), key: containerd.io/distribution.source.192.168.122.110: invalid argument"
time="2026-04-16T10:28:52Z" level=warning msg="skip to append distribution label: label key and value length (4105 bytes) greater than maximum size (4096 bytes), key: containerd.io/distribution.source.192.168.122.110: invalid argument"
time="2026-04-16T10:28:52Z" level=warning msg="skip to append distribution label: label key and value length (4105 bytes) greater than maximum size (4096 bytes), key: containerd.io/distribution.source.192.168.122.110: invalid argument"
time="2026-04-16T10:28:52Z" level=warning msg="skip to append distribution label: label key and value length (4105 bytes) greater than maximum size (4096 bytes), key: containerd.io/distribution.source.192.168.122.110: invalid argument"
time="2026-04-16T10:28:52Z" level=warning msg="skip to append distribution label: label key and value length (4105 bytes) greater than maximum size (4096 bytes), key: containerd.io/distribution.source.192.168.122.110: invalid argument"
time="2026-04-16T10:28:52Z" level=warning msg="skip to append distribution label: label key and value length (4105 bytes) greater than maximum size (4096 bytes), key: containerd.io/distribution.source.192.168.122.110: invalid argument"
192.168.122.110:5000/rs_ix_ix12:latest:                                           resolved       |[32m++++++++++++++++++++++++++++++++++++++[0m| 
index-sha256:7c130836de0c7dc5faf6ba97311326f60d76538f1911511529734a4a57c32853:    done           |[32m++++++++++++++++++++++++++++++++++++++[0m| 
manifest-sha256:a1cdb85c66b9a7735e74fd1c925b6daf20edfd871b327f30ce5bee4f58c03105: done           |[32m++++++++++++++++++++++++++++++++++++++[0m| 
layer-sha256:af136baf23bc75c3243c8979e644805d8cdb5e41b80ccbc32167233c9dab5fb4:    done           |[32m++++++++++++++++++++++++++++++++++++++[0m| 
layer-sha256:64a5d8258ce2b42e67330b08d63621bb09cc797b102a21bad4732b2383fa04c0:    done           |[32m++++++++++++++++++++++++++++++++++++++[0m| 
layer-sha256:805bbc44c64ee3c26a8292ce29427c9ae592de8800f1bc02d495e2fd8aa71171:    done           |[32m++++++++++++++++++++++++++++++++++++++[0m| 
layer-sha256:b6ba2c1aa5d60ba5818bf450277e030172d39899dd317b0d1801bb33a9c4f84a:    done           |[32m++++++++++++++++++++++++++++++++++++++[0m| 
layer-sha256:c954e5f88d9d9be1ed732898db6841e22d90078a4c76cf4717c4cc7edc74403e:    done           |[32m++++++++++++++++++++++++++++++++++++++[0m| 
layer-sha256:44361424304c7875a4b95853d7efd443133601d1157b3beb15bd465fad04bed9:    done           |[32m++++++++++++++++++++++++++++++++++++++[0m| 
layer-sha256:529fff5c9b461fec724503b0a86e3cd457e61f8fe4e22c4a24d675e22a33cf2f:    done           |[32m++++++++++++++++++++++++++++++++++++++[0m| 
layer-sha256:e59b44c60b0e4bef2712435bc1a530efe229ee8e4ce5e002fab156cab513cd4b:    done           |[32m++++++++++++++++++++++++++++++++++++++[0m| 
layer-sha256:b1a8b2706032f9c0f354be0daa46f3da6643916a3373ee5d2792dd2def0151d1:    done           |[32m++++++++++++++++++++++++++++++++++++++[0m| 
layer-sha256:84a04f2f69d55ce10a8365308d682727470edf53930da21f0b4a30a5838e7bb7:    done           |[32m++++++++++++++++++++++++++++++++++++++[0m| 
layer-sha256:15aa12b3a0c904da30ce8e849cd95b16fad92c7499989cd726e8997745993e7d:    done           |[32m++++++++++++++++++++++++++++++++++++++[0m| 
config-sha256:c6ce11a04b1c3bb231ec01d53b23fc8cbe7d6274a53c62a9d23d7cf115045c85:   done           |[32m++++++++++++++++++++++++++++++++++++++[0m| 
layer-sha256:8a29a47395cd3a02d8340f4325004f6ec371681754e5efa24afced2dbdd64272:    done           |[32m++++++++++++++++++++++++++++++++++++++[0m| 
layer-sha256:4accf72faab4ddbb011f63fff24e0656cd1cc9c9ad5293f7e7c0eaf80ed2872f:    done           |[32m++++++++++++++++++++++++++++++++++++++[0m| 
layer-sha256:08b46a2fad9e07fa4f3800b36daba9949b814ab650ba20379438aebde3f851ad:    done           |[32m++++++++++++++++++++++++++++++++++++++[0m| 
layer-sha256:4f4fb700ef54461cfa02571ae0db9a0dc1e0cdb5577484a6d75e68dc38e8acc1:    done           |[32m++++++++++++++++++++++++++++++++++++++[0m| 
layer-sha256:3e674af63f99a844c419eae5f1879e4ecf8af8f9e3d1f8f38392d134452c50e5:    done           |[32m++++++++++++++++++++++++++++++++++++++[0m| 
layer-sha256:d9d185b5e58a78c4b9f276d8d4e86cf77e65003bb6ca3c2275ca21ed0c0f26d5:    done           |[32m++++++++++++++++++++++++++++++++++++++[0m| 
layer-sha256:77fe4843fc699aaf8a0b7d7356512fb6d1499a74afcab0263bc82124f124a948:    done           |[32m++++++++++++++++++++++++++++++++++++++[0m| 
layer-sha256:3a1ba387fa4693377db23dbc3481183569592dd4ec4bb428fb8f92451c53d097:    done           |[32m++++++++++++++++++++++++++++++++++++++[0m| 
layer-sha256:13b7e930469f6d3575a320709035c6acf6f5485a76abcf03d1b92a64c09c2476:    done           |[32m++++++++++++++++++++++++++++++++++++++[0m| 
layer-sha256:450bb934662efe2c8c55922af96dfccb7cd62066a0861e11b9cc126c9592d6d7:    done           |[32m++++++++++++++++++++++++++++++++++++++[0m| 
layer-sha256:34608cb22405250243a5e45518fb618d0bea826f8171514b271e7e4c1bef2752:    done           |[32m++++++++++++++++++++++++++++++++++++++[0m| 
elapsed: 0.1 s                                                                    total:   0.0 B (0.0 B/s)                                         
unpacking linux/amd64 sha256:7c130836de0c7dc5faf6ba97311326f60d76538f1911511529734a4a57c32853...
done: 19.831827ms	
time="2026-04-16T10:28:52Z" level=info msg="host will try HTTPS first since it is configured for HTTP with a TLS configuration, consider changing host to HTTPS or removing unused TLS configuration" host="192.168.122.110:5000"
time="2026-04-16T10:28:52Z" level=info msg="host will try HTTPS first since it is configured for HTTP with a TLS configuration, consider changing host to HTTPS or removing unused TLS configuration" host="192.168.122.110:5000"
time="2026-04-16T10:28:53Z" level=warning msg="skip to append distribution label: label key and value length (4106 bytes) greater than maximum size (4096 bytes), key: containerd.io/distribution.source.192.168.122.110: invalid argument"
time="2026-04-16T10:28:53Z" level=warning msg="skip to append distribution label: label key and value length (4106 bytes) greater than maximum size (4096 bytes), key: containerd.io/distribution.source.192.168.122.110: invalid argument"
time="2026-04-16T10:28:53Z" level=warning msg="skip to append distribution label: label key and value length (4106 bytes) greater than maximum size (4096 bytes), key: containerd.io/distribution.source.192.168.122.110: invalid argument"
time="2026-04-16T10:28:53Z" level=warning msg="skip to append distribution label: label key and value length (4106 bytes) greater than maximum size (4096 bytes), key: containerd.io/distribution.source.192.168.122.110: invalid argument"
time="2026-04-16T10:28:53Z" level=warning msg="skip to append distribution label: label key and value length (4106 bytes) greater than maximum size (4096 bytes), key: containerd.io/distribution.source.192.168.122.110: invalid argument"
time="2026-04-16T10:28:53Z" level=warning msg="skip to append distribution label: label key and value length (4106 bytes) greater than maximum size (4096 bytes), key: containerd.io/distribution.source.192.168.122.110: invalid argument"
time="2026-04-16T10:28:53Z" level=warning msg="skip to append distribution label: label key and value length (4106 bytes) greater than maximum size (4096 bytes), key: containerd.io/distribution.source.192.168.122.110: invalid argument"
time="2026-04-16T10:28:53Z" level=warning msg="skip to append distribution label: label key and value length (4106 bytes) greater than maximum size (4096 bytes), key: containerd.io/distribution.source.192.168.122.110: invalid argument"
192.168.122.110:5000/rs_ix_ix171:latest:                                          resolved       |[32m++++++++++++++++++++++++++++++++++++++[0m| 
index-sha256:c68ca69c2f7183ffc66bdd97432f3e59e4f8da5c8054a7ae7f0419e3c419e115:    done           |[32m++++++++++++++++++++++++++++++++++++++[0m| 
manifest-sha256:48bdf7ca769a4a1667d319e91361b68e800ef1d496bb24f061798f75883db096: done           |[32m++++++++++++++++++++++++++++++++++++++[0m| 
layer-sha256:c954e5f88d9d9be1ed732898db6841e22d90078a4c76cf4717c4cc7edc74403e:    done           |[32m++++++++++++++++++++++++++++++++++++++[0m| 
layer-sha256:aefb1eef1791f6439f55fc8da3174834fa1c74c21b720722b854aeb6a8c90572:    done           |[32m++++++++++++++++++++++++++++++++++++++[0m| 
layer-sha256:9c6a46ba34328c7a9e0a26189dc61b8e7ce14976afb28006e70e123a2012ac97:    done           |[32m++++++++++++++++++++++++++++++++++++++[0m| 
config-sha256:f3a0b385c6e4732e7e32cba11ad7124abc878180faecfbd68c0bd2f2699eb978:   done           |[32m++++++++++++++++++++++++++++++++++++++[0m| 
layer-sha256:13b7e930469f6d3575a320709035c6acf6f5485a76abcf03d1b92a64c09c2476:    done           |[32m++++++++++++++++++++++++++++++++++++++[0m| 
layer-sha256:44361424304c7875a4b95853d7efd443133601d1157b3beb15bd465fad04bed9:    done           |[32m++++++++++++++++++++++++++++++++++++++[0m| 
layer-sha256:34608cb22405250243a5e45518fb618d0bea826f8171514b271e7e4c1bef2752:    done           |[32m++++++++++++++++++++++++++++++++++++++[0m| 
layer-sha256:4accf72faab4ddbb011f63fff24e0656cd1cc9c9ad5293f7e7c0eaf80ed2872f:    done           |[32m++++++++++++++++++++++++++++++++++++++[0m| 
layer-sha256:b1a8b2706032f9c0f354be0daa46f3da6643916a3373ee5d2792dd2def0151d1:    done           |[32m++++++++++++++++++++++++++++++++++++++[0m| 
layer-sha256:529fff5c9b461fec724503b0a86e3cd457e61f8fe4e22c4a24d675e22a33cf2f:    done           |[32m++++++++++++++++++++++++++++++++++++++[0m| 
layer-sha256:450bb934662efe2c8c55922af96dfccb7cd62066a0861e11b9cc126c9592d6d7:    done           |[32m++++++++++++++++++++++++++++++++++++++[0m| 
layer-sha256:4f4fb700ef54461cfa02571ae0db9a0dc1e0cdb5577484a6d75e68dc38e8acc1:    done           |[32m++++++++++++++++++++++++++++++++++++++[0m| 
layer-sha256:84a04f2f69d55ce10a8365308d682727470edf53930da21f0b4a30a5838e7bb7:    done           |[32m++++++++++++++++++++++++++++++++++++++[0m| 
layer-sha256:64a5d8258ce2b42e67330b08d63621bb09cc797b102a21bad4732b2383fa04c0:    done           |[32m++++++++++++++++++++++++++++++++++++++[0m| 
layer-sha256:15aa12b3a0c904da30ce8e849cd95b16fad92c7499989cd726e8997745993e7d:    done           |[32m++++++++++++++++++++++++++++++++++++++[0m| 
layer-sha256:e59b44c60b0e4bef2712435bc1a530efe229ee8e4ce5e002fab156cab513cd4b:    done           |[32m++++++++++++++++++++++++++++++++++++++[0m| 
layer-sha256:98f4684cbe0705dd7cb750e44b5fc73a6ae0fcc306d02cfda4c45784273a13b9:    done           |[32m++++++++++++++++++++++++++++++++++++++[0m| 
layer-sha256:8a29a47395cd3a02d8340f4325004f6ec371681754e5efa24afced2dbdd64272:    done           |[32m++++++++++++++++++++++++++++++++++++++[0m| 
layer-sha256:36d79f704a80f1591b6951f641cf2dd13a8e16c3463256ce49f431404f1f39bd:    done           |[32m++++++++++++++++++++++++++++++++++++++[0m| 
layer-sha256:08b46a2fad9e07fa4f3800b36daba9949b814ab650ba20379438aebde3f851ad:    done           |[32m++++++++++++++++++++++++++++++++++++++[0m| 
layer-sha256:cf0ee4e018b3abed54ff811c28d82b5730b90f08edf2507e0391933c42c3d24a:    done           |[32m++++++++++++++++++++++++++++++++++++++[0m| 
layer-sha256:77fe4843fc699aaf8a0b7d7356512fb6d1499a74afcab0263bc82124f124a948:    done           |[32m++++++++++++++++++++++++++++++++++++++[0m| 
layer-sha256:3e674af63f99a844c419eae5f1879e4ecf8af8f9e3d1f8f38392d134452c50e5:    done           |[32m++++++++++++++++++++++++++++++++++++++[0m| 
elapsed: 0.1 s                                                                    total:   0.0 B (0.0 B/s)                                         
unpacking linux/amd64 sha256:c68ca69c2f7183ffc66bdd97432f3e59e4f8da5c8054a7ae7f0419e3c419e115...
done: 19.569716ms	
time="2026-04-16T10:28:53Z" level=info msg="host will try HTTPS first since it is configured for HTTP with a TLS configuration, consider changing host to HTTPS or removing unused TLS configuration" host="192.168.122.110:5000"
time="2026-04-16T10:28:53Z" level=info msg="host will try HTTPS first since it is configured for HTTP with a TLS configuration, consider changing host to HTTPS or removing unused TLS configuration" host="192.168.122.110:5000"
time="2026-04-16T10:28:53Z" level=warning msg="skip to append distribution label: label key and value length (4105 bytes) greater than maximum size (4096 bytes), key: containerd.io/distribution.source.192.168.122.110: invalid argument"
time="2026-04-16T10:28:53Z" level=warning msg="skip to append distribution label: label key and value length (4105 bytes) greater than maximum size (4096 bytes), key: containerd.io/distribution.source.192.168.122.110: invalid argument"
time="2026-04-16T10:28:53Z" level=warning msg="skip to append distribution label: label key and value length (4105 bytes) greater than maximum size (4096 bytes), key: containerd.io/distribution.source.192.168.122.110: invalid argument"
time="2026-04-16T10:28:53Z" level=warning msg="skip to append distribution label: label key and value length (4105 bytes) greater than maximum size (4096 bytes), key: containerd.io/distribution.source.192.168.122.110: invalid argument"
time="2026-04-16T10:28:53Z" level=warning msg="skip to append distribution label: label key and value length (4105 bytes) greater than maximum size (4096 bytes), key: containerd.io/distribution.source.192.168.122.110: invalid argument"
time="2026-04-16T10:28:53Z" level=warning msg="skip to append distribution label: label key and value length (4105 bytes) greater than maximum size (4096 bytes), key: containerd.io/distribution.source.192.168.122.110: invalid argument"
time="2026-04-16T10:28:53Z" level=warning msg="skip to append distribution label: label key and value length (4105 bytes) greater than maximum size (4096 bytes), key: containerd.io/distribution.source.192.168.122.110: invalid argument"
time="2026-04-16T10:28:53Z" level=warning msg="skip to append distribution label: label key and value length (4105 bytes) greater than maximum size (4096 bytes), key: containerd.io/distribution.source.192.168.122.110: invalid argument"
192.168.122.110:5000/rs_ix_ix19:latest:                                           resolved       |[32m++++++++++++++++++++++++++++++++++++++[0m| 
index-sha256:93969c781dc63009020d888a3ac0d4012cbef785e1103ba738112b006e8d6317:    done           |[32m++++++++++++++++++++++++++++++++++++++[0m| 
manifest-sha256:d471821910f1ed2d0cac742cb440cfefaef689eec5ccd454a87eb0c875fc6676: done           |[32m++++++++++++++++++++++++++++++++++++++[0m| 
config-sha256:7d5404b94c81a6e44fa82330d15307b0cabf8baa071440dc008536a9dd8d787e:   done           |[32m++++++++++++++++++++++++++++++++++++++[0m| 
layer-sha256:755125b8eb7ed4995ac6fa978e73a924c3652ae9d4829bb728e09dad8fe3eb56:    done           |[32m++++++++++++++++++++++++++++++++++++++[0m| 
layer-sha256:74e3fd0a78a46d3f59e75742f4b7ed47218541139f7c6930e7a6c0d442ee1a43:    done           |[32m++++++++++++++++++++++++++++++++++++++[0m| 
layer-sha256:4accf72faab4ddbb011f63fff24e0656cd1cc9c9ad5293f7e7c0eaf80ed2872f:    done           |[32m++++++++++++++++++++++++++++++++++++++[0m| 
layer-sha256:08b46a2fad9e07fa4f3800b36daba9949b814ab650ba20379438aebde3f851ad:    done           |[32m++++++++++++++++++++++++++++++++++++++[0m| 
layer-sha256:15aa12b3a0c904da30ce8e849cd95b16fad92c7499989cd726e8997745993e7d:    done           |[32m++++++++++++++++++++++++++++++++++++++[0m| 
layer-sha256:44361424304c7875a4b95853d7efd443133601d1157b3beb15bd465fad04bed9:    done           |[32m++++++++++++++++++++++++++++++++++++++[0m| 
layer-sha256:34608cb22405250243a5e45518fb618d0bea826f8171514b271e7e4c1bef2752:    done           |[32m++++++++++++++++++++++++++++++++++++++[0m| 
layer-sha256:529fff5c9b461fec724503b0a86e3cd457e61f8fe4e22c4a24d675e22a33cf2f:    done           |[32m++++++++++++++++++++++++++++++++++++++[0m| 
layer-sha256:64a5d8258ce2b42e67330b08d63621bb09cc797b102a21bad4732b2383fa04c0:    done           |[32m++++++++++++++++++++++++++++++++++++++[0m| 
layer-sha256:450bb934662efe2c8c55922af96dfccb7cd62066a0861e11b9cc126c9592d6d7:    done           |[32m++++++++++++++++++++++++++++++++++++++[0m| 
layer-sha256:77fe4843fc699aaf8a0b7d7356512fb6d1499a74afcab0263bc82124f124a948:    done           |[32m++++++++++++++++++++++++++++++++++++++[0m| 
layer-sha256:84a04f2f69d55ce10a8365308d682727470edf53930da21f0b4a30a5838e7bb7:    done           |[32m++++++++++++++++++++++++++++++++++++++[0m| 
layer-sha256:c954e5f88d9d9be1ed732898db6841e22d90078a4c76cf4717c4cc7edc74403e:    done           |[32m++++++++++++++++++++++++++++++++++++++[0m| 
layer-sha256:8a29a47395cd3a02d8340f4325004f6ec371681754e5efa24afced2dbdd64272:    done           |[32m++++++++++++++++++++++++++++++++++++++[0m| 
layer-sha256:3a8b555545db1c129c5908f8931eb5e6e89e270e7b199261b83d70b62f647faa:    done           |[32m++++++++++++++++++++++++++++++++++++++[0m| 
layer-sha256:e59b44c60b0e4bef2712435bc1a530efe229ee8e4ce5e002fab156cab513cd4b:    done           |[32m++++++++++++++++++++++++++++++++++++++[0m| 
layer-sha256:b1a8b2706032f9c0f354be0daa46f3da6643916a3373ee5d2792dd2def0151d1:    done           |[32m++++++++++++++++++++++++++++++++++++++[0m| 
layer-sha256:4f4fb700ef54461cfa02571ae0db9a0dc1e0cdb5577484a6d75e68dc38e8acc1:    done           |[32m++++++++++++++++++++++++++++++++++++++[0m| 
layer-sha256:3e674af63f99a844c419eae5f1879e4ecf8af8f9e3d1f8f38392d134452c50e5:    done           |[32m++++++++++++++++++++++++++++++++++++++[0m| 
layer-sha256:e0d431dff534de7ddebdeaff3f68ab12d536e04df7885b213432953512443c8c:    done           |[32m++++++++++++++++++++++++++++++++++++++[0m| 
layer-sha256:eeda4857bf913af3bff487767f962181ff477805f5050168cea5d84c8c2482f4:    done           |[32m++++++++++++++++++++++++++++++++++++++[0m| 
layer-sha256:13b7e930469f6d3575a320709035c6acf6f5485a76abcf03d1b92a64c09c2476:    done           |[32m++++++++++++++++++++++++++++++++++++++[0m| 
elapsed: 0.1 s                                                                    total:   0.0 B (0.0 B/s)                                         
unpacking linux/amd64 sha256:93969c781dc63009020d888a3ac0d4012cbef785e1103ba738112b006e8d6317...
done: 17.55212ms	
time="2026-04-16T10:28:54Z" level=info msg="host will try HTTPS first since it is configured for HTTP with a TLS configuration, consider changing host to HTTPS or removing unused TLS configuration" host="192.168.122.110:5000"
time="2026-04-16T10:28:54Z" level=info msg="host will try HTTPS first since it is configured for HTTP with a TLS configuration, consider changing host to HTTPS or removing unused TLS configuration" host="192.168.122.110:5000"
time="2026-04-16T10:28:54Z" level=warning msg="skip to append distribution label: label key and value length (4106 bytes) greater than maximum size (4096 bytes), key: containerd.io/distribution.source.192.168.122.110: invalid argument"
time="2026-04-16T10:28:54Z" level=warning msg="skip to append distribution label: label key and value length (4106 bytes) greater than maximum size (4096 bytes), key: containerd.io/distribution.source.192.168.122.110: invalid argument"
time="2026-04-16T10:28:54Z" level=warning msg="skip to append distribution label: label key and value length (4106 bytes) greater than maximum size (4096 bytes), key: containerd.io/distribution.source.192.168.122.110: invalid argument"
time="2026-04-16T10:28:54Z" level=warning msg="skip to append distribution label: label key and value length (4106 bytes) greater than maximum size (4096 bytes), key: containerd.io/distribution.source.192.168.122.110: invalid argument"
time="2026-04-16T10:28:54Z" level=warning msg="skip to append distribution label: label key and value length (4106 bytes) greater than maximum size (4096 bytes), key: containerd.io/distribution.source.192.168.122.110: invalid argument"
time="2026-04-16T10:28:54Z" level=warning msg="skip to append distribution label: label key and value length (4106 bytes) greater than maximum size (4096 bytes), key: containerd.io/distribution.source.192.168.122.110: invalid argument"
time="2026-04-16T10:28:54Z" level=warning msg="skip to append distribution label: label key and value length (4106 bytes) greater than maximum size (4096 bytes), key: containerd.io/distribution.source.192.168.122.110: invalid argument"
time="2026-04-16T10:28:54Z" level=warning msg="skip to append distribution label: label key and value length (4106 bytes) greater than maximum size (4096 bytes), key: containerd.io/distribution.source.192.168.122.110: invalid argument"
192.168.122.110:5000/rs_ix_ix237:latest:                                          resolved       |[32m++++++++++++++++++++++++++++++++++++++[0m| 
index-sha256:25e3486ff4ec95f74b62b16747bf330b08fb0f6dff3f6e1e5877dbcec3ebec34:    done           |[32m++++++++++++++++++++++++++++++++++++++[0m| 
manifest-sha256:3f9c7a0c4b70cfd9a0dc4b9002edc9e7f6b76ee3a77eff0e8d90dce8463ed4cc: done           |[32m++++++++++++++++++++++++++++++++++++++[0m| 
layer-sha256:2b59a138a885e215d362b2dded7527555aa33a6fa061da5722dd2f9c62106ef6:    done           |[32m++++++++++++++++++++++++++++++++++++++[0m| 
layer-sha256:15aa12b3a0c904da30ce8e849cd95b16fad92c7499989cd726e8997745993e7d:    done           |[32m++++++++++++++++++++++++++++++++++++++[0m| 
layer-sha256:64a5d8258ce2b42e67330b08d63621bb09cc797b102a21bad4732b2383fa04c0:    done           |[32m++++++++++++++++++++++++++++++++++++++[0m| 
layer-sha256:08b46a2fad9e07fa4f3800b36daba9949b814ab650ba20379438aebde3f851ad:    done           |[32m++++++++++++++++++++++++++++++++++++++[0m| 
layer-sha256:3e674af63f99a844c419eae5f1879e4ecf8af8f9e3d1f8f38392d134452c50e5:    done           |[32m++++++++++++++++++++++++++++++++++++++[0m| 
layer-sha256:dd5a6f45dc49c094e54543f66509e3fcff7afd4c40b997a11c2484459640babc:    done           |[32m++++++++++++++++++++++++++++++++++++++[0m| 
config-sha256:cc7f5b09563c2d065803dc8f3a7ff3224ffefae296302e5d03c73c61c076f0c9:   done           |[32m++++++++++++++++++++++++++++++++++++++[0m| 
layer-sha256:988dd7a542321639b1ac3631c774fc7f13f7f545bd2db9813ae62a50bb9c724b:    done           |[32m++++++++++++++++++++++++++++++++++++++[0m| 
layer-sha256:f0a73df04789d225169c49c2867b316ee126a2107a532b8fab4e67668ae5b3a5:    done           |[32m++++++++++++++++++++++++++++++++++++++[0m| 
layer-sha256:77fe4843fc699aaf8a0b7d7356512fb6d1499a74afcab0263bc82124f124a948:    done           |[32m++++++++++++++++++++++++++++++++++++++[0m| 
layer-sha256:13b7e930469f6d3575a320709035c6acf6f5485a76abcf03d1b92a64c09c2476:    done           |[32m++++++++++++++++++++++++++++++++++++++[0m| 
layer-sha256:80644510ef5741d458a7ff212a38ed274f74131a54d1556dc9dfa6093f2ff044:    done           |[32m++++++++++++++++++++++++++++++++++++++[0m| 
layer-sha256:e59b44c60b0e4bef2712435bc1a530efe229ee8e4ce5e002fab156cab513cd4b:    done           |[32m++++++++++++++++++++++++++++++++++++++[0m| 
layer-sha256:4f4fb700ef54461cfa02571ae0db9a0dc1e0cdb5577484a6d75e68dc38e8acc1:    done           |[32m++++++++++++++++++++++++++++++++++++++[0m| 
layer-sha256:4accf72faab4ddbb011f63fff24e0656cd1cc9c9ad5293f7e7c0eaf80ed2872f:    done           |[32m++++++++++++++++++++++++++++++++++++++[0m| 
layer-sha256:8a29a47395cd3a02d8340f4325004f6ec371681754e5efa24afced2dbdd64272:    done           |[32m++++++++++++++++++++++++++++++++++++++[0m| 
layer-sha256:44361424304c7875a4b95853d7efd443133601d1157b3beb15bd465fad04bed9:    done           |[32m++++++++++++++++++++++++++++++++++++++[0m| 
layer-sha256:b1a8b2706032f9c0f354be0daa46f3da6643916a3373ee5d2792dd2def0151d1:    done           |[32m++++++++++++++++++++++++++++++++++++++[0m| 
layer-sha256:529fff5c9b461fec724503b0a86e3cd457e61f8fe4e22c4a24d675e22a33cf2f:    done           |[32m++++++++++++++++++++++++++++++++++++++[0m| 
layer-sha256:84a04f2f69d55ce10a8365308d682727470edf53930da21f0b4a30a5838e7bb7:    done           |[32m++++++++++++++++++++++++++++++++++++++[0m| 
layer-sha256:450bb934662efe2c8c55922af96dfccb7cd62066a0861e11b9cc126c9592d6d7:    done           |[32m++++++++++++++++++++++++++++++++++++++[0m| 
layer-sha256:34608cb22405250243a5e45518fb618d0bea826f8171514b271e7e4c1bef2752:    done           |[32m++++++++++++++++++++++++++++++++++++++[0m| 
layer-sha256:c954e5f88d9d9be1ed732898db6841e22d90078a4c76cf4717c4cc7edc74403e:    done           |[32m++++++++++++++++++++++++++++++++++++++[0m| 
elapsed: 0.1 s                                                                    total:   0.0 B (0.0 B/s)                                         
unpacking linux/amd64 sha256:25e3486ff4ec95f74b62b16747bf330b08fb0f6dff3f6e1e5877dbcec3ebec34...
done: 18.356983ms	
time="2026-04-16T10:28:55Z" level=info msg="host will try HTTPS first since it is configured for HTTP with a TLS configuration, consider changing host to HTTPS or removing unused TLS configuration" host="192.168.122.110:5000"
time="2026-04-16T10:28:55Z" level=info msg="host will try HTTPS first since it is configured for HTTP with a TLS configuration, consider changing host to HTTPS or removing unused TLS configuration" host="192.168.122.110:5000"
time="2026-04-16T10:28:55Z" level=warning msg="skip to append distribution label: label key and value length (4105 bytes) greater than maximum size (4096 bytes), key: containerd.io/distribution.source.192.168.122.110: invalid argument"
time="2026-04-16T10:28:55Z" level=warning msg="skip to append distribution label: label key and value length (4105 bytes) greater than maximum size (4096 bytes), key: containerd.io/distribution.source.192.168.122.110: invalid argument"
time="2026-04-16T10:28:55Z" level=warning msg="skip to append distribution label: label key and value length (4105 bytes) greater than maximum size (4096 bytes), key: containerd.io/distribution.source.192.168.122.110: invalid argument"
time="2026-04-16T10:28:55Z" level=warning msg="skip to append distribution label: label key and value length (4105 bytes) greater than maximum size (4096 bytes), key: containerd.io/distribution.source.192.168.122.110: invalid argument"
time="2026-04-16T10:28:55Z" level=warning msg="skip to append distribution label: label key and value length (4105 bytes) greater than maximum size (4096 bytes), key: containerd.io/distribution.source.192.168.122.110: invalid argument"
time="2026-04-16T10:28:55Z" level=warning msg="skip to append distribution label: label key and value length (4105 bytes) greater than maximum size (4096 bytes), key: containerd.io/distribution.source.192.168.122.110: invalid argument"
time="2026-04-16T10:28:55Z" level=warning msg="skip to append distribution label: label key and value length (4105 bytes) greater than maximum size (4096 bytes), key: containerd.io/distribution.source.192.168.122.110: invalid argument"
time="2026-04-16T10:28:55Z" level=warning msg="skip to append distribution label: label key and value length (4105 bytes) greater than maximum size (4096 bytes), key: containerd.io/distribution.source.192.168.122.110: invalid argument"
192.168.122.110:5000/rs_ix_ix25:latest:                                           resolved       |[32m++++++++++++++++++++++++++++++++++++++[0m| 
index-sha256:14d5ee7b5357a10121732707dca300c344f6996f6484b79eae11cebcf4c0a7b3:    done           |[32m++++++++++++++++++++++++++++++++++++++[0m| 
manifest-sha256:54813ccd9be31273af76fcf978fa27c7d06c269a92d69a164824cfdd7c98e592: done           |[32m++++++++++++++++++++++++++++++++++++++[0m| 
layer-sha256:34608cb22405250243a5e45518fb618d0bea826f8171514b271e7e4c1bef2752:    done           |[32m++++++++++++++++++++++++++++++++++++++[0m| 
layer-sha256:8a29a47395cd3a02d8340f4325004f6ec371681754e5efa24afced2dbdd64272:    done           |[32m++++++++++++++++++++++++++++++++++++++[0m| 
layer-sha256:c954e5f88d9d9be1ed732898db6841e22d90078a4c76cf4717c4cc7edc74403e:    done           |[32m++++++++++++++++++++++++++++++++++++++[0m| 
layer-sha256:e59b44c60b0e4bef2712435bc1a530efe229ee8e4ce5e002fab156cab513cd4b:    done           |[32m++++++++++++++++++++++++++++++++++++++[0m| 
layer-sha256:4accf72faab4ddbb011f63fff24e0656cd1cc9c9ad5293f7e7c0eaf80ed2872f:    done           |[32m++++++++++++++++++++++++++++++++++++++[0m| 
layer-sha256:13b7e930469f6d3575a320709035c6acf6f5485a76abcf03d1b92a64c09c2476:    done           |[32m++++++++++++++++++++++++++++++++++++++[0m| 
layer-sha256:b1a8b2706032f9c0f354be0daa46f3da6643916a3373ee5d2792dd2def0151d1:    done           |[32m++++++++++++++++++++++++++++++++++++++[0m| 
layer-sha256:450bb934662efe2c8c55922af96dfccb7cd62066a0861e11b9cc126c9592d6d7:    done           |[32m++++++++++++++++++++++++++++++++++++++[0m| 
config-sha256:eb9320c8a59a0769d96f69c0b968e7629deadcfa99bdf40c97bc21e386817b33:   done           |[32m++++++++++++++++++++++++++++++++++++++[0m| 
layer-sha256:ac9c55efe64fb7545171668016880b71786bffdf65ad1ed15f027aa88628ebfb:    done           |[32m++++++++++++++++++++++++++++++++++++++[0m| 
layer-sha256:a359594c882de72b53bbdc415e3c3b8bd903bcaca72664c2d6ab81c03465e315:    done           |[32m++++++++++++++++++++++++++++++++++++++[0m| 
layer-sha256:a0d8c2a84fda92532183e0bc0fa89438f5d16d33022d152ec39489e8af24832d:    done           |[32m++++++++++++++++++++++++++++++++++++++[0m| 
layer-sha256:01484ebd00f39a3a404f68f9a35d78778a350f12a83ea78d145620455b4b846c:    done           |[32m++++++++++++++++++++++++++++++++++++++[0m| 
layer-sha256:4f4fb700ef54461cfa02571ae0db9a0dc1e0cdb5577484a6d75e68dc38e8acc1:    done           |[32m++++++++++++++++++++++++++++++++++++++[0m| 
layer-sha256:1890cf90f25700aa4eda8e7048c297b1cefbdf7c8e376201e5fb0d9d507bfa2f:    done           |[32m++++++++++++++++++++++++++++++++++++++[0m| 
layer-sha256:48cc5f7ee915a7ecaaa45d3f458d38a818c7a13c8f7c20c40eb94599ca2bf350:    done           |[32m++++++++++++++++++++++++++++++++++++++[0m| 
layer-sha256:9bf6f1b30452687c79ec9faf90b8d9521ccdd4634d5d2e2fbc704148265bae8b:    done           |[32m++++++++++++++++++++++++++++++++++++++[0m| 
layer-sha256:2231eaf3a298084fa9e30b1e4c9f9e922cc15f29825b10878315732ac4d39c9b:    done           |[32m++++++++++++++++++++++++++++++++++++++[0m| 
layer-sha256:e899272ca12e6d43e07dff378be047161340e391c347c146386abd3bae7e7918:    done           |[32m++++++++++++++++++++++++++++++++++++++[0m| 
layer-sha256:5da617756c2a356e840be444553141e821e903e385dfe8e952fb3379d1c30382:    done           |[32m++++++++++++++++++++++++++++++++++++++[0m| 
layer-sha256:f0be247c482793a4b1174bdfc6f34055d01fbc2e91ff83df34afe769f4fe95c5:    done           |[32m++++++++++++++++++++++++++++++++++++++[0m| 
layer-sha256:64a5d8258ce2b42e67330b08d63621bb09cc797b102a21bad4732b2383fa04c0:    done           |[32m++++++++++++++++++++++++++++++++++++++[0m| 
layer-sha256:c8d11d2b7f50b0722f864f8bf87a48e0e367600f193f6528c63937802eeba0bf:    done           |[32m++++++++++++++++++++++++++++++++++++++[0m| 
elapsed: 0.1 s                                                                    total:   0.0 B (0.0 B/s)                                         
unpacking linux/amd64 sha256:14d5ee7b5357a10121732707dca300c344f6996f6484b79eae11cebcf4c0a7b3...
done: 19.517766ms	
time="2026-04-16T10:28:56Z" level=info msg="host will try HTTPS first since it is configured for HTTP with a TLS configuration, consider changing host to HTTPS or removing unused TLS configuration" host="192.168.122.110:5000"
time="2026-04-16T10:28:56Z" level=info msg="host will try HTTPS first since it is configured for HTTP with a TLS configuration, consider changing host to HTTPS or removing unused TLS configuration" host="192.168.122.110:5000"
time="2026-04-16T10:28:56Z" level=warning msg="skip to append distribution label: label key and value length (4105 bytes) greater than maximum size (4096 bytes), key: containerd.io/distribution.source.192.168.122.110: invalid argument"
time="2026-04-16T10:28:56Z" level=warning msg="skip to append distribution label: label key and value length (4105 bytes) greater than maximum size (4096 bytes), key: containerd.io/distribution.source.192.168.122.110: invalid argument"
time="2026-04-16T10:28:56Z" level=warning msg="skip to append distribution label: label key and value length (4105 bytes) greater than maximum size (4096 bytes), key: containerd.io/distribution.source.192.168.122.110: invalid argument"
time="2026-04-16T10:28:56Z" level=warning msg="skip to append distribution label: label key and value length (4105 bytes) greater than maximum size (4096 bytes), key: containerd.io/distribution.source.192.168.122.110: invalid argument"
time="2026-04-16T10:28:56Z" level=warning msg="skip to append distribution label: label key and value length (4105 bytes) greater than maximum size (4096 bytes), key: containerd.io/distribution.source.192.168.122.110: invalid argument"
time="2026-04-16T10:28:56Z" level=warning msg="skip to append distribution label: label key and value length (4105 bytes) greater than maximum size (4096 bytes), key: containerd.io/distribution.source.192.168.122.110: invalid argument"
time="2026-04-16T10:28:56Z" level=warning msg="skip to append distribution label: label key and value length (4105 bytes) greater than maximum size (4096 bytes), key: containerd.io/distribution.source.192.168.122.110: invalid argument"
time="2026-04-16T10:28:56Z" level=warning msg="skip to append distribution label: label key and value length (4105 bytes) greater than maximum size (4096 bytes), key: containerd.io/distribution.source.192.168.122.110: invalid argument"
192.168.122.110:5000/rs_ix_ix32:latest:                                           resolved       |[32m++++++++++++++++++++++++++++++++++++++[0m| 
index-sha256:ea8c39ee7d37856e803eae3d1988d5317c6a2317839f664d45e9a47f81ac83e6:    done           |[32m++++++++++++++++++++++++++++++++++++++[0m| 
manifest-sha256:f5ce0a8f69b96f2b011a95c1d574f133e1c734900373c32679cf55417f6c0cd9: done           |[32m++++++++++++++++++++++++++++++++++++++[0m| 
layer-sha256:c954e5f88d9d9be1ed732898db6841e22d90078a4c76cf4717c4cc7edc74403e:    done           |[32m++++++++++++++++++++++++++++++++++++++[0m| 
layer-sha256:e59b44c60b0e4bef2712435bc1a530efe229ee8e4ce5e002fab156cab513cd4b:    done           |[32m++++++++++++++++++++++++++++++++++++++[0m| 
layer-sha256:19506b13279edc37f63996f8229c7e9512028e0a236f3b43daaa2040aa38e3b8:    done           |[32m++++++++++++++++++++++++++++++++++++++[0m| 
config-sha256:c713dd418d49507458259286b213948b225cc6cb7562d2c749001e73f270d711:   done           |[32m++++++++++++++++++++++++++++++++++++++[0m| 
layer-sha256:b1a8b2706032f9c0f354be0daa46f3da6643916a3373ee5d2792dd2def0151d1:    done           |[32m++++++++++++++++++++++++++++++++++++++[0m| 
layer-sha256:4accf72faab4ddbb011f63fff24e0656cd1cc9c9ad5293f7e7c0eaf80ed2872f:    done           |[32m++++++++++++++++++++++++++++++++++++++[0m| 
layer-sha256:34608cb22405250243a5e45518fb618d0bea826f8171514b271e7e4c1bef2752:    done           |[32m++++++++++++++++++++++++++++++++++++++[0m| 
layer-sha256:4f4fb700ef54461cfa02571ae0db9a0dc1e0cdb5577484a6d75e68dc38e8acc1:    done           |[32m++++++++++++++++++++++++++++++++++++++[0m| 
layer-sha256:450bb934662efe2c8c55922af96dfccb7cd62066a0861e11b9cc126c9592d6d7:    done           |[32m++++++++++++++++++++++++++++++++++++++[0m| 
layer-sha256:8a29a47395cd3a02d8340f4325004f6ec371681754e5efa24afced2dbdd64272:    done           |[32m++++++++++++++++++++++++++++++++++++++[0m| 
layer-sha256:64a5d8258ce2b42e67330b08d63621bb09cc797b102a21bad4732b2383fa04c0:    done           |[32m++++++++++++++++++++++++++++++++++++++[0m| 
layer-sha256:08b46a2fad9e07fa4f3800b36daba9949b814ab650ba20379438aebde3f851ad:    done           |[32m++++++++++++++++++++++++++++++++++++++[0m| 
layer-sha256:13b7e930469f6d3575a320709035c6acf6f5485a76abcf03d1b92a64c09c2476:    done           |[32m++++++++++++++++++++++++++++++++++++++[0m| 
layer-sha256:15aa12b3a0c904da30ce8e849cd95b16fad92c7499989cd726e8997745993e7d:    done           |[32m++++++++++++++++++++++++++++++++++++++[0m| 
layer-sha256:b446c3f9e6de8c4cad13a64fd5cdb8d9ff07c01bd73d9240ec60c810d5270e82:    done           |[32m++++++++++++++++++++++++++++++++++++++[0m| 
layer-sha256:73b0761d1e2c7ac0e4fcb5f1645a1844f0d09ced71d7c2e33f16c27c03215222:    done           |[32m++++++++++++++++++++++++++++++++++++++[0m| 
layer-sha256:77fe4843fc699aaf8a0b7d7356512fb6d1499a74afcab0263bc82124f124a948:    done           |[32m++++++++++++++++++++++++++++++++++++++[0m| 
layer-sha256:44361424304c7875a4b95853d7efd443133601d1157b3beb15bd465fad04bed9:    done           |[32m++++++++++++++++++++++++++++++++++++++[0m| 
layer-sha256:3e674af63f99a844c419eae5f1879e4ecf8af8f9e3d1f8f38392d134452c50e5:    done           |[32m++++++++++++++++++++++++++++++++++++++[0m| 
layer-sha256:594224129c4b399a3335d8079110936a3f4672dddfd542edd90a821c906758c2:    done           |[32m++++++++++++++++++++++++++++++++++++++[0m| 
layer-sha256:84a04f2f69d55ce10a8365308d682727470edf53930da21f0b4a30a5838e7bb7:    done           |[32m++++++++++++++++++++++++++++++++++++++[0m| 
layer-sha256:529fff5c9b461fec724503b0a86e3cd457e61f8fe4e22c4a24d675e22a33cf2f:    done           |[32m++++++++++++++++++++++++++++++++++++++[0m| 
layer-sha256:1be5501a77b251c816bc43fb37dfc13034fb4ea8370e36740731261a38bf557c:    done           |[32m++++++++++++++++++++++++++++++++++++++[0m| 
elapsed: 0.1 s                                                                    total:   0.0 B (0.0 B/s)                                         
unpacking linux/amd64 sha256:ea8c39ee7d37856e803eae3d1988d5317c6a2317839f664d45e9a47f81ac83e6...
done: 19.618076ms	
time="2026-04-16T10:28:57Z" level=info msg="host will try HTTPS first since it is configured for HTTP with a TLS configuration, consider changing host to HTTPS or removing unused TLS configuration" host="192.168.122.110:5000"
time="2026-04-16T10:28:57Z" level=info msg="host will try HTTPS first since it is configured for HTTP with a TLS configuration, consider changing host to HTTPS or removing unused TLS configuration" host="192.168.122.110:5000"
time="2026-04-16T10:28:57Z" level=warning msg="skip to append distribution label: label key and value length (4106 bytes) greater than maximum size (4096 bytes), key: containerd.io/distribution.source.192.168.122.110: invalid argument"
time="2026-04-16T10:28:57Z" level=warning msg="skip to append distribution label: label key and value length (4106 bytes) greater than maximum size (4096 bytes), key: containerd.io/distribution.source.192.168.122.110: invalid argument"
time="2026-04-16T10:28:57Z" level=warning msg="skip to append distribution label: label key and value length (4106 bytes) greater than maximum size (4096 bytes), key: containerd.io/distribution.source.192.168.122.110: invalid argument"
time="2026-04-16T10:28:57Z" level=warning msg="skip to append distribution label: label key and value length (4106 bytes) greater than maximum size (4096 bytes), key: containerd.io/distribution.source.192.168.122.110: invalid argument"
time="2026-04-16T10:28:57Z" level=warning msg="skip to append distribution label: label key and value length (4106 bytes) greater than maximum size (4096 bytes), key: containerd.io/distribution.source.192.168.122.110: invalid argument"
time="2026-04-16T10:28:57Z" level=warning msg="skip to append distribution label: label key and value length (4106 bytes) greater than maximum size (4096 bytes), key: containerd.io/distribution.source.192.168.122.110: invalid argument"
time="2026-04-16T10:28:57Z" level=warning msg="skip to append distribution label: label key and value length (4106 bytes) greater than maximum size (4096 bytes), key: containerd.io/distribution.source.192.168.122.110: invalid argument"
time="2026-04-16T10:28:57Z" level=warning msg="skip to append distribution label: label key and value length (4106 bytes) greater than maximum size (4096 bytes), key: containerd.io/distribution.source.192.168.122.110: invalid argument"
192.168.122.110:5000/rs_ix_ix345:latest:                                          resolved       |[32m++++++++++++++++++++++++++++++++++++++[0m| 
index-sha256:d8d3e60084f91c7a595e583bd1ccaf0d5bae700bbd36c278f89a32e8d9b32c76:    done           |[32m++++++++++++++++++++++++++++++++++++++[0m| 
manifest-sha256:1fbdb7fe11f41064112b5f3b08059daa62b22a93ba656a549a426d51be0041ea: done           |[32m++++++++++++++++++++++++++++++++++++++[0m| 
config-sha256:23e95f696b7a46e18f91ac6049ff8828da2eb590ea93fbb6e2d09cb87cdd86f1:   done           |[32m++++++++++++++++++++++++++++++++++++++[0m| 
layer-sha256:13b7e930469f6d3575a320709035c6acf6f5485a76abcf03d1b92a64c09c2476:    done           |[32m++++++++++++++++++++++++++++++++++++++[0m| 
layer-sha256:c954e5f88d9d9be1ed732898db6841e22d90078a4c76cf4717c4cc7edc74403e:    done           |[32m++++++++++++++++++++++++++++++++++++++[0m| 
layer-sha256:44361424304c7875a4b95853d7efd443133601d1157b3beb15bd465fad04bed9:    done           |[32m++++++++++++++++++++++++++++++++++++++[0m| 
layer-sha256:450bb934662efe2c8c55922af96dfccb7cd62066a0861e11b9cc126c9592d6d7:    done           |[32m++++++++++++++++++++++++++++++++++++++[0m| 
layer-sha256:cfd56d4c4c7d3958a584007cbd08e068765bba8f44f782b6e4e90993412a3051:    done           |[32m++++++++++++++++++++++++++++++++++++++[0m| 
layer-sha256:08b46a2fad9e07fa4f3800b36daba9949b814ab650ba20379438aebde3f851ad:    done           |[32m++++++++++++++++++++++++++++++++++++++[0m| 
layer-sha256:64a5d8258ce2b42e67330b08d63621bb09cc797b102a21bad4732b2383fa04c0:    done           |[32m++++++++++++++++++++++++++++++++++++++[0m| 
layer-sha256:b1a8b2706032f9c0f354be0daa46f3da6643916a3373ee5d2792dd2def0151d1:    done           |[32m++++++++++++++++++++++++++++++++++++++[0m| 
layer-sha256:75ea9e3642ca8fd46f4966167796bb8a801a51431d02cac875b964617d9435de:    done           |[32m++++++++++++++++++++++++++++++++++++++[0m| 
layer-sha256:529fff5c9b461fec724503b0a86e3cd457e61f8fe4e22c4a24d675e22a33cf2f:    done           |[32m++++++++++++++++++++++++++++++++++++++[0m| 
layer-sha256:b27975f0866e9b30be082b2c01c88129725f967b1c1825023b6ada08b7edadc5:    done           |[32m++++++++++++++++++++++++++++++++++++++[0m| 
layer-sha256:3e674af63f99a844c419eae5f1879e4ecf8af8f9e3d1f8f38392d134452c50e5:    done           |[32m++++++++++++++++++++++++++++++++++++++[0m| 
layer-sha256:84a04f2f69d55ce10a8365308d682727470edf53930da21f0b4a30a5838e7bb7:    done           |[32m++++++++++++++++++++++++++++++++++++++[0m| 
layer-sha256:ebae47a4b3f2f7924997b016d905ef3ed6f66002bee73e2bda27379e8c01e10b:    done           |[32m++++++++++++++++++++++++++++++++++++++[0m| 
layer-sha256:15aa12b3a0c904da30ce8e849cd95b16fad92c7499989cd726e8997745993e7d:    done           |[32m++++++++++++++++++++++++++++++++++++++[0m| 
layer-sha256:60361a5f2e53e8401cac3fdcd427a792d844490aee0032863d615ed031c8a7e6:    done           |[32m++++++++++++++++++++++++++++++++++++++[0m| 
layer-sha256:77fe4843fc699aaf8a0b7d7356512fb6d1499a74afcab0263bc82124f124a948:    done           |[32m++++++++++++++++++++++++++++++++++++++[0m| 
layer-sha256:4f4fb700ef54461cfa02571ae0db9a0dc1e0cdb5577484a6d75e68dc38e8acc1:    done           |[32m++++++++++++++++++++++++++++++++++++++[0m| 
layer-sha256:4accf72faab4ddbb011f63fff24e0656cd1cc9c9ad5293f7e7c0eaf80ed2872f:    done           |[32m++++++++++++++++++++++++++++++++++++++[0m| 
layer-sha256:e59b44c60b0e4bef2712435bc1a530efe229ee8e4ce5e002fab156cab513cd4b:    done           |[32m++++++++++++++++++++++++++++++++++++++[0m| 
layer-sha256:34608cb22405250243a5e45518fb618d0bea826f8171514b271e7e4c1bef2752:    done           |[32m++++++++++++++++++++++++++++++++++++++[0m| 
layer-sha256:8a29a47395cd3a02d8340f4325004f6ec371681754e5efa24afced2dbdd64272:    done           |[32m++++++++++++++++++++++++++++++++++++++[0m| 
elapsed: 0.1 s                                                                    total:   0.0 B (0.0 B/s)                                         
unpacking linux/amd64 sha256:d8d3e60084f91c7a595e583bd1ccaf0d5bae700bbd36c278f89a32e8d9b32c76...
done: 17.4619ms	
time="2026-04-16T10:28:57Z" level=info msg="host will try HTTPS first since it is configured for HTTP with a TLS configuration, consider changing host to HTTPS or removing unused TLS configuration" host="192.168.122.110:5000"
time="2026-04-16T10:28:57Z" level=info msg="host will try HTTPS first since it is configured for HTTP with a TLS configuration, consider changing host to HTTPS or removing unused TLS configuration" host="192.168.122.110:5000"
time="2026-04-16T10:28:57Z" level=warning msg="skip to append distribution label: label key and value length (4105 bytes) greater than maximum size (4096 bytes), key: containerd.io/distribution.source.192.168.122.110: invalid argument"
time="2026-04-16T10:28:57Z" level=warning msg="skip to append distribution label: label key and value length (4105 bytes) greater than maximum size (4096 bytes), key: containerd.io/distribution.source.192.168.122.110: invalid argument"
time="2026-04-16T10:28:57Z" level=warning msg="skip to append distribution label: label key and value length (4105 bytes) greater than maximum size (4096 bytes), key: containerd.io/distribution.source.192.168.122.110: invalid argument"
time="2026-04-16T10:28:57Z" level=warning msg="skip to append distribution label: label key and value length (4105 bytes) greater than maximum size (4096 bytes), key: containerd.io/distribution.source.192.168.122.110: invalid argument"
time="2026-04-16T10:28:57Z" level=warning msg="skip to append distribution label: label key and value length (4105 bytes) greater than maximum size (4096 bytes), key: containerd.io/distribution.source.192.168.122.110: invalid argument"
time="2026-04-16T10:28:57Z" level=warning msg="skip to append distribution label: label key and value length (4105 bytes) greater than maximum size (4096 bytes), key: containerd.io/distribution.source.192.168.122.110: invalid argument"
time="2026-04-16T10:28:57Z" level=warning msg="skip to append distribution label: label key and value length (4105 bytes) greater than maximum size (4096 bytes), key: containerd.io/distribution.source.192.168.122.110: invalid argument"
time="2026-04-16T10:28:57Z" level=warning msg="skip to append distribution label: label key and value length (4105 bytes) greater than maximum size (4096 bytes), key: containerd.io/distribution.source.192.168.122.110: invalid argument"
192.168.122.110:5000/rs_ix_ix38:latest:                                           resolved       |[32m++++++++++++++++++++++++++++++++++++++[0m| 
index-sha256:13cd8a86f2d6ec7dbdaab545c31291aba42f84be2418d2b227e12e668ca119a6:    done           |[32m++++++++++++++++++++++++++++++++++++++[0m| 
manifest-sha256:676012971aad3aacf3193b9c6fd657a8dddf2496cbfc307dd9394db988e219ee: done           |[32m++++++++++++++++++++++++++++++++++++++[0m| 
layer-sha256:1361a66c8af0dc79a6b4c711ab036c3b27ef7100ce19ef64ccf173bf7e63eeaa:    done           |[32m++++++++++++++++++++++++++++++++++++++[0m| 
layer-sha256:b6e5bc847612810fd6b5195fca8af5e4890790933a415bfda6d3f1b50ff86f06:    done           |[32m++++++++++++++++++++++++++++++++++++++[0m| 
layer-sha256:64a5d8258ce2b42e67330b08d63621bb09cc797b102a21bad4732b2383fa04c0:    done           |[32m++++++++++++++++++++++++++++++++++++++[0m| 
layer-sha256:c954e5f88d9d9be1ed732898db6841e22d90078a4c76cf4717c4cc7edc74403e:    done           |[32m++++++++++++++++++++++++++++++++++++++[0m| 
layer-sha256:8702a3215a8da39c329c2b79aec3f14a7d19c193ba1385d00ce1627c369774da:    done           |[32m++++++++++++++++++++++++++++++++++++++[0m| 
layer-sha256:c8d11d2b7f50b0722f864f8bf87a48e0e367600f193f6528c63937802eeba0bf:    done           |[32m++++++++++++++++++++++++++++++++++++++[0m| 
layer-sha256:e899272ca12e6d43e07dff378be047161340e391c347c146386abd3bae7e7918:    done           |[32m++++++++++++++++++++++++++++++++++++++[0m| 
layer-sha256:5da617756c2a356e840be444553141e821e903e385dfe8e952fb3379d1c30382:    done           |[32m++++++++++++++++++++++++++++++++++++++[0m| 
layer-sha256:34608cb22405250243a5e45518fb618d0bea826f8171514b271e7e4c1bef2752:    done           |[32m++++++++++++++++++++++++++++++++++++++[0m| 
layer-sha256:48cc5f7ee915a7ecaaa45d3f458d38a818c7a13c8f7c20c40eb94599ca2bf350:    done           |[32m++++++++++++++++++++++++++++++++++++++[0m| 
layer-sha256:4accf72faab4ddbb011f63fff24e0656cd1cc9c9ad5293f7e7c0eaf80ed2872f:    done           |[32m++++++++++++++++++++++++++++++++++++++[0m| 
layer-sha256:13b7e930469f6d3575a320709035c6acf6f5485a76abcf03d1b92a64c09c2476:    done           |[32m++++++++++++++++++++++++++++++++++++++[0m| 
layer-sha256:a359594c882de72b53bbdc415e3c3b8bd903bcaca72664c2d6ab81c03465e315:    done           |[32m++++++++++++++++++++++++++++++++++++++[0m| 
layer-sha256:450bb934662efe2c8c55922af96dfccb7cd62066a0861e11b9cc126c9592d6d7:    done           |[32m++++++++++++++++++++++++++++++++++++++[0m| 
layer-sha256:edaa7830fa5978299b34fb098f0e588c813cd6c6724cc39912c6341ea541505d:    done           |[32m++++++++++++++++++++++++++++++++++++++[0m| 
layer-sha256:b1a8b2706032f9c0f354be0daa46f3da6643916a3373ee5d2792dd2def0151d1:    done           |[32m++++++++++++++++++++++++++++++++++++++[0m| 
layer-sha256:e59b44c60b0e4bef2712435bc1a530efe229ee8e4ce5e002fab156cab513cd4b:    done           |[32m++++++++++++++++++++++++++++++++++++++[0m| 
layer-sha256:2231eaf3a298084fa9e30b1e4c9f9e922cc15f29825b10878315732ac4d39c9b:    done           |[32m++++++++++++++++++++++++++++++++++++++[0m| 
layer-sha256:4f4fb700ef54461cfa02571ae0db9a0dc1e0cdb5577484a6d75e68dc38e8acc1:    done           |[32m++++++++++++++++++++++++++++++++++++++[0m| 
config-sha256:0d3f0a3e3c94401c546aaa37ad8f6468a130e1e5fd5e15c02d5edf9f9979ca97:   done           |[32m++++++++++++++++++++++++++++++++++++++[0m| 
layer-sha256:8a29a47395cd3a02d8340f4325004f6ec371681754e5efa24afced2dbdd64272:    done           |[32m++++++++++++++++++++++++++++++++++++++[0m| 
layer-sha256:f0be247c482793a4b1174bdfc6f34055d01fbc2e91ff83df34afe769f4fe95c5:    done           |[32m++++++++++++++++++++++++++++++++++++++[0m| 
layer-sha256:5942b4db5354bc1b08715cc1dd7452d6fdd7442a01ba9b322993ddd5835ba81a:    done           |[32m++++++++++++++++++++++++++++++++++++++[0m| 
elapsed: 0.1 s                                                                    total:   0.0 B (0.0 B/s)                                         
unpacking linux/amd64 sha256:13cd8a86f2d6ec7dbdaab545c31291aba42f84be2418d2b227e12e668ca119a6...
done: 19.622777ms	
time="2026-04-16T10:28:58Z" level=info msg="host will try HTTPS first since it is configured for HTTP with a TLS configuration, consider changing host to HTTPS or removing unused TLS configuration" host="192.168.122.110:5000"
time="2026-04-16T10:28:58Z" level=info msg="host will try HTTPS first since it is configured for HTTP with a TLS configuration, consider changing host to HTTPS or removing unused TLS configuration" host="192.168.122.110:5000"
time="2026-04-16T10:28:58Z" level=warning msg="skip to append distribution label: label key and value length (4105 bytes) greater than maximum size (4096 bytes), key: containerd.io/distribution.source.192.168.122.110: invalid argument"
time="2026-04-16T10:28:58Z" level=warning msg="skip to append distribution label: label key and value length (4105 bytes) greater than maximum size (4096 bytes), key: containerd.io/distribution.source.192.168.122.110: invalid argument"
time="2026-04-16T10:28:58Z" level=warning msg="skip to append distribution label: label key and value length (4105 bytes) greater than maximum size (4096 bytes), key: containerd.io/distribution.source.192.168.122.110: invalid argument"
time="2026-04-16T10:28:58Z" level=warning msg="skip to append distribution label: label key and value length (4105 bytes) greater than maximum size (4096 bytes), key: containerd.io/distribution.source.192.168.122.110: invalid argument"
time="2026-04-16T10:28:58Z" level=warning msg="skip to append distribution label: label key and value length (4105 bytes) greater than maximum size (4096 bytes), key: containerd.io/distribution.source.192.168.122.110: invalid argument"
time="2026-04-16T10:28:58Z" level=warning msg="skip to append distribution label: label key and value length (4105 bytes) greater than maximum size (4096 bytes), key: containerd.io/distribution.source.192.168.122.110: invalid argument"
time="2026-04-16T10:28:58Z" level=warning msg="skip to append distribution label: label key and value length (4105 bytes) greater than maximum size (4096 bytes), key: containerd.io/distribution.source.192.168.122.110: invalid argument"
time="2026-04-16T10:28:58Z" level=warning msg="skip to append distribution label: label key and value length (4105 bytes) greater than maximum size (4096 bytes), key: containerd.io/distribution.source.192.168.122.110: invalid argument"
192.168.122.110:5000/rs_ix_ix44:latest:                                           resolved       |[32m++++++++++++++++++++++++++++++++++++++[0m| 
index-sha256:8a32cbaa921e60e43e281bc5ecde176c311713ed49adc5bb4ab6d74f18d62312:    done           |[32m++++++++++++++++++++++++++++++++++++++[0m| 
manifest-sha256:5c011479f09f2160f0ba6fbf61c19507c6f0f40b16fe43ebfdd8398884d41a16: done           |[32m++++++++++++++++++++++++++++++++++++++[0m| 
layer-sha256:34608cb22405250243a5e45518fb618d0bea826f8171514b271e7e4c1bef2752:    done           |[32m++++++++++++++++++++++++++++++++++++++[0m| 
layer-sha256:8a29a47395cd3a02d8340f4325004f6ec371681754e5efa24afced2dbdd64272:    done           |[32m++++++++++++++++++++++++++++++++++++++[0m| 
layer-sha256:880f4facd196cdb0ee8e3eac504641699fe77b3f59f25ec6eb03ce51dcdbdb1e:    done           |[32m++++++++++++++++++++++++++++++++++++++[0m| 
layer-sha256:e59b44c60b0e4bef2712435bc1a530efe229ee8e4ce5e002fab156cab513cd4b:    done           |[32m++++++++++++++++++++++++++++++++++++++[0m| 
layer-sha256:b1a8b2706032f9c0f354be0daa46f3da6643916a3373ee5d2792dd2def0151d1:    done           |[32m++++++++++++++++++++++++++++++++++++++[0m| 
layer-sha256:450bb934662efe2c8c55922af96dfccb7cd62066a0861e11b9cc126c9592d6d7:    done           |[32m++++++++++++++++++++++++++++++++++++++[0m| 
layer-sha256:4f4fb700ef54461cfa02571ae0db9a0dc1e0cdb5577484a6d75e68dc38e8acc1:    done           |[32m++++++++++++++++++++++++++++++++++++++[0m| 
config-sha256:3c634e3c9c150c6b6c550d46f2d4653b3802f4d9650b785460c4f9d16d291621:   done           |[32m++++++++++++++++++++++++++++++++++++++[0m| 
layer-sha256:13b7e930469f6d3575a320709035c6acf6f5485a76abcf03d1b92a64c09c2476:    done           |[32m++++++++++++++++++++++++++++++++++++++[0m| 
layer-sha256:c954e5f88d9d9be1ed732898db6841e22d90078a4c76cf4717c4cc7edc74403e:    done           |[32m++++++++++++++++++++++++++++++++++++++[0m| 
layer-sha256:64a5d8258ce2b42e67330b08d63621bb09cc797b102a21bad4732b2383fa04c0:    done           |[32m++++++++++++++++++++++++++++++++++++++[0m| 
layer-sha256:f24de8ed78c10a32e6a27e83cdc32eb12e4065319d8f95adc3ca2b851a23e0a6:    done           |[32m++++++++++++++++++++++++++++++++++++++[0m| 
layer-sha256:4accf72faab4ddbb011f63fff24e0656cd1cc9c9ad5293f7e7c0eaf80ed2872f:    done           |[32m++++++++++++++++++++++++++++++++++++++[0m| 
layer-sha256:8702a3215a8da39c329c2b79aec3f14a7d19c193ba1385d00ce1627c369774da:    done           |[32m++++++++++++++++++++++++++++++++++++++[0m| 
layer-sha256:f0be247c482793a4b1174bdfc6f34055d01fbc2e91ff83df34afe769f4fe95c5:    done           |[32m++++++++++++++++++++++++++++++++++++++[0m| 
layer-sha256:a359594c882de72b53bbdc415e3c3b8bd903bcaca72664c2d6ab81c03465e315:    done           |[32m++++++++++++++++++++++++++++++++++++++[0m| 
layer-sha256:2231eaf3a298084fa9e30b1e4c9f9e922cc15f29825b10878315732ac4d39c9b:    done           |[32m++++++++++++++++++++++++++++++++++++++[0m| 
layer-sha256:5da617756c2a356e840be444553141e821e903e385dfe8e952fb3379d1c30382:    done           |[32m++++++++++++++++++++++++++++++++++++++[0m| 
layer-sha256:a171c5c87601ea3983f730e8fe048842561574af9941b230e5cd1e0c2ed816c3:    done           |[32m++++++++++++++++++++++++++++++++++++++[0m| 
layer-sha256:82f5b659c522fb8d3aedc0b0c30386e0b39368562c7163e4aa3018b1b8eec5ea:    done           |[32m++++++++++++++++++++++++++++++++++++++[0m| 
layer-sha256:e899272ca12e6d43e07dff378be047161340e391c347c146386abd3bae7e7918:    done           |[32m++++++++++++++++++++++++++++++++++++++[0m| 
layer-sha256:48cc5f7ee915a7ecaaa45d3f458d38a818c7a13c8f7c20c40eb94599ca2bf350:    done           |[32m++++++++++++++++++++++++++++++++++++++[0m| 
layer-sha256:c8d11d2b7f50b0722f864f8bf87a48e0e367600f193f6528c63937802eeba0bf:    done           |[32m++++++++++++++++++++++++++++++++++++++[0m| 
elapsed: 0.1 s                                                                    total:   0.0 B (0.0 B/s)                                         
unpacking linux/amd64 sha256:8a32cbaa921e60e43e281bc5ecde176c311713ed49adc5bb4ab6d74f18d62312...
done: 21.793585ms	
time="2026-04-16T10:28:59Z" level=info msg="host will try HTTPS first since it is configured for HTTP with a TLS configuration, consider changing host to HTTPS or removing unused TLS configuration" host="192.168.122.110:5000"
time="2026-04-16T10:28:59Z" level=info msg="host will try HTTPS first since it is configured for HTTP with a TLS configuration, consider changing host to HTTPS or removing unused TLS configuration" host="192.168.122.110:5000"
time="2026-04-16T10:28:59Z" level=warning msg="skip to append distribution label: label key and value length (4106 bytes) greater than maximum size (4096 bytes), key: containerd.io/distribution.source.192.168.122.110: invalid argument"
time="2026-04-16T10:28:59Z" level=warning msg="skip to append distribution label: label key and value length (4106 bytes) greater than maximum size (4096 bytes), key: containerd.io/distribution.source.192.168.122.110: invalid argument"
time="2026-04-16T10:28:59Z" level=warning msg="skip to append distribution label: label key and value length (4106 bytes) greater than maximum size (4096 bytes), key: containerd.io/distribution.source.192.168.122.110: invalid argument"
time="2026-04-16T10:28:59Z" level=warning msg="skip to append distribution label: label key and value length (4106 bytes) greater than maximum size (4096 bytes), key: containerd.io/distribution.source.192.168.122.110: invalid argument"
time="2026-04-16T10:28:59Z" level=warning msg="skip to append distribution label: label key and value length (4106 bytes) greater than maximum size (4096 bytes), key: containerd.io/distribution.source.192.168.122.110: invalid argument"
time="2026-04-16T10:28:59Z" level=warning msg="skip to append distribution label: label key and value length (4106 bytes) greater than maximum size (4096 bytes), key: containerd.io/distribution.source.192.168.122.110: invalid argument"
time="2026-04-16T10:28:59Z" level=warning msg="skip to append distribution label: label key and value length (4106 bytes) greater than maximum size (4096 bytes), key: containerd.io/distribution.source.192.168.122.110: invalid argument"
time="2026-04-16T10:28:59Z" level=warning msg="skip to append distribution label: label key and value length (4106 bytes) greater than maximum size (4096 bytes), key: containerd.io/distribution.source.192.168.122.110: invalid argument"
192.168.122.110:5000/rs_ix_ix533:latest:                                          resolved       |[32m++++++++++++++++++++++++++++++++++++++[0m| 
index-sha256:5c04c7476ac42c4dedfcb64f064c222a49baf861e59f8a4cf390e98667707ea5:    done           |[32m++++++++++++++++++++++++++++++++++++++[0m| 
manifest-sha256:cc3391ee0e7550e7a6d365b62d8253e6fca8def1b7fc43a4d339139cf03fdbf2: done           |[32m++++++++++++++++++++++++++++++++++++++[0m| 
layer-sha256:f91fde0b173305e0dc34b76e423fe52b5cbc7c30694014a6838e69cad240c733:    done           |[32m++++++++++++++++++++++++++++++++++++++[0m| 
layer-sha256:64a5d8258ce2b42e67330b08d63621bb09cc797b102a21bad4732b2383fa04c0:    done           |[32m++++++++++++++++++++++++++++++++++++++[0m| 
layer-sha256:15aa12b3a0c904da30ce8e849cd95b16fad92c7499989cd726e8997745993e7d:    done           |[32m++++++++++++++++++++++++++++++++++++++[0m| 
layer-sha256:08b46a2fad9e07fa4f3800b36daba9949b814ab650ba20379438aebde3f851ad:    done           |[32m++++++++++++++++++++++++++++++++++++++[0m| 
config-sha256:5adfb764c2eb2729e410fecc1aa1c8954f39b725489ab87bc59953042f4244e8:   done           |[32m++++++++++++++++++++++++++++++++++++++[0m| 
layer-sha256:3e674af63f99a844c419eae5f1879e4ecf8af8f9e3d1f8f38392d134452c50e5:    done           |[32m++++++++++++++++++++++++++++++++++++++[0m| 
layer-sha256:f1674588ab5e8ac72e597cf6ac370ab3fcdc1182e74a1a181e04355caee158c5:    done           |[32m++++++++++++++++++++++++++++++++++++++[0m| 
layer-sha256:c954e5f88d9d9be1ed732898db6841e22d90078a4c76cf4717c4cc7edc74403e:    done           |[32m++++++++++++++++++++++++++++++++++++++[0m| 
layer-sha256:7537de8fd554da01cf19064028a1c2fd7f8a33411b648c2a6074023e3d7be89e:    done           |[32m++++++++++++++++++++++++++++++++++++++[0m| 
layer-sha256:529fff5c9b461fec724503b0a86e3cd457e61f8fe4e22c4a24d675e22a33cf2f:    done           |[32m++++++++++++++++++++++++++++++++++++++[0m| 
layer-sha256:44361424304c7875a4b95853d7efd443133601d1157b3beb15bd465fad04bed9:    done           |[32m++++++++++++++++++++++++++++++++++++++[0m| 
layer-sha256:4accf72faab4ddbb011f63fff24e0656cd1cc9c9ad5293f7e7c0eaf80ed2872f:    done           |[32m++++++++++++++++++++++++++++++++++++++[0m| 
layer-sha256:84a04f2f69d55ce10a8365308d682727470edf53930da21f0b4a30a5838e7bb7:    done           |[32m++++++++++++++++++++++++++++++++++++++[0m| 
layer-sha256:8a29a47395cd3a02d8340f4325004f6ec371681754e5efa24afced2dbdd64272:    done           |[32m++++++++++++++++++++++++++++++++++++++[0m| 
layer-sha256:13b7e930469f6d3575a320709035c6acf6f5485a76abcf03d1b92a64c09c2476:    done           |[32m++++++++++++++++++++++++++++++++++++++[0m| 
layer-sha256:94bc8b506fadabe57405200211a3c04b9acb8aeb2c91d80101c76eaeb88b252f:    done           |[32m++++++++++++++++++++++++++++++++++++++[0m| 
layer-sha256:4f4fb700ef54461cfa02571ae0db9a0dc1e0cdb5577484a6d75e68dc38e8acc1:    done           |[32m++++++++++++++++++++++++++++++++++++++[0m| 
layer-sha256:b1a8b2706032f9c0f354be0daa46f3da6643916a3373ee5d2792dd2def0151d1:    done           |[32m++++++++++++++++++++++++++++++++++++++[0m| 
layer-sha256:e59b44c60b0e4bef2712435bc1a530efe229ee8e4ce5e002fab156cab513cd4b:    done           |[32m++++++++++++++++++++++++++++++++++++++[0m| 
layer-sha256:60361a5f2e53e8401cac3fdcd427a792d844490aee0032863d615ed031c8a7e6:    done           |[32m++++++++++++++++++++++++++++++++++++++[0m| 
layer-sha256:77fe4843fc699aaf8a0b7d7356512fb6d1499a74afcab0263bc82124f124a948:    done           |[32m++++++++++++++++++++++++++++++++++++++[0m| 
layer-sha256:34608cb22405250243a5e45518fb618d0bea826f8171514b271e7e4c1bef2752:    done           |[32m++++++++++++++++++++++++++++++++++++++[0m| 
layer-sha256:450bb934662efe2c8c55922af96dfccb7cd62066a0861e11b9cc126c9592d6d7:    done           |[32m++++++++++++++++++++++++++++++++++++++[0m| 
elapsed: 0.1 s                                                                    total:   0.0 B (0.0 B/s)                                         
unpacking linux/amd64 sha256:5c04c7476ac42c4dedfcb64f064c222a49baf861e59f8a4cf390e98667707ea5...
done: 22.225035ms	
time="2026-04-16T10:29:00Z" level=info msg="host will try HTTPS first since it is configured for HTTP with a TLS configuration, consider changing host to HTTPS or removing unused TLS configuration" host="192.168.122.110:5000"
time="2026-04-16T10:29:00Z" level=info msg="host will try HTTPS first since it is configured for HTTP with a TLS configuration, consider changing host to HTTPS or removing unused TLS configuration" host="192.168.122.110:5000"
time="2026-04-16T10:29:00Z" level=warning msg="skip to append distribution label: label key and value length (4104 bytes) greater than maximum size (4096 bytes), key: containerd.io/distribution.source.192.168.122.110: invalid argument"
time="2026-04-16T10:29:00Z" level=warning msg="skip to append distribution label: label key and value length (4104 bytes) greater than maximum size (4096 bytes), key: containerd.io/distribution.source.192.168.122.110: invalid argument"
time="2026-04-16T10:29:00Z" level=warning msg="skip to append distribution label: label key and value length (4104 bytes) greater than maximum size (4096 bytes), key: containerd.io/distribution.source.192.168.122.110: invalid argument"
time="2026-04-16T10:29:00Z" level=warning msg="skip to append distribution label: label key and value length (4104 bytes) greater than maximum size (4096 bytes), key: containerd.io/distribution.source.192.168.122.110: invalid argument"
time="2026-04-16T10:29:00Z" level=warning msg="skip to append distribution label: label key and value length (4104 bytes) greater than maximum size (4096 bytes), key: containerd.io/distribution.source.192.168.122.110: invalid argument"
time="2026-04-16T10:29:00Z" level=warning msg="skip to append distribution label: label key and value length (4104 bytes) greater than maximum size (4096 bytes), key: containerd.io/distribution.source.192.168.122.110: invalid argument"
time="2026-04-16T10:29:00Z" level=warning msg="skip to append distribution label: label key and value length (4104 bytes) greater than maximum size (4096 bytes), key: containerd.io/distribution.source.192.168.122.110: invalid argument"
time="2026-04-16T10:29:00Z" level=warning msg="skip to append distribution label: label key and value length (4104 bytes) greater than maximum size (4096 bytes), key: containerd.io/distribution.source.192.168.122.110: invalid argument"
192.168.122.110:5000/rs_ix_ix5:latest:                                            resolved       |[32m++++++++++++++++++++++++++++++++++++++[0m| 
index-sha256:d23ad68c46375f9e1855291b3ffcbad25312362a3ca7b3a75f83e6b23688bc58:    done           |[32m++++++++++++++++++++++++++++++++++++++[0m| 
manifest-sha256:d77c21602e4a398dc670fbd79bb4d663796a3b68390188a63c8d0663a6325701: done           |[32m++++++++++++++++++++++++++++++++++++++[0m| 
layer-sha256:2d41b4c4e54cb23dd18aa9903d3476f70d28324fa100c3f875298b7ed82e070a:    done           |[32m++++++++++++++++++++++++++++++++++++++[0m| 
layer-sha256:450bb934662efe2c8c55922af96dfccb7cd62066a0861e11b9cc126c9592d6d7:    done           |[32m++++++++++++++++++++++++++++++++++++++[0m| 
layer-sha256:b1a8b2706032f9c0f354be0daa46f3da6643916a3373ee5d2792dd2def0151d1:    done           |[32m++++++++++++++++++++++++++++++++++++++[0m| 
layer-sha256:4f4fb700ef54461cfa02571ae0db9a0dc1e0cdb5577484a6d75e68dc38e8acc1:    done           |[32m++++++++++++++++++++++++++++++++++++++[0m| 
config-sha256:ceef0771593e6fb570c7ecfd829c74c6547bcdef7f6cf12838e11e63bdd2be05:   done           |[32m++++++++++++++++++++++++++++++++++++++[0m| 
layer-sha256:c954e5f88d9d9be1ed732898db6841e22d90078a4c76cf4717c4cc7edc74403e:    done           |[32m++++++++++++++++++++++++++++++++++++++[0m| 
layer-sha256:13b7e930469f6d3575a320709035c6acf6f5485a76abcf03d1b92a64c09c2476:    done           |[32m++++++++++++++++++++++++++++++++++++++[0m| 
layer-sha256:15aa12b3a0c904da30ce8e849cd95b16fad92c7499989cd726e8997745993e7d:    done           |[32m++++++++++++++++++++++++++++++++++++++[0m| 
layer-sha256:4accf72faab4ddbb011f63fff24e0656cd1cc9c9ad5293f7e7c0eaf80ed2872f:    done           |[32m++++++++++++++++++++++++++++++++++++++[0m| 
layer-sha256:08b46a2fad9e07fa4f3800b36daba9949b814ab650ba20379438aebde3f851ad:    done           |[32m++++++++++++++++++++++++++++++++++++++[0m| 
layer-sha256:34608cb22405250243a5e45518fb618d0bea826f8171514b271e7e4c1bef2752:    done           |[32m++++++++++++++++++++++++++++++++++++++[0m| 
layer-sha256:64a5d8258ce2b42e67330b08d63621bb09cc797b102a21bad4732b2383fa04c0:    done           |[32m++++++++++++++++++++++++++++++++++++++[0m| 
layer-sha256:3e674af63f99a844c419eae5f1879e4ecf8af8f9e3d1f8f38392d134452c50e5:    done           |[32m++++++++++++++++++++++++++++++++++++++[0m| 
layer-sha256:8f2efc080ffad775a6acad7a8e1089f828630c45a5e13ce0b3668a823eefa422:    done           |[32m++++++++++++++++++++++++++++++++++++++[0m| 
layer-sha256:8a29a47395cd3a02d8340f4325004f6ec371681754e5efa24afced2dbdd64272:    done           |[32m++++++++++++++++++++++++++++++++++++++[0m| 
layer-sha256:44361424304c7875a4b95853d7efd443133601d1157b3beb15bd465fad04bed9:    done           |[32m++++++++++++++++++++++++++++++++++++++[0m| 
layer-sha256:529fff5c9b461fec724503b0a86e3cd457e61f8fe4e22c4a24d675e22a33cf2f:    done           |[32m++++++++++++++++++++++++++++++++++++++[0m| 
layer-sha256:28ef7476a174b877219a580bc4489451bbe393384f5e0b2e071abe433c32ee3b:    done           |[32m++++++++++++++++++++++++++++++++++++++[0m| 
layer-sha256:e59b44c60b0e4bef2712435bc1a530efe229ee8e4ce5e002fab156cab513cd4b:    done           |[32m++++++++++++++++++++++++++++++++++++++[0m| 
layer-sha256:9bfb8181afd43f8b3f6e89c0e0c1420d3de0b0440949200578e9dc83ba46c312:    done           |[32m++++++++++++++++++++++++++++++++++++++[0m| 
layer-sha256:77fe4843fc699aaf8a0b7d7356512fb6d1499a74afcab0263bc82124f124a948:    done           |[32m++++++++++++++++++++++++++++++++++++++[0m| 
layer-sha256:1f1873806d39a0ab2b00024221742bdebe6c836ef0e19fda37385c0870f52009:    done           |[32m++++++++++++++++++++++++++++++++++++++[0m| 
layer-sha256:84a04f2f69d55ce10a8365308d682727470edf53930da21f0b4a30a5838e7bb7:    done           |[32m++++++++++++++++++++++++++++++++++++++[0m| 
elapsed: 0.1 s                                                                    total:   0.0 B (0.0 B/s)                                         
unpacking linux/amd64 sha256:d23ad68c46375f9e1855291b3ffcbad25312362a3ca7b3a75f83e6b23688bc58...
done: 25.272915ms	
time="2026-04-16T10:29:01Z" level=info msg="host will try HTTPS first since it is configured for HTTP with a TLS configuration, consider changing host to HTTPS or removing unused TLS configuration" host="192.168.122.110:5000"
time="2026-04-16T10:29:01Z" level=info msg="host will try HTTPS first since it is configured for HTTP with a TLS configuration, consider changing host to HTTPS or removing unused TLS configuration" host="192.168.122.110:5000"
time="2026-04-16T10:29:01Z" level=warning msg="skip to append distribution label: label key and value length (4105 bytes) greater than maximum size (4096 bytes), key: containerd.io/distribution.source.192.168.122.110: invalid argument"
time="2026-04-16T10:29:01Z" level=warning msg="skip to append distribution label: label key and value length (4105 bytes) greater than maximum size (4096 bytes), key: containerd.io/distribution.source.192.168.122.110: invalid argument"
time="2026-04-16T10:29:01Z" level=warning msg="skip to append distribution label: label key and value length (4105 bytes) greater than maximum size (4096 bytes), key: containerd.io/distribution.source.192.168.122.110: invalid argument"
time="2026-04-16T10:29:01Z" level=warning msg="skip to append distribution label: label key and value length (4105 bytes) greater than maximum size (4096 bytes), key: containerd.io/distribution.source.192.168.122.110: invalid argument"
time="2026-04-16T10:29:01Z" level=warning msg="skip to append distribution label: label key and value length (4105 bytes) greater than maximum size (4096 bytes), key: containerd.io/distribution.source.192.168.122.110: invalid argument"
time="2026-04-16T10:29:01Z" level=warning msg="skip to append distribution label: label key and value length (4105 bytes) greater than maximum size (4096 bytes), key: containerd.io/distribution.source.192.168.122.110: invalid argument"
time="2026-04-16T10:29:01Z" level=warning msg="skip to append distribution label: label key and value length (4105 bytes) greater than maximum size (4096 bytes), key: containerd.io/distribution.source.192.168.122.110: invalid argument"
time="2026-04-16T10:29:01Z" level=warning msg="skip to append distribution label: label key and value length (4105 bytes) greater than maximum size (4096 bytes), key: containerd.io/distribution.source.192.168.122.110: invalid argument"
192.168.122.110:5000/rs_ix_ix60:latest:                                           resolved       |[32m++++++++++++++++++++++++++++++++++++++[0m| 
index-sha256:37f3795023c9d4119c345465ae30da380f0498157a11d18934a594af97c53042:    done           |[32m++++++++++++++++++++++++++++++++++++++[0m| 
manifest-sha256:838aef38073699930f18dbebb957ab1e04253113e9f1189b44dc09f2cf3e7de6: done           |[32m++++++++++++++++++++++++++++++++++++++[0m| 
layer-sha256:450bb934662efe2c8c55922af96dfccb7cd62066a0861e11b9cc126c9592d6d7:    done           |[32m++++++++++++++++++++++++++++++++++++++[0m| 
layer-sha256:4accf72faab4ddbb011f63fff24e0656cd1cc9c9ad5293f7e7c0eaf80ed2872f:    done           |[32m++++++++++++++++++++++++++++++++++++++[0m| 
layer-sha256:c954e5f88d9d9be1ed732898db6841e22d90078a4c76cf4717c4cc7edc74403e:    done           |[32m++++++++++++++++++++++++++++++++++++++[0m| 
layer-sha256:44361424304c7875a4b95853d7efd443133601d1157b3beb15bd465fad04bed9:    done           |[32m++++++++++++++++++++++++++++++++++++++[0m| 
layer-sha256:aa4b6cc60b8cc090012a3a347fd22d9205b2b0f56baa976d318f1afbb7f5e584:    done           |[32m++++++++++++++++++++++++++++++++++++++[0m| 
config-sha256:2fdf99e4912ecc992757bf31b58febf29fd505836d5b67254af2d02dba30d5be:   done           |[32m++++++++++++++++++++++++++++++++++++++[0m| 
layer-sha256:08b46a2fad9e07fa4f3800b36daba9949b814ab650ba20379438aebde3f851ad:    done           |[32m++++++++++++++++++++++++++++++++++++++[0m| 
layer-sha256:529fff5c9b461fec724503b0a86e3cd457e61f8fe4e22c4a24d675e22a33cf2f:    done           |[32m++++++++++++++++++++++++++++++++++++++[0m| 
layer-sha256:13b7e930469f6d3575a320709035c6acf6f5485a76abcf03d1b92a64c09c2476:    done           |[32m++++++++++++++++++++++++++++++++++++++[0m| 
layer-sha256:84a04f2f69d55ce10a8365308d682727470edf53930da21f0b4a30a5838e7bb7:    done           |[32m++++++++++++++++++++++++++++++++++++++[0m| 
layer-sha256:64a5d8258ce2b42e67330b08d63621bb09cc797b102a21bad4732b2383fa04c0:    done           |[32m++++++++++++++++++++++++++++++++++++++[0m| 
layer-sha256:4f4fb700ef54461cfa02571ae0db9a0dc1e0cdb5577484a6d75e68dc38e8acc1:    done           |[32m++++++++++++++++++++++++++++++++++++++[0m| 
layer-sha256:3e674af63f99a844c419eae5f1879e4ecf8af8f9e3d1f8f38392d134452c50e5:    done           |[32m++++++++++++++++++++++++++++++++++++++[0m| 
layer-sha256:15aa12b3a0c904da30ce8e849cd95b16fad92c7499989cd726e8997745993e7d:    done           |[32m++++++++++++++++++++++++++++++++++++++[0m| 
layer-sha256:34608cb22405250243a5e45518fb618d0bea826f8171514b271e7e4c1bef2752:    done           |[32m++++++++++++++++++++++++++++++++++++++[0m| 
layer-sha256:bc23a1dd6a49b8af7bafc3165959a0607d58225e9e021941ad5e3ed4d1ef598c:    done           |[32m++++++++++++++++++++++++++++++++++++++[0m| 
layer-sha256:77fe4843fc699aaf8a0b7d7356512fb6d1499a74afcab0263bc82124f124a948:    done           |[32m++++++++++++++++++++++++++++++++++++++[0m| 
layer-sha256:e59b44c60b0e4bef2712435bc1a530efe229ee8e4ce5e002fab156cab513cd4b:    done           |[32m++++++++++++++++++++++++++++++++++++++[0m| 
layer-sha256:bccaa0e3d5fe95f6eb6e837e2673a1f5e844b25266f83bac6e09b20429267025:    done           |[32m++++++++++++++++++++++++++++++++++++++[0m| 
layer-sha256:629ed104895752753bf54f2007b373538c962cdffe74f89846777090ac5ce700:    done           |[32m++++++++++++++++++++++++++++++++++++++[0m| 
layer-sha256:8a29a47395cd3a02d8340f4325004f6ec371681754e5efa24afced2dbdd64272:    done           |[32m++++++++++++++++++++++++++++++++++++++[0m| 
layer-sha256:56cd3451eeab62edd6f02effcabaa683e1cf402c480e30a8411ecf9aea6637fa:    done           |[32m++++++++++++++++++++++++++++++++++++++[0m| 
layer-sha256:b1a8b2706032f9c0f354be0daa46f3da6643916a3373ee5d2792dd2def0151d1:    done           |[32m++++++++++++++++++++++++++++++++++++++[0m| 
elapsed: 0.1 s                                                                    total:   0.0 B (0.0 B/s)                                         
unpacking linux/amd64 sha256:37f3795023c9d4119c345465ae30da380f0498157a11d18934a594af97c53042...
done: 23.379098ms	
time="2026-04-16T10:29:02Z" level=info msg="host will try HTTPS first since it is configured for HTTP with a TLS configuration, consider changing host to HTTPS or removing unused TLS configuration" host="192.168.122.110:5000"
time="2026-04-16T10:29:02Z" level=info msg="host will try HTTPS first since it is configured for HTTP with a TLS configuration, consider changing host to HTTPS or removing unused TLS configuration" host="192.168.122.110:5000"
time="2026-04-16T10:29:02Z" level=warning msg="skip to append distribution label: label key and value length (4105 bytes) greater than maximum size (4096 bytes), key: containerd.io/distribution.source.192.168.122.110: invalid argument"
time="2026-04-16T10:29:02Z" level=warning msg="skip to append distribution label: label key and value length (4105 bytes) greater than maximum size (4096 bytes), key: containerd.io/distribution.source.192.168.122.110: invalid argument"
time="2026-04-16T10:29:02Z" level=warning msg="skip to append distribution label: label key and value length (4105 bytes) greater than maximum size (4096 bytes), key: containerd.io/distribution.source.192.168.122.110: invalid argument"
time="2026-04-16T10:29:02Z" level=warning msg="skip to append distribution label: label key and value length (4105 bytes) greater than maximum size (4096 bytes), key: containerd.io/distribution.source.192.168.122.110: invalid argument"
time="2026-04-16T10:29:02Z" level=warning msg="skip to append distribution label: label key and value length (4105 bytes) greater than maximum size (4096 bytes), key: containerd.io/distribution.source.192.168.122.110: invalid argument"
time="2026-04-16T10:29:02Z" level=warning msg="skip to append distribution label: label key and value length (4105 bytes) greater than maximum size (4096 bytes), key: containerd.io/distribution.source.192.168.122.110: invalid argument"
time="2026-04-16T10:29:02Z" level=warning msg="skip to append distribution label: label key and value length (4105 bytes) greater than maximum size (4096 bytes), key: containerd.io/distribution.source.192.168.122.110: invalid argument"
time="2026-04-16T10:29:02Z" level=warning msg="skip to append distribution label: label key and value length (4105 bytes) greater than maximum size (4096 bytes), key: containerd.io/distribution.source.192.168.122.110: invalid argument"
192.168.122.110:5000/rs_ix_ix73:latest:                                           resolved       |[32m++++++++++++++++++++++++++++++++++++++[0m| 
index-sha256:a23c9e584fd8e3a3febe8f110046b74613aaa3c062d7cdfcf10823929572b24c:    done           |[32m++++++++++++++++++++++++++++++++++++++[0m| 
manifest-sha256:0b682042aa5dadc4f5ef46833910ab8b2eea383fc2ad76d16c2df35acc9d5c74: done           |[32m++++++++++++++++++++++++++++++++++++++[0m| 
layer-sha256:13b7e930469f6d3575a320709035c6acf6f5485a76abcf03d1b92a64c09c2476:    done           |[32m++++++++++++++++++++++++++++++++++++++[0m| 
config-sha256:4f2d4df6528545eac8531bb606ed8e0814f6d23cd3ec8a6852b768a067a6f9e5:   done           |[32m++++++++++++++++++++++++++++++++++++++[0m| 
layer-sha256:4399efff2336f0016b43dcbb0127fce529f5f19763c9cfdc180f2e271d8d518b:    done           |[32m++++++++++++++++++++++++++++++++++++++[0m| 
layer-sha256:44c1db9c50ac75cc7c9a7c8ead12bba782ed2228e9ecf3c5b68ad9656c59baed:    done           |[32m++++++++++++++++++++++++++++++++++++++[0m| 
layer-sha256:7b0c57122487c52edf6a065c649e1eb151c92f371cc60250e4865fcee9b1712e:    done           |[32m++++++++++++++++++++++++++++++++++++++[0m| 
layer-sha256:08b46a2fad9e07fa4f3800b36daba9949b814ab650ba20379438aebde3f851ad:    done           |[32m++++++++++++++++++++++++++++++++++++++[0m| 
layer-sha256:84a04f2f69d55ce10a8365308d682727470edf53930da21f0b4a30a5838e7bb7:    done           |[32m++++++++++++++++++++++++++++++++++++++[0m| 
layer-sha256:34608cb22405250243a5e45518fb618d0bea826f8171514b271e7e4c1bef2752:    done           |[32m++++++++++++++++++++++++++++++++++++++[0m| 
layer-sha256:529fff5c9b461fec724503b0a86e3cd457e61f8fe4e22c4a24d675e22a33cf2f:    done           |[32m++++++++++++++++++++++++++++++++++++++[0m| 
layer-sha256:15aa12b3a0c904da30ce8e849cd95b16fad92c7499989cd726e8997745993e7d:    done           |[32m++++++++++++++++++++++++++++++++++++++[0m| 
layer-sha256:450bb934662efe2c8c55922af96dfccb7cd62066a0861e11b9cc126c9592d6d7:    done           |[32m++++++++++++++++++++++++++++++++++++++[0m| 
layer-sha256:46980d2d6aeb10c14b0057b8c1d405b3893b30f46910b1b59b3f9a37cbeacd21:    done           |[32m++++++++++++++++++++++++++++++++++++++[0m| 
layer-sha256:b1a8b2706032f9c0f354be0daa46f3da6643916a3373ee5d2792dd2def0151d1:    done           |[32m++++++++++++++++++++++++++++++++++++++[0m| 
layer-sha256:4f4fb700ef54461cfa02571ae0db9a0dc1e0cdb5577484a6d75e68dc38e8acc1:    done           |[32m++++++++++++++++++++++++++++++++++++++[0m| 
layer-sha256:64a5d8258ce2b42e67330b08d63621bb09cc797b102a21bad4732b2383fa04c0:    done           |[32m++++++++++++++++++++++++++++++++++++++[0m| 
layer-sha256:3e674af63f99a844c419eae5f1879e4ecf8af8f9e3d1f8f38392d134452c50e5:    done           |[32m++++++++++++++++++++++++++++++++++++++[0m| 
layer-sha256:e59b44c60b0e4bef2712435bc1a530efe229ee8e4ce5e002fab156cab513cd4b:    done           |[32m++++++++++++++++++++++++++++++++++++++[0m| 
layer-sha256:44361424304c7875a4b95853d7efd443133601d1157b3beb15bd465fad04bed9:    done           |[32m++++++++++++++++++++++++++++++++++++++[0m| 
layer-sha256:4accf72faab4ddbb011f63fff24e0656cd1cc9c9ad5293f7e7c0eaf80ed2872f:    done           |[32m++++++++++++++++++++++++++++++++++++++[0m| 
layer-sha256:8a29a47395cd3a02d8340f4325004f6ec371681754e5efa24afced2dbdd64272:    done           |[32m++++++++++++++++++++++++++++++++++++++[0m| 
layer-sha256:4ec8f99b94b349a961c753765395101f58445301f648967906db6aabb4b88fe5:    done           |[32m++++++++++++++++++++++++++++++++++++++[0m| 
layer-sha256:77fe4843fc699aaf8a0b7d7356512fb6d1499a74afcab0263bc82124f124a948:    done           |[32m++++++++++++++++++++++++++++++++++++++[0m| 
layer-sha256:c954e5f88d9d9be1ed732898db6841e22d90078a4c76cf4717c4cc7edc74403e:    done           |[32m++++++++++++++++++++++++++++++++++++++[0m| 
elapsed: 0.1 s                                                                    total:   0.0 B (0.0 B/s)                                         
unpacking linux/amd64 sha256:a23c9e584fd8e3a3febe8f110046b74613aaa3c062d7cdfcf10823929572b24c...
done: 17.889011ms	
✅ seed-k3s-worker6 preload completed
