time="2026-04-16T10:28:50Z" level=info msg="host will try HTTPS first since it is configured for HTTP with a TLS configuration, consider changing host to HTTPS or removing unused TLS configuration" host="192.168.122.110:5000"
time="2026-04-16T10:28:50Z" level=info msg="host will try HTTPS first since it is configured for HTTP with a TLS configuration, consider changing host to HTTPS or removing unused TLS configuration" host="192.168.122.110:5000"
time="2026-04-16T10:28:50Z" level=warning msg="skip to append distribution label: label key and value length (4108 bytes) greater than maximum size (4096 bytes), key: containerd.io/distribution.source.192.168.122.110: invalid argument"
time="2026-04-16T10:28:50Z" level=warning msg="skip to append distribution label: label key and value length (4108 bytes) greater than maximum size (4096 bytes), key: containerd.io/distribution.source.192.168.122.110: invalid argument"
time="2026-04-16T10:28:50Z" level=warning msg="skip to append distribution label: label key and value length (4108 bytes) greater than maximum size (4096 bytes), key: containerd.io/distribution.source.192.168.122.110: invalid argument"
time="2026-04-16T10:28:50Z" level=warning msg="skip to append distribution label: label key and value length (4108 bytes) greater than maximum size (4096 bytes), key: containerd.io/distribution.source.192.168.122.110: invalid argument"
time="2026-04-16T10:28:50Z" level=warning msg="skip to append distribution label: label key and value length (4108 bytes) greater than maximum size (4096 bytes), key: containerd.io/distribution.source.192.168.122.110: invalid argument"
time="2026-04-16T10:28:50Z" level=warning msg="skip to append distribution label: label key and value length (4108 bytes) greater than maximum size (4096 bytes), key: containerd.io/distribution.source.192.168.122.110: invalid argument"
time="2026-04-16T10:28:50Z" level=warning msg="skip to append distribution label: label key and value length (4108 bytes) greater than maximum size (4096 bytes), key: containerd.io/distribution.source.192.168.122.110: invalid argument"
time="2026-04-16T10:28:50Z" level=warning msg="skip to append distribution label: label key and value length (4108 bytes) greater than maximum size (4096 bytes), key: containerd.io/distribution.source.192.168.122.110: invalid argument"
192.168.122.110:5000/rs_ix_ix108:latest:                                          resolved       |[32m++++++++++++++++++++++++++++++++++++++[0m| 
index-sha256:0eb206a32103828677bf6cde177b25a65d55f74b535f0b266b2994c8f90da10e:    done           |[32m++++++++++++++++++++++++++++++++++++++[0m| 
manifest-sha256:b8ff7b045b547c2d5bebef6748197fb2bf34fe8072701e155488687579eb0fcc: done           |[32m++++++++++++++++++++++++++++++++++++++[0m| 
layer-sha256:c954e5f88d9d9be1ed732898db6841e22d90078a4c76cf4717c4cc7edc74403e:    done           |[32m++++++++++++++++++++++++++++++++++++++[0m| 
layer-sha256:e59b44c60b0e4bef2712435bc1a530efe229ee8e4ce5e002fab156cab513cd4b:    done           |[32m++++++++++++++++++++++++++++++++++++++[0m| 
config-sha256:5c599a6185a4a0a673bfacecf7bb51d454c5d9bf3c832e0f8a13e037b854dcec:   done           |[32m++++++++++++++++++++++++++++++++++++++[0m| 
layer-sha256:b1a8b2706032f9c0f354be0daa46f3da6643916a3373ee5d2792dd2def0151d1:    done           |[32m++++++++++++++++++++++++++++++++++++++[0m| 
layer-sha256:13b7e930469f6d3575a320709035c6acf6f5485a76abcf03d1b92a64c09c2476:    done           |[32m++++++++++++++++++++++++++++++++++++++[0m| 
layer-sha256:4f4fb700ef54461cfa02571ae0db9a0dc1e0cdb5577484a6d75e68dc38e8acc1:    done           |[32m++++++++++++++++++++++++++++++++++++++[0m| 
layer-sha256:34608cb22405250243a5e45518fb618d0bea826f8171514b271e7e4c1bef2752:    done           |[32m++++++++++++++++++++++++++++++++++++++[0m| 
layer-sha256:0d6d0a4455f283435efa8f6f29966a1ae978dd2f2409b85a93549522da41fb22:    done           |[32m++++++++++++++++++++++++++++++++++++++[0m| 
layer-sha256:450bb934662efe2c8c55922af96dfccb7cd62066a0861e11b9cc126c9592d6d7:    done           |[32m++++++++++++++++++++++++++++++++++++++[0m| 
layer-sha256:4accf72faab4ddbb011f63fff24e0656cd1cc9c9ad5293f7e7c0eaf80ed2872f:    done           |[32m++++++++++++++++++++++++++++++++++++++[0m| 
layer-sha256:5da617756c2a356e840be444553141e821e903e385dfe8e952fb3379d1c30382:    done           |[32m++++++++++++++++++++++++++++++++++++++[0m| 
layer-sha256:64a5d8258ce2b42e67330b08d63621bb09cc797b102a21bad4732b2383fa04c0:    done           |[32m++++++++++++++++++++++++++++++++++++++[0m| 
layer-sha256:a359594c882de72b53bbdc415e3c3b8bd903bcaca72664c2d6ab81c03465e315:    done           |[32m++++++++++++++++++++++++++++++++++++++[0m| 
layer-sha256:83240bdbb319151bd7d4fa549455765f6c2f8b329a183ea75802835dcabe8936:    done           |[32m++++++++++++++++++++++++++++++++++++++[0m| 
layer-sha256:997cd91d38369e3a5986a8be12a167abbacd1671674a9867d733517e3a7e45ec:    done           |[32m++++++++++++++++++++++++++++++++++++++[0m| 
layer-sha256:48cc5f7ee915a7ecaaa45d3f458d38a818c7a13c8f7c20c40eb94599ca2bf350:    done           |[32m++++++++++++++++++++++++++++++++++++++[0m| 
layer-sha256:f0be247c482793a4b1174bdfc6f34055d01fbc2e91ff83df34afe769f4fe95c5:    done           |[32m++++++++++++++++++++++++++++++++++++++[0m| 
layer-sha256:82413e00c9665306dcd6900a7545dae1d44409ff960b071e96d2f8816bec61d8:    done           |[32m++++++++++++++++++++++++++++++++++++++[0m| 
layer-sha256:11b8a20e76c609b257fc56e70ddad2c0d650bfb31935cbde387be8750b92cf3f:    done           |[32m++++++++++++++++++++++++++++++++++++++[0m| 
layer-sha256:c8d11d2b7f50b0722f864f8bf87a48e0e367600f193f6528c63937802eeba0bf:    done           |[32m++++++++++++++++++++++++++++++++++++++[0m| 
layer-sha256:e899272ca12e6d43e07dff378be047161340e391c347c146386abd3bae7e7918:    done           |[32m++++++++++++++++++++++++++++++++++++++[0m| 
layer-sha256:2231eaf3a298084fa9e30b1e4c9f9e922cc15f29825b10878315732ac4d39c9b:    done           |[32m++++++++++++++++++++++++++++++++++++++[0m| 
layer-sha256:8a29a47395cd3a02d8340f4325004f6ec371681754e5efa24afced2dbdd64272:    done           |[32m++++++++++++++++++++++++++++++++++++++[0m| 
elapsed: 0.1 s                                                                    total:   0.0 B (0.0 B/s)                                         
unpacking linux/amd64 sha256:0eb206a32103828677bf6cde177b25a65d55f74b535f0b266b2994c8f90da10e...
done: 27.13826ms	
time="2026-04-16T10:28:51Z" level=info msg="host will try HTTPS first since it is configured for HTTP with a TLS configuration, consider changing host to HTTPS or removing unused TLS configuration" host="192.168.122.110:5000"
time="2026-04-16T10:28:51Z" level=info msg="host will try HTTPS first since it is configured for HTTP with a TLS configuration, consider changing host to HTTPS or removing unused TLS configuration" host="192.168.122.110:5000"
time="2026-04-16T10:28:51Z" level=warning msg="skip to append distribution label: label key and value length (4108 bytes) greater than maximum size (4096 bytes), key: containerd.io/distribution.source.192.168.122.110: invalid argument"
time="2026-04-16T10:28:51Z" level=warning msg="skip to append distribution label: label key and value length (4108 bytes) greater than maximum size (4096 bytes), key: containerd.io/distribution.source.192.168.122.110: invalid argument"
time="2026-04-16T10:28:51Z" level=warning msg="skip to append distribution label: label key and value length (4108 bytes) greater than maximum size (4096 bytes), key: containerd.io/distribution.source.192.168.122.110: invalid argument"
time="2026-04-16T10:28:51Z" level=warning msg="skip to append distribution label: label key and value length (4108 bytes) greater than maximum size (4096 bytes), key: containerd.io/distribution.source.192.168.122.110: invalid argument"
time="2026-04-16T10:28:51Z" level=warning msg="skip to append distribution label: label key and value length (4108 bytes) greater than maximum size (4096 bytes), key: containerd.io/distribution.source.192.168.122.110: invalid argument"
time="2026-04-16T10:28:51Z" level=warning msg="skip to append distribution label: label key and value length (4108 bytes) greater than maximum size (4096 bytes), key: containerd.io/distribution.source.192.168.122.110: invalid argument"
time="2026-04-16T10:28:51Z" level=warning msg="skip to append distribution label: label key and value length (4108 bytes) greater than maximum size (4096 bytes), key: containerd.io/distribution.source.192.168.122.110: invalid argument"
time="2026-04-16T10:28:51Z" level=warning msg="skip to append distribution label: label key and value length (4108 bytes) greater than maximum size (4096 bytes), key: containerd.io/distribution.source.192.168.122.110: invalid argument"
192.168.122.110:5000/rs_ix_ix129:latest:                                          resolved       |[32m++++++++++++++++++++++++++++++++++++++[0m| 
index-sha256:06a6bc5014ca51747225bee416aa69edc5a80c81eb98954ce4acfea2075b8b7e:    done           |[32m++++++++++++++++++++++++++++++++++++++[0m| 
manifest-sha256:a00a21b98375e579b26e59cf27e9f72ae8c38490fb84e1f4bb3d96a6f763e784: done           |[32m++++++++++++++++++++++++++++++++++++++[0m| 
layer-sha256:608b1f31027800d94e696b62faf08f20d6ac054e05df2406bed8d5781f868372:    done           |[32m++++++++++++++++++++++++++++++++++++++[0m| 
config-sha256:ce24aa13dd218f23813f9d124025546a517d2c562450c29961bbd1c071928f14:   done           |[32m++++++++++++++++++++++++++++++++++++++[0m| 
layer-sha256:13b7e930469f6d3575a320709035c6acf6f5485a76abcf03d1b92a64c09c2476:    done           |[32m++++++++++++++++++++++++++++++++++++++[0m| 
layer-sha256:34608cb22405250243a5e45518fb618d0bea826f8171514b271e7e4c1bef2752:    done           |[32m++++++++++++++++++++++++++++++++++++++[0m| 
layer-sha256:450bb934662efe2c8c55922af96dfccb7cd62066a0861e11b9cc126c9592d6d7:    done           |[32m++++++++++++++++++++++++++++++++++++++[0m| 
layer-sha256:c954e5f88d9d9be1ed732898db6841e22d90078a4c76cf4717c4cc7edc74403e:    done           |[32m++++++++++++++++++++++++++++++++++++++[0m| 
layer-sha256:4accf72faab4ddbb011f63fff24e0656cd1cc9c9ad5293f7e7c0eaf80ed2872f:    done           |[32m++++++++++++++++++++++++++++++++++++++[0m| 
layer-sha256:8a29a47395cd3a02d8340f4325004f6ec371681754e5efa24afced2dbdd64272:    done           |[32m++++++++++++++++++++++++++++++++++++++[0m| 
layer-sha256:e59b44c60b0e4bef2712435bc1a530efe229ee8e4ce5e002fab156cab513cd4b:    done           |[32m++++++++++++++++++++++++++++++++++++++[0m| 
layer-sha256:b1a8b2706032f9c0f354be0daa46f3da6643916a3373ee5d2792dd2def0151d1:    done           |[32m++++++++++++++++++++++++++++++++++++++[0m| 
layer-sha256:4f4fb700ef54461cfa02571ae0db9a0dc1e0cdb5577484a6d75e68dc38e8acc1:    done           |[32m++++++++++++++++++++++++++++++++++++++[0m| 
layer-sha256:64a5d8258ce2b42e67330b08d63621bb09cc797b102a21bad4732b2383fa04c0:    done           |[32m++++++++++++++++++++++++++++++++++++++[0m| 
layer-sha256:e73dc58b9961281deb00269730c5f661ebc7c2d424d9a74975f23de02436bd01:    done           |[32m++++++++++++++++++++++++++++++++++++++[0m| 
layer-sha256:9bf6f1b30452687c79ec9faf90b8d9521ccdd4634d5d2e2fbc704148265bae8b:    done           |[32m++++++++++++++++++++++++++++++++++++++[0m| 
layer-sha256:c8d11d2b7f50b0722f864f8bf87a48e0e367600f193f6528c63937802eeba0bf:    done           |[32m++++++++++++++++++++++++++++++++++++++[0m| 
layer-sha256:e899272ca12e6d43e07dff378be047161340e391c347c146386abd3bae7e7918:    done           |[32m++++++++++++++++++++++++++++++++++++++[0m| 
layer-sha256:5da617756c2a356e840be444553141e821e903e385dfe8e952fb3379d1c30382:    done           |[32m++++++++++++++++++++++++++++++++++++++[0m| 
layer-sha256:48cc5f7ee915a7ecaaa45d3f458d38a818c7a13c8f7c20c40eb94599ca2bf350:    done           |[32m++++++++++++++++++++++++++++++++++++++[0m| 
layer-sha256:f0be247c482793a4b1174bdfc6f34055d01fbc2e91ff83df34afe769f4fe95c5:    done           |[32m++++++++++++++++++++++++++++++++++++++[0m| 
layer-sha256:a359594c882de72b53bbdc415e3c3b8bd903bcaca72664c2d6ab81c03465e315:    done           |[32m++++++++++++++++++++++++++++++++++++++[0m| 
layer-sha256:2ce886b06c280d6b37373c0d5ce697895deff008d94c330468a29ad0866a4100:    done           |[32m++++++++++++++++++++++++++++++++++++++[0m| 
layer-sha256:249f43bb465f958a0bd13138cad45291b82931330bf1df30b9244213c0c24644:    done           |[32m++++++++++++++++++++++++++++++++++++++[0m| 
layer-sha256:2231eaf3a298084fa9e30b1e4c9f9e922cc15f29825b10878315732ac4d39c9b:    done           |[32m++++++++++++++++++++++++++++++++++++++[0m| 
elapsed: 0.1 s                                                                    total:   0.0 B (0.0 B/s)                                         
unpacking linux/amd64 sha256:06a6bc5014ca51747225bee416aa69edc5a80c81eb98954ce4acfea2075b8b7e...
done: 18.002342ms	
time="2026-04-16T10:28:52Z" level=info msg="host will try HTTPS first since it is configured for HTTP with a TLS configuration, consider changing host to HTTPS or removing unused TLS configuration" host="192.168.122.110:5000"
time="2026-04-16T10:28:52Z" level=info msg="host will try HTTPS first since it is configured for HTTP with a TLS configuration, consider changing host to HTTPS or removing unused TLS configuration" host="192.168.122.110:5000"
time="2026-04-16T10:28:52Z" level=warning msg="skip to append distribution label: label key and value length (4107 bytes) greater than maximum size (4096 bytes), key: containerd.io/distribution.source.192.168.122.110: invalid argument"
time="2026-04-16T10:28:52Z" level=warning msg="skip to append distribution label: label key and value length (4107 bytes) greater than maximum size (4096 bytes), key: containerd.io/distribution.source.192.168.122.110: invalid argument"
time="2026-04-16T10:28:52Z" level=warning msg="skip to append distribution label: label key and value length (4107 bytes) greater than maximum size (4096 bytes), key: containerd.io/distribution.source.192.168.122.110: invalid argument"
time="2026-04-16T10:28:52Z" level=warning msg="skip to append distribution label: label key and value length (4107 bytes) greater than maximum size (4096 bytes), key: containerd.io/distribution.source.192.168.122.110: invalid argument"
time="2026-04-16T10:28:52Z" level=warning msg="skip to append distribution label: label key and value length (4107 bytes) greater than maximum size (4096 bytes), key: containerd.io/distribution.source.192.168.122.110: invalid argument"
time="2026-04-16T10:28:52Z" level=warning msg="skip to append distribution label: label key and value length (4107 bytes) greater than maximum size (4096 bytes), key: containerd.io/distribution.source.192.168.122.110: invalid argument"
time="2026-04-16T10:28:52Z" level=warning msg="skip to append distribution label: label key and value length (4107 bytes) greater than maximum size (4096 bytes), key: containerd.io/distribution.source.192.168.122.110: invalid argument"
time="2026-04-16T10:28:52Z" level=warning msg="skip to append distribution label: label key and value length (4107 bytes) greater than maximum size (4096 bytes), key: containerd.io/distribution.source.192.168.122.110: invalid argument"
192.168.122.110:5000/rs_ix_ix13:latest:                                           resolved       |[32m++++++++++++++++++++++++++++++++++++++[0m| 
index-sha256:bff6651155b301519ac0a014c324884cf434ad758e06c8e187077b5671ef010b:    done           |[32m++++++++++++++++++++++++++++++++++++++[0m| 
manifest-sha256:f9da5e2435a692374e5622283514f35080e23b283a0061ed3ceb8e4e3c33f417: done           |[32m++++++++++++++++++++++++++++++++++++++[0m| 
config-sha256:ef25dda24b41d3edd51294c2ea4567b971de78a6dd804d0541ecb84ae1f2566a:   done           |[32m++++++++++++++++++++++++++++++++++++++[0m| 
layer-sha256:4fe52520c7a949d223ed098ca014751b25c4fbbe18f2e5aba61e6d1ef35fbd55:    done           |[32m++++++++++++++++++++++++++++++++++++++[0m| 
layer-sha256:429d2a15cc3f313ab4832470f3515f46b95f97f345b4ec0d1feb321752e671de:    done           |[32m++++++++++++++++++++++++++++++++++++++[0m| 
layer-sha256:87ae9370e74313a89595301e2bbd4b5698c8bf4eee6be776e51af94bb5db0fa5:    done           |[32m++++++++++++++++++++++++++++++++++++++[0m| 
layer-sha256:44361424304c7875a4b95853d7efd443133601d1157b3beb15bd465fad04bed9:    done           |[32m++++++++++++++++++++++++++++++++++++++[0m| 
layer-sha256:4accf72faab4ddbb011f63fff24e0656cd1cc9c9ad5293f7e7c0eaf80ed2872f:    done           |[32m++++++++++++++++++++++++++++++++++++++[0m| 
layer-sha256:529fff5c9b461fec724503b0a86e3cd457e61f8fe4e22c4a24d675e22a33cf2f:    done           |[32m++++++++++++++++++++++++++++++++++++++[0m| 
layer-sha256:84a04f2f69d55ce10a8365308d682727470edf53930da21f0b4a30a5838e7bb7:    done           |[32m++++++++++++++++++++++++++++++++++++++[0m| 
layer-sha256:15aa12b3a0c904da30ce8e849cd95b16fad92c7499989cd726e8997745993e7d:    done           |[32m++++++++++++++++++++++++++++++++++++++[0m| 
layer-sha256:08b46a2fad9e07fa4f3800b36daba9949b814ab650ba20379438aebde3f851ad:    done           |[32m++++++++++++++++++++++++++++++++++++++[0m| 
layer-sha256:4f4fb700ef54461cfa02571ae0db9a0dc1e0cdb5577484a6d75e68dc38e8acc1:    done           |[32m++++++++++++++++++++++++++++++++++++++[0m| 
layer-sha256:13b7e930469f6d3575a320709035c6acf6f5485a76abcf03d1b92a64c09c2476:    done           |[32m++++++++++++++++++++++++++++++++++++++[0m| 
layer-sha256:3e674af63f99a844c419eae5f1879e4ecf8af8f9e3d1f8f38392d134452c50e5:    done           |[32m++++++++++++++++++++++++++++++++++++++[0m| 
layer-sha256:b1a8b2706032f9c0f354be0daa46f3da6643916a3373ee5d2792dd2def0151d1:    done           |[32m++++++++++++++++++++++++++++++++++++++[0m| 
layer-sha256:64a5d8258ce2b42e67330b08d63621bb09cc797b102a21bad4732b2383fa04c0:    done           |[32m++++++++++++++++++++++++++++++++++++++[0m| 
layer-sha256:62b317bc54cefe5508e851ce42c06384374b6dc8454c42209a521cbe7ec729bf:    done           |[32m++++++++++++++++++++++++++++++++++++++[0m| 
layer-sha256:34608cb22405250243a5e45518fb618d0bea826f8171514b271e7e4c1bef2752:    done           |[32m++++++++++++++++++++++++++++++++++++++[0m| 
layer-sha256:8a29a47395cd3a02d8340f4325004f6ec371681754e5efa24afced2dbdd64272:    done           |[32m++++++++++++++++++++++++++++++++++++++[0m| 
layer-sha256:415bb345efe247a3b8bd111f71f4f6fe61a14ca4c171321562e1b214b039f9ee:    done           |[32m++++++++++++++++++++++++++++++++++++++[0m| 
layer-sha256:450bb934662efe2c8c55922af96dfccb7cd62066a0861e11b9cc126c9592d6d7:    done           |[32m++++++++++++++++++++++++++++++++++++++[0m| 
layer-sha256:e59b44c60b0e4bef2712435bc1a530efe229ee8e4ce5e002fab156cab513cd4b:    done           |[32m++++++++++++++++++++++++++++++++++++++[0m| 
layer-sha256:c954e5f88d9d9be1ed732898db6841e22d90078a4c76cf4717c4cc7edc74403e:    done           |[32m++++++++++++++++++++++++++++++++++++++[0m| 
layer-sha256:77fe4843fc699aaf8a0b7d7356512fb6d1499a74afcab0263bc82124f124a948:    done           |[32m++++++++++++++++++++++++++++++++++++++[0m| 
elapsed: 0.1 s                                                                    total:   0.0 B (0.0 B/s)                                         
unpacking linux/amd64 sha256:bff6651155b301519ac0a014c324884cf434ad758e06c8e187077b5671ef010b...
done: 21.337479ms	
time="2026-04-16T10:28:52Z" level=info msg="host will try HTTPS first since it is configured for HTTP with a TLS configuration, consider changing host to HTTPS or removing unused TLS configuration" host="192.168.122.110:5000"
time="2026-04-16T10:28:52Z" level=info msg="host will try HTTPS first since it is configured for HTTP with a TLS configuration, consider changing host to HTTPS or removing unused TLS configuration" host="192.168.122.110:5000"
time="2026-04-16T10:28:53Z" level=warning msg="skip to append distribution label: label key and value length (4108 bytes) greater than maximum size (4096 bytes), key: containerd.io/distribution.source.192.168.122.110: invalid argument"
time="2026-04-16T10:28:53Z" level=warning msg="skip to append distribution label: label key and value length (4108 bytes) greater than maximum size (4096 bytes), key: containerd.io/distribution.source.192.168.122.110: invalid argument"
time="2026-04-16T10:28:53Z" level=warning msg="skip to append distribution label: label key and value length (4108 bytes) greater than maximum size (4096 bytes), key: containerd.io/distribution.source.192.168.122.110: invalid argument"
time="2026-04-16T10:28:53Z" level=warning msg="skip to append distribution label: label key and value length (4108 bytes) greater than maximum size (4096 bytes), key: containerd.io/distribution.source.192.168.122.110: invalid argument"
time="2026-04-16T10:28:53Z" level=warning msg="skip to append distribution label: label key and value length (4108 bytes) greater than maximum size (4096 bytes), key: containerd.io/distribution.source.192.168.122.110: invalid argument"
time="2026-04-16T10:28:53Z" level=warning msg="skip to append distribution label: label key and value length (4108 bytes) greater than maximum size (4096 bytes), key: containerd.io/distribution.source.192.168.122.110: invalid argument"
time="2026-04-16T10:28:53Z" level=warning msg="skip to append distribution label: label key and value length (4108 bytes) greater than maximum size (4096 bytes), key: containerd.io/distribution.source.192.168.122.110: invalid argument"
time="2026-04-16T10:28:53Z" level=warning msg="skip to append distribution label: label key and value length (4108 bytes) greater than maximum size (4096 bytes), key: containerd.io/distribution.source.192.168.122.110: invalid argument"
192.168.122.110:5000/rs_ix_ix189:latest:                                          resolved       |[32m++++++++++++++++++++++++++++++++++++++[0m| 
index-sha256:730ad023cf75e62ab219c2c1568c3fc55d5103bc6529c5f1a5f7a6bf4befd4d4:    done           |[32m++++++++++++++++++++++++++++++++++++++[0m| 
manifest-sha256:a9ac6712aa3c3fce9744c4057844be3aa517d372343e334369d0adb35244cf53: done           |[32m++++++++++++++++++++++++++++++++++++++[0m| 
layer-sha256:13b7e930469f6d3575a320709035c6acf6f5485a76abcf03d1b92a64c09c2476:    done           |[32m++++++++++++++++++++++++++++++++++++++[0m| 
layer-sha256:141082a5b55244d1ccc7647e639df825ea135e66e44f9430274fc42231386bee:    done           |[32m++++++++++++++++++++++++++++++++++++++[0m| 
layer-sha256:4f4fb700ef54461cfa02571ae0db9a0dc1e0cdb5577484a6d75e68dc38e8acc1:    done           |[32m++++++++++++++++++++++++++++++++++++++[0m| 
layer-sha256:8fc0ebc1644a2f32f428bb6254db2de808cb2f3c30199a2e149d84ec2c94df1c:    done           |[32m++++++++++++++++++++++++++++++++++++++[0m| 
layer-sha256:44361424304c7875a4b95853d7efd443133601d1157b3beb15bd465fad04bed9:    done           |[32m++++++++++++++++++++++++++++++++++++++[0m| 
layer-sha256:77fe4843fc699aaf8a0b7d7356512fb6d1499a74afcab0263bc82124f124a948:    done           |[32m++++++++++++++++++++++++++++++++++++++[0m| 
layer-sha256:49e9471c51b13e64fe1ff34469bde688db742ee82a6d07687c11586e13daea77:    done           |[32m++++++++++++++++++++++++++++++++++++++[0m| 
layer-sha256:0456cbaa3e87c0c5bdd87c09c51ff3a2b66d30b1e56b75f182cdf25c6b9f1e7d:    done           |[32m++++++++++++++++++++++++++++++++++++++[0m| 
layer-sha256:450bb934662efe2c8c55922af96dfccb7cd62066a0861e11b9cc126c9592d6d7:    done           |[32m++++++++++++++++++++++++++++++++++++++[0m| 
layer-sha256:529fff5c9b461fec724503b0a86e3cd457e61f8fe4e22c4a24d675e22a33cf2f:    done           |[32m++++++++++++++++++++++++++++++++++++++[0m| 
layer-sha256:4accf72faab4ddbb011f63fff24e0656cd1cc9c9ad5293f7e7c0eaf80ed2872f:    done           |[32m++++++++++++++++++++++++++++++++++++++[0m| 
layer-sha256:a00c9a3cefa2ce559e89d06a9e52ff1d56987bd132c93a8ddd87192f3afe1a85:    done           |[32m++++++++++++++++++++++++++++++++++++++[0m| 
layer-sha256:8a29a47395cd3a02d8340f4325004f6ec371681754e5efa24afced2dbdd64272:    done           |[32m++++++++++++++++++++++++++++++++++++++[0m| 
config-sha256:8f2d769140cf48aa6e913a686fcee1fafa59bf0033fe86dfd043e0ff53396424:   done           |[32m++++++++++++++++++++++++++++++++++++++[0m| 
layer-sha256:64a5d8258ce2b42e67330b08d63621bb09cc797b102a21bad4732b2383fa04c0:    done           |[32m++++++++++++++++++++++++++++++++++++++[0m| 
layer-sha256:e59b44c60b0e4bef2712435bc1a530efe229ee8e4ce5e002fab156cab513cd4b:    done           |[32m++++++++++++++++++++++++++++++++++++++[0m| 
layer-sha256:b1a8b2706032f9c0f354be0daa46f3da6643916a3373ee5d2792dd2def0151d1:    done           |[32m++++++++++++++++++++++++++++++++++++++[0m| 
layer-sha256:15aa12b3a0c904da30ce8e849cd95b16fad92c7499989cd726e8997745993e7d:    done           |[32m++++++++++++++++++++++++++++++++++++++[0m| 
layer-sha256:08b46a2fad9e07fa4f3800b36daba9949b814ab650ba20379438aebde3f851ad:    done           |[32m++++++++++++++++++++++++++++++++++++++[0m| 
layer-sha256:3e674af63f99a844c419eae5f1879e4ecf8af8f9e3d1f8f38392d134452c50e5:    done           |[32m++++++++++++++++++++++++++++++++++++++[0m| 
layer-sha256:c954e5f88d9d9be1ed732898db6841e22d90078a4c76cf4717c4cc7edc74403e:    done           |[32m++++++++++++++++++++++++++++++++++++++[0m| 
layer-sha256:34608cb22405250243a5e45518fb618d0bea826f8171514b271e7e4c1bef2752:    done           |[32m++++++++++++++++++++++++++++++++++++++[0m| 
layer-sha256:84a04f2f69d55ce10a8365308d682727470edf53930da21f0b4a30a5838e7bb7:    done           |[32m++++++++++++++++++++++++++++++++++++++[0m| 
elapsed: 0.1 s                                                                    total:   0.0 B (0.0 B/s)                                         
unpacking linux/amd64 sha256:730ad023cf75e62ab219c2c1568c3fc55d5103bc6529c5f1a5f7a6bf4befd4d4...
done: 26.384528ms	
time="2026-04-16T10:28:53Z" level=info msg="host will try HTTPS first since it is configured for HTTP with a TLS configuration, consider changing host to HTTPS or removing unused TLS configuration" host="192.168.122.110:5000"
time="2026-04-16T10:28:53Z" level=info msg="host will try HTTPS first since it is configured for HTTP with a TLS configuration, consider changing host to HTTPS or removing unused TLS configuration" host="192.168.122.110:5000"
time="2026-04-16T10:28:53Z" level=warning msg="skip to append distribution label: label key and value length (4107 bytes) greater than maximum size (4096 bytes), key: containerd.io/distribution.source.192.168.122.110: invalid argument"
time="2026-04-16T10:28:53Z" level=warning msg="skip to append distribution label: label key and value length (4107 bytes) greater than maximum size (4096 bytes), key: containerd.io/distribution.source.192.168.122.110: invalid argument"
time="2026-04-16T10:28:53Z" level=warning msg="skip to append distribution label: label key and value length (4107 bytes) greater than maximum size (4096 bytes), key: containerd.io/distribution.source.192.168.122.110: invalid argument"
time="2026-04-16T10:28:53Z" level=warning msg="skip to append distribution label: label key and value length (4107 bytes) greater than maximum size (4096 bytes), key: containerd.io/distribution.source.192.168.122.110: invalid argument"
time="2026-04-16T10:28:53Z" level=warning msg="skip to append distribution label: label key and value length (4107 bytes) greater than maximum size (4096 bytes), key: containerd.io/distribution.source.192.168.122.110: invalid argument"
time="2026-04-16T10:28:53Z" level=warning msg="skip to append distribution label: label key and value length (4107 bytes) greater than maximum size (4096 bytes), key: containerd.io/distribution.source.192.168.122.110: invalid argument"
time="2026-04-16T10:28:53Z" level=warning msg="skip to append distribution label: label key and value length (4107 bytes) greater than maximum size (4096 bytes), key: containerd.io/distribution.source.192.168.122.110: invalid argument"
time="2026-04-16T10:28:53Z" level=warning msg="skip to append distribution label: label key and value length (4107 bytes) greater than maximum size (4096 bytes), key: containerd.io/distribution.source.192.168.122.110: invalid argument"
192.168.122.110:5000/rs_ix_ix20:latest:                                           resolved       |[32m++++++++++++++++++++++++++++++++++++++[0m| 
index-sha256:5d429229ff783a1917d63d89622e4d091ee2028a95cdad9e93e9239df4837057:    done           |[32m++++++++++++++++++++++++++++++++++++++[0m| 
manifest-sha256:bd02c8f4ce2f432ca466c5b297e94642affe1bc19d372d5a901cf669f5a6d4ac: done           |[32m++++++++++++++++++++++++++++++++++++++[0m| 
layer-sha256:2b278954b4dc14ed8bda7ce9fda6212816d3c8997073b6b676ce72eeba5fcfe9:    done           |[32m++++++++++++++++++++++++++++++++++++++[0m| 
layer-sha256:64a5d8258ce2b42e67330b08d63621bb09cc797b102a21bad4732b2383fa04c0:    done           |[32m++++++++++++++++++++++++++++++++++++++[0m| 
layer-sha256:08b46a2fad9e07fa4f3800b36daba9949b814ab650ba20379438aebde3f851ad:    done           |[32m++++++++++++++++++++++++++++++++++++++[0m| 
layer-sha256:15aa12b3a0c904da30ce8e849cd95b16fad92c7499989cd726e8997745993e7d:    done           |[32m++++++++++++++++++++++++++++++++++++++[0m| 
layer-sha256:3e674af63f99a844c419eae5f1879e4ecf8af8f9e3d1f8f38392d134452c50e5:    done           |[32m++++++++++++++++++++++++++++++++++++++[0m| 
layer-sha256:b76f362e310a6e8c59addf9081335c31004fbe5c293b27fefdfd7614452e98a8:    done           |[32m++++++++++++++++++++++++++++++++++++++[0m| 
layer-sha256:283102d376b4fb098bbbd0eb880192d11ae50f7bc123dfb75242f801453240c2:    done           |[32m++++++++++++++++++++++++++++++++++++++[0m| 
config-sha256:cf3ab1e1c9d06410bd5578664cf1927ace47bfacec0af4a3bd44542a52a88a15:   done           |[32m++++++++++++++++++++++++++++++++++++++[0m| 
layer-sha256:9c0d02a41d03e1760db2d85fa362d97d585d8c7efb100b6c642a7eb8dac78863:    done           |[32m++++++++++++++++++++++++++++++++++++++[0m| 
layer-sha256:44361424304c7875a4b95853d7efd443133601d1157b3beb15bd465fad04bed9:    done           |[32m++++++++++++++++++++++++++++++++++++++[0m| 
layer-sha256:529fff5c9b461fec724503b0a86e3cd457e61f8fe4e22c4a24d675e22a33cf2f:    done           |[32m++++++++++++++++++++++++++++++++++++++[0m| 
layer-sha256:34608cb22405250243a5e45518fb618d0bea826f8171514b271e7e4c1bef2752:    done           |[32m++++++++++++++++++++++++++++++++++++++[0m| 
layer-sha256:84a04f2f69d55ce10a8365308d682727470edf53930da21f0b4a30a5838e7bb7:    done           |[32m++++++++++++++++++++++++++++++++++++++[0m| 
layer-sha256:8a29a47395cd3a02d8340f4325004f6ec371681754e5efa24afced2dbdd64272:    done           |[32m++++++++++++++++++++++++++++++++++++++[0m| 
layer-sha256:4accf72faab4ddbb011f63fff24e0656cd1cc9c9ad5293f7e7c0eaf80ed2872f:    done           |[32m++++++++++++++++++++++++++++++++++++++[0m| 
layer-sha256:13b7e930469f6d3575a320709035c6acf6f5485a76abcf03d1b92a64c09c2476:    done           |[32m++++++++++++++++++++++++++++++++++++++[0m| 
layer-sha256:b1a8b2706032f9c0f354be0daa46f3da6643916a3373ee5d2792dd2def0151d1:    done           |[32m++++++++++++++++++++++++++++++++++++++[0m| 
layer-sha256:77fe4843fc699aaf8a0b7d7356512fb6d1499a74afcab0263bc82124f124a948:    done           |[32m++++++++++++++++++++++++++++++++++++++[0m| 
layer-sha256:4f4fb700ef54461cfa02571ae0db9a0dc1e0cdb5577484a6d75e68dc38e8acc1:    done           |[32m++++++++++++++++++++++++++++++++++++++[0m| 
layer-sha256:e59b44c60b0e4bef2712435bc1a530efe229ee8e4ce5e002fab156cab513cd4b:    done           |[32m++++++++++++++++++++++++++++++++++++++[0m| 
layer-sha256:450bb934662efe2c8c55922af96dfccb7cd62066a0861e11b9cc126c9592d6d7:    done           |[32m++++++++++++++++++++++++++++++++++++++[0m| 
layer-sha256:01f428753b441a439805d99a94d2c053a17841b34ee1443e070f65d7a3344216:    done           |[32m++++++++++++++++++++++++++++++++++++++[0m| 
layer-sha256:c954e5f88d9d9be1ed732898db6841e22d90078a4c76cf4717c4cc7edc74403e:    done           |[32m++++++++++++++++++++++++++++++++++++++[0m| 
elapsed: 0.1 s                                                                    total:   0.0 B (0.0 B/s)                                         
unpacking linux/amd64 sha256:5d429229ff783a1917d63d89622e4d091ee2028a95cdad9e93e9239df4837057...
done: 25.064186ms	
time="2026-04-16T10:28:54Z" level=info msg="host will try HTTPS first since it is configured for HTTP with a TLS configuration, consider changing host to HTTPS or removing unused TLS configuration" host="192.168.122.110:5000"
time="2026-04-16T10:28:54Z" level=info msg="host will try HTTPS first since it is configured for HTTP with a TLS configuration, consider changing host to HTTPS or removing unused TLS configuration" host="192.168.122.110:5000"
time="2026-04-16T10:28:54Z" level=warning msg="skip to append distribution label: label key and value length (4108 bytes) greater than maximum size (4096 bytes), key: containerd.io/distribution.source.192.168.122.110: invalid argument"
time="2026-04-16T10:28:54Z" level=warning msg="skip to append distribution label: label key and value length (4108 bytes) greater than maximum size (4096 bytes), key: containerd.io/distribution.source.192.168.122.110: invalid argument"
time="2026-04-16T10:28:54Z" level=warning msg="skip to append distribution label: label key and value length (4108 bytes) greater than maximum size (4096 bytes), key: containerd.io/distribution.source.192.168.122.110: invalid argument"
time="2026-04-16T10:28:54Z" level=warning msg="skip to append distribution label: label key and value length (4108 bytes) greater than maximum size (4096 bytes), key: containerd.io/distribution.source.192.168.122.110: invalid argument"
time="2026-04-16T10:28:54Z" level=warning msg="skip to append distribution label: label key and value length (4108 bytes) greater than maximum size (4096 bytes), key: containerd.io/distribution.source.192.168.122.110: invalid argument"
time="2026-04-16T10:28:54Z" level=warning msg="skip to append distribution label: label key and value length (4108 bytes) greater than maximum size (4096 bytes), key: containerd.io/distribution.source.192.168.122.110: invalid argument"
time="2026-04-16T10:28:54Z" level=warning msg="skip to append distribution label: label key and value length (4108 bytes) greater than maximum size (4096 bytes), key: containerd.io/distribution.source.192.168.122.110: invalid argument"
time="2026-04-16T10:28:54Z" level=warning msg="skip to append distribution label: label key and value length (4108 bytes) greater than maximum size (4096 bytes), key: containerd.io/distribution.source.192.168.122.110: invalid argument"
192.168.122.110:5000/rs_ix_ix259:latest:                                          resolved       |[32m++++++++++++++++++++++++++++++++++++++[0m| 
index-sha256:b327315e9a92a7ada10a65fcd5ee25db0b7f6fb3cbe2b04ba075328b78e38472:    done           |[32m++++++++++++++++++++++++++++++++++++++[0m| 
manifest-sha256:c051cd648d59bfe71fc2f11c84e72ddbb4e4cc044321500441dbecc0b1b4dcc7: done           |[32m++++++++++++++++++++++++++++++++++++++[0m| 
config-sha256:d143ab3447746a0cbff6d76fb34ae95ba40eae1a37f8be0366acbec817e92346:   done           |[32m++++++++++++++++++++++++++++++++++++++[0m| 
layer-sha256:450bb934662efe2c8c55922af96dfccb7cd62066a0861e11b9cc126c9592d6d7:    done           |[32m++++++++++++++++++++++++++++++++++++++[0m| 
layer-sha256:fb92c1af2ff33706782e67c6ab5eeea14755410f240c34e6afd03640fe73598c:    done           |[32m++++++++++++++++++++++++++++++++++++++[0m| 
layer-sha256:13b7e930469f6d3575a320709035c6acf6f5485a76abcf03d1b92a64c09c2476:    done           |[32m++++++++++++++++++++++++++++++++++++++[0m| 
layer-sha256:34608cb22405250243a5e45518fb618d0bea826f8171514b271e7e4c1bef2752:    done           |[32m++++++++++++++++++++++++++++++++++++++[0m| 
layer-sha256:c954e5f88d9d9be1ed732898db6841e22d90078a4c76cf4717c4cc7edc74403e:    done           |[32m++++++++++++++++++++++++++++++++++++++[0m| 
layer-sha256:44361424304c7875a4b95853d7efd443133601d1157b3beb15bd465fad04bed9:    done           |[32m++++++++++++++++++++++++++++++++++++++[0m| 
layer-sha256:08b46a2fad9e07fa4f3800b36daba9949b814ab650ba20379438aebde3f851ad:    done           |[32m++++++++++++++++++++++++++++++++++++++[0m| 
layer-sha256:3e674af63f99a844c419eae5f1879e4ecf8af8f9e3d1f8f38392d134452c50e5:    done           |[32m++++++++++++++++++++++++++++++++++++++[0m| 
layer-sha256:4accf72faab4ddbb011f63fff24e0656cd1cc9c9ad5293f7e7c0eaf80ed2872f:    done           |[32m++++++++++++++++++++++++++++++++++++++[0m| 
layer-sha256:15aa12b3a0c904da30ce8e849cd95b16fad92c7499989cd726e8997745993e7d:    done           |[32m++++++++++++++++++++++++++++++++++++++[0m| 
layer-sha256:a21ad1cfca95e2fc823e85e022554aba935284ab3661ddb32e5a5354aa920121:    done           |[32m++++++++++++++++++++++++++++++++++++++[0m| 
layer-sha256:84a04f2f69d55ce10a8365308d682727470edf53930da21f0b4a30a5838e7bb7:    done           |[32m++++++++++++++++++++++++++++++++++++++[0m| 
layer-sha256:8a29a47395cd3a02d8340f4325004f6ec371681754e5efa24afced2dbdd64272:    done           |[32m++++++++++++++++++++++++++++++++++++++[0m| 
layer-sha256:77fe4843fc699aaf8a0b7d7356512fb6d1499a74afcab0263bc82124f124a948:    done           |[32m++++++++++++++++++++++++++++++++++++++[0m| 
layer-sha256:529fff5c9b461fec724503b0a86e3cd457e61f8fe4e22c4a24d675e22a33cf2f:    done           |[32m++++++++++++++++++++++++++++++++++++++[0m| 
layer-sha256:b1a8b2706032f9c0f354be0daa46f3da6643916a3373ee5d2792dd2def0151d1:    done           |[32m++++++++++++++++++++++++++++++++++++++[0m| 
layer-sha256:64a5d8258ce2b42e67330b08d63621bb09cc797b102a21bad4732b2383fa04c0:    done           |[32m++++++++++++++++++++++++++++++++++++++[0m| 
layer-sha256:e59b44c60b0e4bef2712435bc1a530efe229ee8e4ce5e002fab156cab513cd4b:    done           |[32m++++++++++++++++++++++++++++++++++++++[0m| 
layer-sha256:991fee28c3f7c9fd1da11321cd15170c387cb0f70ed89855a88fff8995bfa51e:    done           |[32m++++++++++++++++++++++++++++++++++++++[0m| 
layer-sha256:7f932d380b2f2233f94f713ba52b0ed546729f7dbd3a3685e8ac799fd097fb53:    done           |[32m++++++++++++++++++++++++++++++++++++++[0m| 
layer-sha256:4f4fb700ef54461cfa02571ae0db9a0dc1e0cdb5577484a6d75e68dc38e8acc1:    done           |[32m++++++++++++++++++++++++++++++++++++++[0m| 
layer-sha256:badaad6dc5997b39bac9ddf1341679859c5803f55fc0a47ca1737210f1db79d2:    done           |[32m++++++++++++++++++++++++++++++++++++++[0m| 
elapsed: 0.1 s                                                                    total:   0.0 B (0.0 B/s)                                         
unpacking linux/amd64 sha256:b327315e9a92a7ada10a65fcd5ee25db0b7f6fb3cbe2b04ba075328b78e38472...
done: 28.285601ms	
time="2026-04-16T10:28:55Z" level=info msg="host will try HTTPS first since it is configured for HTTP with a TLS configuration, consider changing host to HTTPS or removing unused TLS configuration" host="192.168.122.110:5000"
time="2026-04-16T10:28:55Z" level=info msg="host will try HTTPS first since it is configured for HTTP with a TLS configuration, consider changing host to HTTPS or removing unused TLS configuration" host="192.168.122.110:5000"
time="2026-04-16T10:28:55Z" level=warning msg="skip to append distribution label: label key and value length (4107 bytes) greater than maximum size (4096 bytes), key: containerd.io/distribution.source.192.168.122.110: invalid argument"
time="2026-04-16T10:28:55Z" level=warning msg="skip to append distribution label: label key and value length (4107 bytes) greater than maximum size (4096 bytes), key: containerd.io/distribution.source.192.168.122.110: invalid argument"
time="2026-04-16T10:28:55Z" level=warning msg="skip to append distribution label: label key and value length (4107 bytes) greater than maximum size (4096 bytes), key: containerd.io/distribution.source.192.168.122.110: invalid argument"
time="2026-04-16T10:28:55Z" level=warning msg="skip to append distribution label: label key and value length (4107 bytes) greater than maximum size (4096 bytes), key: containerd.io/distribution.source.192.168.122.110: invalid argument"
time="2026-04-16T10:28:55Z" level=warning msg="skip to append distribution label: label key and value length (4107 bytes) greater than maximum size (4096 bytes), key: containerd.io/distribution.source.192.168.122.110: invalid argument"
time="2026-04-16T10:28:55Z" level=warning msg="skip to append distribution label: label key and value length (4107 bytes) greater than maximum size (4096 bytes), key: containerd.io/distribution.source.192.168.122.110: invalid argument"
time="2026-04-16T10:28:55Z" level=warning msg="skip to append distribution label: label key and value length (4107 bytes) greater than maximum size (4096 bytes), key: containerd.io/distribution.source.192.168.122.110: invalid argument"
time="2026-04-16T10:28:55Z" level=warning msg="skip to append distribution label: label key and value length (4107 bytes) greater than maximum size (4096 bytes), key: containerd.io/distribution.source.192.168.122.110: invalid argument"
192.168.122.110:5000/rs_ix_ix26:latest:                                           resolved       |[32m++++++++++++++++++++++++++++++++++++++[0m| 
index-sha256:f07b79824a91d689a03d4d5fdd7090fc5f8f1f9a93b30f9b2ea6fa28b3c6ac94:    done           |[32m++++++++++++++++++++++++++++++++++++++[0m| 
manifest-sha256:c63f7ace0f032318cc84c2396f37056cbe8215b361bc20d65ac5d704bac48c86: done           |[32m++++++++++++++++++++++++++++++++++++++[0m| 
layer-sha256:450bb934662efe2c8c55922af96dfccb7cd62066a0861e11b9cc126c9592d6d7:    done           |[32m++++++++++++++++++++++++++++++++++++++[0m| 
layer-sha256:840f43aee1f1df0fa656d5ef10a4b9794f9773036a6f6b0025ce4189821f064a:    done           |[32m++++++++++++++++++++++++++++++++++++++[0m| 
layer-sha256:4accf72faab4ddbb011f63fff24e0656cd1cc9c9ad5293f7e7c0eaf80ed2872f:    done           |[32m++++++++++++++++++++++++++++++++++++++[0m| 
layer-sha256:8a29a47395cd3a02d8340f4325004f6ec371681754e5efa24afced2dbdd64272:    done           |[32m++++++++++++++++++++++++++++++++++++++[0m| 
layer-sha256:e59b44c60b0e4bef2712435bc1a530efe229ee8e4ce5e002fab156cab513cd4b:    done           |[32m++++++++++++++++++++++++++++++++++++++[0m| 
layer-sha256:b1a8b2706032f9c0f354be0daa46f3da6643916a3373ee5d2792dd2def0151d1:    done           |[32m++++++++++++++++++++++++++++++++++++++[0m| 
config-sha256:e7c4e463fea996fd9a6ba719c4b0de542862c1972e1533c701955e16ebf69aa0:   done           |[32m++++++++++++++++++++++++++++++++++++++[0m| 
layer-sha256:4f4fb700ef54461cfa02571ae0db9a0dc1e0cdb5577484a6d75e68dc38e8acc1:    done           |[32m++++++++++++++++++++++++++++++++++++++[0m| 
layer-sha256:c954e5f88d9d9be1ed732898db6841e22d90078a4c76cf4717c4cc7edc74403e:    done           |[32m++++++++++++++++++++++++++++++++++++++[0m| 
layer-sha256:64a5d8258ce2b42e67330b08d63621bb09cc797b102a21bad4732b2383fa04c0:    done           |[32m++++++++++++++++++++++++++++++++++++++[0m| 
layer-sha256:13b7e930469f6d3575a320709035c6acf6f5485a76abcf03d1b92a64c09c2476:    done           |[32m++++++++++++++++++++++++++++++++++++++[0m| 
layer-sha256:01582976b12551083a6c979cca18fb443a092a57696afc9f0e8d3a79ada76a23:    done           |[32m++++++++++++++++++++++++++++++++++++++[0m| 
layer-sha256:a678136cba6abe782e2a072c51d0b3954e93c73cc14edbed1046212491db2573:    done           |[32m++++++++++++++++++++++++++++++++++++++[0m| 
layer-sha256:34608cb22405250243a5e45518fb618d0bea826f8171514b271e7e4c1bef2752:    done           |[32m++++++++++++++++++++++++++++++++++++++[0m| 
layer-sha256:44361424304c7875a4b95853d7efd443133601d1157b3beb15bd465fad04bed9:    done           |[32m++++++++++++++++++++++++++++++++++++++[0m| 
layer-sha256:3e674af63f99a844c419eae5f1879e4ecf8af8f9e3d1f8f38392d134452c50e5:    done           |[32m++++++++++++++++++++++++++++++++++++++[0m| 
layer-sha256:cd48e68d3a6b5f71162f20d50323996f603ea69506d54d125a339cd92f4934ef:    done           |[32m++++++++++++++++++++++++++++++++++++++[0m| 
layer-sha256:2443d5f173d54d491e4c4c15e453e9e837357dc036ec4b857f115929d83266ac:    done           |[32m++++++++++++++++++++++++++++++++++++++[0m| 
layer-sha256:84a04f2f69d55ce10a8365308d682727470edf53930da21f0b4a30a5838e7bb7:    done           |[32m++++++++++++++++++++++++++++++++++++++[0m| 
layer-sha256:08b46a2fad9e07fa4f3800b36daba9949b814ab650ba20379438aebde3f851ad:    done           |[32m++++++++++++++++++++++++++++++++++++++[0m| 
layer-sha256:77fe4843fc699aaf8a0b7d7356512fb6d1499a74afcab0263bc82124f124a948:    done           |[32m++++++++++++++++++++++++++++++++++++++[0m| 
layer-sha256:529fff5c9b461fec724503b0a86e3cd457e61f8fe4e22c4a24d675e22a33cf2f:    done           |[32m++++++++++++++++++++++++++++++++++++++[0m| 
layer-sha256:15aa12b3a0c904da30ce8e849cd95b16fad92c7499989cd726e8997745993e7d:    done           |[32m++++++++++++++++++++++++++++++++++++++[0m| 
elapsed: 0.1 s                                                                    total:   0.0 B (0.0 B/s)                                         
unpacking linux/amd64 sha256:f07b79824a91d689a03d4d5fdd7090fc5f8f1f9a93b30f9b2ea6fa28b3c6ac94...
done: 24.090693ms	
time="2026-04-16T10:28:56Z" level=info msg="host will try HTTPS first since it is configured for HTTP with a TLS configuration, consider changing host to HTTPS or removing unused TLS configuration" host="192.168.122.110:5000"
time="2026-04-16T10:28:56Z" level=info msg="host will try HTTPS first since it is configured for HTTP with a TLS configuration, consider changing host to HTTPS or removing unused TLS configuration" host="192.168.122.110:5000"
time="2026-04-16T10:28:56Z" level=warning msg="skip to append distribution label: label key and value length (4107 bytes) greater than maximum size (4096 bytes), key: containerd.io/distribution.source.192.168.122.110: invalid argument"
time="2026-04-16T10:28:56Z" level=warning msg="skip to append distribution label: label key and value length (4107 bytes) greater than maximum size (4096 bytes), key: containerd.io/distribution.source.192.168.122.110: invalid argument"
time="2026-04-16T10:28:56Z" level=warning msg="skip to append distribution label: label key and value length (4107 bytes) greater than maximum size (4096 bytes), key: containerd.io/distribution.source.192.168.122.110: invalid argument"
time="2026-04-16T10:28:56Z" level=warning msg="skip to append distribution label: label key and value length (4107 bytes) greater than maximum size (4096 bytes), key: containerd.io/distribution.source.192.168.122.110: invalid argument"
time="2026-04-16T10:28:56Z" level=warning msg="skip to append distribution label: label key and value length (4107 bytes) greater than maximum size (4096 bytes), key: containerd.io/distribution.source.192.168.122.110: invalid argument"
time="2026-04-16T10:28:56Z" level=warning msg="skip to append distribution label: label key and value length (4107 bytes) greater than maximum size (4096 bytes), key: containerd.io/distribution.source.192.168.122.110: invalid argument"
time="2026-04-16T10:28:56Z" level=warning msg="skip to append distribution label: label key and value length (4107 bytes) greater than maximum size (4096 bytes), key: containerd.io/distribution.source.192.168.122.110: invalid argument"
time="2026-04-16T10:28:56Z" level=warning msg="skip to append distribution label: label key and value length (4107 bytes) greater than maximum size (4096 bytes), key: containerd.io/distribution.source.192.168.122.110: invalid argument"
192.168.122.110:5000/rs_ix_ix33:latest:                                           resolved       |[32m++++++++++++++++++++++++++++++++++++++[0m| 
index-sha256:2c106508fa3afe99f5af3a1486372b1f92fcb0077fee17253c169e84b1339efc:    done           |[32m++++++++++++++++++++++++++++++++++++++[0m| 
manifest-sha256:56f2f7a7792ffca1e86dd7127c9d1fefc864d170d8640c767b94480889a8e0b6: done           |[32m++++++++++++++++++++++++++++++++++++++[0m| 
layer-sha256:a9b8472a732c4778e5002806c0cf2908b92a269ff13d60ffc8163187a58006fa:    done           |[32m++++++++++++++++++++++++++++++++++++++[0m| 
layer-sha256:c954e5f88d9d9be1ed732898db6841e22d90078a4c76cf4717c4cc7edc74403e:    done           |[32m++++++++++++++++++++++++++++++++++++++[0m| 
layer-sha256:4accf72faab4ddbb011f63fff24e0656cd1cc9c9ad5293f7e7c0eaf80ed2872f:    done           |[32m++++++++++++++++++++++++++++++++++++++[0m| 
layer-sha256:13b7e930469f6d3575a320709035c6acf6f5485a76abcf03d1b92a64c09c2476:    done           |[32m++++++++++++++++++++++++++++++++++++++[0m| 
layer-sha256:8a29a47395cd3a02d8340f4325004f6ec371681754e5efa24afced2dbdd64272:    done           |[32m++++++++++++++++++++++++++++++++++++++[0m| 
layer-sha256:e59b44c60b0e4bef2712435bc1a530efe229ee8e4ce5e002fab156cab513cd4b:    done           |[32m++++++++++++++++++++++++++++++++++++++[0m| 
layer-sha256:b1a8b2706032f9c0f354be0daa46f3da6643916a3373ee5d2792dd2def0151d1:    done           |[32m++++++++++++++++++++++++++++++++++++++[0m| 
layer-sha256:34608cb22405250243a5e45518fb618d0bea826f8171514b271e7e4c1bef2752:    done           |[32m++++++++++++++++++++++++++++++++++++++[0m| 
layer-sha256:4f4fb700ef54461cfa02571ae0db9a0dc1e0cdb5577484a6d75e68dc38e8acc1:    done           |[32m++++++++++++++++++++++++++++++++++++++[0m| 
layer-sha256:450bb934662efe2c8c55922af96dfccb7cd62066a0861e11b9cc126c9592d6d7:    done           |[32m++++++++++++++++++++++++++++++++++++++[0m| 
config-sha256:c0d036b7ae679faef94e3afa20402acd29bfd6d6c8201e25a47e550abf5baf7e:   done           |[32m++++++++++++++++++++++++++++++++++++++[0m| 
layer-sha256:64a5d8258ce2b42e67330b08d63621bb09cc797b102a21bad4732b2383fa04c0:    done           |[32m++++++++++++++++++++++++++++++++++++++[0m| 
layer-sha256:85c10b05e71055d378a1d02e9e27543e62ad2e4aa517da12919df13b665c44d7:    done           |[32m++++++++++++++++++++++++++++++++++++++[0m| 
layer-sha256:9c0d02a41d03e1760db2d85fa362d97d585d8c7efb100b6c642a7eb8dac78863:    done           |[32m++++++++++++++++++++++++++++++++++++++[0m| 
layer-sha256:44361424304c7875a4b95853d7efd443133601d1157b3beb15bd465fad04bed9:    done           |[32m++++++++++++++++++++++++++++++++++++++[0m| 
layer-sha256:3e674af63f99a844c419eae5f1879e4ecf8af8f9e3d1f8f38392d134452c50e5:    done           |[32m++++++++++++++++++++++++++++++++++++++[0m| 
layer-sha256:cc11f61cfd5a201bf1490570f4a7e2910ef3920597ea94171476a7e429bcba47:    done           |[32m++++++++++++++++++++++++++++++++++++++[0m| 
layer-sha256:84a04f2f69d55ce10a8365308d682727470edf53930da21f0b4a30a5838e7bb7:    done           |[32m++++++++++++++++++++++++++++++++++++++[0m| 
layer-sha256:cb6e61def6a0b71ac67f528c10014d886cc5f75ccd68e2574351c35c7ec4a627:    done           |[32m++++++++++++++++++++++++++++++++++++++[0m| 
layer-sha256:08b46a2fad9e07fa4f3800b36daba9949b814ab650ba20379438aebde3f851ad:    done           |[32m++++++++++++++++++++++++++++++++++++++[0m| 
layer-sha256:77fe4843fc699aaf8a0b7d7356512fb6d1499a74afcab0263bc82124f124a948:    done           |[32m++++++++++++++++++++++++++++++++++++++[0m| 
layer-sha256:529fff5c9b461fec724503b0a86e3cd457e61f8fe4e22c4a24d675e22a33cf2f:    done           |[32m++++++++++++++++++++++++++++++++++++++[0m| 
layer-sha256:15aa12b3a0c904da30ce8e849cd95b16fad92c7499989cd726e8997745993e7d:    done           |[32m++++++++++++++++++++++++++++++++++++++[0m| 
elapsed: 0.1 s                                                                    total:   0.0 B (0.0 B/s)                                         
unpacking linux/amd64 sha256:2c106508fa3afe99f5af3a1486372b1f92fcb0077fee17253c169e84b1339efc...
done: 18.566365ms	
time="2026-04-16T10:28:57Z" level=info msg="host will try HTTPS first since it is configured for HTTP with a TLS configuration, consider changing host to HTTPS or removing unused TLS configuration" host="192.168.122.110:5000"
time="2026-04-16T10:28:57Z" level=info msg="host will try HTTPS first since it is configured for HTTP with a TLS configuration, consider changing host to HTTPS or removing unused TLS configuration" host="192.168.122.110:5000"
time="2026-04-16T10:28:57Z" level=warning msg="skip to append distribution label: label key and value length (4108 bytes) greater than maximum size (4096 bytes), key: containerd.io/distribution.source.192.168.122.110: invalid argument"
time="2026-04-16T10:28:57Z" level=warning msg="skip to append distribution label: label key and value length (4108 bytes) greater than maximum size (4096 bytes), key: containerd.io/distribution.source.192.168.122.110: invalid argument"
time="2026-04-16T10:28:57Z" level=warning msg="skip to append distribution label: label key and value length (4108 bytes) greater than maximum size (4096 bytes), key: containerd.io/distribution.source.192.168.122.110: invalid argument"
time="2026-04-16T10:28:57Z" level=warning msg="skip to append distribution label: label key and value length (4108 bytes) greater than maximum size (4096 bytes), key: containerd.io/distribution.source.192.168.122.110: invalid argument"
time="2026-04-16T10:28:57Z" level=warning msg="skip to append distribution label: label key and value length (4108 bytes) greater than maximum size (4096 bytes), key: containerd.io/distribution.source.192.168.122.110: invalid argument"
time="2026-04-16T10:28:57Z" level=warning msg="skip to append distribution label: label key and value length (4108 bytes) greater than maximum size (4096 bytes), key: containerd.io/distribution.source.192.168.122.110: invalid argument"
time="2026-04-16T10:28:57Z" level=warning msg="skip to append distribution label: label key and value length (4108 bytes) greater than maximum size (4096 bytes), key: containerd.io/distribution.source.192.168.122.110: invalid argument"
time="2026-04-16T10:28:57Z" level=warning msg="skip to append distribution label: label key and value length (4108 bytes) greater than maximum size (4096 bytes), key: containerd.io/distribution.source.192.168.122.110: invalid argument"
192.168.122.110:5000/rs_ix_ix346:latest:                                          resolved       |[32m++++++++++++++++++++++++++++++++++++++[0m| 
index-sha256:76af4deee850e9e05c508e3b13b9d7657b6947c13935081522e929e7a878a4c9:    done           |[32m++++++++++++++++++++++++++++++++++++++[0m| 
manifest-sha256:5410207a16d603cd718b4c94d8bb41f4a21e12da9a61e358e0c3e1b9fa305eae: done           |[32m++++++++++++++++++++++++++++++++++++++[0m| 
layer-sha256:13b7e930469f6d3575a320709035c6acf6f5485a76abcf03d1b92a64c09c2476:    done           |[32m++++++++++++++++++++++++++++++++++++++[0m| 
layer-sha256:98cc7f0eeb64a57c9ae06cf3332d5c7314112ed324d6d27f278dd40236468d65:    done           |[32m++++++++++++++++++++++++++++++++++++++[0m| 
layer-sha256:34608cb22405250243a5e45518fb618d0bea826f8171514b271e7e4c1bef2752:    done           |[32m++++++++++++++++++++++++++++++++++++++[0m| 
config-sha256:c1bfdbeba7ac55581c0e99a536302256e17171711cf9d837bfa60f996619af20:   done           |[32m++++++++++++++++++++++++++++++++++++++[0m| 
layer-sha256:004cacbd8661745968fbfb6006e43aa793579cba5d45983de775290b886409d9:    done           |[32m++++++++++++++++++++++++++++++++++++++[0m| 
layer-sha256:e59b44c60b0e4bef2712435bc1a530efe229ee8e4ce5e002fab156cab513cd4b:    done           |[32m++++++++++++++++++++++++++++++++++++++[0m| 
layer-sha256:c954e5f88d9d9be1ed732898db6841e22d90078a4c76cf4717c4cc7edc74403e:    done           |[32m++++++++++++++++++++++++++++++++++++++[0m| 
layer-sha256:b1a8b2706032f9c0f354be0daa46f3da6643916a3373ee5d2792dd2def0151d1:    done           |[32m++++++++++++++++++++++++++++++++++++++[0m| 
layer-sha256:8a29a47395cd3a02d8340f4325004f6ec371681754e5efa24afced2dbdd64272:    done           |[32m++++++++++++++++++++++++++++++++++++++[0m| 
layer-sha256:450bb934662efe2c8c55922af96dfccb7cd62066a0861e11b9cc126c9592d6d7:    done           |[32m++++++++++++++++++++++++++++++++++++++[0m| 
layer-sha256:4f4fb700ef54461cfa02571ae0db9a0dc1e0cdb5577484a6d75e68dc38e8acc1:    done           |[32m++++++++++++++++++++++++++++++++++++++[0m| 
layer-sha256:4accf72faab4ddbb011f63fff24e0656cd1cc9c9ad5293f7e7c0eaf80ed2872f:    done           |[32m++++++++++++++++++++++++++++++++++++++[0m| 
layer-sha256:08b46a2fad9e07fa4f3800b36daba9949b814ab650ba20379438aebde3f851ad:    done           |[32m++++++++++++++++++++++++++++++++++++++[0m| 
layer-sha256:4c0d880053268008832aca04ccd19e911c720747a10aa5c8af350bde15b9b71a:    done           |[32m++++++++++++++++++++++++++++++++++++++[0m| 
layer-sha256:64a5d8258ce2b42e67330b08d63621bb09cc797b102a21bad4732b2383fa04c0:    done           |[32m++++++++++++++++++++++++++++++++++++++[0m| 
layer-sha256:44361424304c7875a4b95853d7efd443133601d1157b3beb15bd465fad04bed9:    done           |[32m++++++++++++++++++++++++++++++++++++++[0m| 
layer-sha256:3e674af63f99a844c419eae5f1879e4ecf8af8f9e3d1f8f38392d134452c50e5:    done           |[32m++++++++++++++++++++++++++++++++++++++[0m| 
layer-sha256:529fff5c9b461fec724503b0a86e3cd457e61f8fe4e22c4a24d675e22a33cf2f:    done           |[32m++++++++++++++++++++++++++++++++++++++[0m| 
layer-sha256:84a04f2f69d55ce10a8365308d682727470edf53930da21f0b4a30a5838e7bb7:    done           |[32m++++++++++++++++++++++++++++++++++++++[0m| 
layer-sha256:15aa12b3a0c904da30ce8e849cd95b16fad92c7499989cd726e8997745993e7d:    done           |[32m++++++++++++++++++++++++++++++++++++++[0m| 
layer-sha256:b07abf49ae2369f052ced9f8894eae3da15db7c430446089e622cb82052ef741:    done           |[32m++++++++++++++++++++++++++++++++++++++[0m| 
layer-sha256:77fe4843fc699aaf8a0b7d7356512fb6d1499a74afcab0263bc82124f124a948:    done           |[32m++++++++++++++++++++++++++++++++++++++[0m| 
layer-sha256:340be9057de77fe17a8750f11d779ca37e2f8ba97897e53352549e22fdec7a2e:    done           |[32m++++++++++++++++++++++++++++++++++++++[0m| 
elapsed: 0.1 s                                                                    total:   0.0 B (0.0 B/s)                                         
unpacking linux/amd64 sha256:76af4deee850e9e05c508e3b13b9d7657b6947c13935081522e929e7a878a4c9...
done: 21.836889ms	
time="2026-04-16T10:28:58Z" level=info msg="host will try HTTPS first since it is configured for HTTP with a TLS configuration, consider changing host to HTTPS or removing unused TLS configuration" host="192.168.122.110:5000"
time="2026-04-16T10:28:58Z" level=info msg="host will try HTTPS first since it is configured for HTTP with a TLS configuration, consider changing host to HTTPS or removing unused TLS configuration" host="192.168.122.110:5000"
time="2026-04-16T10:28:58Z" level=warning msg="skip to append distribution label: label key and value length (4107 bytes) greater than maximum size (4096 bytes), key: containerd.io/distribution.source.192.168.122.110: invalid argument"
time="2026-04-16T10:28:58Z" level=warning msg="skip to append distribution label: label key and value length (4107 bytes) greater than maximum size (4096 bytes), key: containerd.io/distribution.source.192.168.122.110: invalid argument"
time="2026-04-16T10:28:58Z" level=warning msg="skip to append distribution label: label key and value length (4107 bytes) greater than maximum size (4096 bytes), key: containerd.io/distribution.source.192.168.122.110: invalid argument"
time="2026-04-16T10:28:58Z" level=warning msg="skip to append distribution label: label key and value length (4107 bytes) greater than maximum size (4096 bytes), key: containerd.io/distribution.source.192.168.122.110: invalid argument"
time="2026-04-16T10:28:58Z" level=warning msg="skip to append distribution label: label key and value length (4107 bytes) greater than maximum size (4096 bytes), key: containerd.io/distribution.source.192.168.122.110: invalid argument"
time="2026-04-16T10:28:58Z" level=warning msg="skip to append distribution label: label key and value length (4107 bytes) greater than maximum size (4096 bytes), key: containerd.io/distribution.source.192.168.122.110: invalid argument"
time="2026-04-16T10:28:58Z" level=warning msg="skip to append distribution label: label key and value length (4107 bytes) greater than maximum size (4096 bytes), key: containerd.io/distribution.source.192.168.122.110: invalid argument"
time="2026-04-16T10:28:58Z" level=warning msg="skip to append distribution label: label key and value length (4107 bytes) greater than maximum size (4096 bytes), key: containerd.io/distribution.source.192.168.122.110: invalid argument"
192.168.122.110:5000/rs_ix_ix39:latest:                                           resolved       |[32m++++++++++++++++++++++++++++++++++++++[0m| 
index-sha256:8cf224586eea7ccb5540d98e423aca0d6c3ae4a9482c552aae29b97f4dee8020:    done           |[32m++++++++++++++++++++++++++++++++++++++[0m| 
manifest-sha256:df61cb975c6ec984a713396aa8fce911835656a249c607c09e3bb46c8b4a23eb: done           |[32m++++++++++++++++++++++++++++++++++++++[0m| 
layer-sha256:13b7e930469f6d3575a320709035c6acf6f5485a76abcf03d1b92a64c09c2476:    done           |[32m++++++++++++++++++++++++++++++++++++++[0m| 
layer-sha256:64a5d8258ce2b42e67330b08d63621bb09cc797b102a21bad4732b2383fa04c0:    done           |[32m++++++++++++++++++++++++++++++++++++++[0m| 
layer-sha256:ab30f25f16610ee3fcc6dab2cf0501717f149cbd67975be6cdfd3696302c831b:    done           |[32m++++++++++++++++++++++++++++++++++++++[0m| 
layer-sha256:34608cb22405250243a5e45518fb618d0bea826f8171514b271e7e4c1bef2752:    done           |[32m++++++++++++++++++++++++++++++++++++++[0m| 
config-sha256:8979bda8d3385c855057a8d69df4e871f0da6d21b42155108e7a14b80c1c5137:   done           |[32m++++++++++++++++++++++++++++++++++++++[0m| 
layer-sha256:450bb934662efe2c8c55922af96dfccb7cd62066a0861e11b9cc126c9592d6d7:    done           |[32m++++++++++++++++++++++++++++++++++++++[0m| 
layer-sha256:c954e5f88d9d9be1ed732898db6841e22d90078a4c76cf4717c4cc7edc74403e:    done           |[32m++++++++++++++++++++++++++++++++++++++[0m| 
layer-sha256:08b46a2fad9e07fa4f3800b36daba9949b814ab650ba20379438aebde3f851ad:    done           |[32m++++++++++++++++++++++++++++++++++++++[0m| 
layer-sha256:4accf72faab4ddbb011f63fff24e0656cd1cc9c9ad5293f7e7c0eaf80ed2872f:    done           |[32m++++++++++++++++++++++++++++++++++++++[0m| 
layer-sha256:529fff5c9b461fec724503b0a86e3cd457e61f8fe4e22c4a24d675e22a33cf2f:    done           |[32m++++++++++++++++++++++++++++++++++++++[0m| 
layer-sha256:8a29a47395cd3a02d8340f4325004f6ec371681754e5efa24afced2dbdd64272:    done           |[32m++++++++++++++++++++++++++++++++++++++[0m| 
layer-sha256:3e674af63f99a844c419eae5f1879e4ecf8af8f9e3d1f8f38392d134452c50e5:    done           |[32m++++++++++++++++++++++++++++++++++++++[0m| 
layer-sha256:e59b44c60b0e4bef2712435bc1a530efe229ee8e4ce5e002fab156cab513cd4b:    done           |[32m++++++++++++++++++++++++++++++++++++++[0m| 
layer-sha256:3685e873dacecf4af7cb7517e658a3036795cc1612c664a379accd03114ccb68:    done           |[32m++++++++++++++++++++++++++++++++++++++[0m| 
layer-sha256:15aa12b3a0c904da30ce8e849cd95b16fad92c7499989cd726e8997745993e7d:    done           |[32m++++++++++++++++++++++++++++++++++++++[0m| 
layer-sha256:b1a8b2706032f9c0f354be0daa46f3da6643916a3373ee5d2792dd2def0151d1:    done           |[32m++++++++++++++++++++++++++++++++++++++[0m| 
layer-sha256:77fe4843fc699aaf8a0b7d7356512fb6d1499a74afcab0263bc82124f124a948:    done           |[32m++++++++++++++++++++++++++++++++++++++[0m| 
layer-sha256:44361424304c7875a4b95853d7efd443133601d1157b3beb15bd465fad04bed9:    done           |[32m++++++++++++++++++++++++++++++++++++++[0m| 
layer-sha256:4f4fb700ef54461cfa02571ae0db9a0dc1e0cdb5577484a6d75e68dc38e8acc1:    done           |[32m++++++++++++++++++++++++++++++++++++++[0m| 
layer-sha256:669fd2b4a8c7e766868fa14f11e77ad999d190bdf0eb701827304ca1a85c2a60:    done           |[32m++++++++++++++++++++++++++++++++++++++[0m| 
layer-sha256:95c5ed474be075635ebf8c37f178b297e94f88d98acc05c536a1a29bbf0e1e1b:    done           |[32m++++++++++++++++++++++++++++++++++++++[0m| 
layer-sha256:84a04f2f69d55ce10a8365308d682727470edf53930da21f0b4a30a5838e7bb7:    done           |[32m++++++++++++++++++++++++++++++++++++++[0m| 
layer-sha256:65081ca745cac5f1b50c59c0ee887875936774c4f826cd8d57eae63c2eff3003:    done           |[32m++++++++++++++++++++++++++++++++++++++[0m| 
elapsed: 0.1 s                                                                    total:   0.0 B (0.0 B/s)                                         
unpacking linux/amd64 sha256:8cf224586eea7ccb5540d98e423aca0d6c3ae4a9482c552aae29b97f4dee8020...
done: 20.979178ms	
time="2026-04-16T10:28:58Z" level=info msg="host will try HTTPS first since it is configured for HTTP with a TLS configuration, consider changing host to HTTPS or removing unused TLS configuration" host="192.168.122.110:5000"
time="2026-04-16T10:28:58Z" level=info msg="host will try HTTPS first since it is configured for HTTP with a TLS configuration, consider changing host to HTTPS or removing unused TLS configuration" host="192.168.122.110:5000"
time="2026-04-16T10:28:58Z" level=warning msg="skip to append distribution label: label key and value length (4107 bytes) greater than maximum size (4096 bytes), key: containerd.io/distribution.source.192.168.122.110: invalid argument"
time="2026-04-16T10:28:58Z" level=warning msg="skip to append distribution label: label key and value length (4107 bytes) greater than maximum size (4096 bytes), key: containerd.io/distribution.source.192.168.122.110: invalid argument"
time="2026-04-16T10:28:58Z" level=warning msg="skip to append distribution label: label key and value length (4107 bytes) greater than maximum size (4096 bytes), key: containerd.io/distribution.source.192.168.122.110: invalid argument"
time="2026-04-16T10:28:58Z" level=warning msg="skip to append distribution label: label key and value length (4107 bytes) greater than maximum size (4096 bytes), key: containerd.io/distribution.source.192.168.122.110: invalid argument"
time="2026-04-16T10:28:58Z" level=warning msg="skip to append distribution label: label key and value length (4107 bytes) greater than maximum size (4096 bytes), key: containerd.io/distribution.source.192.168.122.110: invalid argument"
time="2026-04-16T10:28:58Z" level=warning msg="skip to append distribution label: label key and value length (4107 bytes) greater than maximum size (4096 bytes), key: containerd.io/distribution.source.192.168.122.110: invalid argument"
time="2026-04-16T10:28:58Z" level=warning msg="skip to append distribution label: label key and value length (4107 bytes) greater than maximum size (4096 bytes), key: containerd.io/distribution.source.192.168.122.110: invalid argument"
time="2026-04-16T10:28:58Z" level=warning msg="skip to append distribution label: label key and value length (4107 bytes) greater than maximum size (4096 bytes), key: containerd.io/distribution.source.192.168.122.110: invalid argument"
192.168.122.110:5000/rs_ix_ix45:latest:                                           resolved       |[32m++++++++++++++++++++++++++++++++++++++[0m| 
index-sha256:5d73f53564071b7a47cd7b18bb5f8b4e01856f3c4dcf60b0ca306b4a41314f3b:    done           |[32m++++++++++++++++++++++++++++++++++++++[0m| 
manifest-sha256:a07ba0f8151ee5c82d3553b281268f3fc5dddeffae0a3dbb20b478b888d8f413: done           |[32m++++++++++++++++++++++++++++++++++++++[0m| 
layer-sha256:dd7c01223b034bf8cb8bf4fef01e61a88e3c95764509ca350998d0ca35e79251:    done           |[32m++++++++++++++++++++++++++++++++++++++[0m| 
layer-sha256:e59b44c60b0e4bef2712435bc1a530efe229ee8e4ce5e002fab156cab513cd4b:    done           |[32m++++++++++++++++++++++++++++++++++++++[0m| 
layer-sha256:450bb934662efe2c8c55922af96dfccb7cd62066a0861e11b9cc126c9592d6d7:    done           |[32m++++++++++++++++++++++++++++++++++++++[0m| 
layer-sha256:b1a8b2706032f9c0f354be0daa46f3da6643916a3373ee5d2792dd2def0151d1:    done           |[32m++++++++++++++++++++++++++++++++++++++[0m| 
layer-sha256:4f4fb700ef54461cfa02571ae0db9a0dc1e0cdb5577484a6d75e68dc38e8acc1:    done           |[32m++++++++++++++++++++++++++++++++++++++[0m| 
layer-sha256:c954e5f88d9d9be1ed732898db6841e22d90078a4c76cf4717c4cc7edc74403e:    done           |[32m++++++++++++++++++++++++++++++++++++++[0m| 
layer-sha256:64a5d8258ce2b42e67330b08d63621bb09cc797b102a21bad4732b2383fa04c0:    done           |[32m++++++++++++++++++++++++++++++++++++++[0m| 
config-sha256:dfab25a07ec4674065546f39ace34bf661d6ce987c8090ea02ad48951656bcb1:   done           |[32m++++++++++++++++++++++++++++++++++++++[0m| 
layer-sha256:f0be247c482793a4b1174bdfc6f34055d01fbc2e91ff83df34afe769f4fe95c5:    done           |[32m++++++++++++++++++++++++++++++++++++++[0m| 
layer-sha256:8a29a47395cd3a02d8340f4325004f6ec371681754e5efa24afced2dbdd64272:    done           |[32m++++++++++++++++++++++++++++++++++++++[0m| 
layer-sha256:48cc5f7ee915a7ecaaa45d3f458d38a818c7a13c8f7c20c40eb94599ca2bf350:    done           |[32m++++++++++++++++++++++++++++++++++++++[0m| 
layer-sha256:a359594c882de72b53bbdc415e3c3b8bd903bcaca72664c2d6ab81c03465e315:    done           |[32m++++++++++++++++++++++++++++++++++++++[0m| 
layer-sha256:13b7e930469f6d3575a320709035c6acf6f5485a76abcf03d1b92a64c09c2476:    done           |[32m++++++++++++++++++++++++++++++++++++++[0m| 
layer-sha256:4accf72faab4ddbb011f63fff24e0656cd1cc9c9ad5293f7e7c0eaf80ed2872f:    done           |[32m++++++++++++++++++++++++++++++++++++++[0m| 
layer-sha256:1b5cf18473b2271c2440f9502efe6eefd48346f6beba47974cbad468d8e2218c:    done           |[32m++++++++++++++++++++++++++++++++++++++[0m| 
layer-sha256:34608cb22405250243a5e45518fb618d0bea826f8171514b271e7e4c1bef2752:    done           |[32m++++++++++++++++++++++++++++++++++++++[0m| 
layer-sha256:e899272ca12e6d43e07dff378be047161340e391c347c146386abd3bae7e7918:    done           |[32m++++++++++++++++++++++++++++++++++++++[0m| 
layer-sha256:273ed644e3aba4e961ba14a22a0fe13bc5a3319f5f93227fa41f35f8b4198067:    done           |[32m++++++++++++++++++++++++++++++++++++++[0m| 
layer-sha256:2ea2c27f444d0149b6c9804405dac316041d18fcdbeaf4452bfa0ec49ee2841d:    done           |[32m++++++++++++++++++++++++++++++++++++++[0m| 
layer-sha256:c8d11d2b7f50b0722f864f8bf87a48e0e367600f193f6528c63937802eeba0bf:    done           |[32m++++++++++++++++++++++++++++++++++++++[0m| 
layer-sha256:9c2b02791f1de5b9d3684def524d9f24f294cc15c847315c59ae322944ad6fa5:    done           |[32m++++++++++++++++++++++++++++++++++++++[0m| 
layer-sha256:5da617756c2a356e840be444553141e821e903e385dfe8e952fb3379d1c30382:    done           |[32m++++++++++++++++++++++++++++++++++++++[0m| 
layer-sha256:2231eaf3a298084fa9e30b1e4c9f9e922cc15f29825b10878315732ac4d39c9b:    done           |[32m++++++++++++++++++++++++++++++++++++++[0m| 
elapsed: 0.1 s                                                                    total:   0.0 B (0.0 B/s)                                         
unpacking linux/amd64 sha256:5d73f53564071b7a47cd7b18bb5f8b4e01856f3c4dcf60b0ca306b4a41314f3b...
done: 17.681662ms	
time="2026-04-16T10:28:59Z" level=info msg="host will try HTTPS first since it is configured for HTTP with a TLS configuration, consider changing host to HTTPS or removing unused TLS configuration" host="192.168.122.110:5000"
time="2026-04-16T10:28:59Z" level=info msg="host will try HTTPS first since it is configured for HTTP with a TLS configuration, consider changing host to HTTPS or removing unused TLS configuration" host="192.168.122.110:5000"
time="2026-04-16T10:28:59Z" level=warning msg="skip to append distribution label: label key and value length (4107 bytes) greater than maximum size (4096 bytes), key: containerd.io/distribution.source.192.168.122.110: invalid argument"
time="2026-04-16T10:28:59Z" level=warning msg="skip to append distribution label: label key and value length (4107 bytes) greater than maximum size (4096 bytes), key: containerd.io/distribution.source.192.168.122.110: invalid argument"
time="2026-04-16T10:28:59Z" level=warning msg="skip to append distribution label: label key and value length (4107 bytes) greater than maximum size (4096 bytes), key: containerd.io/distribution.source.192.168.122.110: invalid argument"
time="2026-04-16T10:28:59Z" level=warning msg="skip to append distribution label: label key and value length (4107 bytes) greater than maximum size (4096 bytes), key: containerd.io/distribution.source.192.168.122.110: invalid argument"
time="2026-04-16T10:28:59Z" level=warning msg="skip to append distribution label: label key and value length (4107 bytes) greater than maximum size (4096 bytes), key: containerd.io/distribution.source.192.168.122.110: invalid argument"
time="2026-04-16T10:28:59Z" level=warning msg="skip to append distribution label: label key and value length (4107 bytes) greater than maximum size (4096 bytes), key: containerd.io/distribution.source.192.168.122.110: invalid argument"
time="2026-04-16T10:28:59Z" level=warning msg="skip to append distribution label: label key and value length (4107 bytes) greater than maximum size (4096 bytes), key: containerd.io/distribution.source.192.168.122.110: invalid argument"
time="2026-04-16T10:28:59Z" level=warning msg="skip to append distribution label: label key and value length (4107 bytes) greater than maximum size (4096 bytes), key: containerd.io/distribution.source.192.168.122.110: invalid argument"
192.168.122.110:5000/rs_ix_ix61:latest:                                           resolved       |[32m++++++++++++++++++++++++++++++++++++++[0m| 
index-sha256:b6cd27d0be7a70744f6d8a2cdc09a79b699b1eefbb0483d6bb85e6f1c12aa38e:    done           |[32m++++++++++++++++++++++++++++++++++++++[0m| 
manifest-sha256:31034e4c4d4ee093fc42c9e030f05230674737604a684497a1b2a8053680429b: done           |[32m++++++++++++++++++++++++++++++++++++++[0m| 
layer-sha256:13b7e930469f6d3575a320709035c6acf6f5485a76abcf03d1b92a64c09c2476:    done           |[32m++++++++++++++++++++++++++++++++++++++[0m| 
layer-sha256:1f85ad26955466e89177d30f8e0e12b1cd12666673e04263e667b690412b68c3:    done           |[32m++++++++++++++++++++++++++++++++++++++[0m| 
layer-sha256:450bb934662efe2c8c55922af96dfccb7cd62066a0861e11b9cc126c9592d6d7:    done           |[32m++++++++++++++++++++++++++++++++++++++[0m| 
config-sha256:d893c2f632b9d6cd944a83abc4bdd99f72603e88212037759727aed4ead0906b:   done           |[32m++++++++++++++++++++++++++++++++++++++[0m| 
layer-sha256:c954e5f88d9d9be1ed732898db6841e22d90078a4c76cf4717c4cc7edc74403e:    done           |[32m++++++++++++++++++++++++++++++++++++++[0m| 
layer-sha256:4accf72faab4ddbb011f63fff24e0656cd1cc9c9ad5293f7e7c0eaf80ed2872f:    done           |[32m++++++++++++++++++++++++++++++++++++++[0m| 
layer-sha256:8a29a47395cd3a02d8340f4325004f6ec371681754e5efa24afced2dbdd64272:    done           |[32m++++++++++++++++++++++++++++++++++++++[0m| 
layer-sha256:e59b44c60b0e4bef2712435bc1a530efe229ee8e4ce5e002fab156cab513cd4b:    done           |[32m++++++++++++++++++++++++++++++++++++++[0m| 
layer-sha256:34608cb22405250243a5e45518fb618d0bea826f8171514b271e7e4c1bef2752:    done           |[32m++++++++++++++++++++++++++++++++++++++[0m| 
layer-sha256:b1a8b2706032f9c0f354be0daa46f3da6643916a3373ee5d2792dd2def0151d1:    done           |[32m++++++++++++++++++++++++++++++++++++++[0m| 
layer-sha256:84a04f2f69d55ce10a8365308d682727470edf53930da21f0b4a30a5838e7bb7:    done           |[32m++++++++++++++++++++++++++++++++++++++[0m| 
layer-sha256:15aa12b3a0c904da30ce8e849cd95b16fad92c7499989cd726e8997745993e7d:    done           |[32m++++++++++++++++++++++++++++++++++++++[0m| 
layer-sha256:77fe4843fc699aaf8a0b7d7356512fb6d1499a74afcab0263bc82124f124a948:    done           |[32m++++++++++++++++++++++++++++++++++++++[0m| 
layer-sha256:23464e0d7e8564a6345d554612a653b1c55804501c4422a33755399c521e2962:    done           |[32m++++++++++++++++++++++++++++++++++++++[0m| 
layer-sha256:08b46a2fad9e07fa4f3800b36daba9949b814ab650ba20379438aebde3f851ad:    done           |[32m++++++++++++++++++++++++++++++++++++++[0m| 
layer-sha256:9f1a6a1f13848a9ead1edf77eb5752efa34221f2a70ce8a7f2d1e5ee4b52bd5c:    done           |[32m++++++++++++++++++++++++++++++++++++++[0m| 
layer-sha256:3e674af63f99a844c419eae5f1879e4ecf8af8f9e3d1f8f38392d134452c50e5:    done           |[32m++++++++++++++++++++++++++++++++++++++[0m| 
layer-sha256:e78b21cd84739dedb37a7f09097638839abd29428516c4ea09bad5eed933fb90:    done           |[32m++++++++++++++++++++++++++++++++++++++[0m| 
layer-sha256:44361424304c7875a4b95853d7efd443133601d1157b3beb15bd465fad04bed9:    done           |[32m++++++++++++++++++++++++++++++++++++++[0m| 
layer-sha256:529fff5c9b461fec724503b0a86e3cd457e61f8fe4e22c4a24d675e22a33cf2f:    done           |[32m++++++++++++++++++++++++++++++++++++++[0m| 
layer-sha256:9436bfdb7afb511deb2113ea0e17b40c031bb9e7940fc86d04c4f6c0f4b3f488:    done           |[32m++++++++++++++++++++++++++++++++++++++[0m| 
layer-sha256:4f4fb700ef54461cfa02571ae0db9a0dc1e0cdb5577484a6d75e68dc38e8acc1:    done           |[32m++++++++++++++++++++++++++++++++++++++[0m| 
layer-sha256:64a5d8258ce2b42e67330b08d63621bb09cc797b102a21bad4732b2383fa04c0:    done           |[32m++++++++++++++++++++++++++++++++++++++[0m| 
elapsed: 0.1 s                                                                    total:   0.0 B (0.0 B/s)                                         
unpacking linux/amd64 sha256:b6cd27d0be7a70744f6d8a2cdc09a79b699b1eefbb0483d6bb85e6f1c12aa38e...
done: 21.081399ms	
time="2026-04-16T10:29:00Z" level=info msg="host will try HTTPS first since it is configured for HTTP with a TLS configuration, consider changing host to HTTPS or removing unused TLS configuration" host="192.168.122.110:5000"
time="2026-04-16T10:29:00Z" level=info msg="host will try HTTPS first since it is configured for HTTP with a TLS configuration, consider changing host to HTTPS or removing unused TLS configuration" host="192.168.122.110:5000"
time="2026-04-16T10:29:00Z" level=warning msg="skip to append distribution label: label key and value length (4106 bytes) greater than maximum size (4096 bytes), key: containerd.io/distribution.source.192.168.122.110: invalid argument"
time="2026-04-16T10:29:00Z" level=warning msg="skip to append distribution label: label key and value length (4106 bytes) greater than maximum size (4096 bytes), key: containerd.io/distribution.source.192.168.122.110: invalid argument"
time="2026-04-16T10:29:00Z" level=warning msg="skip to append distribution label: label key and value length (4106 bytes) greater than maximum size (4096 bytes), key: containerd.io/distribution.source.192.168.122.110: invalid argument"
time="2026-04-16T10:29:00Z" level=warning msg="skip to append distribution label: label key and value length (4106 bytes) greater than maximum size (4096 bytes), key: containerd.io/distribution.source.192.168.122.110: invalid argument"
time="2026-04-16T10:29:00Z" level=warning msg="skip to append distribution label: label key and value length (4106 bytes) greater than maximum size (4096 bytes), key: containerd.io/distribution.source.192.168.122.110: invalid argument"
time="2026-04-16T10:29:00Z" level=warning msg="skip to append distribution label: label key and value length (4106 bytes) greater than maximum size (4096 bytes), key: containerd.io/distribution.source.192.168.122.110: invalid argument"
time="2026-04-16T10:29:00Z" level=warning msg="skip to append distribution label: label key and value length (4106 bytes) greater than maximum size (4096 bytes), key: containerd.io/distribution.source.192.168.122.110: invalid argument"
time="2026-04-16T10:29:00Z" level=warning msg="skip to append distribution label: label key and value length (4106 bytes) greater than maximum size (4096 bytes), key: containerd.io/distribution.source.192.168.122.110: invalid argument"
192.168.122.110:5000/rs_ix_ix6:latest:                                            resolved       |[32m++++++++++++++++++++++++++++++++++++++[0m| 
index-sha256:a65aa47a4c8de6eb0095741403cd6edc4eba68d074906d5609b99e1361ed5cec:    done           |[32m++++++++++++++++++++++++++++++++++++++[0m| 
manifest-sha256:882353baef2271d24883c1d1e5256414979d35fe52588a4bc325f00426bd0617: done           |[32m++++++++++++++++++++++++++++++++++++++[0m| 
layer-sha256:99e83e66a4dca7e399c650c1ce93e27c187348add36339c4491c74f1fc50a1f9:    done           |[32m++++++++++++++++++++++++++++++++++++++[0m| 
layer-sha256:64a5d8258ce2b42e67330b08d63621bb09cc797b102a21bad4732b2383fa04c0:    done           |[32m++++++++++++++++++++++++++++++++++++++[0m| 
layer-sha256:08b46a2fad9e07fa4f3800b36daba9949b814ab650ba20379438aebde3f851ad:    done           |[32m++++++++++++++++++++++++++++++++++++++[0m| 
layer-sha256:77fe4843fc699aaf8a0b7d7356512fb6d1499a74afcab0263bc82124f124a948:    done           |[32m++++++++++++++++++++++++++++++++++++++[0m| 
layer-sha256:4debde801e909941c3702a5675dabfa74dae757da54c18aecac5634db6c593cb:    done           |[32m++++++++++++++++++++++++++++++++++++++[0m| 
layer-sha256:15aa12b3a0c904da30ce8e849cd95b16fad92c7499989cd726e8997745993e7d:    done           |[32m++++++++++++++++++++++++++++++++++++++[0m| 
config-sha256:b7d779146d97cafc9e3b4b5cb43fe270c497ca1953eeef04a11e4a4e41190b95:   done           |[32m++++++++++++++++++++++++++++++++++++++[0m| 
layer-sha256:4accf72faab4ddbb011f63fff24e0656cd1cc9c9ad5293f7e7c0eaf80ed2872f:    done           |[32m++++++++++++++++++++++++++++++++++++++[0m| 
layer-sha256:44361424304c7875a4b95853d7efd443133601d1157b3beb15bd465fad04bed9:    done           |[32m++++++++++++++++++++++++++++++++++++++[0m| 
layer-sha256:529fff5c9b461fec724503b0a86e3cd457e61f8fe4e22c4a24d675e22a33cf2f:    done           |[32m++++++++++++++++++++++++++++++++++++++[0m| 
layer-sha256:13b7e930469f6d3575a320709035c6acf6f5485a76abcf03d1b92a64c09c2476:    done           |[32m++++++++++++++++++++++++++++++++++++++[0m| 
layer-sha256:3e674af63f99a844c419eae5f1879e4ecf8af8f9e3d1f8f38392d134452c50e5:    done           |[32m++++++++++++++++++++++++++++++++++++++[0m| 
layer-sha256:8a29a47395cd3a02d8340f4325004f6ec371681754e5efa24afced2dbdd64272:    done           |[32m++++++++++++++++++++++++++++++++++++++[0m| 
layer-sha256:34608cb22405250243a5e45518fb618d0bea826f8171514b271e7e4c1bef2752:    done           |[32m++++++++++++++++++++++++++++++++++++++[0m| 
layer-sha256:6b58c98cf26a4fd33cb90dc60d343fe1006b4784273b311cd804c3fdebbb8e3b:    done           |[32m++++++++++++++++++++++++++++++++++++++[0m| 
layer-sha256:e59b44c60b0e4bef2712435bc1a530efe229ee8e4ce5e002fab156cab513cd4b:    done           |[32m++++++++++++++++++++++++++++++++++++++[0m| 
layer-sha256:450bb934662efe2c8c55922af96dfccb7cd62066a0861e11b9cc126c9592d6d7:    done           |[32m++++++++++++++++++++++++++++++++++++++[0m| 
layer-sha256:c954e5f88d9d9be1ed732898db6841e22d90078a4c76cf4717c4cc7edc74403e:    done           |[32m++++++++++++++++++++++++++++++++++++++[0m| 
layer-sha256:cdb4d404f281c22e975d6e9f63746a800e2446261de382bbf168ed43cf892a35:    done           |[32m++++++++++++++++++++++++++++++++++++++[0m| 
layer-sha256:b1a8b2706032f9c0f354be0daa46f3da6643916a3373ee5d2792dd2def0151d1:    done           |[32m++++++++++++++++++++++++++++++++++++++[0m| 
layer-sha256:4f4fb700ef54461cfa02571ae0db9a0dc1e0cdb5577484a6d75e68dc38e8acc1:    done           |[32m++++++++++++++++++++++++++++++++++++++[0m| 
layer-sha256:84a04f2f69d55ce10a8365308d682727470edf53930da21f0b4a30a5838e7bb7:    done           |[32m++++++++++++++++++++++++++++++++++++++[0m| 
layer-sha256:f02eca9d0bcf6da6b9106b185deee8e94f9d6a4ac9df0c2626466589d7837db8:    done           |[32m++++++++++++++++++++++++++++++++++++++[0m| 
elapsed: 0.1 s                                                                    total:   0.0 B (0.0 B/s)                                         
unpacking linux/amd64 sha256:a65aa47a4c8de6eb0095741403cd6edc4eba68d074906d5609b99e1361ed5cec...
done: 24.218475ms	
time="2026-04-16T10:29:01Z" level=info msg="host will try HTTPS first since it is configured for HTTP with a TLS configuration, consider changing host to HTTPS or removing unused TLS configuration" host="192.168.122.110:5000"
time="2026-04-16T10:29:01Z" level=info msg="host will try HTTPS first since it is configured for HTTP with a TLS configuration, consider changing host to HTTPS or removing unused TLS configuration" host="192.168.122.110:5000"
time="2026-04-16T10:29:01Z" level=warning msg="skip to append distribution label: label key and value length (4107 bytes) greater than maximum size (4096 bytes), key: containerd.io/distribution.source.192.168.122.110: invalid argument"
time="2026-04-16T10:29:01Z" level=warning msg="skip to append distribution label: label key and value length (4107 bytes) greater than maximum size (4096 bytes), key: containerd.io/distribution.source.192.168.122.110: invalid argument"
time="2026-04-16T10:29:01Z" level=warning msg="skip to append distribution label: label key and value length (4107 bytes) greater than maximum size (4096 bytes), key: containerd.io/distribution.source.192.168.122.110: invalid argument"
time="2026-04-16T10:29:01Z" level=warning msg="skip to append distribution label: label key and value length (4107 bytes) greater than maximum size (4096 bytes), key: containerd.io/distribution.source.192.168.122.110: invalid argument"
time="2026-04-16T10:29:01Z" level=warning msg="skip to append distribution label: label key and value length (4107 bytes) greater than maximum size (4096 bytes), key: containerd.io/distribution.source.192.168.122.110: invalid argument"
time="2026-04-16T10:29:01Z" level=warning msg="skip to append distribution label: label key and value length (4107 bytes) greater than maximum size (4096 bytes), key: containerd.io/distribution.source.192.168.122.110: invalid argument"
time="2026-04-16T10:29:01Z" level=warning msg="skip to append distribution label: label key and value length (4107 bytes) greater than maximum size (4096 bytes), key: containerd.io/distribution.source.192.168.122.110: invalid argument"
time="2026-04-16T10:29:01Z" level=warning msg="skip to append distribution label: label key and value length (4107 bytes) greater than maximum size (4096 bytes), key: containerd.io/distribution.source.192.168.122.110: invalid argument"
192.168.122.110:5000/rs_ix_ix74:latest:                                           resolved       |[32m++++++++++++++++++++++++++++++++++++++[0m| 
index-sha256:9d529958d62605795b6341e6020c1b2eddebc4af9ace552b8fe96a7873b8a4c9:    done           |[32m++++++++++++++++++++++++++++++++++++++[0m| 
manifest-sha256:d0f0e1ea4efc915cfbc6ccf5b2bdab78714f25b7f20489e4675ffb03958d4ada: done           |[32m++++++++++++++++++++++++++++++++++++++[0m| 
layer-sha256:34608cb22405250243a5e45518fb618d0bea826f8171514b271e7e4c1bef2752:    done           |[32m++++++++++++++++++++++++++++++++++++++[0m| 
layer-sha256:a90718fcafa3a304a6c1d2fa4baa744c0a3f1ffb8b64989921d55f4e146b271e:    done           |[32m++++++++++++++++++++++++++++++++++++++[0m| 
layer-sha256:13b7e930469f6d3575a320709035c6acf6f5485a76abcf03d1b92a64c09c2476:    done           |[32m++++++++++++++++++++++++++++++++++++++[0m| 
config-sha256:9d92ae7e755b344bc8459c3ee47b8e1f127e28382a25f19013d1031c67b4bdc8:   done           |[32m++++++++++++++++++++++++++++++++++++++[0m| 
layer-sha256:450bb934662efe2c8c55922af96dfccb7cd62066a0861e11b9cc126c9592d6d7:    done           |[32m++++++++++++++++++++++++++++++++++++++[0m| 
layer-sha256:c954e5f88d9d9be1ed732898db6841e22d90078a4c76cf4717c4cc7edc74403e:    done           |[32m++++++++++++++++++++++++++++++++++++++[0m| 
layer-sha256:c8d11d2b7f50b0722f864f8bf87a48e0e367600f193f6528c63937802eeba0bf:    done           |[32m++++++++++++++++++++++++++++++++++++++[0m| 
layer-sha256:5da617756c2a356e840be444553141e821e903e385dfe8e952fb3379d1c30382:    done           |[32m++++++++++++++++++++++++++++++++++++++[0m| 
layer-sha256:7210267f2ff4fafddac64f29c7dc990da0e4c8d80ccf5cb9c6c42cafdddf1511:    done           |[32m++++++++++++++++++++++++++++++++++++++[0m| 
layer-sha256:a359594c882de72b53bbdc415e3c3b8bd903bcaca72664c2d6ab81c03465e315:    done           |[32m++++++++++++++++++++++++++++++++++++++[0m| 
layer-sha256:2231eaf3a298084fa9e30b1e4c9f9e922cc15f29825b10878315732ac4d39c9b:    done           |[32m++++++++++++++++++++++++++++++++++++++[0m| 
layer-sha256:4accf72faab4ddbb011f63fff24e0656cd1cc9c9ad5293f7e7c0eaf80ed2872f:    done           |[32m++++++++++++++++++++++++++++++++++++++[0m| 
layer-sha256:e899272ca12e6d43e07dff378be047161340e391c347c146386abd3bae7e7918:    done           |[32m++++++++++++++++++++++++++++++++++++++[0m| 
layer-sha256:4f4fb700ef54461cfa02571ae0db9a0dc1e0cdb5577484a6d75e68dc38e8acc1:    done           |[32m++++++++++++++++++++++++++++++++++++++[0m| 
layer-sha256:64a5d8258ce2b42e67330b08d63621bb09cc797b102a21bad4732b2383fa04c0:    done           |[32m++++++++++++++++++++++++++++++++++++++[0m| 
layer-sha256:e59b44c60b0e4bef2712435bc1a530efe229ee8e4ce5e002fab156cab513cd4b:    done           |[32m++++++++++++++++++++++++++++++++++++++[0m| 
layer-sha256:b1a8b2706032f9c0f354be0daa46f3da6643916a3373ee5d2792dd2def0151d1:    done           |[32m++++++++++++++++++++++++++++++++++++++[0m| 
layer-sha256:48cc5f7ee915a7ecaaa45d3f458d38a818c7a13c8f7c20c40eb94599ca2bf350:    done           |[32m++++++++++++++++++++++++++++++++++++++[0m| 
layer-sha256:0ccfacb7d53fea354a16ce52755207bbfbe2996b7378f455232c1cfb11ac0b39:    done           |[32m++++++++++++++++++++++++++++++++++++++[0m| 
layer-sha256:8a29a47395cd3a02d8340f4325004f6ec371681754e5efa24afced2dbdd64272:    done           |[32m++++++++++++++++++++++++++++++++++++++[0m| 
layer-sha256:f0be247c482793a4b1174bdfc6f34055d01fbc2e91ff83df34afe769f4fe95c5:    done           |[32m++++++++++++++++++++++++++++++++++++++[0m| 
layer-sha256:1d2574129921f7483ce8e930a1d985a6e2c9b4976298878db69f85196f70a22b:    done           |[32m++++++++++++++++++++++++++++++++++++++[0m| 
layer-sha256:521c8f83a1d42e1d1d68a94c3959eb5ddf64a032e0ed5eb10e460e801582f6a3:    done           |[32m++++++++++++++++++++++++++++++++++++++[0m| 
elapsed: 0.1 s                                                                    total:   0.0 B (0.0 B/s)                                         
unpacking linux/amd64 sha256:9d529958d62605795b6341e6020c1b2eddebc4af9ace552b8fe96a7873b8a4c9...
done: 20.382768ms	
✅ seed-k3s-worker7 preload completed
