time="2026-04-16T10:27:21Z" level=info msg="host will try HTTPS first since it is configured for HTTP with a TLS configuration, consider changing host to HTTPS or removing unused TLS configuration" host="192.168.122.110:5000"
time="2026-04-16T10:27:21Z" level=info msg="host will try HTTPS first since it is configured for HTTP with a TLS configuration, consider changing host to HTTPS or removing unused TLS configuration" host="192.168.122.110:5000"
time="2026-04-16T10:27:21Z" level=warning msg="skip to append distribution label: label key and value length (4112 bytes) greater than maximum size (4096 bytes), key: containerd.io/distribution.source.192.168.122.110: invalid argument"
time="2026-04-16T10:27:21Z" level=warning msg="skip to append distribution label: label key and value length (4112 bytes) greater than maximum size (4096 bytes), key: containerd.io/distribution.source.192.168.122.110: invalid argument"
time="2026-04-16T10:27:21Z" level=warning msg="skip to append distribution label: label key and value length (4112 bytes) greater than maximum size (4096 bytes), key: containerd.io/distribution.source.192.168.122.110: invalid argument"
time="2026-04-16T10:27:21Z" level=warning msg="skip to append distribution label: label key and value length (4112 bytes) greater than maximum size (4096 bytes), key: containerd.io/distribution.source.192.168.122.110: invalid argument"
time="2026-04-16T10:27:21Z" level=warning msg="skip to append distribution label: label key and value length (4112 bytes) greater than maximum size (4096 bytes), key: containerd.io/distribution.source.192.168.122.110: invalid argument"
time="2026-04-16T10:27:21Z" level=warning msg="skip to append distribution label: label key and value length (4112 bytes) greater than maximum size (4096 bytes), key: containerd.io/distribution.source.192.168.122.110: invalid argument"
time="2026-04-16T10:27:21Z" level=warning msg="skip to append distribution label: label key and value length (4112 bytes) greater than maximum size (4096 bytes), key: containerd.io/distribution.source.192.168.122.110: invalid argument"
time="2026-04-16T10:27:21Z" level=warning msg="skip to append distribution label: label key and value length (4112 bytes) greater than maximum size (4096 bytes), key: containerd.io/distribution.source.192.168.122.110: invalid argument"
192.168.122.110:5000/brdnode_2010_r106:latest:                                    resolved       |[32m++++++++++++++++++++++++++++++++++++++[0m| 
index-sha256:f54fe9996cdba02ab0c6d3bb4120b630d737174aef0f2268ae13945414393596:    done           |[32m++++++++++++++++++++++++++++++++++++++[0m| 
manifest-sha256:1cbeb64470b0498c728bde518b2af36a97b6d894d58f55d0925e6e9dcbda3bb2: done           |[32m++++++++++++++++++++++++++++++++++++++[0m| 
layer-sha256:b1a8b2706032f9c0f354be0daa46f3da6643916a3373ee5d2792dd2def0151d1:    done           |[32m++++++++++++++++++++++++++++++++++++++[0m| 
layer-sha256:2a92458eef29b0f683c632aa01a98e45f99312a5eb300faeb60b088dbdc14da4:    done           |[32m++++++++++++++++++++++++++++++++++++++[0m| 
layer-sha256:3e740608074eeae180aa78f7de93f4e3f506d73c145d279e73868329fd903bd1:    done           |[32m++++++++++++++++++++++++++++++++++++++[0m| 
layer-sha256:998e66af80fe9c765143acb7386e3540f6f7c34133b79999859fea5c533ba3b0:    done           |[32m++++++++++++++++++++++++++++++++++++++[0m| 
layer-sha256:2229323296fd0788580520d9635c12357eabeefb98b33f80240f26f398fd9977:    done           |[32m++++++++++++++++++++++++++++++++++++++[0m| 
config-sha256:ef2837e530e46f7af2fcb6e2fac29849ae717f8f9ddc900dd40432d6fd410349:   done           |[32m++++++++++++++++++++++++++++++++++++++[0m| 
layer-sha256:7a854a832e188116cb1d9b5b49bd38ec6c14f9cb5f01c6a361be34100c8bc74f:    done           |[32m++++++++++++++++++++++++++++++++++++++[0m| 
layer-sha256:4f4fb700ef54461cfa02571ae0db9a0dc1e0cdb5577484a6d75e68dc38e8acc1:    done           |[32m++++++++++++++++++++++++++++++++++++++[0m| 
layer-sha256:1e5524c6b3dd468f5a5a1bc5880261f07dae584322df9ff226f8482bb2d88e1c:    done           |[32m++++++++++++++++++++++++++++++++++++++[0m| 
layer-sha256:64a5d8258ce2b42e67330b08d63621bb09cc797b102a21bad4732b2383fa04c0:    done           |[32m++++++++++++++++++++++++++++++++++++++[0m| 
layer-sha256:13b7e930469f6d3575a320709035c6acf6f5485a76abcf03d1b92a64c09c2476:    done           |[32m++++++++++++++++++++++++++++++++++++++[0m| 
layer-sha256:34608cb22405250243a5e45518fb618d0bea826f8171514b271e7e4c1bef2752:    done           |[32m++++++++++++++++++++++++++++++++++++++[0m| 
layer-sha256:bdbe29aeece9b9c92aee9b7922eff2b58f31360997439ae45b54ad79cd106ad8:    done           |[32m++++++++++++++++++++++++++++++++++++++[0m| 
layer-sha256:a7ed3c6fd43e43a463de0235c9a39cd432f8205547db341d07f9d337501026c9:    done           |[32m++++++++++++++++++++++++++++++++++++++[0m| 
layer-sha256:eecf0f1b1d6994f4aed92821633538e85a679130df6f232b29aac857c45274c4:    done           |[32m++++++++++++++++++++++++++++++++++++++[0m| 
layer-sha256:450bb934662efe2c8c55922af96dfccb7cd62066a0861e11b9cc126c9592d6d7:    done           |[32m++++++++++++++++++++++++++++++++++++++[0m| 
layer-sha256:4accf72faab4ddbb011f63fff24e0656cd1cc9c9ad5293f7e7c0eaf80ed2872f:    done           |[32m++++++++++++++++++++++++++++++++++++++[0m| 
layer-sha256:9f441ad30abc48467a6b8a9cda7188811487d4620338337f923a3f1595f847ba:    done           |[32m++++++++++++++++++++++++++++++++++++++[0m| 
layer-sha256:48c63a55731a94aca37cae003a86d51ad1bf47e899bd1a6aeac76bb8688740c7:    done           |[32m++++++++++++++++++++++++++++++++++++++[0m| 
layer-sha256:8a29a47395cd3a02d8340f4325004f6ec371681754e5efa24afced2dbdd64272:    done           |[32m++++++++++++++++++++++++++++++++++++++[0m| 
layer-sha256:560da89f10998f24b27d08e1184128696a49f1fd83e98406f50b61fe514d8195:    done           |[32m++++++++++++++++++++++++++++++++++++++[0m| 
layer-sha256:e59b44c60b0e4bef2712435bc1a530efe229ee8e4ce5e002fab156cab513cd4b:    done           |[32m++++++++++++++++++++++++++++++++++++++[0m| 
layer-sha256:c954e5f88d9d9be1ed732898db6841e22d90078a4c76cf4717c4cc7edc74403e:    done           |[32m++++++++++++++++++++++++++++++++++++++[0m| 
elapsed: 0.1 s                                                                    total:   0.0 B (0.0 B/s)                                         
unpacking linux/amd64 sha256:f54fe9996cdba02ab0c6d3bb4120b630d737174aef0f2268ae13945414393596...
done: 23.235676ms	
time="2026-04-16T10:27:22Z" level=info msg="host will try HTTPS first since it is configured for HTTP with a TLS configuration, consider changing host to HTTPS or removing unused TLS configuration" host="192.168.122.110:5000"
time="2026-04-16T10:27:22Z" level=info msg="host will try HTTPS first since it is configured for HTTP with a TLS configuration, consider changing host to HTTPS or removing unused TLS configuration" host="192.168.122.110:5000"
time="2026-04-16T10:27:22Z" level=warning msg="skip to append distribution label: label key and value length (4112 bytes) greater than maximum size (4096 bytes), key: containerd.io/distribution.source.192.168.122.110: invalid argument"
time="2026-04-16T10:27:22Z" level=warning msg="skip to append distribution label: label key and value length (4112 bytes) greater than maximum size (4096 bytes), key: containerd.io/distribution.source.192.168.122.110: invalid argument"
time="2026-04-16T10:27:22Z" level=warning msg="skip to append distribution label: label key and value length (4112 bytes) greater than maximum size (4096 bytes), key: containerd.io/distribution.source.192.168.122.110: invalid argument"
time="2026-04-16T10:27:22Z" level=warning msg="skip to append distribution label: label key and value length (4112 bytes) greater than maximum size (4096 bytes), key: containerd.io/distribution.source.192.168.122.110: invalid argument"
time="2026-04-16T10:27:22Z" level=warning msg="skip to append distribution label: label key and value length (4112 bytes) greater than maximum size (4096 bytes), key: containerd.io/distribution.source.192.168.122.110: invalid argument"
time="2026-04-16T10:27:22Z" level=warning msg="skip to append distribution label: label key and value length (4112 bytes) greater than maximum size (4096 bytes), key: containerd.io/distribution.source.192.168.122.110: invalid argument"
time="2026-04-16T10:27:22Z" level=warning msg="skip to append distribution label: label key and value length (4112 bytes) greater than maximum size (4096 bytes), key: containerd.io/distribution.source.192.168.122.110: invalid argument"
time="2026-04-16T10:27:22Z" level=warning msg="skip to append distribution label: label key and value length (4112 bytes) greater than maximum size (4096 bytes), key: containerd.io/distribution.source.192.168.122.110: invalid argument"
192.168.122.110:5000/brdnode_2010_r206:latest:                                    resolved       |[32m++++++++++++++++++++++++++++++++++++++[0m| 
index-sha256:53730d02cf8b51a18bc3dcb85426ad8d6588168f5ecf7aaf8fb605630d0d85e9:    done           |[32m++++++++++++++++++++++++++++++++++++++[0m| 
manifest-sha256:f84defc0b742d3f22206305723d6e7967b81fccc0fab5f0d747754b187d8287a: done           |[32m++++++++++++++++++++++++++++++++++++++[0m| 
config-sha256:fcb2e472ec21ae06af5e802a74f98bb9fe5e76adfd86e5f78d64d9771c91fad1:   done           |[32m++++++++++++++++++++++++++++++++++++++[0m| 
layer-sha256:450bb934662efe2c8c55922af96dfccb7cd62066a0861e11b9cc126c9592d6d7:    done           |[32m++++++++++++++++++++++++++++++++++++++[0m| 
layer-sha256:8ef5e53fa86d50c0e891f48413442b9be6d126796ce757ba649b7c717d7bcf68:    done           |[32m++++++++++++++++++++++++++++++++++++++[0m| 
layer-sha256:13b7e930469f6d3575a320709035c6acf6f5485a76abcf03d1b92a64c09c2476:    done           |[32m++++++++++++++++++++++++++++++++++++++[0m| 
layer-sha256:6c6b69e164bdd192f76409bf1bf600008b4e7850e47828eb22da31bdec564447:    done           |[32m++++++++++++++++++++++++++++++++++++++[0m| 
layer-sha256:34608cb22405250243a5e45518fb618d0bea826f8171514b271e7e4c1bef2752:    done           |[32m++++++++++++++++++++++++++++++++++++++[0m| 
layer-sha256:0e3bdec99adfc778afde7b6dad547d23c60893cf3c00eb267e25e1ed13e44037:    done           |[32m++++++++++++++++++++++++++++++++++++++[0m| 
layer-sha256:2229323296fd0788580520d9635c12357eabeefb98b33f80240f26f398fd9977:    done           |[32m++++++++++++++++++++++++++++++++++++++[0m| 
layer-sha256:7a854a832e188116cb1d9b5b49bd38ec6c14f9cb5f01c6a361be34100c8bc74f:    done           |[32m++++++++++++++++++++++++++++++++++++++[0m| 
layer-sha256:b1a8b2706032f9c0f354be0daa46f3da6643916a3373ee5d2792dd2def0151d1:    done           |[32m++++++++++++++++++++++++++++++++++++++[0m| 
layer-sha256:e59b44c60b0e4bef2712435bc1a530efe229ee8e4ce5e002fab156cab513cd4b:    done           |[32m++++++++++++++++++++++++++++++++++++++[0m| 
layer-sha256:9f441ad30abc48467a6b8a9cda7188811487d4620338337f923a3f1595f847ba:    done           |[32m++++++++++++++++++++++++++++++++++++++[0m| 
layer-sha256:64ee031c0bda09289af9d2297be6f1a2abb87ebbebf1738fe686087328868abe:    done           |[32m++++++++++++++++++++++++++++++++++++++[0m| 
layer-sha256:4f4fb700ef54461cfa02571ae0db9a0dc1e0cdb5577484a6d75e68dc38e8acc1:    done           |[32m++++++++++++++++++++++++++++++++++++++[0m| 
layer-sha256:3e740608074eeae180aa78f7de93f4e3f506d73c145d279e73868329fd903bd1:    done           |[32m++++++++++++++++++++++++++++++++++++++[0m| 
layer-sha256:64a5d8258ce2b42e67330b08d63621bb09cc797b102a21bad4732b2383fa04c0:    done           |[32m++++++++++++++++++++++++++++++++++++++[0m| 
layer-sha256:14bd034c4f84e5ca7e75733ca67f3a4787d4480aac5eb2ac5493aaf3c32aa3c7:    done           |[32m++++++++++++++++++++++++++++++++++++++[0m| 
layer-sha256:edb887389c7b9f2ce9d4b01c3a62da6cdcbe63cd82b9c11bd00d40650dba33f0:    done           |[32m++++++++++++++++++++++++++++++++++++++[0m| 
layer-sha256:48c63a55731a94aca37cae003a86d51ad1bf47e899bd1a6aeac76bb8688740c7:    done           |[32m++++++++++++++++++++++++++++++++++++++[0m| 
layer-sha256:c954e5f88d9d9be1ed732898db6841e22d90078a4c76cf4717c4cc7edc74403e:    done           |[32m++++++++++++++++++++++++++++++++++++++[0m| 
layer-sha256:34d701410fce639bcecb89517abaa8d2877f2622d271f8f3d729e378a9069055:    done           |[32m++++++++++++++++++++++++++++++++++++++[0m| 
layer-sha256:4accf72faab4ddbb011f63fff24e0656cd1cc9c9ad5293f7e7c0eaf80ed2872f:    done           |[32m++++++++++++++++++++++++++++++++++++++[0m| 
layer-sha256:8a29a47395cd3a02d8340f4325004f6ec371681754e5efa24afced2dbdd64272:    done           |[32m++++++++++++++++++++++++++++++++++++++[0m| 
elapsed: 0.1 s                                                                    total:   0.0 B (0.0 B/s)                                         
unpacking linux/amd64 sha256:53730d02cf8b51a18bc3dcb85426ad8d6588168f5ecf7aaf8fb605630d0d85e9...
done: 19.412349ms	
time="2026-04-16T10:27:23Z" level=info msg="host will try HTTPS first since it is configured for HTTP with a TLS configuration, consider changing host to HTTPS or removing unused TLS configuration" host="192.168.122.110:5000"
time="2026-04-16T10:27:23Z" level=info msg="host will try HTTPS first since it is configured for HTTP with a TLS configuration, consider changing host to HTTPS or removing unused TLS configuration" host="192.168.122.110:5000"
time="2026-04-16T10:27:23Z" level=warning msg="skip to append distribution label: label key and value length (4112 bytes) greater than maximum size (4096 bytes), key: containerd.io/distribution.source.192.168.122.110: invalid argument"
time="2026-04-16T10:27:23Z" level=warning msg="skip to append distribution label: label key and value length (4112 bytes) greater than maximum size (4096 bytes), key: containerd.io/distribution.source.192.168.122.110: invalid argument"
time="2026-04-16T10:27:23Z" level=warning msg="skip to append distribution label: label key and value length (4112 bytes) greater than maximum size (4096 bytes), key: containerd.io/distribution.source.192.168.122.110: invalid argument"
time="2026-04-16T10:27:23Z" level=warning msg="skip to append distribution label: label key and value length (4112 bytes) greater than maximum size (4096 bytes), key: containerd.io/distribution.source.192.168.122.110: invalid argument"
time="2026-04-16T10:27:23Z" level=warning msg="skip to append distribution label: label key and value length (4112 bytes) greater than maximum size (4096 bytes), key: containerd.io/distribution.source.192.168.122.110: invalid argument"
time="2026-04-16T10:27:23Z" level=warning msg="skip to append distribution label: label key and value length (4112 bytes) greater than maximum size (4096 bytes), key: containerd.io/distribution.source.192.168.122.110: invalid argument"
time="2026-04-16T10:27:23Z" level=warning msg="skip to append distribution label: label key and value length (4112 bytes) greater than maximum size (4096 bytes), key: containerd.io/distribution.source.192.168.122.110: invalid argument"
time="2026-04-16T10:27:23Z" level=warning msg="skip to append distribution label: label key and value length (4112 bytes) greater than maximum size (4096 bytes), key: containerd.io/distribution.source.192.168.122.110: invalid argument"
192.168.122.110:5000/brdnode_2010_r237:latest:                                    resolved       |[32m++++++++++++++++++++++++++++++++++++++[0m| 
index-sha256:a6ddfa71c6cee32d9a4edba6c7d44d87048fa2cee201a39e0d1bd5ef7cde568b:    done           |[32m++++++++++++++++++++++++++++++++++++++[0m| 
manifest-sha256:ef69ae177eadc5879b30c166ce7f15cb790f54f0427bb54492e917b940b8d90c: done           |[32m++++++++++++++++++++++++++++++++++++++[0m| 
layer-sha256:450bb934662efe2c8c55922af96dfccb7cd62066a0861e11b9cc126c9592d6d7:    done           |[32m++++++++++++++++++++++++++++++++++++++[0m| 
layer-sha256:c954e5f88d9d9be1ed732898db6841e22d90078a4c76cf4717c4cc7edc74403e:    done           |[32m++++++++++++++++++++++++++++++++++++++[0m| 
layer-sha256:4accf72faab4ddbb011f63fff24e0656cd1cc9c9ad5293f7e7c0eaf80ed2872f:    done           |[32m++++++++++++++++++++++++++++++++++++++[0m| 
layer-sha256:39bc9cbf8e2db774ad4ce6c996dc4b09064c9fd8bc8ebbc7f9deac9e08e144a4:    done           |[32m++++++++++++++++++++++++++++++++++++++[0m| 
config-sha256:9fc41ca20bb435ef854d73b8f7f738d382d6b15d62c6d61859f189f95b07a5a5:   done           |[32m++++++++++++++++++++++++++++++++++++++[0m| 
layer-sha256:550dc76917b24ff668df0cfb86c3dcf2903eb914f8a0a086fb17cbe357995d83:    done           |[32m++++++++++++++++++++++++++++++++++++++[0m| 
layer-sha256:8a29a47395cd3a02d8340f4325004f6ec371681754e5efa24afced2dbdd64272:    done           |[32m++++++++++++++++++++++++++++++++++++++[0m| 
layer-sha256:13b7e930469f6d3575a320709035c6acf6f5485a76abcf03d1b92a64c09c2476:    done           |[32m++++++++++++++++++++++++++++++++++++++[0m| 
layer-sha256:e59b44c60b0e4bef2712435bc1a530efe229ee8e4ce5e002fab156cab513cd4b:    done           |[32m++++++++++++++++++++++++++++++++++++++[0m| 
layer-sha256:9f441ad30abc48467a6b8a9cda7188811487d4620338337f923a3f1595f847ba:    done           |[32m++++++++++++++++++++++++++++++++++++++[0m| 
layer-sha256:64a5d8258ce2b42e67330b08d63621bb09cc797b102a21bad4732b2383fa04c0:    done           |[32m++++++++++++++++++++++++++++++++++++++[0m| 
layer-sha256:f18738ed400f3225707f4998020199000880739deaafc43a49d88b755aac1139:    done           |[32m++++++++++++++++++++++++++++++++++++++[0m| 
layer-sha256:6c6b69e164bdd192f76409bf1bf600008b4e7850e47828eb22da31bdec564447:    done           |[32m++++++++++++++++++++++++++++++++++++++[0m| 
layer-sha256:3e740608074eeae180aa78f7de93f4e3f506d73c145d279e73868329fd903bd1:    done           |[32m++++++++++++++++++++++++++++++++++++++[0m| 
layer-sha256:34608cb22405250243a5e45518fb618d0bea826f8171514b271e7e4c1bef2752:    done           |[32m++++++++++++++++++++++++++++++++++++++[0m| 
layer-sha256:7a854a832e188116cb1d9b5b49bd38ec6c14f9cb5f01c6a361be34100c8bc74f:    done           |[32m++++++++++++++++++++++++++++++++++++++[0m| 
layer-sha256:ece69cc6d38f5d5081979438dc740fef5b19928ca5ecf5a96ec3e29171314986:    done           |[32m++++++++++++++++++++++++++++++++++++++[0m| 
layer-sha256:2229323296fd0788580520d9635c12357eabeefb98b33f80240f26f398fd9977:    done           |[32m++++++++++++++++++++++++++++++++++++++[0m| 
layer-sha256:ca9a333241c92ea62b5e98230045921cc8a4f0cb08e58eda93fa10a176b26bbb:    done           |[32m++++++++++++++++++++++++++++++++++++++[0m| 
layer-sha256:4f4fb700ef54461cfa02571ae0db9a0dc1e0cdb5577484a6d75e68dc38e8acc1:    done           |[32m++++++++++++++++++++++++++++++++++++++[0m| 
layer-sha256:48c63a55731a94aca37cae003a86d51ad1bf47e899bd1a6aeac76bb8688740c7:    done           |[32m++++++++++++++++++++++++++++++++++++++[0m| 
layer-sha256:9a2172d4700a3be0e369c954aaf9ac2150dbcd6fc2cfa146dfad556cbc761bfb:    done           |[32m++++++++++++++++++++++++++++++++++++++[0m| 
layer-sha256:b1a8b2706032f9c0f354be0daa46f3da6643916a3373ee5d2792dd2def0151d1:    done           |[32m++++++++++++++++++++++++++++++++++++++[0m| 
elapsed: 0.1 s                                                                    total:   0.0 B (0.0 B/s)                                         
unpacking linux/amd64 sha256:a6ddfa71c6cee32d9a4edba6c7d44d87048fa2cee201a39e0d1bd5ef7cde568b...
done: 20.210094ms	
time="2026-04-16T10:27:23Z" level=info msg="host will try HTTPS first since it is configured for HTTP with a TLS configuration, consider changing host to HTTPS or removing unused TLS configuration" host="192.168.122.110:5000"
time="2026-04-16T10:27:23Z" level=info msg="host will try HTTPS first since it is configured for HTTP with a TLS configuration, consider changing host to HTTPS or removing unused TLS configuration" host="192.168.122.110:5000"
time="2026-04-16T10:27:23Z" level=warning msg="skip to append distribution label: label key and value length (4111 bytes) greater than maximum size (4096 bytes), key: containerd.io/distribution.source.192.168.122.110: invalid argument"
time="2026-04-16T10:27:23Z" level=warning msg="skip to append distribution label: label key and value length (4111 bytes) greater than maximum size (4096 bytes), key: containerd.io/distribution.source.192.168.122.110: invalid argument"
time="2026-04-16T10:27:23Z" level=warning msg="skip to append distribution label: label key and value length (4111 bytes) greater than maximum size (4096 bytes), key: containerd.io/distribution.source.192.168.122.110: invalid argument"
time="2026-04-16T10:27:23Z" level=warning msg="skip to append distribution label: label key and value length (4111 bytes) greater than maximum size (4096 bytes), key: containerd.io/distribution.source.192.168.122.110: invalid argument"
time="2026-04-16T10:27:23Z" level=warning msg="skip to append distribution label: label key and value length (4111 bytes) greater than maximum size (4096 bytes), key: containerd.io/distribution.source.192.168.122.110: invalid argument"
time="2026-04-16T10:27:23Z" level=warning msg="skip to append distribution label: label key and value length (4111 bytes) greater than maximum size (4096 bytes), key: containerd.io/distribution.source.192.168.122.110: invalid argument"
time="2026-04-16T10:27:23Z" level=warning msg="skip to append distribution label: label key and value length (4111 bytes) greater than maximum size (4096 bytes), key: containerd.io/distribution.source.192.168.122.110: invalid argument"
time="2026-04-16T10:27:23Z" level=warning msg="skip to append distribution label: label key and value length (4111 bytes) greater than maximum size (4096 bytes), key: containerd.io/distribution.source.192.168.122.110: invalid argument"
192.168.122.110:5000/brdnode_2010_r23:latest:                                     resolved       |[32m++++++++++++++++++++++++++++++++++++++[0m| 
index-sha256:1c3731164c5496d719b6f08ba4c5849a73b62ad5dfd1d44f89c7806bf9a4caa5:    done           |[32m++++++++++++++++++++++++++++++++++++++[0m| 
manifest-sha256:3939741bed2f8908a41fad1f53450ca9e64a22d3a3b2b831e70d100c31d1047e: done           |[32m++++++++++++++++++++++++++++++++++++++[0m| 
layer-sha256:b1a8b2706032f9c0f354be0daa46f3da6643916a3373ee5d2792dd2def0151d1:    done           |[32m++++++++++++++++++++++++++++++++++++++[0m| 
layer-sha256:f59c40eb35d0d3ee8d13abc5788b88577f07873978e94cf3f9da09c3ff0970a8:    done           |[32m++++++++++++++++++++++++++++++++++++++[0m| 
layer-sha256:3e740608074eeae180aa78f7de93f4e3f506d73c145d279e73868329fd903bd1:    done           |[32m++++++++++++++++++++++++++++++++++++++[0m| 
layer-sha256:b6d71c0334ea60b97477f236c366482ed011d46f1bc059a3cccad481b2022fd7:    done           |[32m++++++++++++++++++++++++++++++++++++++[0m| 
layer-sha256:c954e5f88d9d9be1ed732898db6841e22d90078a4c76cf4717c4cc7edc74403e:    done           |[32m++++++++++++++++++++++++++++++++++++++[0m| 
layer-sha256:450bb934662efe2c8c55922af96dfccb7cd62066a0861e11b9cc126c9592d6d7:    done           |[32m++++++++++++++++++++++++++++++++++++++[0m| 
layer-sha256:e59b44c60b0e4bef2712435bc1a530efe229ee8e4ce5e002fab156cab513cd4b:    done           |[32m++++++++++++++++++++++++++++++++++++++[0m| 
layer-sha256:2229323296fd0788580520d9635c12357eabeefb98b33f80240f26f398fd9977:    done           |[32m++++++++++++++++++++++++++++++++++++++[0m| 
layer-sha256:4f4fb700ef54461cfa02571ae0db9a0dc1e0cdb5577484a6d75e68dc38e8acc1:    done           |[32m++++++++++++++++++++++++++++++++++++++[0m| 
config-sha256:86bfa1cd86125671397ba237c5729a80108ee9e28f988ac0a87bd34fcb4ecedd:   done           |[32m++++++++++++++++++++++++++++++++++++++[0m| 
layer-sha256:8a29a47395cd3a02d8340f4325004f6ec371681754e5efa24afced2dbdd64272:    done           |[32m++++++++++++++++++++++++++++++++++++++[0m| 
layer-sha256:13b7e930469f6d3575a320709035c6acf6f5485a76abcf03d1b92a64c09c2476:    done           |[32m++++++++++++++++++++++++++++++++++++++[0m| 
layer-sha256:64a5d8258ce2b42e67330b08d63621bb09cc797b102a21bad4732b2383fa04c0:    done           |[32m++++++++++++++++++++++++++++++++++++++[0m| 
layer-sha256:6723f67397bbd8f368f97f23ae7f2d59926cd2f70997ea997a6fb0d866a5a093:    done           |[32m++++++++++++++++++++++++++++++++++++++[0m| 
layer-sha256:48c63a55731a94aca37cae003a86d51ad1bf47e899bd1a6aeac76bb8688740c7:    done           |[32m++++++++++++++++++++++++++++++++++++++[0m| 
layer-sha256:34608cb22405250243a5e45518fb618d0bea826f8171514b271e7e4c1bef2752:    done           |[32m++++++++++++++++++++++++++++++++++++++[0m| 
layer-sha256:b313fa0ec25a9b4b6429f0c75dc52b1f824ab196f21d660f14d912c0123af3fe:    done           |[32m++++++++++++++++++++++++++++++++++++++[0m| 
layer-sha256:9f441ad30abc48467a6b8a9cda7188811487d4620338337f923a3f1595f847ba:    done           |[32m++++++++++++++++++++++++++++++++++++++[0m| 
layer-sha256:70bd1058523b189093b0db88ec6d301ca985789cf87338786a388e3f284355ba:    done           |[32m++++++++++++++++++++++++++++++++++++++[0m| 
layer-sha256:7a854a832e188116cb1d9b5b49bd38ec6c14f9cb5f01c6a361be34100c8bc74f:    done           |[32m++++++++++++++++++++++++++++++++++++++[0m| 
layer-sha256:8a8b047b4854263d685151ede46e8bd3164df99807e8afd9b2dd0ea221274e22:    done           |[32m++++++++++++++++++++++++++++++++++++++[0m| 
layer-sha256:e3b17f852c8749a4f07baa541310ed1ca6e1cff6e414a54b65e1832819bf66c5:    done           |[32m++++++++++++++++++++++++++++++++++++++[0m| 
layer-sha256:4accf72faab4ddbb011f63fff24e0656cd1cc9c9ad5293f7e7c0eaf80ed2872f:    done           |[32m++++++++++++++++++++++++++++++++++++++[0m| 
elapsed: 0.1 s                                                                    total:   0.0 B (0.0 B/s)                                         
unpacking linux/amd64 sha256:1c3731164c5496d719b6f08ba4c5849a73b62ad5dfd1d44f89c7806bf9a4caa5...
done: 16.749509ms	
time="2026-04-16T10:27:24Z" level=info msg="host will try HTTPS first since it is configured for HTTP with a TLS configuration, consider changing host to HTTPS or removing unused TLS configuration" host="192.168.122.110:5000"
time="2026-04-16T10:27:24Z" level=info msg="host will try HTTPS first since it is configured for HTTP with a TLS configuration, consider changing host to HTTPS or removing unused TLS configuration" host="192.168.122.110:5000"
time="2026-04-16T10:27:24Z" level=warning msg="skip to append distribution label: label key and value length (4112 bytes) greater than maximum size (4096 bytes), key: containerd.io/distribution.source.192.168.122.110: invalid argument"
time="2026-04-16T10:27:24Z" level=warning msg="skip to append distribution label: label key and value length (4112 bytes) greater than maximum size (4096 bytes), key: containerd.io/distribution.source.192.168.122.110: invalid argument"
time="2026-04-16T10:27:24Z" level=warning msg="skip to append distribution label: label key and value length (4112 bytes) greater than maximum size (4096 bytes), key: containerd.io/distribution.source.192.168.122.110: invalid argument"
time="2026-04-16T10:27:24Z" level=warning msg="skip to append distribution label: label key and value length (4112 bytes) greater than maximum size (4096 bytes), key: containerd.io/distribution.source.192.168.122.110: invalid argument"
time="2026-04-16T10:27:24Z" level=warning msg="skip to append distribution label: label key and value length (4112 bytes) greater than maximum size (4096 bytes), key: containerd.io/distribution.source.192.168.122.110: invalid argument"
time="2026-04-16T10:27:24Z" level=warning msg="skip to append distribution label: label key and value length (4112 bytes) greater than maximum size (4096 bytes), key: containerd.io/distribution.source.192.168.122.110: invalid argument"
time="2026-04-16T10:27:24Z" level=warning msg="skip to append distribution label: label key and value length (4112 bytes) greater than maximum size (4096 bytes), key: containerd.io/distribution.source.192.168.122.110: invalid argument"
time="2026-04-16T10:27:24Z" level=warning msg="skip to append distribution label: label key and value length (4112 bytes) greater than maximum size (4096 bytes), key: containerd.io/distribution.source.192.168.122.110: invalid argument"
192.168.122.110:5000/brdnode_2010_r339:latest:                                    resolved       |[32m++++++++++++++++++++++++++++++++++++++[0m| 
index-sha256:50b926309e397ea83bd8d7c9d9cd5f8f422483d06c9f02efcec1f2873a335f8e:    done           |[32m++++++++++++++++++++++++++++++++++++++[0m| 
manifest-sha256:e4b24fe0a37127b7703eeff06a74389547d191f37b7a53dc35c5558a04786f3a: done           |[32m++++++++++++++++++++++++++++++++++++++[0m| 
layer-sha256:4accf72faab4ddbb011f63fff24e0656cd1cc9c9ad5293f7e7c0eaf80ed2872f:    done           |[32m++++++++++++++++++++++++++++++++++++++[0m| 
layer-sha256:9f441ad30abc48467a6b8a9cda7188811487d4620338337f923a3f1595f847ba:    done           |[32m++++++++++++++++++++++++++++++++++++++[0m| 
layer-sha256:689e8c8c9761c0e6934aecfb80bae65a3b64076819d3bbd886b86fee7e8cf750:    done           |[32m++++++++++++++++++++++++++++++++++++++[0m| 
layer-sha256:7a854a832e188116cb1d9b5b49bd38ec6c14f9cb5f01c6a361be34100c8bc74f:    done           |[32m++++++++++++++++++++++++++++++++++++++[0m| 
layer-sha256:3e740608074eeae180aa78f7de93f4e3f506d73c145d279e73868329fd903bd1:    done           |[32m++++++++++++++++++++++++++++++++++++++[0m| 
config-sha256:0b6f328847453b325e98e2526bf4996613c6d63d6eb47dbcd397cfa88c60a2eb:   done           |[32m++++++++++++++++++++++++++++++++++++++[0m| 
layer-sha256:6edf2559b8a11f62272ceec6ca21f774073e3bb70faefbd35952f805cdc0a636:    done           |[32m++++++++++++++++++++++++++++++++++++++[0m| 
layer-sha256:fc2101ce3d11aa3a5339a1d696ae7b2f90508ded39972eff27a36939573620a9:    done           |[32m++++++++++++++++++++++++++++++++++++++[0m| 
layer-sha256:8a29a47395cd3a02d8340f4325004f6ec371681754e5efa24afced2dbdd64272:    done           |[32m++++++++++++++++++++++++++++++++++++++[0m| 
layer-sha256:2229323296fd0788580520d9635c12357eabeefb98b33f80240f26f398fd9977:    done           |[32m++++++++++++++++++++++++++++++++++++++[0m| 
layer-sha256:7f5b5d2495b3a0635f8e40021ff8c0c7ebf6387958f774d539d615f24b4bf5ce:    done           |[32m++++++++++++++++++++++++++++++++++++++[0m| 
layer-sha256:13b7e930469f6d3575a320709035c6acf6f5485a76abcf03d1b92a64c09c2476:    done           |[32m++++++++++++++++++++++++++++++++++++++[0m| 
layer-sha256:4f4fb700ef54461cfa02571ae0db9a0dc1e0cdb5577484a6d75e68dc38e8acc1:    done           |[32m++++++++++++++++++++++++++++++++++++++[0m| 
layer-sha256:e59b44c60b0e4bef2712435bc1a530efe229ee8e4ce5e002fab156cab513cd4b:    done           |[32m++++++++++++++++++++++++++++++++++++++[0m| 
layer-sha256:48c63a55731a94aca37cae003a86d51ad1bf47e899bd1a6aeac76bb8688740c7:    done           |[32m++++++++++++++++++++++++++++++++++++++[0m| 
layer-sha256:64a5d8258ce2b42e67330b08d63621bb09cc797b102a21bad4732b2383fa04c0:    done           |[32m++++++++++++++++++++++++++++++++++++++[0m| 
layer-sha256:34608cb22405250243a5e45518fb618d0bea826f8171514b271e7e4c1bef2752:    done           |[32m++++++++++++++++++++++++++++++++++++++[0m| 
layer-sha256:b1a8b2706032f9c0f354be0daa46f3da6643916a3373ee5d2792dd2def0151d1:    done           |[32m++++++++++++++++++++++++++++++++++++++[0m| 
layer-sha256:abd365a3fa5dc6b89882bb447343edb0945165897e2c6d7047f8d1c45a1e18a1:    done           |[32m++++++++++++++++++++++++++++++++++++++[0m| 
layer-sha256:e542cefbbbb232dc7bf8b6cc318474def571cc497a784ed094a6bedc0f442516:    done           |[32m++++++++++++++++++++++++++++++++++++++[0m| 
layer-sha256:8b5c357eaf7c1291886ddbc5c20f77a24c59db811f02a96711a985428c6205b4:    done           |[32m++++++++++++++++++++++++++++++++++++++[0m| 
layer-sha256:450bb934662efe2c8c55922af96dfccb7cd62066a0861e11b9cc126c9592d6d7:    done           |[32m++++++++++++++++++++++++++++++++++++++[0m| 
layer-sha256:c954e5f88d9d9be1ed732898db6841e22d90078a4c76cf4717c4cc7edc74403e:    done           |[32m++++++++++++++++++++++++++++++++++++++[0m| 
elapsed: 0.1 s                                                                    total:   0.0 B (0.0 B/s)                                         
unpacking linux/amd64 sha256:50b926309e397ea83bd8d7c9d9cd5f8f422483d06c9f02efcec1f2873a335f8e...
done: 20.512455ms	
time="2026-04-16T10:27:25Z" level=info msg="host will try HTTPS first since it is configured for HTTP with a TLS configuration, consider changing host to HTTPS or removing unused TLS configuration" host="192.168.122.110:5000"
time="2026-04-16T10:27:25Z" level=info msg="host will try HTTPS first since it is configured for HTTP with a TLS configuration, consider changing host to HTTPS or removing unused TLS configuration" host="192.168.122.110:5000"
time="2026-04-16T10:27:25Z" level=warning msg="skip to append distribution label: label key and value length (4112 bytes) greater than maximum size (4096 bytes), key: containerd.io/distribution.source.192.168.122.110: invalid argument"
time="2026-04-16T10:27:25Z" level=warning msg="skip to append distribution label: label key and value length (4112 bytes) greater than maximum size (4096 bytes), key: containerd.io/distribution.source.192.168.122.110: invalid argument"
time="2026-04-16T10:27:25Z" level=warning msg="skip to append distribution label: label key and value length (4112 bytes) greater than maximum size (4096 bytes), key: containerd.io/distribution.source.192.168.122.110: invalid argument"
time="2026-04-16T10:27:25Z" level=warning msg="skip to append distribution label: label key and value length (4112 bytes) greater than maximum size (4096 bytes), key: containerd.io/distribution.source.192.168.122.110: invalid argument"
time="2026-04-16T10:27:25Z" level=warning msg="skip to append distribution label: label key and value length (4112 bytes) greater than maximum size (4096 bytes), key: containerd.io/distribution.source.192.168.122.110: invalid argument"
time="2026-04-16T10:27:25Z" level=warning msg="skip to append distribution label: label key and value length (4112 bytes) greater than maximum size (4096 bytes), key: containerd.io/distribution.source.192.168.122.110: invalid argument"
time="2026-04-16T10:27:25Z" level=warning msg="skip to append distribution label: label key and value length (4112 bytes) greater than maximum size (4096 bytes), key: containerd.io/distribution.source.192.168.122.110: invalid argument"
time="2026-04-16T10:27:25Z" level=warning msg="skip to append distribution label: label key and value length (4112 bytes) greater than maximum size (4096 bytes), key: containerd.io/distribution.source.192.168.122.110: invalid argument"
192.168.122.110:5000/brdnode_2010_r403:latest:                                    resolved       |[32m++++++++++++++++++++++++++++++++++++++[0m| 
index-sha256:75fbae75ddc872a35d7ea6a03fc30ad54e9b694b5daa71802bf183b664c9e754:    done           |[32m++++++++++++++++++++++++++++++++++++++[0m| 
manifest-sha256:a650c65966ea28ee78c97189a376998ea63898f8e50523298016e24f07898a8a: done           |[32m++++++++++++++++++++++++++++++++++++++[0m| 
layer-sha256:f167b4774cdcbf059b40e7f10141adaa531533a475fa894d3a6469281458d676:    done           |[32m++++++++++++++++++++++++++++++++++++++[0m| 
layer-sha256:2229323296fd0788580520d9635c12357eabeefb98b33f80240f26f398fd9977:    done           |[32m++++++++++++++++++++++++++++++++++++++[0m| 
config-sha256:7a338c6a92cdfbd697fd8dbc925a0348d1017167222f26c2d9f778a2b0ddc568:   done           |[32m++++++++++++++++++++++++++++++++++++++[0m| 
layer-sha256:15a3e844d16ff7025ec73613abed3e082164ce8dea4850e9e18b16aa2104c10d:    done           |[32m++++++++++++++++++++++++++++++++++++++[0m| 
layer-sha256:7a854a832e188116cb1d9b5b49bd38ec6c14f9cb5f01c6a361be34100c8bc74f:    done           |[32m++++++++++++++++++++++++++++++++++++++[0m| 
layer-sha256:0a2101b3e7ffb48577e70db8c9a30447175d3f004822039998fffd25dd1617a1:    done           |[32m++++++++++++++++++++++++++++++++++++++[0m| 
layer-sha256:13b7e930469f6d3575a320709035c6acf6f5485a76abcf03d1b92a64c09c2476:    done           |[32m++++++++++++++++++++++++++++++++++++++[0m| 
layer-sha256:480356c65ef3e03bb60a72aa3ceb4a5d12548d72427459d726f50fb9096f14d0:    done           |[32m++++++++++++++++++++++++++++++++++++++[0m| 
layer-sha256:9f441ad30abc48467a6b8a9cda7188811487d4620338337f923a3f1595f847ba:    done           |[32m++++++++++++++++++++++++++++++++++++++[0m| 
layer-sha256:3e740608074eeae180aa78f7de93f4e3f506d73c145d279e73868329fd903bd1:    done           |[32m++++++++++++++++++++++++++++++++++++++[0m| 
layer-sha256:8b5c357eaf7c1291886ddbc5c20f77a24c59db811f02a96711a985428c6205b4:    done           |[32m++++++++++++++++++++++++++++++++++++++[0m| 
layer-sha256:fdac6eb611519e7de7eb11c1525fb2180ad1011e402b59619cd91af9dc81d8c8:    done           |[32m++++++++++++++++++++++++++++++++++++++[0m| 
layer-sha256:34608cb22405250243a5e45518fb618d0bea826f8171514b271e7e4c1bef2752:    done           |[32m++++++++++++++++++++++++++++++++++++++[0m| 
layer-sha256:48c63a55731a94aca37cae003a86d51ad1bf47e899bd1a6aeac76bb8688740c7:    done           |[32m++++++++++++++++++++++++++++++++++++++[0m| 
layer-sha256:64a5d8258ce2b42e67330b08d63621bb09cc797b102a21bad4732b2383fa04c0:    done           |[32m++++++++++++++++++++++++++++++++++++++[0m| 
layer-sha256:e35aa901c489123c663a33c4d884e8d5ea2710e84919dd0759135815867b772f:    done           |[32m++++++++++++++++++++++++++++++++++++++[0m| 
layer-sha256:450bb934662efe2c8c55922af96dfccb7cd62066a0861e11b9cc126c9592d6d7:    done           |[32m++++++++++++++++++++++++++++++++++++++[0m| 
layer-sha256:8a29a47395cd3a02d8340f4325004f6ec371681754e5efa24afced2dbdd64272:    done           |[32m++++++++++++++++++++++++++++++++++++++[0m| 
layer-sha256:4f4fb700ef54461cfa02571ae0db9a0dc1e0cdb5577484a6d75e68dc38e8acc1:    done           |[32m++++++++++++++++++++++++++++++++++++++[0m| 
layer-sha256:b1a8b2706032f9c0f354be0daa46f3da6643916a3373ee5d2792dd2def0151d1:    done           |[32m++++++++++++++++++++++++++++++++++++++[0m| 
layer-sha256:4accf72faab4ddbb011f63fff24e0656cd1cc9c9ad5293f7e7c0eaf80ed2872f:    done           |[32m++++++++++++++++++++++++++++++++++++++[0m| 
layer-sha256:e59b44c60b0e4bef2712435bc1a530efe229ee8e4ce5e002fab156cab513cd4b:    done           |[32m++++++++++++++++++++++++++++++++++++++[0m| 
layer-sha256:c954e5f88d9d9be1ed732898db6841e22d90078a4c76cf4717c4cc7edc74403e:    done           |[32m++++++++++++++++++++++++++++++++++++++[0m| 
elapsed: 0.1 s                                                                    total:   0.0 B (0.0 B/s)                                         
unpacking linux/amd64 sha256:75fbae75ddc872a35d7ea6a03fc30ad54e9b694b5daa71802bf183b664c9e754...
done: 17.362322ms	
time="2026-04-16T10:27:26Z" level=info msg="host will try HTTPS first since it is configured for HTTP with a TLS configuration, consider changing host to HTTPS or removing unused TLS configuration" host="192.168.122.110:5000"
time="2026-04-16T10:27:26Z" level=info msg="host will try HTTPS first since it is configured for HTTP with a TLS configuration, consider changing host to HTTPS or removing unused TLS configuration" host="192.168.122.110:5000"
time="2026-04-16T10:27:26Z" level=warning msg="skip to append distribution label: label key and value length (4112 bytes) greater than maximum size (4096 bytes), key: containerd.io/distribution.source.192.168.122.110: invalid argument"
time="2026-04-16T10:27:26Z" level=warning msg="skip to append distribution label: label key and value length (4112 bytes) greater than maximum size (4096 bytes), key: containerd.io/distribution.source.192.168.122.110: invalid argument"
time="2026-04-16T10:27:26Z" level=warning msg="skip to append distribution label: label key and value length (4112 bytes) greater than maximum size (4096 bytes), key: containerd.io/distribution.source.192.168.122.110: invalid argument"
time="2026-04-16T10:27:26Z" level=warning msg="skip to append distribution label: label key and value length (4112 bytes) greater than maximum size (4096 bytes), key: containerd.io/distribution.source.192.168.122.110: invalid argument"
time="2026-04-16T10:27:26Z" level=warning msg="skip to append distribution label: label key and value length (4112 bytes) greater than maximum size (4096 bytes), key: containerd.io/distribution.source.192.168.122.110: invalid argument"
time="2026-04-16T10:27:26Z" level=warning msg="skip to append distribution label: label key and value length (4112 bytes) greater than maximum size (4096 bytes), key: containerd.io/distribution.source.192.168.122.110: invalid argument"
time="2026-04-16T10:27:26Z" level=warning msg="skip to append distribution label: label key and value length (4112 bytes) greater than maximum size (4096 bytes), key: containerd.io/distribution.source.192.168.122.110: invalid argument"
time="2026-04-16T10:27:26Z" level=warning msg="skip to append distribution label: label key and value length (4112 bytes) greater than maximum size (4096 bytes), key: containerd.io/distribution.source.192.168.122.110: invalid argument"
192.168.122.110:5000/brdnode_2010_r533:latest:                                    resolved       |[32m++++++++++++++++++++++++++++++++++++++[0m| 
index-sha256:6365fd6dc6b3f68d1b033be544add711504d6883d8ed6218ee69fed0ce6228be:    done           |[32m++++++++++++++++++++++++++++++++++++++[0m| 
manifest-sha256:d88726be5bf385fa1c1c11e947b8dd8d4bd561380090eb8751c5744cf5c68934: done           |[32m++++++++++++++++++++++++++++++++++++++[0m| 
config-sha256:a2b0105ea7c0335564372fb0c5f1bb9c1ee0f591e6b6eb5f99403d3c57d069bf:   done           |[32m++++++++++++++++++++++++++++++++++++++[0m| 
layer-sha256:ddad7965b485263ee4103805333db0cc2c4b8607e8ab4cf261a0c4b43121968c:    done           |[32m++++++++++++++++++++++++++++++++++++++[0m| 
layer-sha256:8b5c357eaf7c1291886ddbc5c20f77a24c59db811f02a96711a985428c6205b4:    done           |[32m++++++++++++++++++++++++++++++++++++++[0m| 
layer-sha256:25ea29c6566f14d77b6dd7a0a5f35c4c4a5aa3505fe766ec1d2f9dde7eecb070:    done           |[32m++++++++++++++++++++++++++++++++++++++[0m| 
layer-sha256:5293a5db9edd2cdf0960cb671b07478bb7281acd852adff584e924fec95584d6:    done           |[32m++++++++++++++++++++++++++++++++++++++[0m| 
layer-sha256:123817091d1329b7ba3809116a2ca28694bfe005e389da8b036d6b23fa630b30:    done           |[32m++++++++++++++++++++++++++++++++++++++[0m| 
layer-sha256:48c63a55731a94aca37cae003a86d51ad1bf47e899bd1a6aeac76bb8688740c7:    done           |[32m++++++++++++++++++++++++++++++++++++++[0m| 
layer-sha256:7a854a832e188116cb1d9b5b49bd38ec6c14f9cb5f01c6a361be34100c8bc74f:    done           |[32m++++++++++++++++++++++++++++++++++++++[0m| 
layer-sha256:4accf72faab4ddbb011f63fff24e0656cd1cc9c9ad5293f7e7c0eaf80ed2872f:    done           |[32m++++++++++++++++++++++++++++++++++++++[0m| 
layer-sha256:b1a8b2706032f9c0f354be0daa46f3da6643916a3373ee5d2792dd2def0151d1:    done           |[32m++++++++++++++++++++++++++++++++++++++[0m| 
layer-sha256:4f4fb700ef54461cfa02571ae0db9a0dc1e0cdb5577484a6d75e68dc38e8acc1:    done           |[32m++++++++++++++++++++++++++++++++++++++[0m| 
layer-sha256:13b7e930469f6d3575a320709035c6acf6f5485a76abcf03d1b92a64c09c2476:    done           |[32m++++++++++++++++++++++++++++++++++++++[0m| 
layer-sha256:071773828d1eba5722877ed9d36b8f9f162f021d7dc711094e75172669a83197:    done           |[32m++++++++++++++++++++++++++++++++++++++[0m| 
layer-sha256:34608cb22405250243a5e45518fb618d0bea826f8171514b271e7e4c1bef2752:    done           |[32m++++++++++++++++++++++++++++++++++++++[0m| 
layer-sha256:64a5d8258ce2b42e67330b08d63621bb09cc797b102a21bad4732b2383fa04c0:    done           |[32m++++++++++++++++++++++++++++++++++++++[0m| 
layer-sha256:450bb934662efe2c8c55922af96dfccb7cd62066a0861e11b9cc126c9592d6d7:    done           |[32m++++++++++++++++++++++++++++++++++++++[0m| 
layer-sha256:c954e5f88d9d9be1ed732898db6841e22d90078a4c76cf4717c4cc7edc74403e:    done           |[32m++++++++++++++++++++++++++++++++++++++[0m| 
layer-sha256:9f441ad30abc48467a6b8a9cda7188811487d4620338337f923a3f1595f847ba:    done           |[32m++++++++++++++++++++++++++++++++++++++[0m| 
layer-sha256:8a29a47395cd3a02d8340f4325004f6ec371681754e5efa24afced2dbdd64272:    done           |[32m++++++++++++++++++++++++++++++++++++++[0m| 
layer-sha256:e59b44c60b0e4bef2712435bc1a530efe229ee8e4ce5e002fab156cab513cd4b:    done           |[32m++++++++++++++++++++++++++++++++++++++[0m| 
layer-sha256:e61ebdd6e7b2e12e80037b2340b8396d2e9a7468e38ba50787aedf8fb01f23a4:    done           |[32m++++++++++++++++++++++++++++++++++++++[0m| 
layer-sha256:2229323296fd0788580520d9635c12357eabeefb98b33f80240f26f398fd9977:    done           |[32m++++++++++++++++++++++++++++++++++++++[0m| 
layer-sha256:3e740608074eeae180aa78f7de93f4e3f506d73c145d279e73868329fd903bd1:    done           |[32m++++++++++++++++++++++++++++++++++++++[0m| 
elapsed: 0.1 s                                                                    total:   0.0 B (0.0 B/s)                                         
unpacking linux/amd64 sha256:6365fd6dc6b3f68d1b033be544add711504d6883d8ed6218ee69fed0ce6228be...
done: 18.194344ms	
time="2026-04-16T10:27:27Z" level=info msg="host will try HTTPS first since it is configured for HTTP with a TLS configuration, consider changing host to HTTPS or removing unused TLS configuration" host="192.168.122.110:5000"
time="2026-04-16T10:27:27Z" level=info msg="host will try HTTPS first since it is configured for HTTP with a TLS configuration, consider changing host to HTTPS or removing unused TLS configuration" host="192.168.122.110:5000"
time="2026-04-16T10:27:27Z" level=warning msg="skip to append distribution label: label key and value length (4106 bytes) greater than maximum size (4096 bytes), key: containerd.io/distribution.source.192.168.122.110: invalid argument"
time="2026-04-16T10:27:27Z" level=warning msg="skip to append distribution label: label key and value length (4106 bytes) greater than maximum size (4096 bytes), key: containerd.io/distribution.source.192.168.122.110: invalid argument"
time="2026-04-16T10:27:27Z" level=warning msg="skip to append distribution label: label key and value length (4106 bytes) greater than maximum size (4096 bytes), key: containerd.io/distribution.source.192.168.122.110: invalid argument"
time="2026-04-16T10:27:27Z" level=warning msg="skip to append distribution label: label key and value length (4106 bytes) greater than maximum size (4096 bytes), key: containerd.io/distribution.source.192.168.122.110: invalid argument"
time="2026-04-16T10:27:27Z" level=warning msg="skip to append distribution label: label key and value length (4106 bytes) greater than maximum size (4096 bytes), key: containerd.io/distribution.source.192.168.122.110: invalid argument"
time="2026-04-16T10:27:27Z" level=warning msg="skip to append distribution label: label key and value length (4106 bytes) greater than maximum size (4096 bytes), key: containerd.io/distribution.source.192.168.122.110: invalid argument"
time="2026-04-16T10:27:27Z" level=warning msg="skip to append distribution label: label key and value length (4106 bytes) greater than maximum size (4096 bytes), key: containerd.io/distribution.source.192.168.122.110: invalid argument"
time="2026-04-16T10:27:27Z" level=warning msg="skip to append distribution label: label key and value length (4106 bytes) greater than maximum size (4096 bytes), key: containerd.io/distribution.source.192.168.122.110: invalid argument"
192.168.122.110:5000/rs_ix_ix122:latest:                                          resolved       |[32m++++++++++++++++++++++++++++++++++++++[0m| 
index-sha256:7b8c73272e6717a68f063b10a92b37a1f9108a228258a76693c1d09693f666d0:    done           |[32m++++++++++++++++++++++++++++++++++++++[0m| 
manifest-sha256:34288badb7f18d12f00ddad1b629c4c49885ab2fde9fa8c5addb2eb2101e414f: done           |[32m++++++++++++++++++++++++++++++++++++++[0m| 
layer-sha256:34608cb22405250243a5e45518fb618d0bea826f8171514b271e7e4c1bef2752:    done           |[32m++++++++++++++++++++++++++++++++++++++[0m| 
config-sha256:4d35d53411a43ee81cf8bb49221686d76ecaf244b59b5641c7acacbe473c7b8e:   done           |[32m++++++++++++++++++++++++++++++++++++++[0m| 
layer-sha256:13b7e930469f6d3575a320709035c6acf6f5485a76abcf03d1b92a64c09c2476:    done           |[32m++++++++++++++++++++++++++++++++++++++[0m| 
layer-sha256:e89e86b4dbc802ce37cbdf42dd7b080d7848bbd7e271f78f6245eb3e1f234872:    done           |[32m++++++++++++++++++++++++++++++++++++++[0m| 
layer-sha256:0fa5f84094bdfe1ed363baf7ea1448b2e423110e5015cd15cb68560a7d6b7b29:    done           |[32m++++++++++++++++++++++++++++++++++++++[0m| 
layer-sha256:08b46a2fad9e07fa4f3800b36daba9949b814ab650ba20379438aebde3f851ad:    done           |[32m++++++++++++++++++++++++++++++++++++++[0m| 
layer-sha256:44361424304c7875a4b95853d7efd443133601d1157b3beb15bd465fad04bed9:    done           |[32m++++++++++++++++++++++++++++++++++++++[0m| 
layer-sha256:15aa12b3a0c904da30ce8e849cd95b16fad92c7499989cd726e8997745993e7d:    done           |[32m++++++++++++++++++++++++++++++++++++++[0m| 
layer-sha256:450bb934662efe2c8c55922af96dfccb7cd62066a0861e11b9cc126c9592d6d7:    done           |[32m++++++++++++++++++++++++++++++++++++++[0m| 
layer-sha256:84a04f2f69d55ce10a8365308d682727470edf53930da21f0b4a30a5838e7bb7:    done           |[32m++++++++++++++++++++++++++++++++++++++[0m| 
layer-sha256:e59b44c60b0e4bef2712435bc1a530efe229ee8e4ce5e002fab156cab513cd4b:    done           |[32m++++++++++++++++++++++++++++++++++++++[0m| 
layer-sha256:c954e5f88d9d9be1ed732898db6841e22d90078a4c76cf4717c4cc7edc74403e:    done           |[32m++++++++++++++++++++++++++++++++++++++[0m| 
layer-sha256:4accf72faab4ddbb011f63fff24e0656cd1cc9c9ad5293f7e7c0eaf80ed2872f:    done           |[32m++++++++++++++++++++++++++++++++++++++[0m| 
layer-sha256:8a29a47395cd3a02d8340f4325004f6ec371681754e5efa24afced2dbdd64272:    done           |[32m++++++++++++++++++++++++++++++++++++++[0m| 
layer-sha256:529fff5c9b461fec724503b0a86e3cd457e61f8fe4e22c4a24d675e22a33cf2f:    done           |[32m++++++++++++++++++++++++++++++++++++++[0m| 
layer-sha256:a38c250ed5e3ca2b1d5064f23fad64bdd41907ebd939b5fb4e1397f29b3fbd93:    done           |[32m++++++++++++++++++++++++++++++++++++++[0m| 
layer-sha256:3e674af63f99a844c419eae5f1879e4ecf8af8f9e3d1f8f38392d134452c50e5:    done           |[32m++++++++++++++++++++++++++++++++++++++[0m| 
layer-sha256:b1a8b2706032f9c0f354be0daa46f3da6643916a3373ee5d2792dd2def0151d1:    done           |[32m++++++++++++++++++++++++++++++++++++++[0m| 
layer-sha256:77fe4843fc699aaf8a0b7d7356512fb6d1499a74afcab0263bc82124f124a948:    done           |[32m++++++++++++++++++++++++++++++++++++++[0m| 
layer-sha256:4f4fb700ef54461cfa02571ae0db9a0dc1e0cdb5577484a6d75e68dc38e8acc1:    done           |[32m++++++++++++++++++++++++++++++++++++++[0m| 
layer-sha256:64a5d8258ce2b42e67330b08d63621bb09cc797b102a21bad4732b2383fa04c0:    done           |[32m++++++++++++++++++++++++++++++++++++++[0m| 
layer-sha256:7a0457d12f5121b7ffa0ea3f9bd142eba0a4ff99a0a0def52a333787613113de:    done           |[32m++++++++++++++++++++++++++++++++++++++[0m| 
layer-sha256:c216c0e71623d8d42a64f9e59d04b9b33abc485e38a958a013ca7cb014ca8265:    done           |[32m++++++++++++++++++++++++++++++++++++++[0m| 
elapsed: 0.1 s                                                                    total:   0.0 B (0.0 B/s)                                         
unpacking linux/amd64 sha256:7b8c73272e6717a68f063b10a92b37a1f9108a228258a76693c1d09693f666d0...
done: 20.229383ms	
time="2026-04-16T10:27:27Z" level=info msg="host will try HTTPS first since it is configured for HTTP with a TLS configuration, consider changing host to HTTPS or removing unused TLS configuration" host="192.168.122.110:5000"
time="2026-04-16T10:27:27Z" level=info msg="host will try HTTPS first since it is configured for HTTP with a TLS configuration, consider changing host to HTTPS or removing unused TLS configuration" host="192.168.122.110:5000"
time="2026-04-16T10:27:27Z" level=warning msg="skip to append distribution label: label key and value length (4106 bytes) greater than maximum size (4096 bytes), key: containerd.io/distribution.source.192.168.122.110: invalid argument"
time="2026-04-16T10:27:27Z" level=warning msg="skip to append distribution label: label key and value length (4106 bytes) greater than maximum size (4096 bytes), key: containerd.io/distribution.source.192.168.122.110: invalid argument"
time="2026-04-16T10:27:27Z" level=warning msg="skip to append distribution label: label key and value length (4106 bytes) greater than maximum size (4096 bytes), key: containerd.io/distribution.source.192.168.122.110: invalid argument"
time="2026-04-16T10:27:27Z" level=warning msg="skip to append distribution label: label key and value length (4106 bytes) greater than maximum size (4096 bytes), key: containerd.io/distribution.source.192.168.122.110: invalid argument"
time="2026-04-16T10:27:27Z" level=warning msg="skip to append distribution label: label key and value length (4106 bytes) greater than maximum size (4096 bytes), key: containerd.io/distribution.source.192.168.122.110: invalid argument"
time="2026-04-16T10:27:27Z" level=warning msg="skip to append distribution label: label key and value length (4106 bytes) greater than maximum size (4096 bytes), key: containerd.io/distribution.source.192.168.122.110: invalid argument"
time="2026-04-16T10:27:27Z" level=warning msg="skip to append distribution label: label key and value length (4106 bytes) greater than maximum size (4096 bytes), key: containerd.io/distribution.source.192.168.122.110: invalid argument"
time="2026-04-16T10:27:27Z" level=warning msg="skip to append distribution label: label key and value length (4106 bytes) greater than maximum size (4096 bytes), key: containerd.io/distribution.source.192.168.122.110: invalid argument"
192.168.122.110:5000/rs_ix_ix147:latest:                                          resolved       |[32m++++++++++++++++++++++++++++++++++++++[0m| 
index-sha256:1a2becb4ec3df8a683640279c9c9853f29873ca315a4076fe50fa18137d52f19:    done           |[32m++++++++++++++++++++++++++++++++++++++[0m| 
manifest-sha256:5ec88e4710d64e5994365ba9d2f090fac9248072cbb43c7ca60f56a01240be49: done           |[32m++++++++++++++++++++++++++++++++++++++[0m| 
config-sha256:ee55e620b221c7cccf67448ebabc0e5ffed3d9d11a4a4fe09a1f6601c541a98a:   done           |[32m++++++++++++++++++++++++++++++++++++++[0m| 
layer-sha256:c954e5f88d9d9be1ed732898db6841e22d90078a4c76cf4717c4cc7edc74403e:    done           |[32m++++++++++++++++++++++++++++++++++++++[0m| 
layer-sha256:bcd9b0fa8cde359cccb5a972b76780e36e63436bfe906a00844b4c9777df6fbf:    done           |[32m++++++++++++++++++++++++++++++++++++++[0m| 
layer-sha256:44361424304c7875a4b95853d7efd443133601d1157b3beb15bd465fad04bed9:    done           |[32m++++++++++++++++++++++++++++++++++++++[0m| 
layer-sha256:13b7e930469f6d3575a320709035c6acf6f5485a76abcf03d1b92a64c09c2476:    done           |[32m++++++++++++++++++++++++++++++++++++++[0m| 
layer-sha256:529fff5c9b461fec724503b0a86e3cd457e61f8fe4e22c4a24d675e22a33cf2f:    done           |[32m++++++++++++++++++++++++++++++++++++++[0m| 
layer-sha256:3e674af63f99a844c419eae5f1879e4ecf8af8f9e3d1f8f38392d134452c50e5:    done           |[32m++++++++++++++++++++++++++++++++++++++[0m| 
layer-sha256:4accf72faab4ddbb011f63fff24e0656cd1cc9c9ad5293f7e7c0eaf80ed2872f:    done           |[32m++++++++++++++++++++++++++++++++++++++[0m| 
layer-sha256:77fe4843fc699aaf8a0b7d7356512fb6d1499a74afcab0263bc82124f124a948:    done           |[32m++++++++++++++++++++++++++++++++++++++[0m| 
layer-sha256:34608cb22405250243a5e45518fb618d0bea826f8171514b271e7e4c1bef2752:    done           |[32m++++++++++++++++++++++++++++++++++++++[0m| 
layer-sha256:8a29a47395cd3a02d8340f4325004f6ec371681754e5efa24afced2dbdd64272:    done           |[32m++++++++++++++++++++++++++++++++++++++[0m| 
layer-sha256:08b46a2fad9e07fa4f3800b36daba9949b814ab650ba20379438aebde3f851ad:    done           |[32m++++++++++++++++++++++++++++++++++++++[0m| 
layer-sha256:8227bb66d87e95e55f3bf5165de30392f90e3dacb9ae19675f42f09c760ae094:    done           |[32m++++++++++++++++++++++++++++++++++++++[0m| 
layer-sha256:450bb934662efe2c8c55922af96dfccb7cd62066a0861e11b9cc126c9592d6d7:    done           |[32m++++++++++++++++++++++++++++++++++++++[0m| 
layer-sha256:e59b44c60b0e4bef2712435bc1a530efe229ee8e4ce5e002fab156cab513cd4b:    done           |[32m++++++++++++++++++++++++++++++++++++++[0m| 
layer-sha256:84a04f2f69d55ce10a8365308d682727470edf53930da21f0b4a30a5838e7bb7:    done           |[32m++++++++++++++++++++++++++++++++++++++[0m| 
layer-sha256:b1a8b2706032f9c0f354be0daa46f3da6643916a3373ee5d2792dd2def0151d1:    done           |[32m++++++++++++++++++++++++++++++++++++++[0m| 
layer-sha256:134f574b5a7b4b67af7aa3aceaaafb239627c820b4e962be0052ea1bf78311d2:    done           |[32m++++++++++++++++++++++++++++++++++++++[0m| 
layer-sha256:4f4fb700ef54461cfa02571ae0db9a0dc1e0cdb5577484a6d75e68dc38e8acc1:    done           |[32m++++++++++++++++++++++++++++++++++++++[0m| 
layer-sha256:2e62d25365e9a7d062d60c08ba0777f094ec8614e55790522efc1cf1f5f647a9:    done           |[32m++++++++++++++++++++++++++++++++++++++[0m| 
layer-sha256:64a5d8258ce2b42e67330b08d63621bb09cc797b102a21bad4732b2383fa04c0:    done           |[32m++++++++++++++++++++++++++++++++++++++[0m| 
layer-sha256:15aa12b3a0c904da30ce8e849cd95b16fad92c7499989cd726e8997745993e7d:    done           |[32m++++++++++++++++++++++++++++++++++++++[0m| 
layer-sha256:54ca930fc9962b04ca464e1ddacee3d59b60b250cf662164c55270af12e05664:    done           |[32m++++++++++++++++++++++++++++++++++++++[0m| 
elapsed: 0.1 s                                                                    total:   0.0 B (0.0 B/s)                                         
unpacking linux/amd64 sha256:1a2becb4ec3df8a683640279c9c9853f29873ca315a4076fe50fa18137d52f19...
done: 16.171187ms	
time="2026-04-16T10:27:28Z" level=info msg="host will try HTTPS first since it is configured for HTTP with a TLS configuration, consider changing host to HTTPS or removing unused TLS configuration" host="192.168.122.110:5000"
time="2026-04-16T10:27:28Z" level=info msg="host will try HTTPS first since it is configured for HTTP with a TLS configuration, consider changing host to HTTPS or removing unused TLS configuration" host="192.168.122.110:5000"
time="2026-04-16T10:27:28Z" level=warning msg="skip to append distribution label: label key and value length (4106 bytes) greater than maximum size (4096 bytes), key: containerd.io/distribution.source.192.168.122.110: invalid argument"
time="2026-04-16T10:27:28Z" level=warning msg="skip to append distribution label: label key and value length (4106 bytes) greater than maximum size (4096 bytes), key: containerd.io/distribution.source.192.168.122.110: invalid argument"
time="2026-04-16T10:27:28Z" level=warning msg="skip to append distribution label: label key and value length (4106 bytes) greater than maximum size (4096 bytes), key: containerd.io/distribution.source.192.168.122.110: invalid argument"
time="2026-04-16T10:27:28Z" level=warning msg="skip to append distribution label: label key and value length (4106 bytes) greater than maximum size (4096 bytes), key: containerd.io/distribution.source.192.168.122.110: invalid argument"
time="2026-04-16T10:27:28Z" level=warning msg="skip to append distribution label: label key and value length (4106 bytes) greater than maximum size (4096 bytes), key: containerd.io/distribution.source.192.168.122.110: invalid argument"
time="2026-04-16T10:27:28Z" level=warning msg="skip to append distribution label: label key and value length (4106 bytes) greater than maximum size (4096 bytes), key: containerd.io/distribution.source.192.168.122.110: invalid argument"
time="2026-04-16T10:27:28Z" level=warning msg="skip to append distribution label: label key and value length (4106 bytes) greater than maximum size (4096 bytes), key: containerd.io/distribution.source.192.168.122.110: invalid argument"
time="2026-04-16T10:27:28Z" level=warning msg="skip to append distribution label: label key and value length (4106 bytes) greater than maximum size (4096 bytes), key: containerd.io/distribution.source.192.168.122.110: invalid argument"
192.168.122.110:5000/rs_ix_ix206:latest:                                          resolved       |[32m++++++++++++++++++++++++++++++++++++++[0m| 
index-sha256:9aa38e15b5f3e3fcacc36e6fe1500d462e9e0cb9f671517c4b31f3c909714f89:    done           |[32m++++++++++++++++++++++++++++++++++++++[0m| 
manifest-sha256:80fafce95a08620f327f6357af721788dce47c71ca0e180fb8e261a42b6c42f7: done           |[32m++++++++++++++++++++++++++++++++++++++[0m| 
layer-sha256:34608cb22405250243a5e45518fb618d0bea826f8171514b271e7e4c1bef2752:    done           |[32m++++++++++++++++++++++++++++++++++++++[0m| 
layer-sha256:0ca892cbee2aa60fe91b96ac2edbe93ad96d827e5f803f19864a84437dced0c6:    done           |[32m++++++++++++++++++++++++++++++++++++++[0m| 
config-sha256:a507f20e1bba8d7d5b1d19d30b154f2c7b2ac11743233b6948c4df37eeaf0a00:   done           |[32m++++++++++++++++++++++++++++++++++++++[0m| 
layer-sha256:13b7e930469f6d3575a320709035c6acf6f5485a76abcf03d1b92a64c09c2476:    done           |[32m++++++++++++++++++++++++++++++++++++++[0m| 
layer-sha256:e59b44c60b0e4bef2712435bc1a530efe229ee8e4ce5e002fab156cab513cd4b:    done           |[32m++++++++++++++++++++++++++++++++++++++[0m| 
layer-sha256:3e674af63f99a844c419eae5f1879e4ecf8af8f9e3d1f8f38392d134452c50e5:    done           |[32m++++++++++++++++++++++++++++++++++++++[0m| 
layer-sha256:450bb934662efe2c8c55922af96dfccb7cd62066a0861e11b9cc126c9592d6d7:    done           |[32m++++++++++++++++++++++++++++++++++++++[0m| 
layer-sha256:258eb22402f436fd828d20bcb72cf93d4b41d6003601d8ade8ef7af08c377c50:    done           |[32m++++++++++++++++++++++++++++++++++++++[0m| 
layer-sha256:c954e5f88d9d9be1ed732898db6841e22d90078a4c76cf4717c4cc7edc74403e:    done           |[32m++++++++++++++++++++++++++++++++++++++[0m| 
layer-sha256:629ed104895752753bf54f2007b373538c962cdffe74f89846777090ac5ce700:    done           |[32m++++++++++++++++++++++++++++++++++++++[0m| 
layer-sha256:4accf72faab4ddbb011f63fff24e0656cd1cc9c9ad5293f7e7c0eaf80ed2872f:    done           |[32m++++++++++++++++++++++++++++++++++++++[0m| 
layer-sha256:529fff5c9b461fec724503b0a86e3cd457e61f8fe4e22c4a24d675e22a33cf2f:    done           |[32m++++++++++++++++++++++++++++++++++++++[0m| 
layer-sha256:77fe4843fc699aaf8a0b7d7356512fb6d1499a74afcab0263bc82124f124a948:    done           |[32m++++++++++++++++++++++++++++++++++++++[0m| 
layer-sha256:84a04f2f69d55ce10a8365308d682727470edf53930da21f0b4a30a5838e7bb7:    done           |[32m++++++++++++++++++++++++++++++++++++++[0m| 
layer-sha256:8a29a47395cd3a02d8340f4325004f6ec371681754e5efa24afced2dbdd64272:    done           |[32m++++++++++++++++++++++++++++++++++++++[0m| 
layer-sha256:7f4992fb72efbece27a697e50815b1e25cb044ce7b12a57eb0b0517a969a84db:    done           |[32m++++++++++++++++++++++++++++++++++++++[0m| 
layer-sha256:4f4fb700ef54461cfa02571ae0db9a0dc1e0cdb5577484a6d75e68dc38e8acc1:    done           |[32m++++++++++++++++++++++++++++++++++++++[0m| 
layer-sha256:44361424304c7875a4b95853d7efd443133601d1157b3beb15bd465fad04bed9:    done           |[32m++++++++++++++++++++++++++++++++++++++[0m| 
layer-sha256:08b46a2fad9e07fa4f3800b36daba9949b814ab650ba20379438aebde3f851ad:    done           |[32m++++++++++++++++++++++++++++++++++++++[0m| 
layer-sha256:b1a8b2706032f9c0f354be0daa46f3da6643916a3373ee5d2792dd2def0151d1:    done           |[32m++++++++++++++++++++++++++++++++++++++[0m| 
layer-sha256:15aa12b3a0c904da30ce8e849cd95b16fad92c7499989cd726e8997745993e7d:    done           |[32m++++++++++++++++++++++++++++++++++++++[0m| 
layer-sha256:a665d80136dc7dd2fe03138a59552c383945fffa13cefe78f51b6d6600bff682:    done           |[32m++++++++++++++++++++++++++++++++++++++[0m| 
layer-sha256:64a5d8258ce2b42e67330b08d63621bb09cc797b102a21bad4732b2383fa04c0:    done           |[32m++++++++++++++++++++++++++++++++++++++[0m| 
elapsed: 0.1 s                                                                    total:   0.0 B (0.0 B/s)                                         
unpacking linux/amd64 sha256:9aa38e15b5f3e3fcacc36e6fe1500d462e9e0cb9f671517c4b31f3c909714f89...
done: 18.565768ms	
time="2026-04-16T10:27:29Z" level=info msg="host will try HTTPS first since it is configured for HTTP with a TLS configuration, consider changing host to HTTPS or removing unused TLS configuration" host="192.168.122.110:5000"
time="2026-04-16T10:27:29Z" level=info msg="host will try HTTPS first since it is configured for HTTP with a TLS configuration, consider changing host to HTTPS or removing unused TLS configuration" host="192.168.122.110:5000"
time="2026-04-16T10:27:29Z" level=warning msg="skip to append distribution label: label key and value length (4106 bytes) greater than maximum size (4096 bytes), key: containerd.io/distribution.source.192.168.122.110: invalid argument"
time="2026-04-16T10:27:29Z" level=warning msg="skip to append distribution label: label key and value length (4106 bytes) greater than maximum size (4096 bytes), key: containerd.io/distribution.source.192.168.122.110: invalid argument"
time="2026-04-16T10:27:29Z" level=warning msg="skip to append distribution label: label key and value length (4106 bytes) greater than maximum size (4096 bytes), key: containerd.io/distribution.source.192.168.122.110: invalid argument"
time="2026-04-16T10:27:29Z" level=warning msg="skip to append distribution label: label key and value length (4106 bytes) greater than maximum size (4096 bytes), key: containerd.io/distribution.source.192.168.122.110: invalid argument"
time="2026-04-16T10:27:29Z" level=warning msg="skip to append distribution label: label key and value length (4106 bytes) greater than maximum size (4096 bytes), key: containerd.io/distribution.source.192.168.122.110: invalid argument"
time="2026-04-16T10:27:29Z" level=warning msg="skip to append distribution label: label key and value length (4106 bytes) greater than maximum size (4096 bytes), key: containerd.io/distribution.source.192.168.122.110: invalid argument"
time="2026-04-16T10:27:29Z" level=warning msg="skip to append distribution label: label key and value length (4106 bytes) greater than maximum size (4096 bytes), key: containerd.io/distribution.source.192.168.122.110: invalid argument"
time="2026-04-16T10:27:29Z" level=warning msg="skip to append distribution label: label key and value length (4106 bytes) greater than maximum size (4096 bytes), key: containerd.io/distribution.source.192.168.122.110: invalid argument"
192.168.122.110:5000/rs_ix_ix300:latest:                                          resolved       |[32m++++++++++++++++++++++++++++++++++++++[0m| 
index-sha256:a29a1ce11e4b9c7273630562392cb645cf8bcd69135ce325796447e11c19a1a2:    done           |[32m++++++++++++++++++++++++++++++++++++++[0m| 
manifest-sha256:9a219fac040d501a1440306697a881ee69613932857bf7ed1b6dc9e2c3a38fcf: done           |[32m++++++++++++++++++++++++++++++++++++++[0m| 
config-sha256:a1207785703270c925ddc82453f051f138a7f599e16b5406a6d9c0c76453a4f5:   done           |[32m++++++++++++++++++++++++++++++++++++++[0m| 
layer-sha256:450bb934662efe2c8c55922af96dfccb7cd62066a0861e11b9cc126c9592d6d7:    done           |[32m++++++++++++++++++++++++++++++++++++++[0m| 
layer-sha256:01779673d25b8cf80271d4d3af45037bc9d9ac3c85d2a75e9dd7541b5539648e:    done           |[32m++++++++++++++++++++++++++++++++++++++[0m| 
layer-sha256:58b136fe46e671da0adead6a0deba3c8bd54f62c4b91a4b0408bd7d1c0262ca4:    done           |[32m++++++++++++++++++++++++++++++++++++++[0m| 
layer-sha256:13b7e930469f6d3575a320709035c6acf6f5485a76abcf03d1b92a64c09c2476:    done           |[32m++++++++++++++++++++++++++++++++++++++[0m| 
layer-sha256:e59b44c60b0e4bef2712435bc1a530efe229ee8e4ce5e002fab156cab513cd4b:    done           |[32m++++++++++++++++++++++++++++++++++++++[0m| 
layer-sha256:44361424304c7875a4b95853d7efd443133601d1157b3beb15bd465fad04bed9:    done           |[32m++++++++++++++++++++++++++++++++++++++[0m| 
layer-sha256:34608cb22405250243a5e45518fb618d0bea826f8171514b271e7e4c1bef2752:    done           |[32m++++++++++++++++++++++++++++++++++++++[0m| 
layer-sha256:4accf72faab4ddbb011f63fff24e0656cd1cc9c9ad5293f7e7c0eaf80ed2872f:    done           |[32m++++++++++++++++++++++++++++++++++++++[0m| 
layer-sha256:529fff5c9b461fec724503b0a86e3cd457e61f8fe4e22c4a24d675e22a33cf2f:    done           |[32m++++++++++++++++++++++++++++++++++++++[0m| 
layer-sha256:8a29a47395cd3a02d8340f4325004f6ec371681754e5efa24afced2dbdd64272:    done           |[32m++++++++++++++++++++++++++++++++++++++[0m| 
layer-sha256:3e674af63f99a844c419eae5f1879e4ecf8af8f9e3d1f8f38392d134452c50e5:    done           |[32m++++++++++++++++++++++++++++++++++++++[0m| 
layer-sha256:d66b38ab92bce7d98fcb3df6a685c77c9382da1d2bfe24dbe66ce050f2a2c420:    done           |[32m++++++++++++++++++++++++++++++++++++++[0m| 
layer-sha256:b1a8b2706032f9c0f354be0daa46f3da6643916a3373ee5d2792dd2def0151d1:    done           |[32m++++++++++++++++++++++++++++++++++++++[0m| 
layer-sha256:64a5d8258ce2b42e67330b08d63621bb09cc797b102a21bad4732b2383fa04c0:    done           |[32m++++++++++++++++++++++++++++++++++++++[0m| 
layer-sha256:84a04f2f69d55ce10a8365308d682727470edf53930da21f0b4a30a5838e7bb7:    done           |[32m++++++++++++++++++++++++++++++++++++++[0m| 
layer-sha256:d05ea50b96bc3b00f373bb8fb1d22726a0da272934fa90befb1b53d8c14e0431:    done           |[32m++++++++++++++++++++++++++++++++++++++[0m| 
layer-sha256:f6827b4e8820154d4fe4770687a9910288d8ec7d01ccfb815f2abc7d5be095be:    done           |[32m++++++++++++++++++++++++++++++++++++++[0m| 
layer-sha256:4f4fb700ef54461cfa02571ae0db9a0dc1e0cdb5577484a6d75e68dc38e8acc1:    done           |[32m++++++++++++++++++++++++++++++++++++++[0m| 
layer-sha256:15aa12b3a0c904da30ce8e849cd95b16fad92c7499989cd726e8997745993e7d:    done           |[32m++++++++++++++++++++++++++++++++++++++[0m| 
layer-sha256:77fe4843fc699aaf8a0b7d7356512fb6d1499a74afcab0263bc82124f124a948:    done           |[32m++++++++++++++++++++++++++++++++++++++[0m| 
layer-sha256:c954e5f88d9d9be1ed732898db6841e22d90078a4c76cf4717c4cc7edc74403e:    done           |[32m++++++++++++++++++++++++++++++++++++++[0m| 
layer-sha256:08b46a2fad9e07fa4f3800b36daba9949b814ab650ba20379438aebde3f851ad:    done           |[32m++++++++++++++++++++++++++++++++++++++[0m| 
elapsed: 0.1 s                                                                    total:   0.0 B (0.0 B/s)                                         
unpacking linux/amd64 sha256:a29a1ce11e4b9c7273630562392cb645cf8bcd69135ce325796447e11c19a1a2...
done: 29.20149ms	
time="2026-04-16T10:27:30Z" level=info msg="host will try HTTPS first since it is configured for HTTP with a TLS configuration, consider changing host to HTTPS or removing unused TLS configuration" host="192.168.122.110:5000"
time="2026-04-16T10:27:30Z" level=info msg="host will try HTTPS first since it is configured for HTTP with a TLS configuration, consider changing host to HTTPS or removing unused TLS configuration" host="192.168.122.110:5000"
time="2026-04-16T10:27:30Z" level=warning msg="skip to append distribution label: label key and value length (4106 bytes) greater than maximum size (4096 bytes), key: containerd.io/distribution.source.192.168.122.110: invalid argument"
time="2026-04-16T10:27:30Z" level=warning msg="skip to append distribution label: label key and value length (4106 bytes) greater than maximum size (4096 bytes), key: containerd.io/distribution.source.192.168.122.110: invalid argument"
time="2026-04-16T10:27:30Z" level=warning msg="skip to append distribution label: label key and value length (4106 bytes) greater than maximum size (4096 bytes), key: containerd.io/distribution.source.192.168.122.110: invalid argument"
time="2026-04-16T10:27:30Z" level=warning msg="skip to append distribution label: label key and value length (4106 bytes) greater than maximum size (4096 bytes), key: containerd.io/distribution.source.192.168.122.110: invalid argument"
time="2026-04-16T10:27:30Z" level=warning msg="skip to append distribution label: label key and value length (4106 bytes) greater than maximum size (4096 bytes), key: containerd.io/distribution.source.192.168.122.110: invalid argument"
time="2026-04-16T10:27:30Z" level=warning msg="skip to append distribution label: label key and value length (4106 bytes) greater than maximum size (4096 bytes), key: containerd.io/distribution.source.192.168.122.110: invalid argument"
time="2026-04-16T10:27:30Z" level=warning msg="skip to append distribution label: label key and value length (4106 bytes) greater than maximum size (4096 bytes), key: containerd.io/distribution.source.192.168.122.110: invalid argument"
time="2026-04-16T10:27:30Z" level=warning msg="skip to append distribution label: label key and value length (4106 bytes) greater than maximum size (4096 bytes), key: containerd.io/distribution.source.192.168.122.110: invalid argument"
192.168.122.110:5000/rs_ix_ix352:latest:                                          resolved       |[32m++++++++++++++++++++++++++++++++++++++[0m| 
index-sha256:6c8723fdc64de4ef99e8498d1dc22cda9b1950be0284c03e9a2a0b17cbe436bd:    done           |[32m++++++++++++++++++++++++++++++++++++++[0m| 
manifest-sha256:7d17777619226746d124c3f55071dab4299bb748f03458b70b900d820a923876: done           |[32m++++++++++++++++++++++++++++++++++++++[0m| 
layer-sha256:8a29a47395cd3a02d8340f4325004f6ec371681754e5efa24afced2dbdd64272:    done           |[32m++++++++++++++++++++++++++++++++++++++[0m| 
layer-sha256:529fff5c9b461fec724503b0a86e3cd457e61f8fe4e22c4a24d675e22a33cf2f:    done           |[32m++++++++++++++++++++++++++++++++++++++[0m| 
layer-sha256:e94b604baabab388e2601d267f8f699e6bd4f639175c4e454101bba791e7ea3d:    done           |[32m++++++++++++++++++++++++++++++++++++++[0m| 
layer-sha256:4087e335b2c95a15cb6aa0dae3da8750e53c28683d192e6307e733530b043038:    done           |[32m++++++++++++++++++++++++++++++++++++++[0m| 
config-sha256:94c4f2840ff9e8033157f6b978fe12d56713c4c857d7f84091b68b31d0848c62:   done           |[32m++++++++++++++++++++++++++++++++++++++[0m| 
layer-sha256:84a04f2f69d55ce10a8365308d682727470edf53930da21f0b4a30a5838e7bb7:    done           |[32m++++++++++++++++++++++++++++++++++++++[0m| 
layer-sha256:9159f6ca6249597b4935efe3be49b97ab62d2239a7ae2b47209780c796b660ae:    done           |[32m++++++++++++++++++++++++++++++++++++++[0m| 
layer-sha256:13b7e930469f6d3575a320709035c6acf6f5485a76abcf03d1b92a64c09c2476:    done           |[32m++++++++++++++++++++++++++++++++++++++[0m| 
layer-sha256:44361424304c7875a4b95853d7efd443133601d1157b3beb15bd465fad04bed9:    done           |[32m++++++++++++++++++++++++++++++++++++++[0m| 
layer-sha256:64a5d8258ce2b42e67330b08d63621bb09cc797b102a21bad4732b2383fa04c0:    done           |[32m++++++++++++++++++++++++++++++++++++++[0m| 
layer-sha256:15aa12b3a0c904da30ce8e849cd95b16fad92c7499989cd726e8997745993e7d:    done           |[32m++++++++++++++++++++++++++++++++++++++[0m| 
layer-sha256:34608cb22405250243a5e45518fb618d0bea826f8171514b271e7e4c1bef2752:    done           |[32m++++++++++++++++++++++++++++++++++++++[0m| 
layer-sha256:4f4fb700ef54461cfa02571ae0db9a0dc1e0cdb5577484a6d75e68dc38e8acc1:    done           |[32m++++++++++++++++++++++++++++++++++++++[0m| 
layer-sha256:c954e5f88d9d9be1ed732898db6841e22d90078a4c76cf4717c4cc7edc74403e:    done           |[32m++++++++++++++++++++++++++++++++++++++[0m| 
layer-sha256:4accf72faab4ddbb011f63fff24e0656cd1cc9c9ad5293f7e7c0eaf80ed2872f:    done           |[32m++++++++++++++++++++++++++++++++++++++[0m| 
layer-sha256:08b46a2fad9e07fa4f3800b36daba9949b814ab650ba20379438aebde3f851ad:    done           |[32m++++++++++++++++++++++++++++++++++++++[0m| 
layer-sha256:450bb934662efe2c8c55922af96dfccb7cd62066a0861e11b9cc126c9592d6d7:    done           |[32m++++++++++++++++++++++++++++++++++++++[0m| 
layer-sha256:8fd8ebdbc10f8af787da6d78fc2fec1606cf8138dc021c1e9105c8b8ef97ebbe:    done           |[32m++++++++++++++++++++++++++++++++++++++[0m| 
layer-sha256:7a43fd8024da29fc497bb05a2f032852427f23bbca50bf2ab8a39506665eabd2:    done           |[32m++++++++++++++++++++++++++++++++++++++[0m| 
layer-sha256:3e674af63f99a844c419eae5f1879e4ecf8af8f9e3d1f8f38392d134452c50e5:    done           |[32m++++++++++++++++++++++++++++++++++++++[0m| 
layer-sha256:e59b44c60b0e4bef2712435bc1a530efe229ee8e4ce5e002fab156cab513cd4b:    done           |[32m++++++++++++++++++++++++++++++++++++++[0m| 
layer-sha256:77fe4843fc699aaf8a0b7d7356512fb6d1499a74afcab0263bc82124f124a948:    done           |[32m++++++++++++++++++++++++++++++++++++++[0m| 
layer-sha256:b1a8b2706032f9c0f354be0daa46f3da6643916a3373ee5d2792dd2def0151d1:    done           |[32m++++++++++++++++++++++++++++++++++++++[0m| 
elapsed: 0.1 s                                                                    total:   0.0 B (0.0 B/s)                                         
unpacking linux/amd64 sha256:6c8723fdc64de4ef99e8498d1dc22cda9b1950be0284c03e9a2a0b17cbe436bd...
done: 17.856173ms	
time="2026-04-16T10:27:31Z" level=info msg="host will try HTTPS first since it is configured for HTTP with a TLS configuration, consider changing host to HTTPS or removing unused TLS configuration" host="192.168.122.110:5000"
time="2026-04-16T10:27:31Z" level=info msg="host will try HTTPS first since it is configured for HTTP with a TLS configuration, consider changing host to HTTPS or removing unused TLS configuration" host="192.168.122.110:5000"
time="2026-04-16T10:27:31Z" level=warning msg="skip to append distribution label: label key and value length (4105 bytes) greater than maximum size (4096 bytes), key: containerd.io/distribution.source.192.168.122.110: invalid argument"
time="2026-04-16T10:27:31Z" level=warning msg="skip to append distribution label: label key and value length (4105 bytes) greater than maximum size (4096 bytes), key: containerd.io/distribution.source.192.168.122.110: invalid argument"
time="2026-04-16T10:27:31Z" level=warning msg="skip to append distribution label: label key and value length (4105 bytes) greater than maximum size (4096 bytes), key: containerd.io/distribution.source.192.168.122.110: invalid argument"
time="2026-04-16T10:27:31Z" level=warning msg="skip to append distribution label: label key and value length (4105 bytes) greater than maximum size (4096 bytes), key: containerd.io/distribution.source.192.168.122.110: invalid argument"
time="2026-04-16T10:27:31Z" level=warning msg="skip to append distribution label: label key and value length (4105 bytes) greater than maximum size (4096 bytes), key: containerd.io/distribution.source.192.168.122.110: invalid argument"
time="2026-04-16T10:27:31Z" level=warning msg="skip to append distribution label: label key and value length (4105 bytes) greater than maximum size (4096 bytes), key: containerd.io/distribution.source.192.168.122.110: invalid argument"
time="2026-04-16T10:27:31Z" level=warning msg="skip to append distribution label: label key and value length (4105 bytes) greater than maximum size (4096 bytes), key: containerd.io/distribution.source.192.168.122.110: invalid argument"
time="2026-04-16T10:27:31Z" level=warning msg="skip to append distribution label: label key and value length (4105 bytes) greater than maximum size (4096 bytes), key: containerd.io/distribution.source.192.168.122.110: invalid argument"
192.168.122.110:5000/rs_ix_ix51:latest:                                           resolved       |[32m++++++++++++++++++++++++++++++++++++++[0m| 
index-sha256:58f2f86a230d342729b57f84bb78a3636390b3d54c9208a0538eb6d28b9ac3e2:    done           |[32m++++++++++++++++++++++++++++++++++++++[0m| 
manifest-sha256:04716810cc76836b0504757c1843f423b257a62d0c2f28fd36c26ef23dd0f5fc: done           |[32m++++++++++++++++++++++++++++++++++++++[0m| 
layer-sha256:c090f60dbbf4d8d732ac5bb2ed138c7eabbce9bd693a099188d686c4bb151348:    done           |[32m++++++++++++++++++++++++++++++++++++++[0m| 
config-sha256:558a678b0f1dd450984b90d14ac8271c71abfb155d47f6e43e1c016e0fe034ac:   done           |[32m++++++++++++++++++++++++++++++++++++++[0m| 
layer-sha256:3e674af63f99a844c419eae5f1879e4ecf8af8f9e3d1f8f38392d134452c50e5:    done           |[32m++++++++++++++++++++++++++++++++++++++[0m| 
layer-sha256:794ed1344c9f4577b1195bbd563bb7f2b7e5d605bb1527aa05c006c30a6c7a2e:    done           |[32m++++++++++++++++++++++++++++++++++++++[0m| 
layer-sha256:08b46a2fad9e07fa4f3800b36daba9949b814ab650ba20379438aebde3f851ad:    done           |[32m++++++++++++++++++++++++++++++++++++++[0m| 
layer-sha256:c61e794fca6f5d9c81d899c9fc57ab1883fe6d13d8f225cfc810677d7c711c47:    done           |[32m++++++++++++++++++++++++++++++++++++++[0m| 
layer-sha256:200a1b0219f892ecdf7e2023e7c235207e3888f2b9c9528cfb4fb297dc4290a9:    done           |[32m++++++++++++++++++++++++++++++++++++++[0m| 
layer-sha256:77fe4843fc699aaf8a0b7d7356512fb6d1499a74afcab0263bc82124f124a948:    done           |[32m++++++++++++++++++++++++++++++++++++++[0m| 
layer-sha256:e59b44c60b0e4bef2712435bc1a530efe229ee8e4ce5e002fab156cab513cd4b:    done           |[32m++++++++++++++++++++++++++++++++++++++[0m| 
layer-sha256:b6ba2c1aa5d60ba5818bf450277e030172d39899dd317b0d1801bb33a9c4f84a:    done           |[32m++++++++++++++++++++++++++++++++++++++[0m| 
layer-sha256:b1a8b2706032f9c0f354be0daa46f3da6643916a3373ee5d2792dd2def0151d1:    done           |[32m++++++++++++++++++++++++++++++++++++++[0m| 
layer-sha256:529fff5c9b461fec724503b0a86e3cd457e61f8fe4e22c4a24d675e22a33cf2f:    done           |[32m++++++++++++++++++++++++++++++++++++++[0m| 
layer-sha256:44361424304c7875a4b95853d7efd443133601d1157b3beb15bd465fad04bed9:    done           |[32m++++++++++++++++++++++++++++++++++++++[0m| 
layer-sha256:4f4fb700ef54461cfa02571ae0db9a0dc1e0cdb5577484a6d75e68dc38e8acc1:    done           |[32m++++++++++++++++++++++++++++++++++++++[0m| 
layer-sha256:450bb934662efe2c8c55922af96dfccb7cd62066a0861e11b9cc126c9592d6d7:    done           |[32m++++++++++++++++++++++++++++++++++++++[0m| 
layer-sha256:84a04f2f69d55ce10a8365308d682727470edf53930da21f0b4a30a5838e7bb7:    done           |[32m++++++++++++++++++++++++++++++++++++++[0m| 
layer-sha256:13b7e930469f6d3575a320709035c6acf6f5485a76abcf03d1b92a64c09c2476:    done           |[32m++++++++++++++++++++++++++++++++++++++[0m| 
layer-sha256:64a5d8258ce2b42e67330b08d63621bb09cc797b102a21bad4732b2383fa04c0:    done           |[32m++++++++++++++++++++++++++++++++++++++[0m| 
layer-sha256:34608cb22405250243a5e45518fb618d0bea826f8171514b271e7e4c1bef2752:    done           |[32m++++++++++++++++++++++++++++++++++++++[0m| 
layer-sha256:15aa12b3a0c904da30ce8e849cd95b16fad92c7499989cd726e8997745993e7d:    done           |[32m++++++++++++++++++++++++++++++++++++++[0m| 
layer-sha256:c954e5f88d9d9be1ed732898db6841e22d90078a4c76cf4717c4cc7edc74403e:    done           |[32m++++++++++++++++++++++++++++++++++++++[0m| 
layer-sha256:4accf72faab4ddbb011f63fff24e0656cd1cc9c9ad5293f7e7c0eaf80ed2872f:    done           |[32m++++++++++++++++++++++++++++++++++++++[0m| 
layer-sha256:8a29a47395cd3a02d8340f4325004f6ec371681754e5efa24afced2dbdd64272:    done           |[32m++++++++++++++++++++++++++++++++++++++[0m| 
elapsed: 0.1 s                                                                    total:   0.0 B (0.0 B/s)                                         
unpacking linux/amd64 sha256:58f2f86a230d342729b57f84bb78a3636390b3d54c9208a0538eb6d28b9ac3e2...
done: 16.535878ms	
time="2026-04-16T10:27:31Z" level=info msg="host will try HTTPS first since it is configured for HTTP with a TLS configuration, consider changing host to HTTPS or removing unused TLS configuration" host="192.168.122.110:5000"
time="2026-04-16T10:27:31Z" level=info msg="host will try HTTPS first since it is configured for HTTP with a TLS configuration, consider changing host to HTTPS or removing unused TLS configuration" host="192.168.122.110:5000"
time="2026-04-16T10:27:31Z" level=warning msg="skip to append distribution label: label key and value length (4105 bytes) greater than maximum size (4096 bytes), key: containerd.io/distribution.source.192.168.122.110: invalid argument"
time="2026-04-16T10:27:31Z" level=warning msg="skip to append distribution label: label key and value length (4105 bytes) greater than maximum size (4096 bytes), key: containerd.io/distribution.source.192.168.122.110: invalid argument"
time="2026-04-16T10:27:31Z" level=warning msg="skip to append distribution label: label key and value length (4105 bytes) greater than maximum size (4096 bytes), key: containerd.io/distribution.source.192.168.122.110: invalid argument"
time="2026-04-16T10:27:31Z" level=warning msg="skip to append distribution label: label key and value length (4105 bytes) greater than maximum size (4096 bytes), key: containerd.io/distribution.source.192.168.122.110: invalid argument"
time="2026-04-16T10:27:31Z" level=warning msg="skip to append distribution label: label key and value length (4105 bytes) greater than maximum size (4096 bytes), key: containerd.io/distribution.source.192.168.122.110: invalid argument"
time="2026-04-16T10:27:31Z" level=warning msg="skip to append distribution label: label key and value length (4105 bytes) greater than maximum size (4096 bytes), key: containerd.io/distribution.source.192.168.122.110: invalid argument"
time="2026-04-16T10:27:31Z" level=warning msg="skip to append distribution label: label key and value length (4105 bytes) greater than maximum size (4096 bytes), key: containerd.io/distribution.source.192.168.122.110: invalid argument"
time="2026-04-16T10:27:31Z" level=warning msg="skip to append distribution label: label key and value length (4105 bytes) greater than maximum size (4096 bytes), key: containerd.io/distribution.source.192.168.122.110: invalid argument"
192.168.122.110:5000/rs_ix_ix63:latest:                                           resolved       |[32m++++++++++++++++++++++++++++++++++++++[0m| 
index-sha256:b876342fe3e77a9faa44e3a1f9c449c9b5d9d0ef8cc5e9673568578c7530a3a3:    done           |[32m++++++++++++++++++++++++++++++++++++++[0m| 
manifest-sha256:6d9aba216129a4bf10dca136cab1965e045ef9a91fb91d363bf42bbc4b5dd287: done           |[32m++++++++++++++++++++++++++++++++++++++[0m| 
layer-sha256:13b7e930469f6d3575a320709035c6acf6f5485a76abcf03d1b92a64c09c2476:    done           |[32m++++++++++++++++++++++++++++++++++++++[0m| 
layer-sha256:f5170661a3d22913b599a1db01d48b60e89dc5ee22a0eab7b661683b6a42420e:    done           |[32m++++++++++++++++++++++++++++++++++++++[0m| 
config-sha256:4947c3b55da578c09a1b94fa21b2f4b9832920ae38571a4895f9141013a53b9d:   done           |[32m++++++++++++++++++++++++++++++++++++++[0m| 
layer-sha256:34608cb22405250243a5e45518fb618d0bea826f8171514b271e7e4c1bef2752:    done           |[32m++++++++++++++++++++++++++++++++++++++[0m| 
layer-sha256:450bb934662efe2c8c55922af96dfccb7cd62066a0861e11b9cc126c9592d6d7:    done           |[32m++++++++++++++++++++++++++++++++++++++[0m| 
layer-sha256:44361424304c7875a4b95853d7efd443133601d1157b3beb15bd465fad04bed9:    done           |[32m++++++++++++++++++++++++++++++++++++++[0m| 
layer-sha256:529fff5c9b461fec724503b0a86e3cd457e61f8fe4e22c4a24d675e22a33cf2f:    done           |[32m++++++++++++++++++++++++++++++++++++++[0m| 
layer-sha256:b1a8b2706032f9c0f354be0daa46f3da6643916a3373ee5d2792dd2def0151d1:    done           |[32m++++++++++++++++++++++++++++++++++++++[0m| 
layer-sha256:4f4fb700ef54461cfa02571ae0db9a0dc1e0cdb5577484a6d75e68dc38e8acc1:    done           |[32m++++++++++++++++++++++++++++++++++++++[0m| 
layer-sha256:8a29a47395cd3a02d8340f4325004f6ec371681754e5efa24afced2dbdd64272:    done           |[32m++++++++++++++++++++++++++++++++++++++[0m| 
layer-sha256:4accf72faab4ddbb011f63fff24e0656cd1cc9c9ad5293f7e7c0eaf80ed2872f:    done           |[32m++++++++++++++++++++++++++++++++++++++[0m| 
layer-sha256:15aa12b3a0c904da30ce8e849cd95b16fad92c7499989cd726e8997745993e7d:    done           |[32m++++++++++++++++++++++++++++++++++++++[0m| 
layer-sha256:64a5d8258ce2b42e67330b08d63621bb09cc797b102a21bad4732b2383fa04c0:    done           |[32m++++++++++++++++++++++++++++++++++++++[0m| 
layer-sha256:e59b44c60b0e4bef2712435bc1a530efe229ee8e4ce5e002fab156cab513cd4b:    done           |[32m++++++++++++++++++++++++++++++++++++++[0m| 
layer-sha256:08b46a2fad9e07fa4f3800b36daba9949b814ab650ba20379438aebde3f851ad:    done           |[32m++++++++++++++++++++++++++++++++++++++[0m| 
layer-sha256:3e674af63f99a844c419eae5f1879e4ecf8af8f9e3d1f8f38392d134452c50e5:    done           |[32m++++++++++++++++++++++++++++++++++++++[0m| 
layer-sha256:5d6712bc512a6086f2f6d33d99f9502d2a795f0e38626172d8cd89901f8cb8b3:    done           |[32m++++++++++++++++++++++++++++++++++++++[0m| 
layer-sha256:866eea87c83c986c148004dc4cc444781e1fd1601fb5ff0ac0b1528820ee3f36:    done           |[32m++++++++++++++++++++++++++++++++++++++[0m| 
layer-sha256:c954e5f88d9d9be1ed732898db6841e22d90078a4c76cf4717c4cc7edc74403e:    done           |[32m++++++++++++++++++++++++++++++++++++++[0m| 
layer-sha256:f02eca9d0bcf6da6b9106b185deee8e94f9d6a4ac9df0c2626466589d7837db8:    done           |[32m++++++++++++++++++++++++++++++++++++++[0m| 
layer-sha256:e0cf82e98bd51893400de8b49e7ab23cfaa54263e5dece07b4b1a8ed7e4507c9:    done           |[32m++++++++++++++++++++++++++++++++++++++[0m| 
layer-sha256:84a04f2f69d55ce10a8365308d682727470edf53930da21f0b4a30a5838e7bb7:    done           |[32m++++++++++++++++++++++++++++++++++++++[0m| 
layer-sha256:77fe4843fc699aaf8a0b7d7356512fb6d1499a74afcab0263bc82124f124a948:    done           |[32m++++++++++++++++++++++++++++++++++++++[0m| 
elapsed: 0.1 s                                                                    total:   0.0 B (0.0 B/s)                                         
unpacking linux/amd64 sha256:b876342fe3e77a9faa44e3a1f9c449c9b5d9d0ef8cc5e9673568578c7530a3a3...
done: 19.159369ms	
time="2026-04-16T10:27:32Z" level=info msg="host will try HTTPS first since it is configured for HTTP with a TLS configuration, consider changing host to HTTPS or removing unused TLS configuration" host="192.168.122.110:5000"
time="2026-04-16T10:27:32Z" level=info msg="host will try HTTPS first since it is configured for HTTP with a TLS configuration, consider changing host to HTTPS or removing unused TLS configuration" host="192.168.122.110:5000"
time="2026-04-16T10:27:32Z" level=warning msg="skip to append distribution label: label key and value length (4105 bytes) greater than maximum size (4096 bytes), key: containerd.io/distribution.source.192.168.122.110: invalid argument"
time="2026-04-16T10:27:32Z" level=warning msg="skip to append distribution label: label key and value length (4105 bytes) greater than maximum size (4096 bytes), key: containerd.io/distribution.source.192.168.122.110: invalid argument"
time="2026-04-16T10:27:32Z" level=warning msg="skip to append distribution label: label key and value length (4105 bytes) greater than maximum size (4096 bytes), key: containerd.io/distribution.source.192.168.122.110: invalid argument"
time="2026-04-16T10:27:32Z" level=warning msg="skip to append distribution label: label key and value length (4105 bytes) greater than maximum size (4096 bytes), key: containerd.io/distribution.source.192.168.122.110: invalid argument"
time="2026-04-16T10:27:32Z" level=warning msg="skip to append distribution label: label key and value length (4105 bytes) greater than maximum size (4096 bytes), key: containerd.io/distribution.source.192.168.122.110: invalid argument"
time="2026-04-16T10:27:32Z" level=warning msg="skip to append distribution label: label key and value length (4105 bytes) greater than maximum size (4096 bytes), key: containerd.io/distribution.source.192.168.122.110: invalid argument"
time="2026-04-16T10:27:32Z" level=warning msg="skip to append distribution label: label key and value length (4105 bytes) greater than maximum size (4096 bytes), key: containerd.io/distribution.source.192.168.122.110: invalid argument"
time="2026-04-16T10:27:32Z" level=warning msg="skip to append distribution label: label key and value length (4105 bytes) greater than maximum size (4096 bytes), key: containerd.io/distribution.source.192.168.122.110: invalid argument"
192.168.122.110:5000/rs_ix_ix83:latest:                                           resolved       |[32m++++++++++++++++++++++++++++++++++++++[0m| 
index-sha256:c1872900e55ae39866b9a9c10bb8c8c3c0a3badb13e50a7a17ae6225caa8b14a:    done           |[32m++++++++++++++++++++++++++++++++++++++[0m| 
manifest-sha256:aef7bbd0366f58b368039e586b350d37046c8e34ae41f2c89c8120e64d6e71f7: done           |[32m++++++++++++++++++++++++++++++++++++++[0m| 
layer-sha256:8a29a47395cd3a02d8340f4325004f6ec371681754e5efa24afced2dbdd64272:    done           |[32m++++++++++++++++++++++++++++++++++++++[0m| 
layer-sha256:a68dcb56ada9ba93d754d75db9beb5962449c03eabd16f2b9c7bd234e7d2c6c2:    done           |[32m++++++++++++++++++++++++++++++++++++++[0m| 
layer-sha256:34608cb22405250243a5e45518fb618d0bea826f8171514b271e7e4c1bef2752:    done           |[32m++++++++++++++++++++++++++++++++++++++[0m| 
layer-sha256:529fff5c9b461fec724503b0a86e3cd457e61f8fe4e22c4a24d675e22a33cf2f:    done           |[32m++++++++++++++++++++++++++++++++++++++[0m| 
layer-sha256:84a04f2f69d55ce10a8365308d682727470edf53930da21f0b4a30a5838e7bb7:    done           |[32m++++++++++++++++++++++++++++++++++++++[0m| 
layer-sha256:15aa12b3a0c904da30ce8e849cd95b16fad92c7499989cd726e8997745993e7d:    done           |[32m++++++++++++++++++++++++++++++++++++++[0m| 
layer-sha256:e59b44c60b0e4bef2712435bc1a530efe229ee8e4ce5e002fab156cab513cd4b:    done           |[32m++++++++++++++++++++++++++++++++++++++[0m| 
layer-sha256:08b46a2fad9e07fa4f3800b36daba9949b814ab650ba20379438aebde3f851ad:    done           |[32m++++++++++++++++++++++++++++++++++++++[0m| 
config-sha256:a8b26224f0bf87abd03af83c08aa40ac77630814095f6742316f73df262909e5:   done           |[32m++++++++++++++++++++++++++++++++++++++[0m| 
layer-sha256:13b7e930469f6d3575a320709035c6acf6f5485a76abcf03d1b92a64c09c2476:    done           |[32m++++++++++++++++++++++++++++++++++++++[0m| 
layer-sha256:3e674af63f99a844c419eae5f1879e4ecf8af8f9e3d1f8f38392d134452c50e5:    done           |[32m++++++++++++++++++++++++++++++++++++++[0m| 
layer-sha256:4f4fb700ef54461cfa02571ae0db9a0dc1e0cdb5577484a6d75e68dc38e8acc1:    done           |[32m++++++++++++++++++++++++++++++++++++++[0m| 
layer-sha256:c954e5f88d9d9be1ed732898db6841e22d90078a4c76cf4717c4cc7edc74403e:    done           |[32m++++++++++++++++++++++++++++++++++++++[0m| 
layer-sha256:77fe4843fc699aaf8a0b7d7356512fb6d1499a74afcab0263bc82124f124a948:    done           |[32m++++++++++++++++++++++++++++++++++++++[0m| 
layer-sha256:64a5d8258ce2b42e67330b08d63621bb09cc797b102a21bad4732b2383fa04c0:    done           |[32m++++++++++++++++++++++++++++++++++++++[0m| 
layer-sha256:add2c9dd7455374463e5d15b6765c9e6ae3b7023da493f822c00e0fd9b915404:    done           |[32m++++++++++++++++++++++++++++++++++++++[0m| 
layer-sha256:44361424304c7875a4b95853d7efd443133601d1157b3beb15bd465fad04bed9:    done           |[32m++++++++++++++++++++++++++++++++++++++[0m| 
layer-sha256:179461942f78d3440cfd34242a87a5bc99be42a79e6e41c99e1fa4341cb3a72a:    done           |[32m++++++++++++++++++++++++++++++++++++++[0m| 
layer-sha256:4accf72faab4ddbb011f63fff24e0656cd1cc9c9ad5293f7e7c0eaf80ed2872f:    done           |[32m++++++++++++++++++++++++++++++++++++++[0m| 
layer-sha256:450bb934662efe2c8c55922af96dfccb7cd62066a0861e11b9cc126c9592d6d7:    done           |[32m++++++++++++++++++++++++++++++++++++++[0m| 
layer-sha256:2d3f0e7a68a882aafdc6fa2f4c011b0a447c2fad06c472d6d6b6794c82d27935:    done           |[32m++++++++++++++++++++++++++++++++++++++[0m| 
layer-sha256:c4244a6479ce6bf96de48b2dc2f7fae9f9380bc467f83b2afc09f7a1516fc91e:    done           |[32m++++++++++++++++++++++++++++++++++++++[0m| 
layer-sha256:b1a8b2706032f9c0f354be0daa46f3da6643916a3373ee5d2792dd2def0151d1:    done           |[32m++++++++++++++++++++++++++++++++++++++[0m| 
elapsed: 0.1 s                                                                    total:   0.0 B (0.0 B/s)                                         
unpacking linux/amd64 sha256:c1872900e55ae39866b9a9c10bb8c8c3c0a3badb13e50a7a17ae6225caa8b14a...
done: 16.274297ms	
✅ seed-k3s-worker2 preload completed
