time="2026-04-16T10:28:50Z" level=info msg="host will try HTTPS first since it is configured for HTTP with a TLS configuration, consider changing host to HTTPS or removing unused TLS configuration" host="192.168.122.110:5000"
time="2026-04-16T10:28:50Z" level=info msg="host will try HTTPS first since it is configured for HTTP with a TLS configuration, consider changing host to HTTPS or removing unused TLS configuration" host="192.168.122.110:5000"
time="2026-04-16T10:28:50Z" level=warning msg="skip to append distribution label: label key and value length (4104 bytes) greater than maximum size (4096 bytes), key: containerd.io/distribution.source.192.168.122.110: invalid argument"
time="2026-04-16T10:28:50Z" level=warning msg="skip to append distribution label: label key and value length (4104 bytes) greater than maximum size (4096 bytes), key: containerd.io/distribution.source.192.168.122.110: invalid argument"
time="2026-04-16T10:28:50Z" level=warning msg="skip to append distribution label: label key and value length (4104 bytes) greater than maximum size (4096 bytes), key: containerd.io/distribution.source.192.168.122.110: invalid argument"
time="2026-04-16T10:28:50Z" level=warning msg="skip to append distribution label: label key and value length (4104 bytes) greater than maximum size (4096 bytes), key: containerd.io/distribution.source.192.168.122.110: invalid argument"
time="2026-04-16T10:28:50Z" level=warning msg="skip to append distribution label: label key and value length (4104 bytes) greater than maximum size (4096 bytes), key: containerd.io/distribution.source.192.168.122.110: invalid argument"
time="2026-04-16T10:28:50Z" level=warning msg="skip to append distribution label: label key and value length (4104 bytes) greater than maximum size (4096 bytes), key: containerd.io/distribution.source.192.168.122.110: invalid argument"
time="2026-04-16T10:28:50Z" level=warning msg="skip to append distribution label: label key and value length (4104 bytes) greater than maximum size (4096 bytes), key: containerd.io/distribution.source.192.168.122.110: invalid argument"
time="2026-04-16T10:28:50Z" level=warning msg="skip to append distribution label: label key and value length (4104 bytes) greater than maximum size (4096 bytes), key: containerd.io/distribution.source.192.168.122.110: invalid argument"
192.168.122.110:5000/rs_ix_ix113:latest:                                          resolved       |[32m++++++++++++++++++++++++++++++++++++++[0m| 
index-sha256:b27f608a22dd7d55183a594acef63a2aab860e4171ffa110331d843a2c81dd8f:    done           |[32m++++++++++++++++++++++++++++++++++++++[0m| 
manifest-sha256:2e80d099da0cccbc8b2e3be787cfed1a1e99f36a57a34e56d80c1576ae8ae3bc: done           |[32m++++++++++++++++++++++++++++++++++++++[0m| 
layer-sha256:e59b44c60b0e4bef2712435bc1a530efe229ee8e4ce5e002fab156cab513cd4b:    done           |[32m++++++++++++++++++++++++++++++++++++++[0m| 
layer-sha256:c914e587448437aa0b5627a093b406a69f91f03ea76e5c6cc7f0128eb4f18018:    done           |[32m++++++++++++++++++++++++++++++++++++++[0m| 
config-sha256:aec7def2942f8594a60338cc704bf3bb05a498c05326e48499045b54249a8bfe:   done           |[32m++++++++++++++++++++++++++++++++++++++[0m| 
layer-sha256:529fff5c9b461fec724503b0a86e3cd457e61f8fe4e22c4a24d675e22a33cf2f:    done           |[32m++++++++++++++++++++++++++++++++++++++[0m| 
layer-sha256:13b7e930469f6d3575a320709035c6acf6f5485a76abcf03d1b92a64c09c2476:    done           |[32m++++++++++++++++++++++++++++++++++++++[0m| 
layer-sha256:64a5d8258ce2b42e67330b08d63621bb09cc797b102a21bad4732b2383fa04c0:    done           |[32m++++++++++++++++++++++++++++++++++++++[0m| 
layer-sha256:34608cb22405250243a5e45518fb618d0bea826f8171514b271e7e4c1bef2752:    done           |[32m++++++++++++++++++++++++++++++++++++++[0m| 
layer-sha256:15aa12b3a0c904da30ce8e849cd95b16fad92c7499989cd726e8997745993e7d:    done           |[32m++++++++++++++++++++++++++++++++++++++[0m| 
layer-sha256:450bb934662efe2c8c55922af96dfccb7cd62066a0861e11b9cc126c9592d6d7:    done           |[32m++++++++++++++++++++++++++++++++++++++[0m| 
layer-sha256:c954e5f88d9d9be1ed732898db6841e22d90078a4c76cf4717c4cc7edc74403e:    done           |[32m++++++++++++++++++++++++++++++++++++++[0m| 
layer-sha256:08b46a2fad9e07fa4f3800b36daba9949b814ab650ba20379438aebde3f851ad:    done           |[32m++++++++++++++++++++++++++++++++++++++[0m| 
layer-sha256:4accf72faab4ddbb011f63fff24e0656cd1cc9c9ad5293f7e7c0eaf80ed2872f:    done           |[32m++++++++++++++++++++++++++++++++++++++[0m| 
layer-sha256:b1a8b2706032f9c0f354be0daa46f3da6643916a3373ee5d2792dd2def0151d1:    done           |[32m++++++++++++++++++++++++++++++++++++++[0m| 
layer-sha256:3e674af63f99a844c419eae5f1879e4ecf8af8f9e3d1f8f38392d134452c50e5:    done           |[32m++++++++++++++++++++++++++++++++++++++[0m| 
layer-sha256:8a29a47395cd3a02d8340f4325004f6ec371681754e5efa24afced2dbdd64272:    done           |[32m++++++++++++++++++++++++++++++++++++++[0m| 
layer-sha256:84a04f2f69d55ce10a8365308d682727470edf53930da21f0b4a30a5838e7bb7:    done           |[32m++++++++++++++++++++++++++++++++++++++[0m| 
layer-sha256:bf84e4c3e8ec98a35ad9aead2f0d88ea93c3d357c27b569463bb6ab0ea7e7c69:    done           |[32m++++++++++++++++++++++++++++++++++++++[0m| 
layer-sha256:4f4fb700ef54461cfa02571ae0db9a0dc1e0cdb5577484a6d75e68dc38e8acc1:    done           |[32m++++++++++++++++++++++++++++++++++++++[0m| 
layer-sha256:2b552436360ccd8640ab99051f47fa374bd05e8903c4286e3b7f189188e1dbd2:    done           |[32m++++++++++++++++++++++++++++++++++++++[0m| 
layer-sha256:77fe4843fc699aaf8a0b7d7356512fb6d1499a74afcab0263bc82124f124a948:    done           |[32m++++++++++++++++++++++++++++++++++++++[0m| 
layer-sha256:13eac1ce8b78d34f5728a22cbff52c01ed646e89194187c4383799123a72bd20:    done           |[32m++++++++++++++++++++++++++++++++++++++[0m| 
layer-sha256:a2080d9844a4830267edb186a93df8d7898fd9ac1fbf8f4a405735124f3cb9e5:    done           |[32m++++++++++++++++++++++++++++++++++++++[0m| 
layer-sha256:44361424304c7875a4b95853d7efd443133601d1157b3beb15bd465fad04bed9:    done           |[32m++++++++++++++++++++++++++++++++++++++[0m| 
elapsed: 0.1 s                                                                    total:   0.0 B (0.0 B/s)                                         
unpacking linux/amd64 sha256:b27f608a22dd7d55183a594acef63a2aab860e4171ffa110331d843a2c81dd8f...
done: 19.088412ms	
time="2026-04-16T10:28:51Z" level=info msg="host will try HTTPS first since it is configured for HTTP with a TLS configuration, consider changing host to HTTPS or removing unused TLS configuration" host="192.168.122.110:5000"
time="2026-04-16T10:28:51Z" level=info msg="host will try HTTPS first since it is configured for HTTP with a TLS configuration, consider changing host to HTTPS or removing unused TLS configuration" host="192.168.122.110:5000"
time="2026-04-16T10:28:51Z" level=warning msg="skip to append distribution label: label key and value length (4104 bytes) greater than maximum size (4096 bytes), key: containerd.io/distribution.source.192.168.122.110: invalid argument"
time="2026-04-16T10:28:51Z" level=warning msg="skip to append distribution label: label key and value length (4104 bytes) greater than maximum size (4096 bytes), key: containerd.io/distribution.source.192.168.122.110: invalid argument"
time="2026-04-16T10:28:51Z" level=warning msg="skip to append distribution label: label key and value length (4104 bytes) greater than maximum size (4096 bytes), key: containerd.io/distribution.source.192.168.122.110: invalid argument"
time="2026-04-16T10:28:51Z" level=warning msg="skip to append distribution label: label key and value length (4104 bytes) greater than maximum size (4096 bytes), key: containerd.io/distribution.source.192.168.122.110: invalid argument"
time="2026-04-16T10:28:51Z" level=warning msg="skip to append distribution label: label key and value length (4104 bytes) greater than maximum size (4096 bytes), key: containerd.io/distribution.source.192.168.122.110: invalid argument"
time="2026-04-16T10:28:51Z" level=warning msg="skip to append distribution label: label key and value length (4104 bytes) greater than maximum size (4096 bytes), key: containerd.io/distribution.source.192.168.122.110: invalid argument"
time="2026-04-16T10:28:51Z" level=warning msg="skip to append distribution label: label key and value length (4104 bytes) greater than maximum size (4096 bytes), key: containerd.io/distribution.source.192.168.122.110: invalid argument"
time="2026-04-16T10:28:51Z" level=warning msg="skip to append distribution label: label key and value length (4104 bytes) greater than maximum size (4096 bytes), key: containerd.io/distribution.source.192.168.122.110: invalid argument"
192.168.122.110:5000/rs_ix_ix135:latest:                                          resolved       |[32m++++++++++++++++++++++++++++++++++++++[0m| 
index-sha256:c5efcb7f9018532bc404dced4d51f3d74f3e61561446a8db269ad3915e5b7f29:    done           |[32m++++++++++++++++++++++++++++++++++++++[0m| 
manifest-sha256:dc8bf9c31d7730447cdad4d512718eefca3198b47a7fbe17045aab633800cb87: done           |[32m++++++++++++++++++++++++++++++++++++++[0m| 
layer-sha256:450bb934662efe2c8c55922af96dfccb7cd62066a0861e11b9cc126c9592d6d7:    done           |[32m++++++++++++++++++++++++++++++++++++++[0m| 
layer-sha256:34608cb22405250243a5e45518fb618d0bea826f8171514b271e7e4c1bef2752:    done           |[32m++++++++++++++++++++++++++++++++++++++[0m| 
layer-sha256:87ae9370e74313a89595301e2bbd4b5698c8bf4eee6be776e51af94bb5db0fa5:    done           |[32m++++++++++++++++++++++++++++++++++++++[0m| 
config-sha256:f804238df01c497e5f2e76c2f47f8baf0910fc36a8b9143988405a68e3d10a38:   done           |[32m++++++++++++++++++++++++++++++++++++++[0m| 
layer-sha256:f17cf430be8595123be0421d4340caee2eff6a9900076c37a96ca0cee9281c44:    done           |[32m++++++++++++++++++++++++++++++++++++++[0m| 
layer-sha256:13b7e930469f6d3575a320709035c6acf6f5485a76abcf03d1b92a64c09c2476:    done           |[32m++++++++++++++++++++++++++++++++++++++[0m| 
layer-sha256:c954e5f88d9d9be1ed732898db6841e22d90078a4c76cf4717c4cc7edc74403e:    done           |[32m++++++++++++++++++++++++++++++++++++++[0m| 
layer-sha256:529fff5c9b461fec724503b0a86e3cd457e61f8fe4e22c4a24d675e22a33cf2f:    done           |[32m++++++++++++++++++++++++++++++++++++++[0m| 
layer-sha256:84a04f2f69d55ce10a8365308d682727470edf53930da21f0b4a30a5838e7bb7:    done           |[32m++++++++++++++++++++++++++++++++++++++[0m| 
layer-sha256:4accf72faab4ddbb011f63fff24e0656cd1cc9c9ad5293f7e7c0eaf80ed2872f:    done           |[32m++++++++++++++++++++++++++++++++++++++[0m| 
layer-sha256:3e674af63f99a844c419eae5f1879e4ecf8af8f9e3d1f8f38392d134452c50e5:    done           |[32m++++++++++++++++++++++++++++++++++++++[0m| 
layer-sha256:08b46a2fad9e07fa4f3800b36daba9949b814ab650ba20379438aebde3f851ad:    done           |[32m++++++++++++++++++++++++++++++++++++++[0m| 
layer-sha256:8a29a47395cd3a02d8340f4325004f6ec371681754e5efa24afced2dbdd64272:    done           |[32m++++++++++++++++++++++++++++++++++++++[0m| 
layer-sha256:44361424304c7875a4b95853d7efd443133601d1157b3beb15bd465fad04bed9:    done           |[32m++++++++++++++++++++++++++++++++++++++[0m| 
layer-sha256:ed85af99db2f36162b1086fb64f75bcfe40069efc82039173f06376ee516094e:    done           |[32m++++++++++++++++++++++++++++++++++++++[0m| 
layer-sha256:e59b44c60b0e4bef2712435bc1a530efe229ee8e4ce5e002fab156cab513cd4b:    done           |[32m++++++++++++++++++++++++++++++++++++++[0m| 
layer-sha256:15aa12b3a0c904da30ce8e849cd95b16fad92c7499989cd726e8997745993e7d:    done           |[32m++++++++++++++++++++++++++++++++++++++[0m| 
layer-sha256:b1a8b2706032f9c0f354be0daa46f3da6643916a3373ee5d2792dd2def0151d1:    done           |[32m++++++++++++++++++++++++++++++++++++++[0m| 
layer-sha256:ad5707b03a85ac6d07ae3d519bd99ac60b2013e6b2f991703b18d202f6966c06:    done           |[32m++++++++++++++++++++++++++++++++++++++[0m| 
layer-sha256:4f4fb700ef54461cfa02571ae0db9a0dc1e0cdb5577484a6d75e68dc38e8acc1:    done           |[32m++++++++++++++++++++++++++++++++++++++[0m| 
layer-sha256:64a5d8258ce2b42e67330b08d63621bb09cc797b102a21bad4732b2383fa04c0:    done           |[32m++++++++++++++++++++++++++++++++++++++[0m| 
layer-sha256:77fe4843fc699aaf8a0b7d7356512fb6d1499a74afcab0263bc82124f124a948:    done           |[32m++++++++++++++++++++++++++++++++++++++[0m| 
layer-sha256:e71704047347a25e0dfec020b720034f71d0198679286d11b1d3b7e60008c115:    done           |[32m++++++++++++++++++++++++++++++++++++++[0m| 
elapsed: 0.1 s                                                                    total:   0.0 B (0.0 B/s)                                         
unpacking linux/amd64 sha256:c5efcb7f9018532bc404dced4d51f3d74f3e61561446a8db269ad3915e5b7f29...
done: 22.113298ms	
time="2026-04-16T10:28:52Z" level=info msg="host will try HTTPS first since it is configured for HTTP with a TLS configuration, consider changing host to HTTPS or removing unused TLS configuration" host="192.168.122.110:5000"
time="2026-04-16T10:28:52Z" level=info msg="host will try HTTPS first since it is configured for HTTP with a TLS configuration, consider changing host to HTTPS or removing unused TLS configuration" host="192.168.122.110:5000"
time="2026-04-16T10:28:52Z" level=warning msg="skip to append distribution label: label key and value length (4103 bytes) greater than maximum size (4096 bytes), key: containerd.io/distribution.source.192.168.122.110: invalid argument"
time="2026-04-16T10:28:52Z" level=warning msg="skip to append distribution label: label key and value length (4103 bytes) greater than maximum size (4096 bytes), key: containerd.io/distribution.source.192.168.122.110: invalid argument"
time="2026-04-16T10:28:52Z" level=warning msg="skip to append distribution label: label key and value length (4103 bytes) greater than maximum size (4096 bytes), key: containerd.io/distribution.source.192.168.122.110: invalid argument"
time="2026-04-16T10:28:52Z" level=warning msg="skip to append distribution label: label key and value length (4103 bytes) greater than maximum size (4096 bytes), key: containerd.io/distribution.source.192.168.122.110: invalid argument"
time="2026-04-16T10:28:52Z" level=warning msg="skip to append distribution label: label key and value length (4103 bytes) greater than maximum size (4096 bytes), key: containerd.io/distribution.source.192.168.122.110: invalid argument"
time="2026-04-16T10:28:52Z" level=warning msg="skip to append distribution label: label key and value length (4103 bytes) greater than maximum size (4096 bytes), key: containerd.io/distribution.source.192.168.122.110: invalid argument"
time="2026-04-16T10:28:52Z" level=warning msg="skip to append distribution label: label key and value length (4103 bytes) greater than maximum size (4096 bytes), key: containerd.io/distribution.source.192.168.122.110: invalid argument"
time="2026-04-16T10:28:52Z" level=warning msg="skip to append distribution label: label key and value length (4103 bytes) greater than maximum size (4096 bytes), key: containerd.io/distribution.source.192.168.122.110: invalid argument"
192.168.122.110:5000/rs_ix_ix14:latest:                                           resolved       |[32m++++++++++++++++++++++++++++++++++++++[0m| 
index-sha256:262d694b511dda2faa7a39fc62618cfbf629c0a6a0fdd4cc28adff99bf5ce5f9:    done           |[32m++++++++++++++++++++++++++++++++++++++[0m| 
manifest-sha256:70d3eb17f48c5f3f05c8b44894c7c36d047c2145d928d80536c1aee8cc4ead0e: done           |[32m++++++++++++++++++++++++++++++++++++++[0m| 
layer-sha256:c954e5f88d9d9be1ed732898db6841e22d90078a4c76cf4717c4cc7edc74403e:    done           |[32m++++++++++++++++++++++++++++++++++++++[0m| 
layer-sha256:cdcc08a1117071c6f3711e3ab9c7ac4880c24a62bb58130588d6947bb1da0da0:    done           |[32m++++++++++++++++++++++++++++++++++++++[0m| 
layer-sha256:529fff5c9b461fec724503b0a86e3cd457e61f8fe4e22c4a24d675e22a33cf2f:    done           |[32m++++++++++++++++++++++++++++++++++++++[0m| 
layer-sha256:b1a8b2706032f9c0f354be0daa46f3da6643916a3373ee5d2792dd2def0151d1:    done           |[32m++++++++++++++++++++++++++++++++++++++[0m| 
layer-sha256:84a04f2f69d55ce10a8365308d682727470edf53930da21f0b4a30a5838e7bb7:    done           |[32m++++++++++++++++++++++++++++++++++++++[0m| 
layer-sha256:44361424304c7875a4b95853d7efd443133601d1157b3beb15bd465fad04bed9:    done           |[32m++++++++++++++++++++++++++++++++++++++[0m| 
config-sha256:3e7a91c1aa83c1126fb61c4dff64566cf86973e30fda77b92e822898896ea782:   done           |[32m++++++++++++++++++++++++++++++++++++++[0m| 
layer-sha256:15aa12b3a0c904da30ce8e849cd95b16fad92c7499989cd726e8997745993e7d:    done           |[32m++++++++++++++++++++++++++++++++++++++[0m| 
layer-sha256:8a29a47395cd3a02d8340f4325004f6ec371681754e5efa24afced2dbdd64272:    done           |[32m++++++++++++++++++++++++++++++++++++++[0m| 
layer-sha256:08b46a2fad9e07fa4f3800b36daba9949b814ab650ba20379438aebde3f851ad:    done           |[32m++++++++++++++++++++++++++++++++++++++[0m| 
layer-sha256:e59b44c60b0e4bef2712435bc1a530efe229ee8e4ce5e002fab156cab513cd4b:    done           |[32m++++++++++++++++++++++++++++++++++++++[0m| 
layer-sha256:13b7e930469f6d3575a320709035c6acf6f5485a76abcf03d1b92a64c09c2476:    done           |[32m++++++++++++++++++++++++++++++++++++++[0m| 
layer-sha256:4f4fb700ef54461cfa02571ae0db9a0dc1e0cdb5577484a6d75e68dc38e8acc1:    done           |[32m++++++++++++++++++++++++++++++++++++++[0m| 
layer-sha256:3e674af63f99a844c419eae5f1879e4ecf8af8f9e3d1f8f38392d134452c50e5:    done           |[32m++++++++++++++++++++++++++++++++++++++[0m| 
layer-sha256:6b5222f565ae0cbaedceeb238af3a1eede489871f8c4d3b18ed1f40c4986bcf8:    done           |[32m++++++++++++++++++++++++++++++++++++++[0m| 
layer-sha256:77fe4843fc699aaf8a0b7d7356512fb6d1499a74afcab0263bc82124f124a948:    done           |[32m++++++++++++++++++++++++++++++++++++++[0m| 
layer-sha256:450bb934662efe2c8c55922af96dfccb7cd62066a0861e11b9cc126c9592d6d7:    done           |[32m++++++++++++++++++++++++++++++++++++++[0m| 
layer-sha256:64a5d8258ce2b42e67330b08d63621bb09cc797b102a21bad4732b2383fa04c0:    done           |[32m++++++++++++++++++++++++++++++++++++++[0m| 
layer-sha256:76d7faf3d27acca8379837350e7ceb1654898c65e3a3e3b0eb494fe00ad557eb:    done           |[32m++++++++++++++++++++++++++++++++++++++[0m| 
layer-sha256:4accf72faab4ddbb011f63fff24e0656cd1cc9c9ad5293f7e7c0eaf80ed2872f:    done           |[32m++++++++++++++++++++++++++++++++++++++[0m| 
layer-sha256:efa02933bef7625076cefbf18bb0962ea30d18145dce694ba7de1e298e279898:    done           |[32m++++++++++++++++++++++++++++++++++++++[0m| 
layer-sha256:34608cb22405250243a5e45518fb618d0bea826f8171514b271e7e4c1bef2752:    done           |[32m++++++++++++++++++++++++++++++++++++++[0m| 
layer-sha256:56d4a0fb4ade36cad3479c403abd6b6dc29b57e851126bde12e1b45fe8639453:    done           |[32m++++++++++++++++++++++++++++++++++++++[0m| 
elapsed: 0.1 s                                                                    total:   0.0 B (0.0 B/s)                                         
unpacking linux/amd64 sha256:262d694b511dda2faa7a39fc62618cfbf629c0a6a0fdd4cc28adff99bf5ce5f9...
done: 22.709891ms	
time="2026-04-16T10:28:52Z" level=info msg="host will try HTTPS first since it is configured for HTTP with a TLS configuration, consider changing host to HTTPS or removing unused TLS configuration" host="192.168.122.110:5000"
time="2026-04-16T10:28:52Z" level=info msg="host will try HTTPS first since it is configured for HTTP with a TLS configuration, consider changing host to HTTPS or removing unused TLS configuration" host="192.168.122.110:5000"
time="2026-04-16T10:28:52Z" level=warning msg="skip to append distribution label: label key and value length (4104 bytes) greater than maximum size (4096 bytes), key: containerd.io/distribution.source.192.168.122.110: invalid argument"
time="2026-04-16T10:28:52Z" level=warning msg="skip to append distribution label: label key and value length (4104 bytes) greater than maximum size (4096 bytes), key: containerd.io/distribution.source.192.168.122.110: invalid argument"
time="2026-04-16T10:28:52Z" level=warning msg="skip to append distribution label: label key and value length (4104 bytes) greater than maximum size (4096 bytes), key: containerd.io/distribution.source.192.168.122.110: invalid argument"
time="2026-04-16T10:28:52Z" level=warning msg="skip to append distribution label: label key and value length (4104 bytes) greater than maximum size (4096 bytes), key: containerd.io/distribution.source.192.168.122.110: invalid argument"
time="2026-04-16T10:28:52Z" level=warning msg="skip to append distribution label: label key and value length (4104 bytes) greater than maximum size (4096 bytes), key: containerd.io/distribution.source.192.168.122.110: invalid argument"
time="2026-04-16T10:28:52Z" level=warning msg="skip to append distribution label: label key and value length (4104 bytes) greater than maximum size (4096 bytes), key: containerd.io/distribution.source.192.168.122.110: invalid argument"
time="2026-04-16T10:28:52Z" level=warning msg="skip to append distribution label: label key and value length (4104 bytes) greater than maximum size (4096 bytes), key: containerd.io/distribution.source.192.168.122.110: invalid argument"
time="2026-04-16T10:28:52Z" level=warning msg="skip to append distribution label: label key and value length (4104 bytes) greater than maximum size (4096 bytes), key: containerd.io/distribution.source.192.168.122.110: invalid argument"
192.168.122.110:5000/rs_ix_ix190:latest:                                          resolved       |[32m++++++++++++++++++++++++++++++++++++++[0m| 
index-sha256:b0fd907ce77f7a3b59912322dd7c338b19c0d5deabacdd6431d74d2be668d15a:    done           |[32m++++++++++++++++++++++++++++++++++++++[0m| 
manifest-sha256:38cab0233951ab1d8894d8495c3c2ffb3d8e3c669fa3d5f29bafb8aadf88fb9c: done           |[32m++++++++++++++++++++++++++++++++++++++[0m| 
layer-sha256:257aa51e30694c15df4cd0421f03166fd9c149476da0057e2befdc4f752a0bbc:    done           |[32m++++++++++++++++++++++++++++++++++++++[0m| 
layer-sha256:64a5d8258ce2b42e67330b08d63621bb09cc797b102a21bad4732b2383fa04c0:    done           |[32m++++++++++++++++++++++++++++++++++++++[0m| 
layer-sha256:05dedb69bc30f17b8fc3d887d6301d929f0f5bdc1015c0a42e2f0432ac182cb3:    done           |[32m++++++++++++++++++++++++++++++++++++++[0m| 
config-sha256:ec6dcd7dc9feb5498b96d747f9da6f0a62ec02451af82731fb351b34712363a1:   done           |[32m++++++++++++++++++++++++++++++++++++++[0m| 
layer-sha256:ea0876e5335d0b68316453913039863f0505f92a94d5c26a457f69d4cfb29aa6:    done           |[32m++++++++++++++++++++++++++++++++++++++[0m| 
layer-sha256:4accf72faab4ddbb011f63fff24e0656cd1cc9c9ad5293f7e7c0eaf80ed2872f:    done           |[32m++++++++++++++++++++++++++++++++++++++[0m| 
layer-sha256:c8d11d2b7f50b0722f864f8bf87a48e0e367600f193f6528c63937802eeba0bf:    done           |[32m++++++++++++++++++++++++++++++++++++++[0m| 
layer-sha256:8a29a47395cd3a02d8340f4325004f6ec371681754e5efa24afced2dbdd64272:    done           |[32m++++++++++++++++++++++++++++++++++++++[0m| 
layer-sha256:f2871f92917409af1a4e21f10eacfb3947f2c3f37b52df8912c7a92b233caf61:    done           |[32m++++++++++++++++++++++++++++++++++++++[0m| 
layer-sha256:2231eaf3a298084fa9e30b1e4c9f9e922cc15f29825b10878315732ac4d39c9b:    done           |[32m++++++++++++++++++++++++++++++++++++++[0m| 
layer-sha256:a359594c882de72b53bbdc415e3c3b8bd903bcaca72664c2d6ab81c03465e315:    done           |[32m++++++++++++++++++++++++++++++++++++++[0m| 
layer-sha256:c954e5f88d9d9be1ed732898db6841e22d90078a4c76cf4717c4cc7edc74403e:    done           |[32m++++++++++++++++++++++++++++++++++++++[0m| 
layer-sha256:e59b44c60b0e4bef2712435bc1a530efe229ee8e4ce5e002fab156cab513cd4b:    done           |[32m++++++++++++++++++++++++++++++++++++++[0m| 
layer-sha256:5da617756c2a356e840be444553141e821e903e385dfe8e952fb3379d1c30382:    done           |[32m++++++++++++++++++++++++++++++++++++++[0m| 
layer-sha256:13b7e930469f6d3575a320709035c6acf6f5485a76abcf03d1b92a64c09c2476:    done           |[32m++++++++++++++++++++++++++++++++++++++[0m| 
layer-sha256:48cc5f7ee915a7ecaaa45d3f458d38a818c7a13c8f7c20c40eb94599ca2bf350:    done           |[32m++++++++++++++++++++++++++++++++++++++[0m| 
layer-sha256:4f4fb700ef54461cfa02571ae0db9a0dc1e0cdb5577484a6d75e68dc38e8acc1:    done           |[32m++++++++++++++++++++++++++++++++++++++[0m| 
layer-sha256:0ad89423858ec08bf4102c03fdb51cfea81890f65d78718438bc83d5422fec3a:    done           |[32m++++++++++++++++++++++++++++++++++++++[0m| 
layer-sha256:f0be247c482793a4b1174bdfc6f34055d01fbc2e91ff83df34afe769f4fe95c5:    done           |[32m++++++++++++++++++++++++++++++++++++++[0m| 
layer-sha256:b1a8b2706032f9c0f354be0daa46f3da6643916a3373ee5d2792dd2def0151d1:    done           |[32m++++++++++++++++++++++++++++++++++++++[0m| 
layer-sha256:34608cb22405250243a5e45518fb618d0bea826f8171514b271e7e4c1bef2752:    done           |[32m++++++++++++++++++++++++++++++++++++++[0m| 
layer-sha256:e899272ca12e6d43e07dff378be047161340e391c347c146386abd3bae7e7918:    done           |[32m++++++++++++++++++++++++++++++++++++++[0m| 
layer-sha256:450bb934662efe2c8c55922af96dfccb7cd62066a0861e11b9cc126c9592d6d7:    done           |[32m++++++++++++++++++++++++++++++++++++++[0m| 
elapsed: 0.1 s                                                                    total:   0.0 B (0.0 B/s)                                         
unpacking linux/amd64 sha256:b0fd907ce77f7a3b59912322dd7c338b19c0d5deabacdd6431d74d2be668d15a...
done: 19.779007ms	
time="2026-04-16T10:28:53Z" level=info msg="host will try HTTPS first since it is configured for HTTP with a TLS configuration, consider changing host to HTTPS or removing unused TLS configuration" host="192.168.122.110:5000"
time="2026-04-16T10:28:53Z" level=info msg="host will try HTTPS first since it is configured for HTTP with a TLS configuration, consider changing host to HTTPS or removing unused TLS configuration" host="192.168.122.110:5000"
time="2026-04-16T10:28:53Z" level=warning msg="skip to append distribution label: label key and value length (4103 bytes) greater than maximum size (4096 bytes), key: containerd.io/distribution.source.192.168.122.110: invalid argument"
time="2026-04-16T10:28:53Z" level=warning msg="skip to append distribution label: label key and value length (4103 bytes) greater than maximum size (4096 bytes), key: containerd.io/distribution.source.192.168.122.110: invalid argument"
time="2026-04-16T10:28:53Z" level=warning msg="skip to append distribution label: label key and value length (4103 bytes) greater than maximum size (4096 bytes), key: containerd.io/distribution.source.192.168.122.110: invalid argument"
time="2026-04-16T10:28:53Z" level=warning msg="skip to append distribution label: label key and value length (4103 bytes) greater than maximum size (4096 bytes), key: containerd.io/distribution.source.192.168.122.110: invalid argument"
time="2026-04-16T10:28:53Z" level=warning msg="skip to append distribution label: label key and value length (4103 bytes) greater than maximum size (4096 bytes), key: containerd.io/distribution.source.192.168.122.110: invalid argument"
time="2026-04-16T10:28:53Z" level=warning msg="skip to append distribution label: label key and value length (4103 bytes) greater than maximum size (4096 bytes), key: containerd.io/distribution.source.192.168.122.110: invalid argument"
time="2026-04-16T10:28:53Z" level=warning msg="skip to append distribution label: label key and value length (4103 bytes) greater than maximum size (4096 bytes), key: containerd.io/distribution.source.192.168.122.110: invalid argument"
time="2026-04-16T10:28:53Z" level=warning msg="skip to append distribution label: label key and value length (4103 bytes) greater than maximum size (4096 bytes), key: containerd.io/distribution.source.192.168.122.110: invalid argument"
192.168.122.110:5000/rs_ix_ix21:latest:                                           resolved       |[32m++++++++++++++++++++++++++++++++++++++[0m| 
index-sha256:720efcbf38799af09495866e7e0f10cb8fcfee2119ad9627f9a3527a4f2dbd87:    done           |[32m++++++++++++++++++++++++++++++++++++++[0m| 
manifest-sha256:6ab21e2451ce19c44ff70eeceeeb6b76c1f0cc60093e1a77298061ccc28870a6: done           |[32m++++++++++++++++++++++++++++++++++++++[0m| 
layer-sha256:0c858804fbd2a154101d3805971376f44fc4071bf50ce1b5f45e7ab82a5fd232:    done           |[32m++++++++++++++++++++++++++++++++++++++[0m| 
layer-sha256:e899272ca12e6d43e07dff378be047161340e391c347c146386abd3bae7e7918:    done           |[32m++++++++++++++++++++++++++++++++++++++[0m| 
layer-sha256:5da617756c2a356e840be444553141e821e903e385dfe8e952fb3379d1c30382:    done           |[32m++++++++++++++++++++++++++++++++++++++[0m| 
layer-sha256:8a29a47395cd3a02d8340f4325004f6ec371681754e5efa24afced2dbdd64272:    done           |[32m++++++++++++++++++++++++++++++++++++++[0m| 
layer-sha256:48cc5f7ee915a7ecaaa45d3f458d38a818c7a13c8f7c20c40eb94599ca2bf350:    done           |[32m++++++++++++++++++++++++++++++++++++++[0m| 
layer-sha256:e59b44c60b0e4bef2712435bc1a530efe229ee8e4ce5e002fab156cab513cd4b:    done           |[32m++++++++++++++++++++++++++++++++++++++[0m| 
layer-sha256:c37e9414b67392ea91b919b5a312bf4e1514dc08558f7f739f06746f480eae40:    done           |[32m++++++++++++++++++++++++++++++++++++++[0m| 
layer-sha256:a7afb4035f114804c9de5b4f59899fc37478712907a5e4b96356c750c566bfab:    done           |[32m++++++++++++++++++++++++++++++++++++++[0m| 
layer-sha256:2231eaf3a298084fa9e30b1e4c9f9e922cc15f29825b10878315732ac4d39c9b:    done           |[32m++++++++++++++++++++++++++++++++++++++[0m| 
layer-sha256:b1a8b2706032f9c0f354be0daa46f3da6643916a3373ee5d2792dd2def0151d1:    done           |[32m++++++++++++++++++++++++++++++++++++++[0m| 
config-sha256:57d19baaa5f6383f332c2358ee83b4261096b923a4a854ce2977ff28c3dd540b:   done           |[32m++++++++++++++++++++++++++++++++++++++[0m| 
layer-sha256:b6ef3064d1cbb2b9e0d5e235fea4c94e18911d88e26dc0b8f96ca0275beb9d46:    done           |[32m++++++++++++++++++++++++++++++++++++++[0m| 
layer-sha256:1c9343ac3c4104eb28e05f52b49681c0e95775fcd1c3a8effab39e0f8152154a:    done           |[32m++++++++++++++++++++++++++++++++++++++[0m| 
layer-sha256:4f4fb700ef54461cfa02571ae0db9a0dc1e0cdb5577484a6d75e68dc38e8acc1:    done           |[32m++++++++++++++++++++++++++++++++++++++[0m| 
layer-sha256:f0be247c482793a4b1174bdfc6f34055d01fbc2e91ff83df34afe769f4fe95c5:    done           |[32m++++++++++++++++++++++++++++++++++++++[0m| 
layer-sha256:13b7e930469f6d3575a320709035c6acf6f5485a76abcf03d1b92a64c09c2476:    done           |[32m++++++++++++++++++++++++++++++++++++++[0m| 
layer-sha256:34608cb22405250243a5e45518fb618d0bea826f8171514b271e7e4c1bef2752:    done           |[32m++++++++++++++++++++++++++++++++++++++[0m| 
layer-sha256:c8d11d2b7f50b0722f864f8bf87a48e0e367600f193f6528c63937802eeba0bf:    done           |[32m++++++++++++++++++++++++++++++++++++++[0m| 
layer-sha256:450bb934662efe2c8c55922af96dfccb7cd62066a0861e11b9cc126c9592d6d7:    done           |[32m++++++++++++++++++++++++++++++++++++++[0m| 
layer-sha256:c954e5f88d9d9be1ed732898db6841e22d90078a4c76cf4717c4cc7edc74403e:    done           |[32m++++++++++++++++++++++++++++++++++++++[0m| 
layer-sha256:4accf72faab4ddbb011f63fff24e0656cd1cc9c9ad5293f7e7c0eaf80ed2872f:    done           |[32m++++++++++++++++++++++++++++++++++++++[0m| 
layer-sha256:64a5d8258ce2b42e67330b08d63621bb09cc797b102a21bad4732b2383fa04c0:    done           |[32m++++++++++++++++++++++++++++++++++++++[0m| 
layer-sha256:a359594c882de72b53bbdc415e3c3b8bd903bcaca72664c2d6ab81c03465e315:    done           |[32m++++++++++++++++++++++++++++++++++++++[0m| 
elapsed: 0.1 s                                                                    total:   0.0 B (0.0 B/s)                                         
unpacking linux/amd64 sha256:720efcbf38799af09495866e7e0f10cb8fcfee2119ad9627f9a3527a4f2dbd87...
done: 83.778448ms	
time="2026-04-16T10:28:54Z" level=info msg="host will try HTTPS first since it is configured for HTTP with a TLS configuration, consider changing host to HTTPS or removing unused TLS configuration" host="192.168.122.110:5000"
time="2026-04-16T10:28:54Z" level=info msg="host will try HTTPS first since it is configured for HTTP with a TLS configuration, consider changing host to HTTPS or removing unused TLS configuration" host="192.168.122.110:5000"
time="2026-04-16T10:28:54Z" level=warning msg="skip to append distribution label: label key and value length (4103 bytes) greater than maximum size (4096 bytes), key: containerd.io/distribution.source.192.168.122.110: invalid argument"
time="2026-04-16T10:28:54Z" level=warning msg="skip to append distribution label: label key and value length (4103 bytes) greater than maximum size (4096 bytes), key: containerd.io/distribution.source.192.168.122.110: invalid argument"
time="2026-04-16T10:28:54Z" level=warning msg="skip to append distribution label: label key and value length (4103 bytes) greater than maximum size (4096 bytes), key: containerd.io/distribution.source.192.168.122.110: invalid argument"
time="2026-04-16T10:28:54Z" level=warning msg="skip to append distribution label: label key and value length (4103 bytes) greater than maximum size (4096 bytes), key: containerd.io/distribution.source.192.168.122.110: invalid argument"
time="2026-04-16T10:28:54Z" level=warning msg="skip to append distribution label: label key and value length (4103 bytes) greater than maximum size (4096 bytes), key: containerd.io/distribution.source.192.168.122.110: invalid argument"
time="2026-04-16T10:28:54Z" level=warning msg="skip to append distribution label: label key and value length (4103 bytes) greater than maximum size (4096 bytes), key: containerd.io/distribution.source.192.168.122.110: invalid argument"
time="2026-04-16T10:28:54Z" level=warning msg="skip to append distribution label: label key and value length (4103 bytes) greater than maximum size (4096 bytes), key: containerd.io/distribution.source.192.168.122.110: invalid argument"
time="2026-04-16T10:28:54Z" level=warning msg="skip to append distribution label: label key and value length (4103 bytes) greater than maximum size (4096 bytes), key: containerd.io/distribution.source.192.168.122.110: invalid argument"
192.168.122.110:5000/rs_ix_ix28:latest:                                           resolved       |[32m++++++++++++++++++++++++++++++++++++++[0m| 
index-sha256:829ecdee89b3ee3691f47c5c94c24f075600188e3671cd98e21a08ca4c89590a:    done           |[32m++++++++++++++++++++++++++++++++++++++[0m| 
manifest-sha256:7d92cc13deff4b6ccf25d530e520787b0be2ee9e70440530d3bf7c85591f95e3: done           |[32m++++++++++++++++++++++++++++++++++++++[0m| 
layer-sha256:cc755350bd8c219af0d0f4f32c7f201e34fd62c3723fd5f6129d08fe32b8ea54:    done           |[32m++++++++++++++++++++++++++++++++++++++[0m| 
layer-sha256:4accf72faab4ddbb011f63fff24e0656cd1cc9c9ad5293f7e7c0eaf80ed2872f:    done           |[32m++++++++++++++++++++++++++++++++++++++[0m| 
layer-sha256:8a29a47395cd3a02d8340f4325004f6ec371681754e5efa24afced2dbdd64272:    done           |[32m++++++++++++++++++++++++++++++++++++++[0m| 
config-sha256:73a04309d128f003cac578b36a811a1d8e7a62e8de5b06c8ab4ed018726b8244:   done           |[32m++++++++++++++++++++++++++++++++++++++[0m| 
layer-sha256:e59b44c60b0e4bef2712435bc1a530efe229ee8e4ce5e002fab156cab513cd4b:    done           |[32m++++++++++++++++++++++++++++++++++++++[0m| 
layer-sha256:b1a8b2706032f9c0f354be0daa46f3da6643916a3373ee5d2792dd2def0151d1:    done           |[32m++++++++++++++++++++++++++++++++++++++[0m| 
layer-sha256:13b7e930469f6d3575a320709035c6acf6f5485a76abcf03d1b92a64c09c2476:    done           |[32m++++++++++++++++++++++++++++++++++++++[0m| 
layer-sha256:4f4fb700ef54461cfa02571ae0db9a0dc1e0cdb5577484a6d75e68dc38e8acc1:    done           |[32m++++++++++++++++++++++++++++++++++++++[0m| 
layer-sha256:64a5d8258ce2b42e67330b08d63621bb09cc797b102a21bad4732b2383fa04c0:    done           |[32m++++++++++++++++++++++++++++++++++++++[0m| 
layer-sha256:34608cb22405250243a5e45518fb618d0bea826f8171514b271e7e4c1bef2752:    done           |[32m++++++++++++++++++++++++++++++++++++++[0m| 
layer-sha256:08b46a2fad9e07fa4f3800b36daba9949b814ab650ba20379438aebde3f851ad:    done           |[32m++++++++++++++++++++++++++++++++++++++[0m| 
layer-sha256:3e674af63f99a844c419eae5f1879e4ecf8af8f9e3d1f8f38392d134452c50e5:    done           |[32m++++++++++++++++++++++++++++++++++++++[0m| 
layer-sha256:15aa12b3a0c904da30ce8e849cd95b16fad92c7499989cd726e8997745993e7d:    done           |[32m++++++++++++++++++++++++++++++++++++++[0m| 
layer-sha256:081f7c42f45d741de53a8f21f8b9f1913b332f13baece6504b0d804ad90e9ed4:    done           |[32m++++++++++++++++++++++++++++++++++++++[0m| 
layer-sha256:450bb934662efe2c8c55922af96dfccb7cd62066a0861e11b9cc126c9592d6d7:    done           |[32m++++++++++++++++++++++++++++++++++++++[0m| 
layer-sha256:0aa393ebeaeb1c64168daf5ef9ad598760defa3156227a1a2d00d7abe38bcf58:    done           |[32m++++++++++++++++++++++++++++++++++++++[0m| 
layer-sha256:c954e5f88d9d9be1ed732898db6841e22d90078a4c76cf4717c4cc7edc74403e:    done           |[32m++++++++++++++++++++++++++++++++++++++[0m| 
layer-sha256:77fe4843fc699aaf8a0b7d7356512fb6d1499a74afcab0263bc82124f124a948:    done           |[32m++++++++++++++++++++++++++++++++++++++[0m| 
layer-sha256:44361424304c7875a4b95853d7efd443133601d1157b3beb15bd465fad04bed9:    done           |[32m++++++++++++++++++++++++++++++++++++++[0m| 
layer-sha256:52344c3465dcad9d1a40a945be1ff1464e3789e6fcb203fe2636417bba98376d:    done           |[32m++++++++++++++++++++++++++++++++++++++[0m| 
layer-sha256:529fff5c9b461fec724503b0a86e3cd457e61f8fe4e22c4a24d675e22a33cf2f:    done           |[32m++++++++++++++++++++++++++++++++++++++[0m| 
layer-sha256:84a04f2f69d55ce10a8365308d682727470edf53930da21f0b4a30a5838e7bb7:    done           |[32m++++++++++++++++++++++++++++++++++++++[0m| 
layer-sha256:8e3e6a2f0ecf5ebabcd87e3f302149fc624b49b9667f92df27b2fe87a5214aa0:    done           |[32m++++++++++++++++++++++++++++++++++++++[0m| 
elapsed: 0.1 s                                                                    total:   0.0 B (0.0 B/s)                                         
unpacking linux/amd64 sha256:829ecdee89b3ee3691f47c5c94c24f075600188e3671cd98e21a08ca4c89590a...
done: 24.24397ms	
time="2026-04-16T10:28:55Z" level=info msg="host will try HTTPS first since it is configured for HTTP with a TLS configuration, consider changing host to HTTPS or removing unused TLS configuration" host="192.168.122.110:5000"
time="2026-04-16T10:28:55Z" level=info msg="host will try HTTPS first since it is configured for HTTP with a TLS configuration, consider changing host to HTTPS or removing unused TLS configuration" host="192.168.122.110:5000"
time="2026-04-16T10:28:55Z" level=warning msg="skip to append distribution label: label key and value length (4104 bytes) greater than maximum size (4096 bytes), key: containerd.io/distribution.source.192.168.122.110: invalid argument"
time="2026-04-16T10:28:55Z" level=warning msg="skip to append distribution label: label key and value length (4104 bytes) greater than maximum size (4096 bytes), key: containerd.io/distribution.source.192.168.122.110: invalid argument"
time="2026-04-16T10:28:55Z" level=warning msg="skip to append distribution label: label key and value length (4104 bytes) greater than maximum size (4096 bytes), key: containerd.io/distribution.source.192.168.122.110: invalid argument"
time="2026-04-16T10:28:55Z" level=warning msg="skip to append distribution label: label key and value length (4104 bytes) greater than maximum size (4096 bytes), key: containerd.io/distribution.source.192.168.122.110: invalid argument"
time="2026-04-16T10:28:55Z" level=warning msg="skip to append distribution label: label key and value length (4104 bytes) greater than maximum size (4096 bytes), key: containerd.io/distribution.source.192.168.122.110: invalid argument"
time="2026-04-16T10:28:55Z" level=warning msg="skip to append distribution label: label key and value length (4104 bytes) greater than maximum size (4096 bytes), key: containerd.io/distribution.source.192.168.122.110: invalid argument"
time="2026-04-16T10:28:55Z" level=warning msg="skip to append distribution label: label key and value length (4104 bytes) greater than maximum size (4096 bytes), key: containerd.io/distribution.source.192.168.122.110: invalid argument"
time="2026-04-16T10:28:55Z" level=warning msg="skip to append distribution label: label key and value length (4104 bytes) greater than maximum size (4096 bytes), key: containerd.io/distribution.source.192.168.122.110: invalid argument"
192.168.122.110:5000/rs_ix_ix296:latest:                                          resolved       |[32m++++++++++++++++++++++++++++++++++++++[0m| 
index-sha256:6ec7f5a50dd0b06af59402e3ad4dc35cf98e15e395f2883cfa384f23db36e2aa:    done           |[32m++++++++++++++++++++++++++++++++++++++[0m| 
manifest-sha256:2c570e4b38901ef1ace5cd5cb9f1a69c998fc96302152f41744fd4d2d195c85c: done           |[32m++++++++++++++++++++++++++++++++++++++[0m| 
layer-sha256:00a90118362dc4b38eaa53adf1b4e642caa6455e61cf19aa67802403840976bf:    done           |[32m++++++++++++++++++++++++++++++++++++++[0m| 
layer-sha256:b1a8b2706032f9c0f354be0daa46f3da6643916a3373ee5d2792dd2def0151d1:    done           |[32m++++++++++++++++++++++++++++++++++++++[0m| 
layer-sha256:4f4fb700ef54461cfa02571ae0db9a0dc1e0cdb5577484a6d75e68dc38e8acc1:    done           |[32m++++++++++++++++++++++++++++++++++++++[0m| 
layer-sha256:64a5d8258ce2b42e67330b08d63621bb09cc797b102a21bad4732b2383fa04c0:    done           |[32m++++++++++++++++++++++++++++++++++++++[0m| 
layer-sha256:545e8aec203d82f4e2834d0a705878283d464b7468c2d4e5ac728967061ed51d:    done           |[32m++++++++++++++++++++++++++++++++++++++[0m| 
layer-sha256:48cc5f7ee915a7ecaaa45d3f458d38a818c7a13c8f7c20c40eb94599ca2bf350:    done           |[32m++++++++++++++++++++++++++++++++++++++[0m| 
layer-sha256:f0be247c482793a4b1174bdfc6f34055d01fbc2e91ff83df34afe769f4fe95c5:    done           |[32m++++++++++++++++++++++++++++++++++++++[0m| 
config-sha256:bc4d2d513dc5105ab11fffd1a56aa75a58ed79a6bd2ecd156c77c8acf930cab6:   done           |[32m++++++++++++++++++++++++++++++++++++++[0m| 
layer-sha256:a359594c882de72b53bbdc415e3c3b8bd903bcaca72664c2d6ab81c03465e315:    done           |[32m++++++++++++++++++++++++++++++++++++++[0m| 
layer-sha256:40e69cce936b74122cd51c6b1afe19575464d8b27ee39f136bcafa1719b1fee0:    done           |[32m++++++++++++++++++++++++++++++++++++++[0m| 
layer-sha256:3148bce087825118da54162f32e1aef7b1ff7185952194b064f2809d03e01c62:    done           |[32m++++++++++++++++++++++++++++++++++++++[0m| 
layer-sha256:2231eaf3a298084fa9e30b1e4c9f9e922cc15f29825b10878315732ac4d39c9b:    done           |[32m++++++++++++++++++++++++++++++++++++++[0m| 
layer-sha256:e899272ca12e6d43e07dff378be047161340e391c347c146386abd3bae7e7918:    done           |[32m++++++++++++++++++++++++++++++++++++++[0m| 
layer-sha256:c8d11d2b7f50b0722f864f8bf87a48e0e367600f193f6528c63937802eeba0bf:    done           |[32m++++++++++++++++++++++++++++++++++++++[0m| 
layer-sha256:4accf72faab4ddbb011f63fff24e0656cd1cc9c9ad5293f7e7c0eaf80ed2872f:    done           |[32m++++++++++++++++++++++++++++++++++++++[0m| 
layer-sha256:5da617756c2a356e840be444553141e821e903e385dfe8e952fb3379d1c30382:    done           |[32m++++++++++++++++++++++++++++++++++++++[0m| 
layer-sha256:8a29a47395cd3a02d8340f4325004f6ec371681754e5efa24afced2dbdd64272:    done           |[32m++++++++++++++++++++++++++++++++++++++[0m| 
layer-sha256:e59b44c60b0e4bef2712435bc1a530efe229ee8e4ce5e002fab156cab513cd4b:    done           |[32m++++++++++++++++++++++++++++++++++++++[0m| 
layer-sha256:34608cb22405250243a5e45518fb618d0bea826f8171514b271e7e4c1bef2752:    done           |[32m++++++++++++++++++++++++++++++++++++++[0m| 
layer-sha256:450bb934662efe2c8c55922af96dfccb7cd62066a0861e11b9cc126c9592d6d7:    done           |[32m++++++++++++++++++++++++++++++++++++++[0m| 
layer-sha256:7fe2481b7d68c5e90604f55eeadbf809e48f346645ab3fe1ae2000b75f34a510:    done           |[32m++++++++++++++++++++++++++++++++++++++[0m| 
layer-sha256:c954e5f88d9d9be1ed732898db6841e22d90078a4c76cf4717c4cc7edc74403e:    done           |[32m++++++++++++++++++++++++++++++++++++++[0m| 
layer-sha256:13b7e930469f6d3575a320709035c6acf6f5485a76abcf03d1b92a64c09c2476:    done           |[32m++++++++++++++++++++++++++++++++++++++[0m| 
elapsed: 0.1 s                                                                    total:   0.0 B (0.0 B/s)                                         
unpacking linux/amd64 sha256:6ec7f5a50dd0b06af59402e3ad4dc35cf98e15e395f2883cfa384f23db36e2aa...
done: 19.422733ms	
time="2026-04-16T10:28:56Z" level=info msg="host will try HTTPS first since it is configured for HTTP with a TLS configuration, consider changing host to HTTPS or removing unused TLS configuration" host="192.168.122.110:5000"
time="2026-04-16T10:28:56Z" level=info msg="host will try HTTPS first since it is configured for HTTP with a TLS configuration, consider changing host to HTTPS or removing unused TLS configuration" host="192.168.122.110:5000"
time="2026-04-16T10:28:56Z" level=warning msg="skip to append distribution label: label key and value length (4104 bytes) greater than maximum size (4096 bytes), key: containerd.io/distribution.source.192.168.122.110: invalid argument"
time="2026-04-16T10:28:56Z" level=warning msg="skip to append distribution label: label key and value length (4104 bytes) greater than maximum size (4096 bytes), key: containerd.io/distribution.source.192.168.122.110: invalid argument"
time="2026-04-16T10:28:56Z" level=warning msg="skip to append distribution label: label key and value length (4104 bytes) greater than maximum size (4096 bytes), key: containerd.io/distribution.source.192.168.122.110: invalid argument"
time="2026-04-16T10:28:56Z" level=warning msg="skip to append distribution label: label key and value length (4104 bytes) greater than maximum size (4096 bytes), key: containerd.io/distribution.source.192.168.122.110: invalid argument"
time="2026-04-16T10:28:56Z" level=warning msg="skip to append distribution label: label key and value length (4104 bytes) greater than maximum size (4096 bytes), key: containerd.io/distribution.source.192.168.122.110: invalid argument"
time="2026-04-16T10:28:56Z" level=warning msg="skip to append distribution label: label key and value length (4104 bytes) greater than maximum size (4096 bytes), key: containerd.io/distribution.source.192.168.122.110: invalid argument"
time="2026-04-16T10:28:56Z" level=warning msg="skip to append distribution label: label key and value length (4104 bytes) greater than maximum size (4096 bytes), key: containerd.io/distribution.source.192.168.122.110: invalid argument"
time="2026-04-16T10:28:56Z" level=warning msg="skip to append distribution label: label key and value length (4104 bytes) greater than maximum size (4096 bytes), key: containerd.io/distribution.source.192.168.122.110: invalid argument"
192.168.122.110:5000/rs_ix_ix347:latest:                                          resolved       |[32m++++++++++++++++++++++++++++++++++++++[0m| 
index-sha256:1a4da5be03cee20867b7650a42507263f486775b44f6fe70bc4d4ec73f3506aa:    done           |[32m++++++++++++++++++++++++++++++++++++++[0m| 
manifest-sha256:109c2fdb402bfa5dfc2ffd9c65ca1540e0b8f59842c3164adf10186e7e5d24a6: done           |[32m++++++++++++++++++++++++++++++++++++++[0m| 
layer-sha256:34608cb22405250243a5e45518fb618d0bea826f8171514b271e7e4c1bef2752:    done           |[32m++++++++++++++++++++++++++++++++++++++[0m| 
config-sha256:635e18f4232c5f7e0a877ce234068e65042bd23b3b38bda7f30f2b9252547628:   done           |[32m++++++++++++++++++++++++++++++++++++++[0m| 
layer-sha256:13b7e930469f6d3575a320709035c6acf6f5485a76abcf03d1b92a64c09c2476:    done           |[32m++++++++++++++++++++++++++++++++++++++[0m| 
layer-sha256:80283993958daad5f1c36d495c4a56e8abe5ca8439f6e54be6bce71126000814:    done           |[32m++++++++++++++++++++++++++++++++++++++[0m| 
layer-sha256:217caa5a09ab6d66e4d98c18f5d2a6de6e51c4c4a710c24f12842c7f5d362004:    done           |[32m++++++++++++++++++++++++++++++++++++++[0m| 
layer-sha256:08b46a2fad9e07fa4f3800b36daba9949b814ab650ba20379438aebde3f851ad:    done           |[32m++++++++++++++++++++++++++++++++++++++[0m| 
layer-sha256:8a29a47395cd3a02d8340f4325004f6ec371681754e5efa24afced2dbdd64272:    done           |[32m++++++++++++++++++++++++++++++++++++++[0m| 
layer-sha256:39f61264b66399203e7ef2cce5eb8982e7f65b3ea2db80c88707e8e99a264493:    done           |[32m++++++++++++++++++++++++++++++++++++++[0m| 
layer-sha256:96d6975ac3e6dd37279138478b1737643f8eb01f10232a36a434456f780a0354:    done           |[32m++++++++++++++++++++++++++++++++++++++[0m| 
layer-sha256:e59b44c60b0e4bef2712435bc1a530efe229ee8e4ce5e002fab156cab513cd4b:    done           |[32m++++++++++++++++++++++++++++++++++++++[0m| 
layer-sha256:3e674af63f99a844c419eae5f1879e4ecf8af8f9e3d1f8f38392d134452c50e5:    done           |[32m++++++++++++++++++++++++++++++++++++++[0m| 
layer-sha256:15aa12b3a0c904da30ce8e849cd95b16fad92c7499989cd726e8997745993e7d:    done           |[32m++++++++++++++++++++++++++++++++++++++[0m| 
layer-sha256:450bb934662efe2c8c55922af96dfccb7cd62066a0861e11b9cc126c9592d6d7:    done           |[32m++++++++++++++++++++++++++++++++++++++[0m| 
layer-sha256:44361424304c7875a4b95853d7efd443133601d1157b3beb15bd465fad04bed9:    done           |[32m++++++++++++++++++++++++++++++++++++++[0m| 
layer-sha256:77fe4843fc699aaf8a0b7d7356512fb6d1499a74afcab0263bc82124f124a948:    done           |[32m++++++++++++++++++++++++++++++++++++++[0m| 
layer-sha256:c954e5f88d9d9be1ed732898db6841e22d90078a4c76cf4717c4cc7edc74403e:    done           |[32m++++++++++++++++++++++++++++++++++++++[0m| 
layer-sha256:4accf72faab4ddbb011f63fff24e0656cd1cc9c9ad5293f7e7c0eaf80ed2872f:    done           |[32m++++++++++++++++++++++++++++++++++++++[0m| 
layer-sha256:b1a8b2706032f9c0f354be0daa46f3da6643916a3373ee5d2792dd2def0151d1:    done           |[32m++++++++++++++++++++++++++++++++++++++[0m| 
layer-sha256:64a5d8258ce2b42e67330b08d63621bb09cc797b102a21bad4732b2383fa04c0:    done           |[32m++++++++++++++++++++++++++++++++++++++[0m| 
layer-sha256:4f4fb700ef54461cfa02571ae0db9a0dc1e0cdb5577484a6d75e68dc38e8acc1:    done           |[32m++++++++++++++++++++++++++++++++++++++[0m| 
layer-sha256:529fff5c9b461fec724503b0a86e3cd457e61f8fe4e22c4a24d675e22a33cf2f:    done           |[32m++++++++++++++++++++++++++++++++++++++[0m| 
layer-sha256:84a04f2f69d55ce10a8365308d682727470edf53930da21f0b4a30a5838e7bb7:    done           |[32m++++++++++++++++++++++++++++++++++++++[0m| 
layer-sha256:0fa5f84094bdfe1ed363baf7ea1448b2e423110e5015cd15cb68560a7d6b7b29:    done           |[32m++++++++++++++++++++++++++++++++++++++[0m| 
elapsed: 0.1 s                                                                    total:   0.0 B (0.0 B/s)                                         
unpacking linux/amd64 sha256:1a4da5be03cee20867b7650a42507263f486775b44f6fe70bc4d4ec73f3506aa...
done: 16.678029ms	
time="2026-04-16T10:28:56Z" level=info msg="host will try HTTPS first since it is configured for HTTP with a TLS configuration, consider changing host to HTTPS or removing unused TLS configuration" host="192.168.122.110:5000"
time="2026-04-16T10:28:56Z" level=info msg="host will try HTTPS first since it is configured for HTTP with a TLS configuration, consider changing host to HTTPS or removing unused TLS configuration" host="192.168.122.110:5000"
time="2026-04-16T10:28:56Z" level=warning msg="skip to append distribution label: label key and value length (4103 bytes) greater than maximum size (4096 bytes), key: containerd.io/distribution.source.192.168.122.110: invalid argument"
time="2026-04-16T10:28:56Z" level=warning msg="skip to append distribution label: label key and value length (4103 bytes) greater than maximum size (4096 bytes), key: containerd.io/distribution.source.192.168.122.110: invalid argument"
time="2026-04-16T10:28:56Z" level=warning msg="skip to append distribution label: label key and value length (4103 bytes) greater than maximum size (4096 bytes), key: containerd.io/distribution.source.192.168.122.110: invalid argument"
time="2026-04-16T10:28:56Z" level=warning msg="skip to append distribution label: label key and value length (4103 bytes) greater than maximum size (4096 bytes), key: containerd.io/distribution.source.192.168.122.110: invalid argument"
time="2026-04-16T10:28:56Z" level=warning msg="skip to append distribution label: label key and value length (4103 bytes) greater than maximum size (4096 bytes), key: containerd.io/distribution.source.192.168.122.110: invalid argument"
time="2026-04-16T10:28:56Z" level=warning msg="skip to append distribution label: label key and value length (4103 bytes) greater than maximum size (4096 bytes), key: containerd.io/distribution.source.192.168.122.110: invalid argument"
time="2026-04-16T10:28:56Z" level=warning msg="skip to append distribution label: label key and value length (4103 bytes) greater than maximum size (4096 bytes), key: containerd.io/distribution.source.192.168.122.110: invalid argument"
time="2026-04-16T10:28:56Z" level=warning msg="skip to append distribution label: label key and value length (4103 bytes) greater than maximum size (4096 bytes), key: containerd.io/distribution.source.192.168.122.110: invalid argument"
192.168.122.110:5000/rs_ix_ix34:latest:                                           resolved       |[32m++++++++++++++++++++++++++++++++++++++[0m| 
index-sha256:c59f1b4e0c14e871143e50d6febefb02822ae6c4525e9a6b5b2490a87c7c427b:    done           |[32m++++++++++++++++++++++++++++++++++++++[0m| 
manifest-sha256:ce4dec1eee62f330d91d885e29e4559518b1131f407c4f47962f7e1348327fe4: done           |[32m++++++++++++++++++++++++++++++++++++++[0m| 
config-sha256:020d780f7087b8116457e017a1675c422d5516516ab2ba19c730d7dd9f49cfdf:   done           |[32m++++++++++++++++++++++++++++++++++++++[0m| 
layer-sha256:c954e5f88d9d9be1ed732898db6841e22d90078a4c76cf4717c4cc7edc74403e:    done           |[32m++++++++++++++++++++++++++++++++++++++[0m| 
layer-sha256:4f4fb700ef54461cfa02571ae0db9a0dc1e0cdb5577484a6d75e68dc38e8acc1:    done           |[32m++++++++++++++++++++++++++++++++++++++[0m| 
layer-sha256:3b713875d8c14ec3ed6e5a214e8f7dc7cfcf0ab498dda9c1ff3a6929f592d72b:    done           |[32m++++++++++++++++++++++++++++++++++++++[0m| 
layer-sha256:34608cb22405250243a5e45518fb618d0bea826f8171514b271e7e4c1bef2752:    done           |[32m++++++++++++++++++++++++++++++++++++++[0m| 
layer-sha256:64a5d8258ce2b42e67330b08d63621bb09cc797b102a21bad4732b2383fa04c0:    done           |[32m++++++++++++++++++++++++++++++++++++++[0m| 
layer-sha256:4accf72faab4ddbb011f63fff24e0656cd1cc9c9ad5293f7e7c0eaf80ed2872f:    done           |[32m++++++++++++++++++++++++++++++++++++++[0m| 
layer-sha256:13b7e930469f6d3575a320709035c6acf6f5485a76abcf03d1b92a64c09c2476:    done           |[32m++++++++++++++++++++++++++++++++++++++[0m| 
layer-sha256:15aa12b3a0c904da30ce8e849cd95b16fad92c7499989cd726e8997745993e7d:    done           |[32m++++++++++++++++++++++++++++++++++++++[0m| 
layer-sha256:450bb934662efe2c8c55922af96dfccb7cd62066a0861e11b9cc126c9592d6d7:    done           |[32m++++++++++++++++++++++++++++++++++++++[0m| 
layer-sha256:08b46a2fad9e07fa4f3800b36daba9949b814ab650ba20379438aebde3f851ad:    done           |[32m++++++++++++++++++++++++++++++++++++++[0m| 
layer-sha256:fb0c8abd9a885e9ea4cd15749c7ade02d703960051f37e976a5d597eef88b0c1:    done           |[32m++++++++++++++++++++++++++++++++++++++[0m| 
layer-sha256:44361424304c7875a4b95853d7efd443133601d1157b3beb15bd465fad04bed9:    done           |[32m++++++++++++++++++++++++++++++++++++++[0m| 
layer-sha256:529fff5c9b461fec724503b0a86e3cd457e61f8fe4e22c4a24d675e22a33cf2f:    done           |[32m++++++++++++++++++++++++++++++++++++++[0m| 
layer-sha256:84a04f2f69d55ce10a8365308d682727470edf53930da21f0b4a30a5838e7bb7:    done           |[32m++++++++++++++++++++++++++++++++++++++[0m| 
layer-sha256:3e674af63f99a844c419eae5f1879e4ecf8af8f9e3d1f8f38392d134452c50e5:    done           |[32m++++++++++++++++++++++++++++++++++++++[0m| 
layer-sha256:8a29a47395cd3a02d8340f4325004f6ec371681754e5efa24afced2dbdd64272:    done           |[32m++++++++++++++++++++++++++++++++++++++[0m| 
layer-sha256:e59b44c60b0e4bef2712435bc1a530efe229ee8e4ce5e002fab156cab513cd4b:    done           |[32m++++++++++++++++++++++++++++++++++++++[0m| 
layer-sha256:77fe4843fc699aaf8a0b7d7356512fb6d1499a74afcab0263bc82124f124a948:    done           |[32m++++++++++++++++++++++++++++++++++++++[0m| 
layer-sha256:b1a8b2706032f9c0f354be0daa46f3da6643916a3373ee5d2792dd2def0151d1:    done           |[32m++++++++++++++++++++++++++++++++++++++[0m| 
layer-sha256:043204ecce053d93edf2848348b98eae25a6b8c3f7948e6139ebce47f894643c:    done           |[32m++++++++++++++++++++++++++++++++++++++[0m| 
layer-sha256:ea4b7db6ef799e42f85bceb8f7c822c1cc17dd6fd8d5b996e2a297d5e98926a9:    done           |[32m++++++++++++++++++++++++++++++++++++++[0m| 
layer-sha256:6c0d553dfd40d3fdaf8a886b05f225c1bdd92c8cc77dfe109ae70c19b34d5d66:    done           |[32m++++++++++++++++++++++++++++++++++++++[0m| 
elapsed: 0.1 s                                                                    total:   0.0 B (0.0 B/s)                                         
unpacking linux/amd64 sha256:c59f1b4e0c14e871143e50d6febefb02822ae6c4525e9a6b5b2490a87c7c427b...
done: 20.60948ms	
time="2026-04-16T10:28:57Z" level=info msg="host will try HTTPS first since it is configured for HTTP with a TLS configuration, consider changing host to HTTPS or removing unused TLS configuration" host="192.168.122.110:5000"
time="2026-04-16T10:28:57Z" level=info msg="host will try HTTPS first since it is configured for HTTP with a TLS configuration, consider changing host to HTTPS or removing unused TLS configuration" host="192.168.122.110:5000"
time="2026-04-16T10:28:57Z" level=warning msg="skip to append distribution label: label key and value length (4103 bytes) greater than maximum size (4096 bytes), key: containerd.io/distribution.source.192.168.122.110: invalid argument"
time="2026-04-16T10:28:57Z" level=warning msg="skip to append distribution label: label key and value length (4103 bytes) greater than maximum size (4096 bytes), key: containerd.io/distribution.source.192.168.122.110: invalid argument"
time="2026-04-16T10:28:57Z" level=warning msg="skip to append distribution label: label key and value length (4103 bytes) greater than maximum size (4096 bytes), key: containerd.io/distribution.source.192.168.122.110: invalid argument"
time="2026-04-16T10:28:57Z" level=warning msg="skip to append distribution label: label key and value length (4103 bytes) greater than maximum size (4096 bytes), key: containerd.io/distribution.source.192.168.122.110: invalid argument"
time="2026-04-16T10:28:57Z" level=warning msg="skip to append distribution label: label key and value length (4103 bytes) greater than maximum size (4096 bytes), key: containerd.io/distribution.source.192.168.122.110: invalid argument"
time="2026-04-16T10:28:57Z" level=warning msg="skip to append distribution label: label key and value length (4103 bytes) greater than maximum size (4096 bytes), key: containerd.io/distribution.source.192.168.122.110: invalid argument"
time="2026-04-16T10:28:57Z" level=warning msg="skip to append distribution label: label key and value length (4103 bytes) greater than maximum size (4096 bytes), key: containerd.io/distribution.source.192.168.122.110: invalid argument"
time="2026-04-16T10:28:57Z" level=warning msg="skip to append distribution label: label key and value length (4103 bytes) greater than maximum size (4096 bytes), key: containerd.io/distribution.source.192.168.122.110: invalid argument"
192.168.122.110:5000/rs_ix_ix40:latest:                                           resolved       |[32m++++++++++++++++++++++++++++++++++++++[0m| 
index-sha256:d360c833bd1b2d05c0ec44f98f852bfe83b6fbfb24b081f909ec1c07001cac10:    done           |[32m++++++++++++++++++++++++++++++++++++++[0m| 
manifest-sha256:1eba738fafbd42edcd7eec7056db6cdb43fafd7544792bb4c1eb9ac09e534ac5: done           |[32m++++++++++++++++++++++++++++++++++++++[0m| 
layer-sha256:34608cb22405250243a5e45518fb618d0bea826f8171514b271e7e4c1bef2752:    done           |[32m++++++++++++++++++++++++++++++++++++++[0m| 
layer-sha256:450bb934662efe2c8c55922af96dfccb7cd62066a0861e11b9cc126c9592d6d7:    done           |[32m++++++++++++++++++++++++++++++++++++++[0m| 
layer-sha256:c954e5f88d9d9be1ed732898db6841e22d90078a4c76cf4717c4cc7edc74403e:    done           |[32m++++++++++++++++++++++++++++++++++++++[0m| 
config-sha256:f9d1957cdf7aa64bdd0c55e0206a19031cb7f6b82a4f6a82ae64e70cb3556f2c:   done           |[32m++++++++++++++++++++++++++++++++++++++[0m| 
layer-sha256:b5f3b0a82f1e6f8a56fca7f6a28942c49a6dcfaafcb3921b35fdefddfb110dfc:    done           |[32m++++++++++++++++++++++++++++++++++++++[0m| 
layer-sha256:13b7e930469f6d3575a320709035c6acf6f5485a76abcf03d1b92a64c09c2476:    done           |[32m++++++++++++++++++++++++++++++++++++++[0m| 
layer-sha256:c8d11d2b7f50b0722f864f8bf87a48e0e367600f193f6528c63937802eeba0bf:    done           |[32m++++++++++++++++++++++++++++++++++++++[0m| 
layer-sha256:f0be247c482793a4b1174bdfc6f34055d01fbc2e91ff83df34afe769f4fe95c5:    done           |[32m++++++++++++++++++++++++++++++++++++++[0m| 
layer-sha256:4accf72faab4ddbb011f63fff24e0656cd1cc9c9ad5293f7e7c0eaf80ed2872f:    done           |[32m++++++++++++++++++++++++++++++++++++++[0m| 
layer-sha256:6fbf1ff31b7f96f3fd17623024c6687b44ed9caee9133f5416126ff387600ee1:    done           |[32m++++++++++++++++++++++++++++++++++++++[0m| 
layer-sha256:5da617756c2a356e840be444553141e821e903e385dfe8e952fb3379d1c30382:    done           |[32m++++++++++++++++++++++++++++++++++++++[0m| 
layer-sha256:e899272ca12e6d43e07dff378be047161340e391c347c146386abd3bae7e7918:    done           |[32m++++++++++++++++++++++++++++++++++++++[0m| 
layer-sha256:8a29a47395cd3a02d8340f4325004f6ec371681754e5efa24afced2dbdd64272:    done           |[32m++++++++++++++++++++++++++++++++++++++[0m| 
layer-sha256:06361001d0241d89e8fc420f3296cd77e8636550dc4dae329c6cae009c95321b:    done           |[32m++++++++++++++++++++++++++++++++++++++[0m| 
layer-sha256:e59b44c60b0e4bef2712435bc1a530efe229ee8e4ce5e002fab156cab513cd4b:    done           |[32m++++++++++++++++++++++++++++++++++++++[0m| 
layer-sha256:48cc5f7ee915a7ecaaa45d3f458d38a818c7a13c8f7c20c40eb94599ca2bf350:    done           |[32m++++++++++++++++++++++++++++++++++++++[0m| 
layer-sha256:a359594c882de72b53bbdc415e3c3b8bd903bcaca72664c2d6ab81c03465e315:    done           |[32m++++++++++++++++++++++++++++++++++++++[0m| 
layer-sha256:b1a8b2706032f9c0f354be0daa46f3da6643916a3373ee5d2792dd2def0151d1:    done           |[32m++++++++++++++++++++++++++++++++++++++[0m| 
layer-sha256:2231eaf3a298084fa9e30b1e4c9f9e922cc15f29825b10878315732ac4d39c9b:    done           |[32m++++++++++++++++++++++++++++++++++++++[0m| 
layer-sha256:4f4fb700ef54461cfa02571ae0db9a0dc1e0cdb5577484a6d75e68dc38e8acc1:    done           |[32m++++++++++++++++++++++++++++++++++++++[0m| 
layer-sha256:64a5d8258ce2b42e67330b08d63621bb09cc797b102a21bad4732b2383fa04c0:    done           |[32m++++++++++++++++++++++++++++++++++++++[0m| 
layer-sha256:233bc10e66b46ec32648e0eafc87920412d11a104a5195cb790ada4e49bfe157:    done           |[32m++++++++++++++++++++++++++++++++++++++[0m| 
layer-sha256:ea0876e5335d0b68316453913039863f0505f92a94d5c26a457f69d4cfb29aa6:    done           |[32m++++++++++++++++++++++++++++++++++++++[0m| 
elapsed: 0.1 s                                                                    total:   0.0 B (0.0 B/s)                                         
unpacking linux/amd64 sha256:d360c833bd1b2d05c0ec44f98f852bfe83b6fbfb24b081f909ec1c07001cac10...
done: 17.884206ms	
time="2026-04-16T10:28:58Z" level=info msg="host will try HTTPS first since it is configured for HTTP with a TLS configuration, consider changing host to HTTPS or removing unused TLS configuration" host="192.168.122.110:5000"
time="2026-04-16T10:28:58Z" level=info msg="host will try HTTPS first since it is configured for HTTP with a TLS configuration, consider changing host to HTTPS or removing unused TLS configuration" host="192.168.122.110:5000"
time="2026-04-16T10:28:58Z" level=warning msg="skip to append distribution label: label key and value length (4103 bytes) greater than maximum size (4096 bytes), key: containerd.io/distribution.source.192.168.122.110: invalid argument"
time="2026-04-16T10:28:58Z" level=warning msg="skip to append distribution label: label key and value length (4103 bytes) greater than maximum size (4096 bytes), key: containerd.io/distribution.source.192.168.122.110: invalid argument"
time="2026-04-16T10:28:58Z" level=warning msg="skip to append distribution label: label key and value length (4103 bytes) greater than maximum size (4096 bytes), key: containerd.io/distribution.source.192.168.122.110: invalid argument"
time="2026-04-16T10:28:58Z" level=warning msg="skip to append distribution label: label key and value length (4103 bytes) greater than maximum size (4096 bytes), key: containerd.io/distribution.source.192.168.122.110: invalid argument"
time="2026-04-16T10:28:58Z" level=warning msg="skip to append distribution label: label key and value length (4103 bytes) greater than maximum size (4096 bytes), key: containerd.io/distribution.source.192.168.122.110: invalid argument"
time="2026-04-16T10:28:58Z" level=warning msg="skip to append distribution label: label key and value length (4103 bytes) greater than maximum size (4096 bytes), key: containerd.io/distribution.source.192.168.122.110: invalid argument"
time="2026-04-16T10:28:58Z" level=warning msg="skip to append distribution label: label key and value length (4103 bytes) greater than maximum size (4096 bytes), key: containerd.io/distribution.source.192.168.122.110: invalid argument"
time="2026-04-16T10:28:58Z" level=warning msg="skip to append distribution label: label key and value length (4103 bytes) greater than maximum size (4096 bytes), key: containerd.io/distribution.source.192.168.122.110: invalid argument"
192.168.122.110:5000/rs_ix_ix50:latest:                                           resolved       |[32m++++++++++++++++++++++++++++++++++++++[0m| 
index-sha256:97f2e32e2deba02109fdc2ea1afd3b118ef21c74aade7dca025bbc46b063f2bb:    done           |[32m++++++++++++++++++++++++++++++++++++++[0m| 
manifest-sha256:2a92994b058f3d14b0a2226e76b24511563cc79ffaaf620dbbcc5ecb698cc969: done           |[32m++++++++++++++++++++++++++++++++++++++[0m| 
layer-sha256:4accf72faab4ddbb011f63fff24e0656cd1cc9c9ad5293f7e7c0eaf80ed2872f:    done           |[32m++++++++++++++++++++++++++++++++++++++[0m| 
layer-sha256:5493fbf700fb9c0e22b14f87aadb6f350d3f47c8cce44f1777c413f758ac7fa6:    done           |[32m++++++++++++++++++++++++++++++++++++++[0m| 
layer-sha256:450bb934662efe2c8c55922af96dfccb7cd62066a0861e11b9cc126c9592d6d7:    done           |[32m++++++++++++++++++++++++++++++++++++++[0m| 
layer-sha256:34608cb22405250243a5e45518fb618d0bea826f8171514b271e7e4c1bef2752:    done           |[32m++++++++++++++++++++++++++++++++++++++[0m| 
layer-sha256:8a29a47395cd3a02d8340f4325004f6ec371681754e5efa24afced2dbdd64272:    done           |[32m++++++++++++++++++++++++++++++++++++++[0m| 
layer-sha256:c954e5f88d9d9be1ed732898db6841e22d90078a4c76cf4717c4cc7edc74403e:    done           |[32m++++++++++++++++++++++++++++++++++++++[0m| 
layer-sha256:e59b44c60b0e4bef2712435bc1a530efe229ee8e4ce5e002fab156cab513cd4b:    done           |[32m++++++++++++++++++++++++++++++++++++++[0m| 
layer-sha256:b1a8b2706032f9c0f354be0daa46f3da6643916a3373ee5d2792dd2def0151d1:    done           |[32m++++++++++++++++++++++++++++++++++++++[0m| 
layer-sha256:4f4fb700ef54461cfa02571ae0db9a0dc1e0cdb5577484a6d75e68dc38e8acc1:    done           |[32m++++++++++++++++++++++++++++++++++++++[0m| 
layer-sha256:5da617756c2a356e840be444553141e821e903e385dfe8e952fb3379d1c30382:    done           |[32m++++++++++++++++++++++++++++++++++++++[0m| 
layer-sha256:48cc5f7ee915a7ecaaa45d3f458d38a818c7a13c8f7c20c40eb94599ca2bf350:    done           |[32m++++++++++++++++++++++++++++++++++++++[0m| 
config-sha256:bbc1178563e8008a173ae752c4a93cb4d7cbe402948f8d94d3e1e3dc941a799e:   done           |[32m++++++++++++++++++++++++++++++++++++++[0m| 
layer-sha256:c8d11d2b7f50b0722f864f8bf87a48e0e367600f193f6528c63937802eeba0bf:    done           |[32m++++++++++++++++++++++++++++++++++++++[0m| 
layer-sha256:f0be247c482793a4b1174bdfc6f34055d01fbc2e91ff83df34afe769f4fe95c5:    done           |[32m++++++++++++++++++++++++++++++++++++++[0m| 
layer-sha256:e899272ca12e6d43e07dff378be047161340e391c347c146386abd3bae7e7918:    done           |[32m++++++++++++++++++++++++++++++++++++++[0m| 
layer-sha256:73839a1b016dc1524d3d9deaa6adee8889cb5a9b0d24a182bc96e59f3b8fa725:    done           |[32m++++++++++++++++++++++++++++++++++++++[0m| 
layer-sha256:64a5d8258ce2b42e67330b08d63621bb09cc797b102a21bad4732b2383fa04c0:    done           |[32m++++++++++++++++++++++++++++++++++++++[0m| 
layer-sha256:a359594c882de72b53bbdc415e3c3b8bd903bcaca72664c2d6ab81c03465e315:    done           |[32m++++++++++++++++++++++++++++++++++++++[0m| 
layer-sha256:8218069410d11c727ae3d743e4e990e69efd86c73a48f6b8287e5f7efc4c3d51:    done           |[32m++++++++++++++++++++++++++++++++++++++[0m| 
layer-sha256:60f584df7ff4c262cfe9d33249eb1e387b97dc3bda1b4b7af187988dc5dbbc40:    done           |[32m++++++++++++++++++++++++++++++++++++++[0m| 
layer-sha256:2231eaf3a298084fa9e30b1e4c9f9e922cc15f29825b10878315732ac4d39c9b:    done           |[32m++++++++++++++++++++++++++++++++++++++[0m| 
layer-sha256:13b7e930469f6d3575a320709035c6acf6f5485a76abcf03d1b92a64c09c2476:    done           |[32m++++++++++++++++++++++++++++++++++++++[0m| 
layer-sha256:53722099c62d8e20a5e209b0065cef415c59645689f47cf4bf7a3f6c2df7fc2e:    done           |[32m++++++++++++++++++++++++++++++++++++++[0m| 
elapsed: 0.1 s                                                                    total:   0.0 B (0.0 B/s)                                         
unpacking linux/amd64 sha256:97f2e32e2deba02109fdc2ea1afd3b118ef21c74aade7dca025bbc46b063f2bb...
done: 18.82427ms	
time="2026-04-16T10:28:59Z" level=info msg="host will try HTTPS first since it is configured for HTTP with a TLS configuration, consider changing host to HTTPS or removing unused TLS configuration" host="192.168.122.110:5000"
time="2026-04-16T10:28:59Z" level=info msg="host will try HTTPS first since it is configured for HTTP with a TLS configuration, consider changing host to HTTPS or removing unused TLS configuration" host="192.168.122.110:5000"
time="2026-04-16T10:28:59Z" level=warning msg="skip to append distribution label: label key and value length (4103 bytes) greater than maximum size (4096 bytes), key: containerd.io/distribution.source.192.168.122.110: invalid argument"
time="2026-04-16T10:28:59Z" level=warning msg="skip to append distribution label: label key and value length (4103 bytes) greater than maximum size (4096 bytes), key: containerd.io/distribution.source.192.168.122.110: invalid argument"
time="2026-04-16T10:28:59Z" level=warning msg="skip to append distribution label: label key and value length (4103 bytes) greater than maximum size (4096 bytes), key: containerd.io/distribution.source.192.168.122.110: invalid argument"
time="2026-04-16T10:28:59Z" level=warning msg="skip to append distribution label: label key and value length (4103 bytes) greater than maximum size (4096 bytes), key: containerd.io/distribution.source.192.168.122.110: invalid argument"
time="2026-04-16T10:28:59Z" level=warning msg="skip to append distribution label: label key and value length (4103 bytes) greater than maximum size (4096 bytes), key: containerd.io/distribution.source.192.168.122.110: invalid argument"
time="2026-04-16T10:28:59Z" level=warning msg="skip to append distribution label: label key and value length (4103 bytes) greater than maximum size (4096 bytes), key: containerd.io/distribution.source.192.168.122.110: invalid argument"
time="2026-04-16T10:28:59Z" level=warning msg="skip to append distribution label: label key and value length (4103 bytes) greater than maximum size (4096 bytes), key: containerd.io/distribution.source.192.168.122.110: invalid argument"
time="2026-04-16T10:28:59Z" level=warning msg="skip to append distribution label: label key and value length (4103 bytes) greater than maximum size (4096 bytes), key: containerd.io/distribution.source.192.168.122.110: invalid argument"
192.168.122.110:5000/rs_ix_ix62:latest:                                           resolved       |[32m++++++++++++++++++++++++++++++++++++++[0m| 
index-sha256:14b57591c0f296650247a42902d8fdd470da6cd42567f200f5f120ae9186c9d0:    done           |[32m++++++++++++++++++++++++++++++++++++++[0m| 
manifest-sha256:2ce671ce9d349af779629cea4e38c29fb305c998f6795b3842303c197ced94ae: done           |[32m++++++++++++++++++++++++++++++++++++++[0m| 
layer-sha256:c954e5f88d9d9be1ed732898db6841e22d90078a4c76cf4717c4cc7edc74403e:    done           |[32m++++++++++++++++++++++++++++++++++++++[0m| 
layer-sha256:e59b44c60b0e4bef2712435bc1a530efe229ee8e4ce5e002fab156cab513cd4b:    done           |[32m++++++++++++++++++++++++++++++++++++++[0m| 
layer-sha256:6995c0a0938b292faccf43a645f588a041b818de1bc126113b01ac006b2d319e:    done           |[32m++++++++++++++++++++++++++++++++++++++[0m| 
layer-sha256:b1a8b2706032f9c0f354be0daa46f3da6643916a3373ee5d2792dd2def0151d1:    done           |[32m++++++++++++++++++++++++++++++++++++++[0m| 
layer-sha256:4f4fb700ef54461cfa02571ae0db9a0dc1e0cdb5577484a6d75e68dc38e8acc1:    done           |[32m++++++++++++++++++++++++++++++++++++++[0m| 
layer-sha256:34608cb22405250243a5e45518fb618d0bea826f8171514b271e7e4c1bef2752:    done           |[32m++++++++++++++++++++++++++++++++++++++[0m| 
layer-sha256:4accf72faab4ddbb011f63fff24e0656cd1cc9c9ad5293f7e7c0eaf80ed2872f:    done           |[32m++++++++++++++++++++++++++++++++++++++[0m| 
layer-sha256:13b7e930469f6d3575a320709035c6acf6f5485a76abcf03d1b92a64c09c2476:    done           |[32m++++++++++++++++++++++++++++++++++++++[0m| 
layer-sha256:08b46a2fad9e07fa4f3800b36daba9949b814ab650ba20379438aebde3f851ad:    done           |[32m++++++++++++++++++++++++++++++++++++++[0m| 
config-sha256:ed69ba102cd78a2b4aa1460991cf93793c5826094465817ba163170469d3deb3:   done           |[32m++++++++++++++++++++++++++++++++++++++[0m| 
layer-sha256:64a5d8258ce2b42e67330b08d63621bb09cc797b102a21bad4732b2383fa04c0:    done           |[32m++++++++++++++++++++++++++++++++++++++[0m| 
layer-sha256:3e674af63f99a844c419eae5f1879e4ecf8af8f9e3d1f8f38392d134452c50e5:    done           |[32m++++++++++++++++++++++++++++++++++++++[0m| 
layer-sha256:38623052a7bb2f6e9fc45505884222b8379df73184b37d317c2e3b9dc4e5b80e:    done           |[32m++++++++++++++++++++++++++++++++++++++[0m| 
layer-sha256:77fe4843fc699aaf8a0b7d7356512fb6d1499a74afcab0263bc82124f124a948:    done           |[32m++++++++++++++++++++++++++++++++++++++[0m| 
layer-sha256:8cd1ca036d28214eaa3843541b85709ea3f2c657e7276c6b0d4ccaaff8dde9e4:    done           |[32m++++++++++++++++++++++++++++++++++++++[0m| 
layer-sha256:af058a0d72bd5c25cba94f86916e31486efbc3d32d1c707337a2e87f4f2c7d47:    done           |[32m++++++++++++++++++++++++++++++++++++++[0m| 
layer-sha256:9222a9b0a21fcaf0a76ebd356f5ebfe7517a110948b4a8c70bebf0b261017621:    done           |[32m++++++++++++++++++++++++++++++++++++++[0m| 
layer-sha256:8a29a47395cd3a02d8340f4325004f6ec371681754e5efa24afced2dbdd64272:    done           |[32m++++++++++++++++++++++++++++++++++++++[0m| 
layer-sha256:44361424304c7875a4b95853d7efd443133601d1157b3beb15bd465fad04bed9:    done           |[32m++++++++++++++++++++++++++++++++++++++[0m| 
layer-sha256:450bb934662efe2c8c55922af96dfccb7cd62066a0861e11b9cc126c9592d6d7:    done           |[32m++++++++++++++++++++++++++++++++++++++[0m| 
layer-sha256:529fff5c9b461fec724503b0a86e3cd457e61f8fe4e22c4a24d675e22a33cf2f:    done           |[32m++++++++++++++++++++++++++++++++++++++[0m| 
layer-sha256:84a04f2f69d55ce10a8365308d682727470edf53930da21f0b4a30a5838e7bb7:    done           |[32m++++++++++++++++++++++++++++++++++++++[0m| 
layer-sha256:15aa12b3a0c904da30ce8e849cd95b16fad92c7499989cd726e8997745993e7d:    done           |[32m++++++++++++++++++++++++++++++++++++++[0m| 
elapsed: 0.1 s                                                                    total:   0.0 B (0.0 B/s)                                         
unpacking linux/amd64 sha256:14b57591c0f296650247a42902d8fdd470da6cd42567f200f5f120ae9186c9d0...
done: 20.096206ms	
time="2026-04-16T10:29:00Z" level=info msg="host will try HTTPS first since it is configured for HTTP with a TLS configuration, consider changing host to HTTPS or removing unused TLS configuration" host="192.168.122.110:5000"
time="2026-04-16T10:29:00Z" level=info msg="host will try HTTPS first since it is configured for HTTP with a TLS configuration, consider changing host to HTTPS or removing unused TLS configuration" host="192.168.122.110:5000"
time="2026-04-16T10:29:00Z" level=warning msg="skip to append distribution label: label key and value length (4103 bytes) greater than maximum size (4096 bytes), key: containerd.io/distribution.source.192.168.122.110: invalid argument"
time="2026-04-16T10:29:00Z" level=warning msg="skip to append distribution label: label key and value length (4103 bytes) greater than maximum size (4096 bytes), key: containerd.io/distribution.source.192.168.122.110: invalid argument"
time="2026-04-16T10:29:00Z" level=warning msg="skip to append distribution label: label key and value length (4103 bytes) greater than maximum size (4096 bytes), key: containerd.io/distribution.source.192.168.122.110: invalid argument"
time="2026-04-16T10:29:00Z" level=warning msg="skip to append distribution label: label key and value length (4103 bytes) greater than maximum size (4096 bytes), key: containerd.io/distribution.source.192.168.122.110: invalid argument"
time="2026-04-16T10:29:00Z" level=warning msg="skip to append distribution label: label key and value length (4103 bytes) greater than maximum size (4096 bytes), key: containerd.io/distribution.source.192.168.122.110: invalid argument"
time="2026-04-16T10:29:00Z" level=warning msg="skip to append distribution label: label key and value length (4103 bytes) greater than maximum size (4096 bytes), key: containerd.io/distribution.source.192.168.122.110: invalid argument"
time="2026-04-16T10:29:00Z" level=warning msg="skip to append distribution label: label key and value length (4103 bytes) greater than maximum size (4096 bytes), key: containerd.io/distribution.source.192.168.122.110: invalid argument"
time="2026-04-16T10:29:00Z" level=warning msg="skip to append distribution label: label key and value length (4103 bytes) greater than maximum size (4096 bytes), key: containerd.io/distribution.source.192.168.122.110: invalid argument"
192.168.122.110:5000/rs_ix_ix75:latest:                                           resolved       |[32m++++++++++++++++++++++++++++++++++++++[0m| 
index-sha256:8c90c10762a29a6b36ab646c3eaa95d9466dc5328f4eaef67880de66784f7e01:    done           |[32m++++++++++++++++++++++++++++++++++++++[0m| 
manifest-sha256:30e08b64e0e18102a56ee8278ff060f625e0b0e3dba690aab5af2e556f1b491d: done           |[32m++++++++++++++++++++++++++++++++++++++[0m| 
layer-sha256:450bb934662efe2c8c55922af96dfccb7cd62066a0861e11b9cc126c9592d6d7:    done           |[32m++++++++++++++++++++++++++++++++++++++[0m| 
layer-sha256:9e4210a8ed7fe2a26f04abaf0c5e76abe700c2db2aabcedf80348f7b43498518:    done           |[32m++++++++++++++++++++++++++++++++++++++[0m| 
layer-sha256:6b418459b622a7a5ea223604913cf0e9f985266026f7ff2bf17e8510c2ea6783:    done           |[32m++++++++++++++++++++++++++++++++++++++[0m| 
layer-sha256:13b7e930469f6d3575a320709035c6acf6f5485a76abcf03d1b92a64c09c2476:    done           |[32m++++++++++++++++++++++++++++++++++++++[0m| 
layer-sha256:34608cb22405250243a5e45518fb618d0bea826f8171514b271e7e4c1bef2752:    done           |[32m++++++++++++++++++++++++++++++++++++++[0m| 
layer-sha256:4accf72faab4ddbb011f63fff24e0656cd1cc9c9ad5293f7e7c0eaf80ed2872f:    done           |[32m++++++++++++++++++++++++++++++++++++++[0m| 
config-sha256:a3af9e91ee97820d14d5d5665376e2a0090004888236f2c0cc768b15b4c63af3:   done           |[32m++++++++++++++++++++++++++++++++++++++[0m| 
layer-sha256:c954e5f88d9d9be1ed732898db6841e22d90078a4c76cf4717c4cc7edc74403e:    done           |[32m++++++++++++++++++++++++++++++++++++++[0m| 
layer-sha256:44361424304c7875a4b95853d7efd443133601d1157b3beb15bd465fad04bed9:    done           |[32m++++++++++++++++++++++++++++++++++++++[0m| 
layer-sha256:e59b44c60b0e4bef2712435bc1a530efe229ee8e4ce5e002fab156cab513cd4b:    done           |[32m++++++++++++++++++++++++++++++++++++++[0m| 
layer-sha256:08b46a2fad9e07fa4f3800b36daba9949b814ab650ba20379438aebde3f851ad:    done           |[32m++++++++++++++++++++++++++++++++++++++[0m| 
layer-sha256:3e674af63f99a844c419eae5f1879e4ecf8af8f9e3d1f8f38392d134452c50e5:    done           |[32m++++++++++++++++++++++++++++++++++++++[0m| 
layer-sha256:529fff5c9b461fec724503b0a86e3cd457e61f8fe4e22c4a24d675e22a33cf2f:    done           |[32m++++++++++++++++++++++++++++++++++++++[0m| 
layer-sha256:15aa12b3a0c904da30ce8e849cd95b16fad92c7499989cd726e8997745993e7d:    done           |[32m++++++++++++++++++++++++++++++++++++++[0m| 
layer-sha256:b1a8b2706032f9c0f354be0daa46f3da6643916a3373ee5d2792dd2def0151d1:    done           |[32m++++++++++++++++++++++++++++++++++++++[0m| 
layer-sha256:8a29a47395cd3a02d8340f4325004f6ec371681754e5efa24afced2dbdd64272:    done           |[32m++++++++++++++++++++++++++++++++++++++[0m| 
layer-sha256:8f235d6fec957f8ae228a3663a534c2b2f523184945091423133ba9494e0aca5:    done           |[32m++++++++++++++++++++++++++++++++++++++[0m| 
layer-sha256:64a5d8258ce2b42e67330b08d63621bb09cc797b102a21bad4732b2383fa04c0:    done           |[32m++++++++++++++++++++++++++++++++++++++[0m| 
layer-sha256:84a04f2f69d55ce10a8365308d682727470edf53930da21f0b4a30a5838e7bb7:    done           |[32m++++++++++++++++++++++++++++++++++++++[0m| 
layer-sha256:45fccf082be6d93ea846b8992467e73a44b886e05f676af248aaf435b698ac5a:    done           |[32m++++++++++++++++++++++++++++++++++++++[0m| 
layer-sha256:77fe4843fc699aaf8a0b7d7356512fb6d1499a74afcab0263bc82124f124a948:    done           |[32m++++++++++++++++++++++++++++++++++++++[0m| 
layer-sha256:4f4fb700ef54461cfa02571ae0db9a0dc1e0cdb5577484a6d75e68dc38e8acc1:    done           |[32m++++++++++++++++++++++++++++++++++++++[0m| 
layer-sha256:492f9411c82ff5919481f25a15cf15a61d5be18100893f6dd3ae7cd53ad93f0c:    done           |[32m++++++++++++++++++++++++++++++++++++++[0m| 
elapsed: 0.1 s                                                                    total:   0.0 B (0.0 B/s)                                         
unpacking linux/amd64 sha256:8c90c10762a29a6b36ab646c3eaa95d9466dc5328f4eaef67880de66784f7e01...
done: 54.811393ms	
time="2026-04-16T10:29:00Z" level=info msg="host will try HTTPS first since it is configured for HTTP with a TLS configuration, consider changing host to HTTPS or removing unused TLS configuration" host="192.168.122.110:5000"
time="2026-04-16T10:29:00Z" level=info msg="host will try HTTPS first since it is configured for HTTP with a TLS configuration, consider changing host to HTTPS or removing unused TLS configuration" host="192.168.122.110:5000"
time="2026-04-16T10:29:00Z" level=warning msg="skip to append distribution label: label key and value length (4102 bytes) greater than maximum size (4096 bytes), key: containerd.io/distribution.source.192.168.122.110: invalid argument"
time="2026-04-16T10:29:00Z" level=warning msg="skip to append distribution label: label key and value length (4102 bytes) greater than maximum size (4096 bytes), key: containerd.io/distribution.source.192.168.122.110: invalid argument"
time="2026-04-16T10:29:00Z" level=warning msg="skip to append distribution label: label key and value length (4102 bytes) greater than maximum size (4096 bytes), key: containerd.io/distribution.source.192.168.122.110: invalid argument"
time="2026-04-16T10:29:00Z" level=warning msg="skip to append distribution label: label key and value length (4102 bytes) greater than maximum size (4096 bytes), key: containerd.io/distribution.source.192.168.122.110: invalid argument"
time="2026-04-16T10:29:00Z" level=warning msg="skip to append distribution label: label key and value length (4102 bytes) greater than maximum size (4096 bytes), key: containerd.io/distribution.source.192.168.122.110: invalid argument"
time="2026-04-16T10:29:00Z" level=warning msg="skip to append distribution label: label key and value length (4102 bytes) greater than maximum size (4096 bytes), key: containerd.io/distribution.source.192.168.122.110: invalid argument"
time="2026-04-16T10:29:00Z" level=warning msg="skip to append distribution label: label key and value length (4102 bytes) greater than maximum size (4096 bytes), key: containerd.io/distribution.source.192.168.122.110: invalid argument"
time="2026-04-16T10:29:00Z" level=warning msg="skip to append distribution label: label key and value length (4102 bytes) greater than maximum size (4096 bytes), key: containerd.io/distribution.source.192.168.122.110: invalid argument"
192.168.122.110:5000/rs_ix_ix7:latest:                                            resolved       |[32m++++++++++++++++++++++++++++++++++++++[0m| 
index-sha256:d642c6fa52a7712fa10136a43303208741d84bfd031c5f58d6b58c18ce03cde1:    done           |[32m++++++++++++++++++++++++++++++++++++++[0m| 
manifest-sha256:e2401c1b0708f3f302cd9903ad08087ff27900ca4227294b2db717ef886a80e9: done           |[32m++++++++++++++++++++++++++++++++++++++[0m| 
layer-sha256:8a29a47395cd3a02d8340f4325004f6ec371681754e5efa24afced2dbdd64272:    done           |[32m++++++++++++++++++++++++++++++++++++++[0m| 
layer-sha256:3b351dfc9d21cb7d35e50734d78b7a9c80b12926a0f32fbb3766bfe152e08a81:    done           |[32m++++++++++++++++++++++++++++++++++++++[0m| 
layer-sha256:e59b44c60b0e4bef2712435bc1a530efe229ee8e4ce5e002fab156cab513cd4b:    done           |[32m++++++++++++++++++++++++++++++++++++++[0m| 
layer-sha256:34608cb22405250243a5e45518fb618d0bea826f8171514b271e7e4c1bef2752:    done           |[32m++++++++++++++++++++++++++++++++++++++[0m| 
layer-sha256:48cc5f7ee915a7ecaaa45d3f458d38a818c7a13c8f7c20c40eb94599ca2bf350:    done           |[32m++++++++++++++++++++++++++++++++++++++[0m| 
layer-sha256:5da617756c2a356e840be444553141e821e903e385dfe8e952fb3379d1c30382:    done           |[32m++++++++++++++++++++++++++++++++++++++[0m| 
layer-sha256:a933f59732d598c630991e3274fbeedc0d728e895253cf5c8328d42987f49a3b:    done           |[32m++++++++++++++++++++++++++++++++++++++[0m| 
layer-sha256:450bb934662efe2c8c55922af96dfccb7cd62066a0861e11b9cc126c9592d6d7:    done           |[32m++++++++++++++++++++++++++++++++++++++[0m| 
layer-sha256:a61e8f0890e227dec9e812d0c7e28f4b3e7841d74a0a199286ca13d26a04d155:    done           |[32m++++++++++++++++++++++++++++++++++++++[0m| 
layer-sha256:2231eaf3a298084fa9e30b1e4c9f9e922cc15f29825b10878315732ac4d39c9b:    done           |[32m++++++++++++++++++++++++++++++++++++++[0m| 
layer-sha256:c954e5f88d9d9be1ed732898db6841e22d90078a4c76cf4717c4cc7edc74403e:    done           |[32m++++++++++++++++++++++++++++++++++++++[0m| 
layer-sha256:b1a8b2706032f9c0f354be0daa46f3da6643916a3373ee5d2792dd2def0151d1:    done           |[32m++++++++++++++++++++++++++++++++++++++[0m| 
layer-sha256:13b7e930469f6d3575a320709035c6acf6f5485a76abcf03d1b92a64c09c2476:    done           |[32m++++++++++++++++++++++++++++++++++++++[0m| 
config-sha256:b4b359a036a59f5b4946bfb99c154006e85fcac429d30548d8d3a2f52a6606bd:   done           |[32m++++++++++++++++++++++++++++++++++++++[0m| 
layer-sha256:4f4fb700ef54461cfa02571ae0db9a0dc1e0cdb5577484a6d75e68dc38e8acc1:    done           |[32m++++++++++++++++++++++++++++++++++++++[0m| 
layer-sha256:64a5d8258ce2b42e67330b08d63621bb09cc797b102a21bad4732b2383fa04c0:    done           |[32m++++++++++++++++++++++++++++++++++++++[0m| 
layer-sha256:27f1552ddcbe7b32f41ce9805a03ad003263ee54b659ddffb54f5b7b2a6dfaae:    done           |[32m++++++++++++++++++++++++++++++++++++++[0m| 
layer-sha256:04c3334ac2bad7c1eae81093ced2b03410b4d81e2c038b79a9c32dec05711086:    done           |[32m++++++++++++++++++++++++++++++++++++++[0m| 
layer-sha256:c8d11d2b7f50b0722f864f8bf87a48e0e367600f193f6528c63937802eeba0bf:    done           |[32m++++++++++++++++++++++++++++++++++++++[0m| 
layer-sha256:4accf72faab4ddbb011f63fff24e0656cd1cc9c9ad5293f7e7c0eaf80ed2872f:    done           |[32m++++++++++++++++++++++++++++++++++++++[0m| 
layer-sha256:f0be247c482793a4b1174bdfc6f34055d01fbc2e91ff83df34afe769f4fe95c5:    done           |[32m++++++++++++++++++++++++++++++++++++++[0m| 
layer-sha256:a359594c882de72b53bbdc415e3c3b8bd903bcaca72664c2d6ab81c03465e315:    done           |[32m++++++++++++++++++++++++++++++++++++++[0m| 
layer-sha256:e899272ca12e6d43e07dff378be047161340e391c347c146386abd3bae7e7918:    done           |[32m++++++++++++++++++++++++++++++++++++++[0m| 
elapsed: 0.1 s                                                                    total:   0.0 B (0.0 B/s)                                         
unpacking linux/amd64 sha256:d642c6fa52a7712fa10136a43303208741d84bfd031c5f58d6b58c18ce03cde1...
done: 16.740739ms	
✅ seed-k3s-worker8 preload completed
